[0.354s] [34mcolcon[0m [1;30mDEBUG[0m [32mCommand line arguments: ['/usr/bin/colcon', 'build'][0m
[0.354s] [34mcolcon[0m [1;30mDEBUG[0m [32mParsed command line arguments: Namespace(log_base=None, log_level=None, verb_name='build', build_base='build', install_base='install', merge_install=False, symlink_install=False, test_result_base=None, continue_on_error=False, executor='parallel', parallel_workers=32, event_handlers=None, ignore_user_meta=False, metas=['./colcon.meta'], base_paths=['.'], packages_ignore=None, packages_ignore_regex=None, paths=None, packages_up_to=None, packages_up_to_regex=None, packages_above=None, packages_above_and_dependencies=None, packages_above_depth=None, packages_select_by_dep=None, packages_skip_by_dep=None, packages_skip_up_to=None, packages_select_build_failed=False, packages_skip_build_finished=False, packages_select_test_failures=False, packages_skip_test_passed=False, packages_select=None, packages_skip=None, packages_select_regex=None, packages_skip_regex=None, packages_start=None, packages_end=None, allow_overriding=[], cmake_args=None, cmake_target=None, cmake_target_skip_unavailable=False, cmake_clean_cache=False, cmake_clean_first=False, cmake_force_configure=False, ament_cmake_args=None, catkin_cmake_args=None, catkin_skip_building_tests=False, verb_parser=<colcon_defaults.argument_parser.defaults.DefaultArgumentsDecorator object at 0x7faf54bd21a0>, verb_extension=<colcon_core.verb.build.BuildVerb object at 0x7faf54bd1870>, main=<bound method BuildVerb.main of <colcon_core.verb.build.BuildVerb object at 0x7faf54bd1870>>)[0m
[0.448s] [34mcolcon.colcon_core.package_discovery[0m [1;30mLevel 1[0m discover_packages(colcon_meta) check parameters
[0.449s] [34mcolcon.colcon_core.package_discovery[0m [1;30mLevel 1[0m discover_packages(recursive) check parameters
[0.449s] [34mcolcon.colcon_core.package_discovery[0m [1;30mLevel 1[0m discover_packages(ignore) check parameters
[0.449s] [34mcolcon.colcon_core.package_discovery[0m [1;30mLevel 1[0m discover_packages(path) check parameters
[0.449s] [34mcolcon.colcon_core.package_discovery[0m [1;30mLevel 1[0m discover_packages(colcon_meta) discover
[0.449s] [34mcolcon.colcon_core.package_discovery[0m [1;30mLevel 1[0m discover_packages(recursive) discover
[0.449s] [34mcolcon.colcon_core.package_discovery[0m [1;30mINFO[0m Crawling recursively for packages in '/home/pretend/code'
[0.449s] [34mcolcon.colcon_core.package_identification[0m [1;30mLevel 1[0m _identify(.) by extensions ['ignore', 'ignore_ament_install']
[0.449s] [34mcolcon.colcon_core.package_identification[0m [1;30mLevel 1[0m _identify(.) by extension 'ignore'
[0.449s] [34mcolcon.colcon_core.package_identification[0m [1;30mLevel 1[0m _identify(.) by extension 'ignore_ament_install'
[0.449s] [34mcolcon.colcon_core.package_identification[0m [1;30mLevel 1[0m _identify(.) by extensions ['colcon_pkg']
[0.449s] [34mcolcon.colcon_core.package_identification[0m [1;30mLevel 1[0m _identify(.) by extension 'colcon_pkg'
[0.449s] [34mcolcon.colcon_core.package_identification[0m [1;30mLevel 1[0m _identify(.) by extensions ['colcon_meta']
[0.449s] [34mcolcon.colcon_core.package_identification[0m [1;30mLevel 1[0m _identify(.) by extension 'colcon_meta'
[0.449s] [34mcolcon.colcon_core.package_identification[0m [1;30mLevel 1[0m _identify(.) by extensions ['ros']
[0.449s] [34mcolcon.colcon_core.package_identification[0m [1;30mLevel 1[0m _identify(.) by extension 'ros'
[0.457s] [34mcolcon.colcon_core.package_identification[0m [1;30mLevel 1[0m _identify(.) by extensions ['cmake', 'python']
[0.457s] [34mcolcon.colcon_core.package_identification[0m [1;30mLevel 1[0m _identify(.) by extension 'cmake'
[0.457s] [34mcolcon.colcon_core.package_identification[0m [1;30mLevel 1[0m _identify(.) by extension 'python'
[0.457s] [34mcolcon.colcon_core.package_identification[0m [1;30mLevel 1[0m _identify(.) by extensions ['python_setup_py']
[0.457s] [34mcolcon.colcon_core.package_identification[0m [1;30mLevel 1[0m _identify(.) by extension 'python_setup_py'
[0.457s] [34mcolcon.colcon_core.package_identification[0m [1;30mLevel 1[0m _identify(build) by extensions ['ignore', 'ignore_ament_install']
[0.457s] [34mcolcon.colcon_core.package_identification[0m [1;30mLevel 1[0m _identify(build) by extension 'ignore'
[0.457s] [34mcolcon.colcon_core.package_identification[0m [1;30mLevel 1[0m _identify(build) ignored
[0.457s] [34mcolcon.colcon_core.package_identification[0m [1;30mLevel 1[0m _identify(install) by extensions ['ignore', 'ignore_ament_install']
[0.457s] [34mcolcon.colcon_core.package_identification[0m [1;30mLevel 1[0m _identify(install) by extension 'ignore'
[0.457s] [34mcolcon.colcon_core.package_identification[0m [1;30mLevel 1[0m _identify(install) ignored
[0.457s] [34mcolcon.colcon_core.package_identification[0m [1;30mLevel 1[0m _identify(log) by extensions ['ignore', 'ignore_ament_install']
[0.457s] [34mcolcon.colcon_core.package_identification[0m [1;30mLevel 1[0m _identify(log) by extension 'ignore'
[0.457s] [34mcolcon.colcon_core.package_identification[0m [1;30mLevel 1[0m _identify(log) ignored
[0.457s] [34mcolcon.colcon_core.package_identification[0m [1;30mLevel 1[0m _identify(src) by extensions ['ignore', 'ignore_ament_install']
[0.457s] [34mcolcon.colcon_core.package_identification[0m [1;30mLevel 1[0m _identify(src) by extension 'ignore'
[0.457s] [34mcolcon.colcon_core.package_identification[0m [1;30mLevel 1[0m _identify(src) by extension 'ignore_ament_install'
[0.457s] [34mcolcon.colcon_core.package_identification[0m [1;30mLevel 1[0m _identify(src) by extensions ['colcon_pkg']
[0.457s] [34mcolcon.colcon_core.package_identification[0m [1;30mLevel 1[0m _identify(src) by extension 'colcon_pkg'
[0.457s] [34mcolcon.colcon_core.package_identification[0m [1;30mLevel 1[0m _identify(src) by extensions ['colcon_meta']
[0.457s] [34mcolcon.colcon_core.package_identification[0m [1;30mLevel 1[0m _identify(src) by extension 'colcon_meta'
[0.457s] [34mcolcon.colcon_core.package_identification[0m [1;30mLevel 1[0m _identify(src) by extensions ['ros']
[0.457s] [34mcolcon.colcon_core.package_identification[0m [1;30mLevel 1[0m _identify(src) by extension 'ros'
[0.458s] [34mcolcon.colcon_core.package_identification[0m [1;30mLevel 1[0m _identify(src) by extensions ['cmake', 'python']
[0.458s] [34mcolcon.colcon_core.package_identification[0m [1;30mLevel 1[0m _identify(src) by extension 'cmake'
[0.458s] [34mcolcon.colcon_core.package_identification[0m [1;30mLevel 1[0m _identify(src) by extension 'python'
[0.458s] [34mcolcon.colcon_core.package_identification[0m [1;30mLevel 1[0m _identify(src) by extensions ['python_setup_py']
[0.458s] [34mcolcon.colcon_core.package_identification[0m [1;30mLevel 1[0m _identify(src) by extension 'python_setup_py'
[0.458s] [34mcolcon.colcon_core.package_identification[0m [1;30mLevel 1[0m _identify(src/rm_armor_detect) by extensions ['ignore', 'ignore_ament_install']
[0.458s] [34mcolcon.colcon_core.package_identification[0m [1;30mLevel 1[0m _identify(src/rm_armor_detect) by extension 'ignore'
[0.458s] [34mcolcon.colcon_core.package_identification[0m [1;30mLevel 1[0m _identify(src/rm_armor_detect) by extension 'ignore_ament_install'
[0.458s] [34mcolcon.colcon_core.package_identification[0m [1;30mLevel 1[0m _identify(src/rm_armor_detect) by extensions ['colcon_pkg']
[0.458s] [34mcolcon.colcon_core.package_identification[0m [1;30mLevel 1[0m _identify(src/rm_armor_detect) by extension 'colcon_pkg'
[0.458s] [34mcolcon.colcon_core.package_identification[0m [1;30mLevel 1[0m _identify(src/rm_armor_detect) by extensions ['colcon_meta']
[0.458s] [34mcolcon.colcon_core.package_identification[0m [1;30mLevel 1[0m _identify(src/rm_armor_detect) by extension 'colcon_meta'
[0.458s] [34mcolcon.colcon_core.package_identification[0m [1;30mLevel 1[0m _identify(src/rm_armor_detect) by extensions ['ros']
[0.458s] [34mcolcon.colcon_core.package_identification[0m [1;30mLevel 1[0m _identify(src/rm_armor_detect) by extension 'ros'
[0.460s] [34mcolcon.colcon_core.package_identification[0m [1;30mDEBUG[0m [32mPackage 'src/rm_armor_detect' with type 'ros.ament_cmake' and name 'rm_armor_detect'[0m
[0.460s] [34mcolcon.colcon_core.package_identification[0m [1;30mLevel 1[0m _identify(src/rm_armor_tracker) by extensions ['ignore', 'ignore_ament_install']
[0.460s] [34mcolcon.colcon_core.package_identification[0m [1;30mLevel 1[0m _identify(src/rm_armor_tracker) by extension 'ignore'
[0.460s] [34mcolcon.colcon_core.package_identification[0m [1;30mLevel 1[0m _identify(src/rm_armor_tracker) by extension 'ignore_ament_install'
[0.460s] [34mcolcon.colcon_core.package_identification[0m [1;30mLevel 1[0m _identify(src/rm_armor_tracker) by extensions ['colcon_pkg']
[0.460s] [34mcolcon.colcon_core.package_identification[0m [1;30mLevel 1[0m _identify(src/rm_armor_tracker) by extension 'colcon_pkg'
[0.460s] [34mcolcon.colcon_core.package_identification[0m [1;30mLevel 1[0m _identify(src/rm_armor_tracker) by extensions ['colcon_meta']
[0.460s] [34mcolcon.colcon_core.package_identification[0m [1;30mLevel 1[0m _identify(src/rm_armor_tracker) by extension 'colcon_meta'
[0.460s] [34mcolcon.colcon_core.package_identification[0m [1;30mLevel 1[0m _identify(src/rm_armor_tracker) by extensions ['ros']
[0.460s] [34mcolcon.colcon_core.package_identification[0m [1;30mLevel 1[0m _identify(src/rm_armor_tracker) by extension 'ros'
[0.461s] [34mcolcon.colcon_core.package_identification[0m [1;30mDEBUG[0m [32mPackage 'src/rm_armor_tracker' with type 'ros.ament_cmake' and name 'rm_armor_tracker'[0m
[0.461s] [34mcolcon.colcon_core.package_identification[0m [1;30mLevel 1[0m _identify(src/rm_rune_detect) by extensions ['ignore', 'ignore_ament_install']
[0.461s] [34mcolcon.colcon_core.package_identification[0m [1;30mLevel 1[0m _identify(src/rm_rune_detect) by extension 'ignore'
[0.461s] [34mcolcon.colcon_core.package_identification[0m [1;30mLevel 1[0m _identify(src/rm_rune_detect) by extension 'ignore_ament_install'
[0.461s] [34mcolcon.colcon_core.package_identification[0m [1;30mLevel 1[0m _identify(src/rm_rune_detect) by extensions ['colcon_pkg']
[0.461s] [34mcolcon.colcon_core.package_identification[0m [1;30mLevel 1[0m _identify(src/rm_rune_detect) by extension 'colcon_pkg'
[0.461s] [34mcolcon.colcon_core.package_identification[0m [1;30mLevel 1[0m _identify(src/rm_rune_detect) by extensions ['colcon_meta']
[0.461s] [34mcolcon.colcon_core.package_identification[0m [1;30mLevel 1[0m _identify(src/rm_rune_detect) by extension 'colcon_meta'
[0.461s] [34mcolcon.colcon_core.package_identification[0m [1;30mLevel 1[0m _identify(src/rm_rune_detect) by extensions ['ros']
[0.461s] [34mcolcon.colcon_core.package_identification[0m [1;30mLevel 1[0m _identify(src/rm_rune_detect) by extension 'ros'
[0.461s] [34mcolcon.colcon_core.package_identification[0m [1;30mDEBUG[0m [32mPackage 'src/rm_rune_detect' with type 'ros.ament_cmake' and name 'rm_rune_detect'[0m
[0.461s] [34mcolcon.colcon_core.package_identification[0m [1;30mLevel 1[0m _identify(src/ros2-hik-camera-main) by extensions ['ignore', 'ignore_ament_install']
[0.461s] [34mcolcon.colcon_core.package_identification[0m [1;30mLevel 1[0m _identify(src/ros2-hik-camera-main) by extension 'ignore'
[0.462s] [34mcolcon.colcon_core.package_identification[0m [1;30mLevel 1[0m _identify(src/ros2-hik-camera-main) by extension 'ignore_ament_install'
[0.462s] [34mcolcon.colcon_core.package_identification[0m [1;30mLevel 1[0m _identify(src/ros2-hik-camera-main) by extensions ['colcon_pkg']
[0.462s] [34mcolcon.colcon_core.package_identification[0m [1;30mLevel 1[0m _identify(src/ros2-hik-camera-main) by extension 'colcon_pkg'
[0.462s] [34mcolcon.colcon_core.package_identification[0m [1;30mLevel 1[0m _identify(src/ros2-hik-camera-main) by extensions ['colcon_meta']
[0.462s] [34mcolcon.colcon_core.package_identification[0m [1;30mLevel 1[0m _identify(src/ros2-hik-camera-main) by extension 'colcon_meta'
[0.462s] [34mcolcon.colcon_core.package_identification[0m [1;30mLevel 1[0m _identify(src/ros2-hik-camera-main) by extensions ['ros']
[0.462s] [34mcolcon.colcon_core.package_identification[0m [1;30mLevel 1[0m _identify(src/ros2-hik-camera-main) by extension 'ros'
[0.462s] [34mcolcon.colcon_core.package_identification[0m [1;30mDEBUG[0m [32mPackage 'src/ros2-hik-camera-main' with type 'ros.ament_cmake' and name 'hik_camera'[0m
[0.463s] [34mcolcon.colcon_core.package_identification[0m [1;30mLevel 1[0m _identify(src/video_trial_node) by extensions ['ignore', 'ignore_ament_install']
[0.463s] [34mcolcon.colcon_core.package_identification[0m [1;30mLevel 1[0m _identify(src/video_trial_node) by extension 'ignore'
[0.463s] [34mcolcon.colcon_core.package_identification[0m [1;30mLevel 1[0m _identify(src/video_trial_node) by extension 'ignore_ament_install'
[0.463s] [34mcolcon.colcon_core.package_identification[0m [1;30mLevel 1[0m _identify(src/video_trial_node) by extensions ['colcon_pkg']
[0.463s] [34mcolcon.colcon_core.package_identification[0m [1;30mLevel 1[0m _identify(src/video_trial_node) by extension 'colcon_pkg'
[0.463s] [34mcolcon.colcon_core.package_identification[0m [1;30mLevel 1[0m _identify(src/video_trial_node) by extensions ['colcon_meta']
[0.463s] [34mcolcon.colcon_core.package_identification[0m [1;30mLevel 1[0m _identify(src/video_trial_node) by extension 'colcon_meta'
[0.463s] [34mcolcon.colcon_core.package_identification[0m [1;30mLevel 1[0m _identify(src/video_trial_node) by extensions ['ros']
[0.463s] [34mcolcon.colcon_core.package_identification[0m [1;30mLevel 1[0m _identify(src/video_trial_node) by extension 'ros'
[0.463s] [34mcolcon.colcon_core.package_identification[0m [1;30mDEBUG[0m [32mPackage 'src/video_trial_node' with type 'ros.ament_cmake' and name 'video_trial_node'[0m
[0.463s] [34mcolcon.colcon_core.package_discovery[0m [1;30mLevel 1[0m discover_packages(recursive) using defaults
[0.463s] [34mcolcon.colcon_core.package_discovery[0m [1;30mLevel 1[0m discover_packages(ignore) discover
[0.463s] [34mcolcon.colcon_core.package_discovery[0m [1;30mLevel 1[0m discover_packages(ignore) using defaults
[0.463s] [34mcolcon.colcon_core.package_discovery[0m [1;30mLevel 1[0m discover_packages(path) discover
[0.463s] [34mcolcon.colcon_core.package_discovery[0m [1;30mLevel 1[0m discover_packages(path) using defaults
[0.482s] [34mcolcon.colcon_core.package_discovery[0m [1;30mLevel 1[0m discover_packages(prefix_path) check parameters
[0.482s] [34mcolcon.colcon_core.package_discovery[0m [1;30mLevel 1[0m discover_packages(prefix_path) discover
[0.483s] [34mcolcon.colcon_installed_package_information.package_discovery[0m [1;30mDEBUG[0m [32mFound 6 installed packages in /home/pretend/code/install[0m
[0.483s] [34mcolcon.colcon_installed_package_information.package_discovery[0m [1;30mDEBUG[0m [32mFound 263 installed packages in /opt/ros/humble[0m
[0.484s] [34mcolcon.colcon_core.package_discovery[0m [1;30mLevel 1[0m discover_packages(prefix_path) using defaults
[0.503s] [34mcolcon.colcon_core.verb[0m [1;30mLevel 5[0m set package 'hik_camera' build argument 'cmake_args' from command line to 'None'
[0.503s] [34mcolcon.colcon_core.verb[0m [1;30mLevel 5[0m set package 'hik_camera' build argument 'cmake_target' from command line to 'None'
[0.503s] [34mcolcon.colcon_core.verb[0m [1;30mLevel 5[0m set package 'hik_camera' build argument 'cmake_target_skip_unavailable' from command line to 'False'
[0.503s] [34mcolcon.colcon_core.verb[0m [1;30mLevel 5[0m set package 'hik_camera' build argument 'cmake_clean_cache' from command line to 'False'
[0.503s] [34mcolcon.colcon_core.verb[0m [1;30mLevel 5[0m set package 'hik_camera' build argument 'cmake_clean_first' from command line to 'False'
[0.503s] [34mcolcon.colcon_core.verb[0m [1;30mLevel 5[0m set package 'hik_camera' build argument 'cmake_force_configure' from command line to 'False'
[0.503s] [34mcolcon.colcon_core.verb[0m [1;30mLevel 5[0m set package 'hik_camera' build argument 'ament_cmake_args' from command line to 'None'
[0.503s] [34mcolcon.colcon_core.verb[0m [1;30mLevel 5[0m set package 'hik_camera' build argument 'catkin_cmake_args' from command line to 'None'
[0.503s] [34mcolcon.colcon_core.verb[0m [1;30mLevel 5[0m set package 'hik_camera' build argument 'catkin_skip_building_tests' from command line to 'False'
[0.503s] [34mcolcon.colcon_core.verb[0m [1;30mDEBUG[0m [32mBuilding package 'hik_camera' with the following arguments: {'ament_cmake_args': None, 'build_base': '/home/pretend/code/build/hik_camera', 'catkin_cmake_args': None, 'catkin_skip_building_tests': False, 'cmake_args': None, 'cmake_clean_cache': False, 'cmake_clean_first': False, 'cmake_force_configure': False, 'cmake_target': None, 'cmake_target_skip_unavailable': False, 'install_base': '/home/pretend/code/install/hik_camera', 'merge_install': False, 'path': '/home/pretend/code/src/ros2-hik-camera-main', 'symlink_install': False, 'test_result_base': None}[0m
[0.504s] [34mcolcon.colcon_core.verb[0m [1;30mLevel 5[0m set package 'rm_armor_detect' build argument 'cmake_args' from command line to 'None'
[0.504s] [34mcolcon.colcon_core.verb[0m [1;30mLevel 5[0m set package 'rm_armor_detect' build argument 'cmake_target' from command line to 'None'
[0.504s] [34mcolcon.colcon_core.verb[0m [1;30mLevel 5[0m set package 'rm_armor_detect' build argument 'cmake_target_skip_unavailable' from command line to 'False'
[0.504s] [34mcolcon.colcon_core.verb[0m [1;30mLevel 5[0m set package 'rm_armor_detect' build argument 'cmake_clean_cache' from command line to 'False'
[0.504s] [34mcolcon.colcon_core.verb[0m [1;30mLevel 5[0m set package 'rm_armor_detect' build argument 'cmake_clean_first' from command line to 'False'
[0.504s] [34mcolcon.colcon_core.verb[0m [1;30mLevel 5[0m set package 'rm_armor_detect' build argument 'cmake_force_configure' from command line to 'False'
[0.504s] [34mcolcon.colcon_core.verb[0m [1;30mLevel 5[0m set package 'rm_armor_detect' build argument 'ament_cmake_args' from command line to 'None'
[0.504s] [34mcolcon.colcon_core.verb[0m [1;30mLevel 5[0m set package 'rm_armor_detect' build argument 'catkin_cmake_args' from command line to 'None'
[0.504s] [34mcolcon.colcon_core.verb[0m [1;30mLevel 5[0m set package 'rm_armor_detect' build argument 'catkin_skip_building_tests' from command line to 'False'
[0.504s] [34mcolcon.colcon_core.verb[0m [1;30mDEBUG[0m [32mBuilding package 'rm_armor_detect' with the following arguments: {'ament_cmake_args': None, 'build_base': '/home/pretend/code/build/rm_armor_detect', 'catkin_cmake_args': None, 'catkin_skip_building_tests': False, 'cmake_args': None, 'cmake_clean_cache': False, 'cmake_clean_first': False, 'cmake_force_configure': False, 'cmake_target': None, 'cmake_target_skip_unavailable': False, 'install_base': '/home/pretend/code/install/rm_armor_detect', 'merge_install': False, 'path': '/home/pretend/code/src/rm_armor_detect', 'symlink_install': False, 'test_result_base': None}[0m
[0.504s] [34mcolcon.colcon_core.verb[0m [1;30mLevel 5[0m set package 'rm_armor_tracker' build argument 'cmake_args' from command line to 'None'
[0.504s] [34mcolcon.colcon_core.verb[0m [1;30mLevel 5[0m set package 'rm_armor_tracker' build argument 'cmake_target' from command line to 'None'
[0.504s] [34mcolcon.colcon_core.verb[0m [1;30mLevel 5[0m set package 'rm_armor_tracker' build argument 'cmake_target_skip_unavailable' from command line to 'False'
[0.504s] [34mcolcon.colcon_core.verb[0m [1;30mLevel 5[0m set package 'rm_armor_tracker' build argument 'cmake_clean_cache' from command line to 'False'
[0.504s] [34mcolcon.colcon_core.verb[0m [1;30mLevel 5[0m set package 'rm_armor_tracker' build argument 'cmake_clean_first' from command line to 'False'
[0.504s] [34mcolcon.colcon_core.verb[0m [1;30mLevel 5[0m set package 'rm_armor_tracker' build argument 'cmake_force_configure' from command line to 'False'
[0.504s] [34mcolcon.colcon_core.verb[0m [1;30mLevel 5[0m set package 'rm_armor_tracker' build argument 'ament_cmake_args' from command line to 'None'
[0.504s] [34mcolcon.colcon_core.verb[0m [1;30mLevel 5[0m set package 'rm_armor_tracker' build argument 'catkin_cmake_args' from command line to 'None'
[0.504s] [34mcolcon.colcon_core.verb[0m [1;30mLevel 5[0m set package 'rm_armor_tracker' build argument 'catkin_skip_building_tests' from command line to 'False'
[0.504s] [34mcolcon.colcon_core.verb[0m [1;30mDEBUG[0m [32mBuilding package 'rm_armor_tracker' with the following arguments: {'ament_cmake_args': None, 'build_base': '/home/pretend/code/build/rm_armor_tracker', 'catkin_cmake_args': None, 'catkin_skip_building_tests': False, 'cmake_args': None, 'cmake_clean_cache': False, 'cmake_clean_first': False, 'cmake_force_configure': False, 'cmake_target': None, 'cmake_target_skip_unavailable': False, 'install_base': '/home/pretend/code/install/rm_armor_tracker', 'merge_install': False, 'path': '/home/pretend/code/src/rm_armor_tracker', 'symlink_install': False, 'test_result_base': None}[0m
[0.504s] [34mcolcon.colcon_core.verb[0m [1;30mLevel 5[0m set package 'rm_rune_detect' build argument 'cmake_args' from command line to 'None'
[0.504s] [34mcolcon.colcon_core.verb[0m [1;30mLevel 5[0m set package 'rm_rune_detect' build argument 'cmake_target' from command line to 'None'
[0.504s] [34mcolcon.colcon_core.verb[0m [1;30mLevel 5[0m set package 'rm_rune_detect' build argument 'cmake_target_skip_unavailable' from command line to 'False'
[0.504s] [34mcolcon.colcon_core.verb[0m [1;30mLevel 5[0m set package 'rm_rune_detect' build argument 'cmake_clean_cache' from command line to 'False'
[0.504s] [34mcolcon.colcon_core.verb[0m [1;30mLevel 5[0m set package 'rm_rune_detect' build argument 'cmake_clean_first' from command line to 'False'
[0.504s] [34mcolcon.colcon_core.verb[0m [1;30mLevel 5[0m set package 'rm_rune_detect' build argument 'cmake_force_configure' from command line to 'False'
[0.504s] [34mcolcon.colcon_core.verb[0m [1;30mLevel 5[0m set package 'rm_rune_detect' build argument 'ament_cmake_args' from command line to 'None'
[0.504s] [34mcolcon.colcon_core.verb[0m [1;30mLevel 5[0m set package 'rm_rune_detect' build argument 'catkin_cmake_args' from command line to 'None'
[0.504s] [34mcolcon.colcon_core.verb[0m [1;30mLevel 5[0m set package 'rm_rune_detect' build argument 'catkin_skip_building_tests' from command line to 'False'
[0.504s] [34mcolcon.colcon_core.verb[0m [1;30mDEBUG[0m [32mBuilding package 'rm_rune_detect' with the following arguments: {'ament_cmake_args': None, 'build_base': '/home/pretend/code/build/rm_rune_detect', 'catkin_cmake_args': None, 'catkin_skip_building_tests': False, 'cmake_args': None, 'cmake_clean_cache': False, 'cmake_clean_first': False, 'cmake_force_configure': False, 'cmake_target': None, 'cmake_target_skip_unavailable': False, 'install_base': '/home/pretend/code/install/rm_rune_detect', 'merge_install': False, 'path': '/home/pretend/code/src/rm_rune_detect', 'symlink_install': False, 'test_result_base': None}[0m
[0.505s] [34mcolcon.colcon_core.verb[0m [1;30mLevel 5[0m set package 'video_trial_node' build argument 'cmake_args' from command line to 'None'
[0.505s] [34mcolcon.colcon_core.verb[0m [1;30mLevel 5[0m set package 'video_trial_node' build argument 'cmake_target' from command line to 'None'
[0.505s] [34mcolcon.colcon_core.verb[0m [1;30mLevel 5[0m set package 'video_trial_node' build argument 'cmake_target_skip_unavailable' from command line to 'False'
[0.505s] [34mcolcon.colcon_core.verb[0m [1;30mLevel 5[0m set package 'video_trial_node' build argument 'cmake_clean_cache' from command line to 'False'
[0.505s] [34mcolcon.colcon_core.verb[0m [1;30mLevel 5[0m set package 'video_trial_node' build argument 'cmake_clean_first' from command line to 'False'
[0.505s] [34mcolcon.colcon_core.verb[0m [1;30mLevel 5[0m set package 'video_trial_node' build argument 'cmake_force_configure' from command line to 'False'
[0.505s] [34mcolcon.colcon_core.verb[0m [1;30mLevel 5[0m set package 'video_trial_node' build argument 'ament_cmake_args' from command line to 'None'
[0.505s] [34mcolcon.colcon_core.verb[0m [1;30mLevel 5[0m set package 'video_trial_node' build argument 'catkin_cmake_args' from command line to 'None'
[0.505s] [34mcolcon.colcon_core.verb[0m [1;30mLevel 5[0m set package 'video_trial_node' build argument 'catkin_skip_building_tests' from command line to 'False'
[0.505s] [34mcolcon.colcon_core.verb[0m [1;30mDEBUG[0m [32mBuilding package 'video_trial_node' with the following arguments: {'ament_cmake_args': None, 'build_base': '/home/pretend/code/build/video_trial_node', 'catkin_cmake_args': None, 'catkin_skip_building_tests': False, 'cmake_args': None, 'cmake_clean_cache': False, 'cmake_clean_first': False, 'cmake_force_configure': False, 'cmake_target': None, 'cmake_target_skip_unavailable': False, 'install_base': '/home/pretend/code/install/video_trial_node', 'merge_install': False, 'path': '/home/pretend/code/src/video_trial_node', 'symlink_install': False, 'test_result_base': None}[0m
[0.505s] [34mcolcon.colcon_core.executor[0m [1;30mINFO[0m Executing jobs using 'parallel' executor
[0.506s] [34mcolcon.colcon_parallel_executor.executor.parallel[0m [1;30mDEBUG[0m [32mrun_until_complete[0m
[0.506s] [34mcolcon.colcon_ros.task.ament_cmake.build[0m [1;30mINFO[0m Building ROS package in '/home/pretend/code/src/ros2-hik-camera-main' with build type 'ament_cmake'
[0.506s] [34mcolcon.colcon_cmake.task.cmake.build[0m [1;30mINFO[0m Building CMake package in '/home/pretend/code/src/ros2-hik-camera-main'
[0.508s] [34mcolcon.colcon_core.plugin_system[0m [1;30mINFO[0m Skipping extension 'colcon_core.shell.bat': Not used on non-Windows systems
[0.508s] [34mcolcon.colcon_core.shell[0m [1;30mINFO[0m Skip shell extension 'powershell' for command environment: Not usable outside of PowerShell
[0.508s] [34mcolcon.colcon_core.shell[0m [1;30mDEBUG[0m [32mSkip shell extension 'dsv' for command environment[0m
[0.511s] [34mcolcon.colcon_ros.task.ament_cmake.build[0m [1;30mINFO[0m Building ROS package in '/home/pretend/code/src/rm_armor_detect' with build type 'ament_cmake'
[0.511s] [34mcolcon.colcon_cmake.task.cmake.build[0m [1;30mINFO[0m Building CMake package in '/home/pretend/code/src/rm_armor_detect'
[0.511s] [34mcolcon.colcon_core.shell[0m [1;30mINFO[0m Skip shell extension 'powershell' for command environment: Not usable outside of PowerShell
[0.511s] [34mcolcon.colcon_core.shell[0m [1;30mDEBUG[0m [32mSkip shell extension 'dsv' for command environment[0m
[0.513s] [34mcolcon.colcon_ros.task.ament_cmake.build[0m [1;30mINFO[0m Building ROS package in '/home/pretend/code/src/rm_armor_tracker' with build type 'ament_cmake'
[0.513s] [34mcolcon.colcon_cmake.task.cmake.build[0m [1;30mINFO[0m Building CMake package in '/home/pretend/code/src/rm_armor_tracker'
[0.513s] [34mcolcon.colcon_core.shell[0m [1;30mINFO[0m Skip shell extension 'powershell' for command environment: Not usable outside of PowerShell
[0.513s] [34mcolcon.colcon_core.shell[0m [1;30mDEBUG[0m [32mSkip shell extension 'dsv' for command environment[0m
[0.516s] [34mcolcon.colcon_ros.task.ament_cmake.build[0m [1;30mINFO[0m Building ROS package in '/home/pretend/code/src/rm_rune_detect' with build type 'ament_cmake'
[0.516s] [34mcolcon.colcon_cmake.task.cmake.build[0m [1;30mINFO[0m Building CMake package in '/home/pretend/code/src/rm_rune_detect'
[0.516s] [34mcolcon.colcon_core.shell[0m [1;30mINFO[0m Skip shell extension 'powershell' for command environment: Not usable outside of PowerShell
[0.516s] [34mcolcon.colcon_core.shell[0m [1;30mDEBUG[0m [32mSkip shell extension 'dsv' for command environment[0m
[0.518s] [34mcolcon.colcon_ros.task.ament_cmake.build[0m [1;30mINFO[0m Building ROS package in '/home/pretend/code/src/video_trial_node' with build type 'ament_cmake'
[0.518s] [34mcolcon.colcon_cmake.task.cmake.build[0m [1;30mINFO[0m Building CMake package in '/home/pretend/code/src/video_trial_node'
[0.519s] [34mcolcon.colcon_core.shell[0m [1;30mINFO[0m Skip shell extension 'powershell' for command environment: Not usable outside of PowerShell
[0.519s] [34mcolcon.colcon_core.shell[0m [1;30mDEBUG[0m [32mSkip shell extension 'dsv' for command environment[0m
[0.525s] [34mcolcon.colcon_core.event_handler.log_command[0m [1;30mDEBUG[0m [32mInvoking command in '/home/pretend/code/build/hik_camera': CMAKE_PREFIX_PATH=${CMAKE_PREFIX_PATH}:/opt/ros/humble /usr/bin/cmake --build /home/pretend/code/build/hik_camera -- -j32 -l32[0m
[0.528s] [34mcolcon.colcon_core.event_handler.log_command[0m [1;30mDEBUG[0m [32mInvoking command in '/home/pretend/code/build/rm_armor_detect': CMAKE_PREFIX_PATH=${CMAKE_PREFIX_PATH}:/opt/ros/humble /usr/bin/cmake /home/pretend/code/src/rm_armor_detect -DCMAKE_INSTALL_PREFIX=/home/pretend/code/install/rm_armor_detect[0m
[0.530s] [34mcolcon.colcon_core.event_handler.log_command[0m [1;30mDEBUG[0m [32mInvoking command in '/home/pretend/code/build/rm_armor_tracker': CMAKE_PREFIX_PATH=${CMAKE_PREFIX_PATH}:/opt/ros/humble /usr/bin/cmake --build /home/pretend/code/build/rm_armor_tracker -- -j32 -l32[0m
[0.537s] [34mcolcon.colcon_core.event_handler.log_command[0m [1;30mDEBUG[0m [32mInvoking command in '/home/pretend/code/build/rm_rune_detect': CMAKE_PREFIX_PATH=${CMAKE_PREFIX_PATH}:/opt/ros/humble /usr/bin/cmake --build /home/pretend/code/build/rm_rune_detect -- -j32 -l32[0m
[0.542s] [34mcolcon.colcon_core.event_handler.log_command[0m [1;30mDEBUG[0m [32mInvoking command in '/home/pretend/code/build/video_trial_node': CMAKE_PREFIX_PATH=${CMAKE_PREFIX_PATH}:/opt/ros/humble /usr/bin/cmake --build /home/pretend/code/build/video_trial_node -- -j32 -l32[0m
[0.560s] [34mcolcon.colcon_core.event_handler.log_command[0m [1;30mDEBUG[0m [32mInvoked command in '/home/pretend/code/build/rm_armor_tracker' returned '0': CMAKE_PREFIX_PATH=${CMAKE_PREFIX_PATH}:/opt/ros/humble /usr/bin/cmake --build /home/pretend/code/build/rm_armor_tracker -- -j32 -l32[0m
[0.570s] [34mcolcon.colcon_core.event_handler.log_command[0m [1;30mDEBUG[0m [32mInvoking command in '/home/pretend/code/build/rm_armor_tracker': CMAKE_PREFIX_PATH=${CMAKE_PREFIX_PATH}:/opt/ros/humble /usr/bin/cmake --install /home/pretend/code/build/rm_armor_tracker[0m
[0.577s] [34mcolcon.colcon_core.event_handler.log_command[0m [1;30mDEBUG[0m [32mInvoked command in '/home/pretend/code/build/hik_camera' returned '0': CMAKE_PREFIX_PATH=${CMAKE_PREFIX_PATH}:/opt/ros/humble /usr/bin/cmake --build /home/pretend/code/build/hik_camera -- -j32 -l32[0m
[0.581s] [34mcolcon.colcon_core.event_handler.log_command[0m [1;30mDEBUG[0m [32mInvoking command in '/home/pretend/code/build/hik_camera': CMAKE_PREFIX_PATH=${CMAKE_PREFIX_PATH}:/opt/ros/humble /usr/bin/cmake --install /home/pretend/code/build/hik_camera[0m
[0.583s] [34mcolcon.colcon_core.environment[0m [1;30mLevel 1[0m create_environment_scripts_only(rm_armor_tracker)
[0.584s] [34mcolcon.colcon_core.event_handler.log_command[0m [1;30mDEBUG[0m [32mInvoked command in '/home/pretend/code/build/rm_armor_tracker' returned '0': CMAKE_PREFIX_PATH=${CMAKE_PREFIX_PATH}:/opt/ros/humble /usr/bin/cmake --install /home/pretend/code/build/rm_armor_tracker[0m
[0.590s] [34mcolcon.colcon_core.environment[0m [1;30mLevel 1[0m checking '/home/pretend/code/install/rm_armor_tracker' for CMake module files
[0.591s] [34mcolcon.colcon_core.environment[0m [1;30mLevel 1[0m checking '/home/pretend/code/install/rm_armor_tracker' for CMake config files
[0.591s] [34mcolcon.colcon_core.shell[0m [1;30mLevel 1[0m create_environment_hook('rm_armor_tracker', 'cmake_prefix_path')
[0.591s] [34mcolcon.colcon_core.shell[0m [1;30mINFO[0m Creating environment hook '/home/pretend/code/install/rm_armor_tracker/share/rm_armor_tracker/hook/cmake_prefix_path.ps1'
[0.592s] [34mcolcon.colcon_core.shell[0m [1;30mINFO[0m Creating environment descriptor '/home/pretend/code/install/rm_armor_tracker/share/rm_armor_tracker/hook/cmake_prefix_path.dsv'
[0.592s] [34mcolcon.colcon_core.shell[0m [1;30mINFO[0m Creating environment hook '/home/pretend/code/install/rm_armor_tracker/share/rm_armor_tracker/hook/cmake_prefix_path.sh'
[0.593s] [34mcolcon.colcon_core.environment[0m [1;30mLevel 1[0m checking '/home/pretend/code/install/rm_armor_tracker/bin'
[0.593s] [34mcolcon.colcon_core.environment[0m [1;30mLevel 1[0m checking '/home/pretend/code/install/rm_armor_tracker/lib/pkgconfig/rm_armor_tracker.pc'
[0.593s] [34mcolcon.colcon_core.environment[0m [1;30mLevel 1[0m checking '/home/pretend/code/install/rm_armor_tracker/lib/python3.10/site-packages'
[0.593s] [34mcolcon.colcon_core.environment[0m [1;30mLevel 1[0m checking '/home/pretend/code/install/rm_armor_tracker/bin'
[0.593s] [34mcolcon.colcon_core.shell[0m [1;30mINFO[0m Creating package script '/home/pretend/code/install/rm_armor_tracker/share/rm_armor_tracker/package.ps1'
[0.594s] [34mcolcon.colcon_core.shell[0m [1;30mINFO[0m Creating package descriptor '/home/pretend/code/install/rm_armor_tracker/share/rm_armor_tracker/package.dsv'
[0.594s] [34mcolcon.colcon_core.shell[0m [1;30mINFO[0m Creating package script '/home/pretend/code/install/rm_armor_tracker/share/rm_armor_tracker/package.sh'
[0.594s] [34mcolcon.colcon_core.shell[0m [1;30mINFO[0m Creating package script '/home/pretend/code/install/rm_armor_tracker/share/rm_armor_tracker/package.bash'
[0.595s] [34mcolcon.colcon_core.shell[0m [1;30mINFO[0m Creating package script '/home/pretend/code/install/rm_armor_tracker/share/rm_armor_tracker/package.zsh'
[0.595s] [34mcolcon.colcon_core.environment[0m [1;30mLevel 1[0m create_file_with_runtime_dependencies(/home/pretend/code/install/rm_armor_tracker/share/colcon-core/packages/rm_armor_tracker)
[0.596s] [34mcolcon.colcon_core.environment[0m [1;30mLevel 1[0m create_environment_scripts_only(rm_armor_tracker)
[0.596s] [34mcolcon.colcon_core.environment[0m [1;30mLevel 1[0m checking '/home/pretend/code/install/rm_armor_tracker' for CMake module files
[0.596s] [34mcolcon.colcon_core.environment[0m [1;30mLevel 1[0m checking '/home/pretend/code/install/rm_armor_tracker' for CMake config files
[0.596s] [34mcolcon.colcon_core.shell[0m [1;30mLevel 1[0m create_environment_hook('rm_armor_tracker', 'cmake_prefix_path')
[0.596s] [34mcolcon.colcon_core.shell[0m [1;30mINFO[0m Creating environment hook '/home/pretend/code/install/rm_armor_tracker/share/rm_armor_tracker/hook/cmake_prefix_path.ps1'
[0.596s] [34mcolcon.colcon_core.shell[0m [1;30mINFO[0m Creating environment descriptor '/home/pretend/code/install/rm_armor_tracker/share/rm_armor_tracker/hook/cmake_prefix_path.dsv'
[0.597s] [34mcolcon.colcon_core.shell[0m [1;30mINFO[0m Creating environment hook '/home/pretend/code/install/rm_armor_tracker/share/rm_armor_tracker/hook/cmake_prefix_path.sh'
[0.597s] [34mcolcon.colcon_core.environment[0m [1;30mLevel 1[0m checking '/home/pretend/code/install/rm_armor_tracker/bin'
[0.597s] [34mcolcon.colcon_core.environment[0m [1;30mLevel 1[0m checking '/home/pretend/code/install/rm_armor_tracker/lib/pkgconfig/rm_armor_tracker.pc'
[0.597s] [34mcolcon.colcon_core.environment[0m [1;30mLevel 1[0m checking '/home/pretend/code/install/rm_armor_tracker/lib/python3.10/site-packages'
[0.597s] [34mcolcon.colcon_core.environment[0m [1;30mLevel 1[0m checking '/home/pretend/code/install/rm_armor_tracker/bin'
[0.597s] [34mcolcon.colcon_core.shell[0m [1;30mINFO[0m Creating package script '/home/pretend/code/install/rm_armor_tracker/share/rm_armor_tracker/package.ps1'
[0.598s] [34mcolcon.colcon_core.shell[0m [1;30mINFO[0m Creating package descriptor '/home/pretend/code/install/rm_armor_tracker/share/rm_armor_tracker/package.dsv'
[0.598s] [34mcolcon.colcon_core.shell[0m [1;30mINFO[0m Creating package script '/home/pretend/code/install/rm_armor_tracker/share/rm_armor_tracker/package.sh'
[0.598s] [34mcolcon.colcon_core.shell[0m [1;30mINFO[0m Creating package script '/home/pretend/code/install/rm_armor_tracker/share/rm_armor_tracker/package.bash'
[0.598s] [34mcolcon.colcon_core.shell[0m [1;30mINFO[0m Creating package script '/home/pretend/code/install/rm_armor_tracker/share/rm_armor_tracker/package.zsh'
[0.599s] [34mcolcon.colcon_core.environment[0m [1;30mLevel 1[0m create_file_with_runtime_dependencies(/home/pretend/code/install/rm_armor_tracker/share/colcon-core/packages/rm_armor_tracker)
[0.601s] [34mcolcon.colcon_core.environment[0m [1;30mLevel 1[0m create_environment_scripts_only(hik_camera)
[0.601s] [34mcolcon.colcon_core.environment[0m [1;30mLevel 1[0m checking '/home/pretend/code/install/hik_camera' for CMake module files
[0.602s] [34mcolcon.colcon_core.event_handler.log_command[0m [1;30mDEBUG[0m [32mInvoked command in '/home/pretend/code/build/hik_camera' returned '0': CMAKE_PREFIX_PATH=${CMAKE_PREFIX_PATH}:/opt/ros/humble /usr/bin/cmake --install /home/pretend/code/build/hik_camera[0m
[0.602s] [34mcolcon.colcon_core.environment[0m [1;30mLevel 1[0m checking '/home/pretend/code/install/hik_camera' for CMake config files
[0.602s] [34mcolcon.colcon_core.shell[0m [1;30mLevel 1[0m create_environment_hook('hik_camera', 'cmake_prefix_path')
[0.603s] [34mcolcon.colcon_core.shell[0m [1;30mINFO[0m Creating environment hook '/home/pretend/code/install/hik_camera/share/hik_camera/hook/cmake_prefix_path.ps1'
[0.603s] [34mcolcon.colcon_core.shell[0m [1;30mINFO[0m Creating environment descriptor '/home/pretend/code/install/hik_camera/share/hik_camera/hook/cmake_prefix_path.dsv'
[0.604s] [34mcolcon.colcon_core.shell[0m [1;30mINFO[0m Creating environment hook '/home/pretend/code/install/hik_camera/share/hik_camera/hook/cmake_prefix_path.sh'
[0.604s] [34mcolcon.colcon_core.environment[0m [1;30mLevel 1[0m checking '/home/pretend/code/install/hik_camera/lib'
[0.604s] [34mcolcon.colcon_core.shell[0m [1;30mLevel 1[0m create_environment_hook('hik_camera', 'ld_library_path_lib')
[0.605s] [34mcolcon.colcon_core.shell[0m [1;30mINFO[0m Creating environment hook '/home/pretend/code/install/hik_camera/share/hik_camera/hook/ld_library_path_lib.ps1'
[0.605s] [34mcolcon.colcon_core.shell[0m [1;30mINFO[0m Creating environment descriptor '/home/pretend/code/install/hik_camera/share/hik_camera/hook/ld_library_path_lib.dsv'
[0.605s] [34mcolcon.colcon_core.shell[0m [1;30mINFO[0m Creating environment hook '/home/pretend/code/install/hik_camera/share/hik_camera/hook/ld_library_path_lib.sh'
[0.606s] [34mcolcon.colcon_core.environment[0m [1;30mLevel 1[0m checking '/home/pretend/code/install/hik_camera/bin'
[0.606s] [34mcolcon.colcon_core.environment[0m [1;30mLevel 1[0m checking '/home/pretend/code/install/hik_camera/lib/pkgconfig/hik_camera.pc'
[0.606s] [34mcolcon.colcon_core.environment[0m [1;30mLevel 1[0m checking '/home/pretend/code/install/hik_camera/lib/python3.10/site-packages'
[0.606s] [34mcolcon.colcon_core.environment[0m [1;30mLevel 1[0m checking '/home/pretend/code/install/hik_camera/bin'
[0.606s] [34mcolcon.colcon_core.shell[0m [1;30mINFO[0m Creating package script '/home/pretend/code/install/hik_camera/share/hik_camera/package.ps1'
[0.606s] [34mcolcon.colcon_core.shell[0m [1;30mINFO[0m Creating package descriptor '/home/pretend/code/install/hik_camera/share/hik_camera/package.dsv'
[0.607s] [34mcolcon.colcon_core.shell[0m [1;30mINFO[0m Creating package script '/home/pretend/code/install/hik_camera/share/hik_camera/package.sh'
[0.607s] [34mcolcon.colcon_core.shell[0m [1;30mINFO[0m Creating package script '/home/pretend/code/install/hik_camera/share/hik_camera/package.bash'
[0.607s] [34mcolcon.colcon_core.shell[0m [1;30mINFO[0m Creating package script '/home/pretend/code/install/hik_camera/share/hik_camera/package.zsh'
[0.607s] [34mcolcon.colcon_core.environment[0m [1;30mLevel 1[0m create_file_with_runtime_dependencies(/home/pretend/code/install/hik_camera/share/colcon-core/packages/hik_camera)
[0.608s] [34mcolcon.colcon_core.environment[0m [1;30mLevel 1[0m create_environment_scripts_only(hik_camera)
[0.608s] [34mcolcon.colcon_core.environment[0m [1;30mLevel 1[0m checking '/home/pretend/code/install/hik_camera' for CMake module files
[0.608s] [34mcolcon.colcon_core.environment[0m [1;30mLevel 1[0m checking '/home/pretend/code/install/hik_camera' for CMake config files
[0.608s] [34mcolcon.colcon_core.shell[0m [1;30mLevel 1[0m create_environment_hook('hik_camera', 'cmake_prefix_path')
[0.608s] [34mcolcon.colcon_core.shell[0m [1;30mINFO[0m Creating environment hook '/home/pretend/code/install/hik_camera/share/hik_camera/hook/cmake_prefix_path.ps1'
[0.609s] [34mcolcon.colcon_core.shell[0m [1;30mINFO[0m Creating environment descriptor '/home/pretend/code/install/hik_camera/share/hik_camera/hook/cmake_prefix_path.dsv'
[0.609s] [34mcolcon.colcon_core.shell[0m [1;30mINFO[0m Creating environment hook '/home/pretend/code/install/hik_camera/share/hik_camera/hook/cmake_prefix_path.sh'
[0.609s] [34mcolcon.colcon_core.environment[0m [1;30mLevel 1[0m checking '/home/pretend/code/install/hik_camera/lib'
[0.609s] [34mcolcon.colcon_core.shell[0m [1;30mLevel 1[0m create_environment_hook('hik_camera', 'ld_library_path_lib')
[0.609s] [34mcolcon.colcon_core.shell[0m [1;30mINFO[0m Creating environment hook '/home/pretend/code/install/hik_camera/share/hik_camera/hook/ld_library_path_lib.ps1'
[0.610s] [34mcolcon.colcon_core.shell[0m [1;30mINFO[0m Creating environment descriptor '/home/pretend/code/install/hik_camera/share/hik_camera/hook/ld_library_path_lib.dsv'
[0.610s] [34mcolcon.colcon_core.shell[0m [1;30mINFO[0m Creating environment hook '/home/pretend/code/install/hik_camera/share/hik_camera/hook/ld_library_path_lib.sh'
[0.610s] [34mcolcon.colcon_core.environment[0m [1;30mLevel 1[0m checking '/home/pretend/code/install/hik_camera/bin'
[0.610s] [34mcolcon.colcon_core.environment[0m [1;30mLevel 1[0m checking '/home/pretend/code/install/hik_camera/lib/pkgconfig/hik_camera.pc'
[0.610s] [34mcolcon.colcon_core.environment[0m [1;30mLevel 1[0m checking '/home/pretend/code/install/hik_camera/lib/python3.10/site-packages'
[0.610s] [34mcolcon.colcon_core.environment[0m [1;30mLevel 1[0m checking '/home/pretend/code/install/hik_camera/bin'
[0.611s] [34mcolcon.colcon_core.shell[0m [1;30mINFO[0m Creating package script '/home/pretend/code/install/hik_camera/share/hik_camera/package.ps1'
[0.611s] [34mcolcon.colcon_core.shell[0m [1;30mINFO[0m Creating package descriptor '/home/pretend/code/install/hik_camera/share/hik_camera/package.dsv'
[0.611s] [34mcolcon.colcon_core.shell[0m [1;30mINFO[0m Creating package script '/home/pretend/code/install/hik_camera/share/hik_camera/package.sh'
[0.611s] [34mcolcon.colcon_core.shell[0m [1;30mINFO[0m Creating package script '/home/pretend/code/install/hik_camera/share/hik_camera/package.bash'
[0.612s] [34mcolcon.colcon_core.shell[0m [1;30mINFO[0m Creating package script '/home/pretend/code/install/hik_camera/share/hik_camera/package.zsh'
[0.612s] [34mcolcon.colcon_core.environment[0m [1;30mLevel 1[0m create_file_with_runtime_dependencies(/home/pretend/code/install/hik_camera/share/colcon-core/packages/hik_camera)
[0.614s] [34mcolcon.colcon_core.event_handler.log_command[0m [1;30mDEBUG[0m [32mInvoked command in '/home/pretend/code/build/rm_rune_detect' returned '0': CMAKE_PREFIX_PATH=${CMAKE_PREFIX_PATH}:/opt/ros/humble /usr/bin/cmake --build /home/pretend/code/build/rm_rune_detect -- -j32 -l32[0m
[0.615s] [34mcolcon.colcon_core.event_handler.log_command[0m [1;30mDEBUG[0m [32mInvoking command in '/home/pretend/code/build/rm_rune_detect': CMAKE_PREFIX_PATH=${CMAKE_PREFIX_PATH}:/opt/ros/humble /usr/bin/cmake --install /home/pretend/code/build/rm_rune_detect[0m
[0.616s] [34mcolcon.colcon_core.event_handler.log_command[0m [1;30mDEBUG[0m [32mInvoked command in '/home/pretend/code/build/video_trial_node' returned '0': CMAKE_PREFIX_PATH=${CMAKE_PREFIX_PATH}:/opt/ros/humble /usr/bin/cmake --build /home/pretend/code/build/video_trial_node -- -j32 -l32[0m
[0.617s] [34mcolcon.colcon_core.event_handler.log_command[0m [1;30mDEBUG[0m [32mInvoking command in '/home/pretend/code/build/video_trial_node': CMAKE_PREFIX_PATH=${CMAKE_PREFIX_PATH}:/opt/ros/humble /usr/bin/cmake --install /home/pretend/code/build/video_trial_node[0m
[0.625s] [34mcolcon.colcon_core.environment[0m [1;30mLevel 1[0m create_environment_scripts_only(video_trial_node)
[0.625s] [34mcolcon.colcon_core.environment[0m [1;30mLevel 1[0m checking '/home/pretend/code/install/video_trial_node' for CMake module files
[0.627s] [34mcolcon.colcon_core.event_handler.log_command[0m [1;30mDEBUG[0m [32mInvoked command in '/home/pretend/code/build/video_trial_node' returned '0': CMAKE_PREFIX_PATH=${CMAKE_PREFIX_PATH}:/opt/ros/humble /usr/bin/cmake --install /home/pretend/code/build/video_trial_node[0m
[0.628s] [34mcolcon.colcon_core.environment[0m [1;30mLevel 1[0m checking '/home/pretend/code/install/video_trial_node' for CMake config files
[0.628s] [34mcolcon.colcon_core.shell[0m [1;30mLevel 1[0m create_environment_hook('video_trial_node', 'cmake_prefix_path')
[0.628s] [34mcolcon.colcon_core.shell[0m [1;30mINFO[0m Creating environment hook '/home/pretend/code/install/video_trial_node/share/video_trial_node/hook/cmake_prefix_path.ps1'
[0.628s] [34mcolcon.colcon_core.shell[0m [1;30mINFO[0m Creating environment descriptor '/home/pretend/code/install/video_trial_node/share/video_trial_node/hook/cmake_prefix_path.dsv'
[0.628s] [34mcolcon.colcon_core.shell[0m [1;30mINFO[0m Creating environment hook '/home/pretend/code/install/video_trial_node/share/video_trial_node/hook/cmake_prefix_path.sh'
[0.629s] [34mcolcon.colcon_core.environment[0m [1;30mLevel 1[0m checking '/home/pretend/code/install/video_trial_node/lib'
[0.629s] [34mcolcon.colcon_core.shell[0m [1;30mLevel 1[0m create_environment_hook('video_trial_node', 'ld_library_path_lib')
[0.629s] [34mcolcon.colcon_core.shell[0m [1;30mINFO[0m Creating environment hook '/home/pretend/code/install/video_trial_node/share/video_trial_node/hook/ld_library_path_lib.ps1'
[0.630s] [34mcolcon.colcon_core.shell[0m [1;30mINFO[0m Creating environment descriptor '/home/pretend/code/install/video_trial_node/share/video_trial_node/hook/ld_library_path_lib.dsv'
[0.631s] [34mcolcon.colcon_core.shell[0m [1;30mINFO[0m Creating environment hook '/home/pretend/code/install/video_trial_node/share/video_trial_node/hook/ld_library_path_lib.sh'
[0.632s] [34mcolcon.colcon_core.environment[0m [1;30mLevel 1[0m checking '/home/pretend/code/install/video_trial_node/bin'
[0.632s] [34mcolcon.colcon_core.environment[0m [1;30mLevel 1[0m checking '/home/pretend/code/install/video_trial_node/lib/pkgconfig/video_trial_node.pc'
[0.632s] [34mcolcon.colcon_core.environment[0m [1;30mLevel 1[0m checking '/home/pretend/code/install/video_trial_node/lib/python3.10/site-packages'
[0.633s] [34mcolcon.colcon_core.environment[0m [1;30mLevel 1[0m checking '/home/pretend/code/install/video_trial_node/bin'
[0.633s] [34mcolcon.colcon_core.shell[0m [1;30mINFO[0m Creating package script '/home/pretend/code/install/video_trial_node/share/video_trial_node/package.ps1'
[0.633s] [34mcolcon.colcon_core.shell[0m [1;30mINFO[0m Creating package descriptor '/home/pretend/code/install/video_trial_node/share/video_trial_node/package.dsv'
[0.634s] [34mcolcon.colcon_core.shell[0m [1;30mINFO[0m Creating package script '/home/pretend/code/install/video_trial_node/share/video_trial_node/package.sh'
[0.634s] [34mcolcon.colcon_core.shell[0m [1;30mINFO[0m Creating package script '/home/pretend/code/install/video_trial_node/share/video_trial_node/package.bash'
[0.634s] [34mcolcon.colcon_core.shell[0m [1;30mINFO[0m Creating package script '/home/pretend/code/install/video_trial_node/share/video_trial_node/package.zsh'
[0.635s] [34mcolcon.colcon_core.environment[0m [1;30mLevel 1[0m create_file_with_runtime_dependencies(/home/pretend/code/install/video_trial_node/share/colcon-core/packages/video_trial_node)
[0.635s] [34mcolcon.colcon_core.environment[0m [1;30mLevel 1[0m create_environment_scripts_only(video_trial_node)
[0.635s] [34mcolcon.colcon_core.environment[0m [1;30mLevel 1[0m checking '/home/pretend/code/install/video_trial_node' for CMake module files
[0.635s] [34mcolcon.colcon_core.environment[0m [1;30mLevel 1[0m checking '/home/pretend/code/install/video_trial_node' for CMake config files
[0.635s] [34mcolcon.colcon_core.shell[0m [1;30mLevel 1[0m create_environment_hook('video_trial_node', 'cmake_prefix_path')
[0.636s] [34mcolcon.colcon_core.shell[0m [1;30mINFO[0m Creating environment hook '/home/pretend/code/install/video_trial_node/share/video_trial_node/hook/cmake_prefix_path.ps1'
[0.636s] [34mcolcon.colcon_core.shell[0m [1;30mINFO[0m Creating environment descriptor '/home/pretend/code/install/video_trial_node/share/video_trial_node/hook/cmake_prefix_path.dsv'
[0.636s] [34mcolcon.colcon_core.shell[0m [1;30mINFO[0m Creating environment hook '/home/pretend/code/install/video_trial_node/share/video_trial_node/hook/cmake_prefix_path.sh'
[0.636s] [34mcolcon.colcon_core.environment[0m [1;30mLevel 1[0m checking '/home/pretend/code/install/video_trial_node/lib'
[0.636s] [34mcolcon.colcon_core.shell[0m [1;30mLevel 1[0m create_environment_hook('video_trial_node', 'ld_library_path_lib')
[0.636s] [34mcolcon.colcon_core.shell[0m [1;30mINFO[0m Creating environment hook '/home/pretend/code/install/video_trial_node/share/video_trial_node/hook/ld_library_path_lib.ps1'
[0.637s] [34mcolcon.colcon_core.shell[0m [1;30mINFO[0m Creating environment descriptor '/home/pretend/code/install/video_trial_node/share/video_trial_node/hook/ld_library_path_lib.dsv'
[0.637s] [34mcolcon.colcon_core.shell[0m [1;30mINFO[0m Creating environment hook '/home/pretend/code/install/video_trial_node/share/video_trial_node/hook/ld_library_path_lib.sh'
[0.637s] [34mcolcon.colcon_core.environment[0m [1;30mLevel 1[0m checking '/home/pretend/code/install/video_trial_node/bin'
[0.637s] [34mcolcon.colcon_core.environment[0m [1;30mLevel 1[0m checking '/home/pretend/code/install/video_trial_node/lib/pkgconfig/video_trial_node.pc'
[0.637s] [34mcolcon.colcon_core.environment[0m [1;30mLevel 1[0m checking '/home/pretend/code/install/video_trial_node/lib/python3.10/site-packages'
[0.637s] [34mcolcon.colcon_core.environment[0m [1;30mLevel 1[0m checking '/home/pretend/code/install/video_trial_node/bin'
[0.637s] [34mcolcon.colcon_core.shell[0m [1;30mINFO[0m Creating package script '/home/pretend/code/install/video_trial_node/share/video_trial_node/package.ps1'
[0.638s] [34mcolcon.colcon_core.shell[0m [1;30mINFO[0m Creating package descriptor '/home/pretend/code/install/video_trial_node/share/video_trial_node/package.dsv'
[0.638s] [34mcolcon.colcon_core.shell[0m [1;30mINFO[0m Creating package script '/home/pretend/code/install/video_trial_node/share/video_trial_node/package.sh'
[0.638s] [34mcolcon.colcon_core.shell[0m [1;30mINFO[0m Creating package script '/home/pretend/code/install/video_trial_node/share/video_trial_node/package.bash'
[0.638s] [34mcolcon.colcon_core.shell[0m [1;30mINFO[0m Creating package script '/home/pretend/code/install/video_trial_node/share/video_trial_node/package.zsh'
[0.639s] [34mcolcon.colcon_core.environment[0m [1;30mLevel 1[0m create_file_with_runtime_dependencies(/home/pretend/code/install/video_trial_node/share/colcon-core/packages/video_trial_node)
[0.640s] [34mcolcon.colcon_core.environment[0m [1;30mLevel 1[0m create_environment_scripts_only(rm_rune_detect)
[0.640s] [34mcolcon.colcon_core.environment[0m [1;30mLevel 1[0m checking '/home/pretend/code/install/rm_rune_detect' for CMake module files
[0.641s] [34mcolcon.colcon_core.event_handler.log_command[0m [1;30mDEBUG[0m [32mInvoked command in '/home/pretend/code/build/rm_rune_detect' returned '0': CMAKE_PREFIX_PATH=${CMAKE_PREFIX_PATH}:/opt/ros/humble /usr/bin/cmake --install /home/pretend/code/build/rm_rune_detect[0m
[0.641s] [34mcolcon.colcon_core.environment[0m [1;30mLevel 1[0m checking '/home/pretend/code/install/rm_rune_detect' for CMake config files
[0.641s] [34mcolcon.colcon_core.shell[0m [1;30mLevel 1[0m create_environment_hook('rm_rune_detect', 'cmake_prefix_path')
[0.641s] [34mcolcon.colcon_core.shell[0m [1;30mINFO[0m Creating environment hook '/home/pretend/code/install/rm_rune_detect/share/rm_rune_detect/hook/cmake_prefix_path.ps1'
[0.642s] [34mcolcon.colcon_core.shell[0m [1;30mINFO[0m Creating environment descriptor '/home/pretend/code/install/rm_rune_detect/share/rm_rune_detect/hook/cmake_prefix_path.dsv'
[0.642s] [34mcolcon.colcon_core.shell[0m [1;30mINFO[0m Creating environment hook '/home/pretend/code/install/rm_rune_detect/share/rm_rune_detect/hook/cmake_prefix_path.sh'
[0.642s] [34mcolcon.colcon_core.environment[0m [1;30mLevel 1[0m checking '/home/pretend/code/install/rm_rune_detect/lib'
[0.642s] [34mcolcon.colcon_core.shell[0m [1;30mLevel 1[0m create_environment_hook('rm_rune_detect', 'ld_library_path_lib')
[0.642s] [34mcolcon.colcon_core.shell[0m [1;30mINFO[0m Creating environment hook '/home/pretend/code/install/rm_rune_detect/share/rm_rune_detect/hook/ld_library_path_lib.ps1'
[0.642s] [34mcolcon.colcon_core.shell[0m [1;30mINFO[0m Creating environment descriptor '/home/pretend/code/install/rm_rune_detect/share/rm_rune_detect/hook/ld_library_path_lib.dsv'
[0.643s] [34mcolcon.colcon_core.shell[0m [1;30mINFO[0m Creating environment hook '/home/pretend/code/install/rm_rune_detect/share/rm_rune_detect/hook/ld_library_path_lib.sh'
[0.643s] [34mcolcon.colcon_core.environment[0m [1;30mLevel 1[0m checking '/home/pretend/code/install/rm_rune_detect/bin'
[0.643s] [34mcolcon.colcon_core.environment[0m [1;30mLevel 1[0m checking '/home/pretend/code/install/rm_rune_detect/lib/pkgconfig/rm_rune_detect.pc'
[0.643s] [34mcolcon.colcon_core.environment[0m [1;30mLevel 1[0m checking '/home/pretend/code/install/rm_rune_detect/lib/python3.10/site-packages'
[0.643s] [34mcolcon.colcon_core.environment[0m [1;30mLevel 1[0m checking '/home/pretend/code/install/rm_rune_detect/bin'
[0.643s] [34mcolcon.colcon_core.shell[0m [1;30mINFO[0m Creating package script '/home/pretend/code/install/rm_rune_detect/share/rm_rune_detect/package.ps1'
[0.644s] [34mcolcon.colcon_core.shell[0m [1;30mINFO[0m Creating package descriptor '/home/pretend/code/install/rm_rune_detect/share/rm_rune_detect/package.dsv'
[0.645s] [34mcolcon.colcon_core.shell[0m [1;30mINFO[0m Creating package script '/home/pretend/code/install/rm_rune_detect/share/rm_rune_detect/package.sh'
[0.645s] [34mcolcon.colcon_core.shell[0m [1;30mINFO[0m Creating package script '/home/pretend/code/install/rm_rune_detect/share/rm_rune_detect/package.bash'
[0.645s] [34mcolcon.colcon_core.shell[0m [1;30mINFO[0m Creating package script '/home/pretend/code/install/rm_rune_detect/share/rm_rune_detect/package.zsh'
[0.645s] [34mcolcon.colcon_core.environment[0m [1;30mLevel 1[0m create_file_with_runtime_dependencies(/home/pretend/code/install/rm_rune_detect/share/colcon-core/packages/rm_rune_detect)
[0.646s] [34mcolcon.colcon_core.environment[0m [1;30mLevel 1[0m create_environment_scripts_only(rm_rune_detect)
[0.646s] [34mcolcon.colcon_core.environment[0m [1;30mLevel 1[0m checking '/home/pretend/code/install/rm_rune_detect' for CMake module files
[0.646s] [34mcolcon.colcon_core.environment[0m [1;30mLevel 1[0m checking '/home/pretend/code/install/rm_rune_detect' for CMake config files
[0.646s] [34mcolcon.colcon_core.shell[0m [1;30mLevel 1[0m create_environment_hook('rm_rune_detect', 'cmake_prefix_path')
[0.646s] [34mcolcon.colcon_core.shell[0m [1;30mINFO[0m Creating environment hook '/home/pretend/code/install/rm_rune_detect/share/rm_rune_detect/hook/cmake_prefix_path.ps1'
[0.647s] [34mcolcon.colcon_core.shell[0m [1;30mINFO[0m Creating environment descriptor '/home/pretend/code/install/rm_rune_detect/share/rm_rune_detect/hook/cmake_prefix_path.dsv'
[0.647s] [34mcolcon.colcon_core.shell[0m [1;30mINFO[0m Creating environment hook '/home/pretend/code/install/rm_rune_detect/share/rm_rune_detect/hook/cmake_prefix_path.sh'
[0.647s] [34mcolcon.colcon_core.environment[0m [1;30mLevel 1[0m checking '/home/pretend/code/install/rm_rune_detect/lib'
[0.647s] [34mcolcon.colcon_core.shell[0m [1;30mLevel 1[0m create_environment_hook('rm_rune_detect', 'ld_library_path_lib')
[0.647s] [34mcolcon.colcon_core.shell[0m [1;30mINFO[0m Creating environment hook '/home/pretend/code/install/rm_rune_detect/share/rm_rune_detect/hook/ld_library_path_lib.ps1'
[0.648s] [34mcolcon.colcon_core.shell[0m [1;30mINFO[0m Creating environment descriptor '/home/pretend/code/install/rm_rune_detect/share/rm_rune_detect/hook/ld_library_path_lib.dsv'
[0.648s] [34mcolcon.colcon_core.shell[0m [1;30mINFO[0m Creating environment hook '/home/pretend/code/install/rm_rune_detect/share/rm_rune_detect/hook/ld_library_path_lib.sh'
[0.648s] [34mcolcon.colcon_core.environment[0m [1;30mLevel 1[0m checking '/home/pretend/code/install/rm_rune_detect/bin'
[0.648s] [34mcolcon.colcon_core.environment[0m [1;30mLevel 1[0m checking '/home/pretend/code/install/rm_rune_detect/lib/pkgconfig/rm_rune_detect.pc'
[0.648s] [34mcolcon.colcon_core.environment[0m [1;30mLevel 1[0m checking '/home/pretend/code/install/rm_rune_detect/lib/python3.10/site-packages'
[0.648s] [34mcolcon.colcon_core.environment[0m [1;30mLevel 1[0m checking '/home/pretend/code/install/rm_rune_detect/bin'
[0.648s] [34mcolcon.colcon_core.shell[0m [1;30mINFO[0m Creating package script '/home/pretend/code/install/rm_rune_detect/share/rm_rune_detect/package.ps1'
[0.649s] [34mcolcon.colcon_core.shell[0m [1;30mINFO[0m Creating package descriptor '/home/pretend/code/install/rm_rune_detect/share/rm_rune_detect/package.dsv'
[0.649s] [34mcolcon.colcon_core.shell[0m [1;30mINFO[0m Creating package script '/home/pretend/code/install/rm_rune_detect/share/rm_rune_detect/package.sh'
[0.649s] [34mcolcon.colcon_core.shell[0m [1;30mINFO[0m Creating package script '/home/pretend/code/install/rm_rune_detect/share/rm_rune_detect/package.bash'
[0.649s] [34mcolcon.colcon_core.shell[0m [1;30mINFO[0m Creating package script '/home/pretend/code/install/rm_rune_detect/share/rm_rune_detect/package.zsh'
[0.650s] [34mcolcon.colcon_core.environment[0m [1;30mLevel 1[0m create_file_with_runtime_dependencies(/home/pretend/code/install/rm_rune_detect/share/colcon-core/packages/rm_rune_detect)
[19.692s] [34mcolcon.colcon_core.event_handler.log_command[0m [1;30mDEBUG[0m [32mInvoked command in '/home/pretend/code/build/rm_armor_detect' returned '0': CMAKE_PREFIX_PATH=${CMAKE_PREFIX_PATH}:/opt/ros/humble /usr/bin/cmake /home/pretend/code/src/rm_armor_detect -DCMAKE_INSTALL_PREFIX=/home/pretend/code/install/rm_armor_detect[0m
[19.693s] [34mcolcon.colcon_core.event_handler.log_command[0m [1;30mDEBUG[0m [32mInvoking command in '/home/pretend/code/build/rm_armor_detect': CMAKE_PREFIX_PATH=${CMAKE_PREFIX_PATH}:/opt/ros/humble /usr/bin/cmake --build /home/pretend/code/build/rm_armor_detect -- -j32 -l32[0m
[31.850s] [34mcolcon.colcon_core.event_handler.log_command[0m [1;30mDEBUG[0m [32mInvoked command in '/home/pretend/code/build/rm_armor_detect' returned '0': CMAKE_PREFIX_PATH=${CMAKE_PREFIX_PATH}:/opt/ros/humble /usr/bin/cmake --build /home/pretend/code/build/rm_armor_detect -- -j32 -l32[0m
[31.852s] [34mcolcon.colcon_core.event_handler.log_command[0m [1;30mDEBUG[0m [32mInvoking command in '/home/pretend/code/build/rm_armor_detect': CMAKE_PREFIX_PATH=${CMAKE_PREFIX_PATH}:/opt/ros/humble /usr/bin/cmake --install /home/pretend/code/build/rm_armor_detect[0m
[31.868s] [34mcolcon.colcon_core.environment[0m [1;30mLevel 1[0m create_environment_scripts_only(rm_armor_detect)
[31.868s] [34mcolcon.colcon_core.event_handler.log_command[0m [1;30mDEBUG[0m [32mInvoked command in '/home/pretend/code/build/rm_armor_detect' returned '0': CMAKE_PREFIX_PATH=${CMAKE_PREFIX_PATH}:/opt/ros/humble /usr/bin/cmake --install /home/pretend/code/build/rm_armor_detect[0m
[31.868s] [34mcolcon.colcon_core.environment[0m [1;30mLevel 1[0m checking '/home/pretend/code/install/rm_armor_detect' for CMake module files
[31.869s] [34mcolcon.colcon_core.environment[0m [1;30mLevel 1[0m checking '/home/pretend/code/install/rm_armor_detect' for CMake config files
[31.869s] [34mcolcon.colcon_core.shell[0m [1;30mLevel 1[0m create_environment_hook('rm_armor_detect', 'cmake_prefix_path')
[31.869s] [34mcolcon.colcon_core.shell[0m [1;30mINFO[0m Creating environment hook '/home/pretend/code/install/rm_armor_detect/share/rm_armor_detect/hook/cmake_prefix_path.ps1'
[31.870s] [34mcolcon.colcon_core.shell[0m [1;30mINFO[0m Creating environment descriptor '/home/pretend/code/install/rm_armor_detect/share/rm_armor_detect/hook/cmake_prefix_path.dsv'
[31.870s] [34mcolcon.colcon_core.shell[0m [1;30mINFO[0m Creating environment hook '/home/pretend/code/install/rm_armor_detect/share/rm_armor_detect/hook/cmake_prefix_path.sh'
[31.870s] [34mcolcon.colcon_core.environment[0m [1;30mLevel 1[0m checking '/home/pretend/code/install/rm_armor_detect/lib'
[31.870s] [34mcolcon.colcon_core.shell[0m [1;30mLevel 1[0m create_environment_hook('rm_armor_detect', 'ld_library_path_lib')
[31.870s] [34mcolcon.colcon_core.shell[0m [1;30mINFO[0m Creating environment hook '/home/pretend/code/install/rm_armor_detect/share/rm_armor_detect/hook/ld_library_path_lib.ps1'
[31.871s] [34mcolcon.colcon_core.shell[0m [1;30mINFO[0m Creating environment descriptor '/home/pretend/code/install/rm_armor_detect/share/rm_armor_detect/hook/ld_library_path_lib.dsv'
[31.871s] [34mcolcon.colcon_core.shell[0m [1;30mINFO[0m Creating environment hook '/home/pretend/code/install/rm_armor_detect/share/rm_armor_detect/hook/ld_library_path_lib.sh'
[31.871s] [34mcolcon.colcon_core.environment[0m [1;30mLevel 1[0m checking '/home/pretend/code/install/rm_armor_detect/bin'
[31.871s] [34mcolcon.colcon_core.environment[0m [1;30mLevel 1[0m checking '/home/pretend/code/install/rm_armor_detect/lib/pkgconfig/rm_armor_detect.pc'
[31.871s] [34mcolcon.colcon_core.environment[0m [1;30mLevel 1[0m checking '/home/pretend/code/install/rm_armor_detect/lib/python3.10/site-packages'
[31.871s] [34mcolcon.colcon_core.environment[0m [1;30mLevel 1[0m checking '/home/pretend/code/install/rm_armor_detect/bin'
[31.872s] [34mcolcon.colcon_core.shell[0m [1;30mINFO[0m Creating package script '/home/pretend/code/install/rm_armor_detect/share/rm_armor_detect/package.ps1'
[31.872s] [34mcolcon.colcon_core.shell[0m [1;30mINFO[0m Creating package descriptor '/home/pretend/code/install/rm_armor_detect/share/rm_armor_detect/package.dsv'
[31.872s] [34mcolcon.colcon_core.shell[0m [1;30mINFO[0m Creating package script '/home/pretend/code/install/rm_armor_detect/share/rm_armor_detect/package.sh'
[31.872s] [34mcolcon.colcon_core.shell[0m [1;30mINFO[0m Creating package script '/home/pretend/code/install/rm_armor_detect/share/rm_armor_detect/package.bash'
[31.872s] [34mcolcon.colcon_core.shell[0m [1;30mINFO[0m Creating package script '/home/pretend/code/install/rm_armor_detect/share/rm_armor_detect/package.zsh'
[31.873s] [34mcolcon.colcon_core.environment[0m [1;30mLevel 1[0m create_file_with_runtime_dependencies(/home/pretend/code/install/rm_armor_detect/share/colcon-core/packages/rm_armor_detect)
[31.873s] [34mcolcon.colcon_core.environment[0m [1;30mLevel 1[0m create_environment_scripts_only(rm_armor_detect)
[31.873s] [34mcolcon.colcon_core.environment[0m [1;30mLevel 1[0m checking '/home/pretend/code/install/rm_armor_detect' for CMake module files
[31.873s] [34mcolcon.colcon_core.environment[0m [1;30mLevel 1[0m checking '/home/pretend/code/install/rm_armor_detect' for CMake config files
[31.873s] [34mcolcon.colcon_core.shell[0m [1;30mLevel 1[0m create_environment_hook('rm_armor_detect', 'cmake_prefix_path')
[31.874s] [34mcolcon.colcon_core.shell[0m [1;30mINFO[0m Creating environment hook '/home/pretend/code/install/rm_armor_detect/share/rm_armor_detect/hook/cmake_prefix_path.ps1'
[31.874s] [34mcolcon.colcon_core.shell[0m [1;30mINFO[0m Creating environment descriptor '/home/pretend/code/install/rm_armor_detect/share/rm_armor_detect/hook/cmake_prefix_path.dsv'
[31.874s] [34mcolcon.colcon_core.shell[0m [1;30mINFO[0m Creating environment hook '/home/pretend/code/install/rm_armor_detect/share/rm_armor_detect/hook/cmake_prefix_path.sh'
[31.874s] [34mcolcon.colcon_core.environment[0m [1;30mLevel 1[0m checking '/home/pretend/code/install/rm_armor_detect/lib'
[31.874s] [34mcolcon.colcon_core.shell[0m [1;30mLevel 1[0m create_environment_hook('rm_armor_detect', 'ld_library_path_lib')
[31.874s] [34mcolcon.colcon_core.shell[0m [1;30mINFO[0m Creating environment hook '/home/pretend/code/install/rm_armor_detect/share/rm_armor_detect/hook/ld_library_path_lib.ps1'
[31.875s] [34mcolcon.colcon_core.shell[0m [1;30mINFO[0m Creating environment descriptor '/home/pretend/code/install/rm_armor_detect/share/rm_armor_detect/hook/ld_library_path_lib.dsv'
[31.875s] [34mcolcon.colcon_core.shell[0m [1;30mINFO[0m Creating environment hook '/home/pretend/code/install/rm_armor_detect/share/rm_armor_detect/hook/ld_library_path_lib.sh'
[31.875s] [34mcolcon.colcon_core.environment[0m [1;30mLevel 1[0m checking '/home/pretend/code/install/rm_armor_detect/bin'
[31.875s] [34mcolcon.colcon_core.environment[0m [1;30mLevel 1[0m checking '/home/pretend/code/install/rm_armor_detect/lib/pkgconfig/rm_armor_detect.pc'
[31.876s] [34mcolcon.colcon_core.environment[0m [1;30mLevel 1[0m checking '/home/pretend/code/install/rm_armor_detect/lib/python3.10/site-packages'
[31.876s] [34mcolcon.colcon_core.environment[0m [1;30mLevel 1[0m checking '/home/pretend/code/install/rm_armor_detect/bin'
[31.876s] [34mcolcon.colcon_core.shell[0m [1;30mINFO[0m Creating package script '/home/pretend/code/install/rm_armor_detect/share/rm_armor_detect/package.ps1'
[31.876s] [34mcolcon.colcon_core.shell[0m [1;30mINFO[0m Creating package descriptor '/home/pretend/code/install/rm_armor_detect/share/rm_armor_detect/package.dsv'
[31.876s] [34mcolcon.colcon_core.shell[0m [1;30mINFO[0m Creating package script '/home/pretend/code/install/rm_armor_detect/share/rm_armor_detect/package.sh'
[31.877s] [34mcolcon.colcon_core.shell[0m [1;30mINFO[0m Creating package script '/home/pretend/code/install/rm_armor_detect/share/rm_armor_detect/package.bash'
[31.877s] [34mcolcon.colcon_core.shell[0m [1;30mINFO[0m Creating package script '/home/pretend/code/install/rm_armor_detect/share/rm_armor_detect/package.zsh'
[31.877s] [34mcolcon.colcon_core.environment[0m [1;30mLevel 1[0m create_file_with_runtime_dependencies(/home/pretend/code/install/rm_armor_detect/share/colcon-core/packages/rm_armor_detect)
[31.877s] [34mcolcon.colcon_parallel_executor.executor.parallel[0m [1;30mDEBUG[0m [32mclosing loop[0m
[31.878s] [34mcolcon.colcon_parallel_executor.executor.parallel[0m [1;30mDEBUG[0m [32mloop closed[0m
[31.878s] [34mcolcon.colcon_parallel_executor.executor.parallel[0m [1;30mDEBUG[0m [32mrun_until_complete finished with '0'[0m
[31.878s] [34mcolcon.colcon_core.event_reactor[0m [1;30mDEBUG[0m [32mjoining thread[0m
[31.882s] [34mcolcon.colcon_core.plugin_system[0m [1;30mINFO[0m Skipping extension 'colcon_notification.desktop_notification.terminal_notifier': Not used on non-Darwin systems
[31.882s] [34mcolcon.colcon_core.plugin_system[0m [1;30mINFO[0m Skipping extension 'colcon_notification.desktop_notification.win32': Not used on non-Windows systems
[31.882s] [34mcolcon.colcon_notification.desktop_notification[0m [1;30mINFO[0m Sending desktop notification using 'notify2'
[31.886s] [34mcolcon.colcon_core.event_reactor[0m [1;30mDEBUG[0m [32mjoined thread[0m
[31.887s] [34mcolcon.colcon_core.shell[0m [1;30mINFO[0m Creating prefix script '/home/pretend/code/install/local_setup.ps1'
[31.888s] [34mcolcon.colcon_core.shell[0m [1;30mINFO[0m Creating prefix util module '/home/pretend/code/install/_local_setup_util_ps1.py'
[31.888s] [34mcolcon.colcon_core.shell[0m [1;30mINFO[0m Creating prefix chain script '/home/pretend/code/install/setup.ps1'
[31.889s] [34mcolcon.colcon_core.shell[0m [1;30mINFO[0m Creating prefix script '/home/pretend/code/install/local_setup.sh'
[31.889s] [34mcolcon.colcon_core.shell[0m [1;30mINFO[0m Creating prefix util module '/home/pretend/code/install/_local_setup_util_sh.py'
[31.890s] [34mcolcon.colcon_core.shell[0m [1;30mINFO[0m Creating prefix chain script '/home/pretend/code/install/setup.sh'
[31.890s] [34mcolcon.colcon_core.shell[0m [1;30mINFO[0m Creating prefix script '/home/pretend/code/install/local_setup.bash'
[31.890s] [34mcolcon.colcon_core.shell[0m [1;30mINFO[0m Creating prefix chain script '/home/pretend/code/install/setup.bash'
[31.891s] [34mcolcon.colcon_core.shell[0m [1;30mINFO[0m Creating prefix script '/home/pretend/code/install/local_setup.zsh'
[31.891s] [34mcolcon.colcon_core.shell[0m [1;30mINFO[0m Creating prefix chain script '/home/pretend/code/install/setup.zsh'
