[0.014s] Invoking command in '/home/pretend/code/build/rm_rune_detect': CMAKE_PREFIX_PATH=${CMAKE_PREFIX_PATH}:/opt/ros/humble /usr/bin/cmake /home/pretend/code/src/rm_rune_detect -DCMAKE_INSTALL_PREFIX=/home/pretend/code/install/rm_rune_detect
[0.020s] -- Found ament_cmake: 1.3.11 (/opt/ros/humble/share/ament_cmake/cmake)
[0.112s] -- Override CMake install command with custom implementation using symlinks instead of copying resources
[0.116s] -- Found rclcpp: 16.0.12 (/opt/ros/humble/share/rclcpp/cmake)
[0.135s] -- Found rosidl_generator_c: 3.1.6 (/opt/ros/humble/share/rosidl_generator_c/cmake)
[0.136s] -- Found rosidl_adapter: 3.1.6 (/opt/ros/humble/share/rosidl_adapter/cmake)
[0.141s] -- Found rosidl_generator_cpp: 3.1.6 (/opt/ros/humble/share/rosidl_generator_cpp/cmake)
[0.151s] -- Using all available rosidl_typesupport_c: rosidl_typesupport_fastrtps_c;rosidl_typesupport_introspection_c
[0.159s] -- Using all available rosidl_typesupport_cpp: rosidl_typesupport_fastrtps_cpp;rosidl_typesupport_introspection_cpp
[0.184s] -- Found rmw_implementation_cmake: 6.1.2 (/opt/ros/humble/share/rmw_implementation_cmake/cmake)
[0.185s] -- Found rmw_fastrtps_cpp: 6.2.7 (/opt/ros/humble/share/rmw_fastrtps_cpp/cmake)
[0.252s] -- Using RMW implementation 'rmw_fastrtps_cpp' as default
[0.287s] -- Found rclcpp_components: 16.0.12 (/opt/ros/humble/share/rclcpp_components/cmake)
[0.300s] -- Found sensor_msgs: 4.8.0 (/opt/ros/humble/share/sensor_msgs/cmake)
[0.321s] -- Found cv_bridge: 3.2.1 (/opt/ros/humble/share/cv_bridge/cmake)
[0.328s] -- Found image_transport: 3.1.11 (/opt/ros/humble/share/image_transport/cmake)
[0.347s] -- Found ament_lint_auto: 0.12.12 (/opt/ros/humble/share/ament_lint_auto/cmake)
[0.398s] -- Added test 'cppcheck' to perform static code analysis on C / C++ code
[0.399s] -- Configured cppcheck include dirs: /home/pretend/code/src/rm_rune_detect/include
[0.399s] -- Configured cppcheck exclude dirs and/or files: 
[0.399s] -- Added test 'flake8' to check Python code syntax and style conventions
[0.399s] -- Added test 'lint_cmake' to check CMake code style
[0.400s] -- Added test 'pep257' to check Python code against some of the docstring style conventions in PEP 257
[0.400s] -- Added test 'uncrustify' to check C / C++ code style
[0.400s] -- Configured uncrustify additional arguments: 
[0.400s] -- Added test 'xmllint' to check XML markup files
[0.401s] -- Configuring done
[0.416s] -- Generating done
[0.421s] -- Build files have been written to: /home/pretend/code/build/rm_rune_detect
[0.428s] Invoked command in '/home/pretend/code/build/rm_rune_detect' returned '0': CMAKE_PREFIX_PATH=${CMAKE_PREFIX_PATH}:/opt/ros/humble /usr/bin/cmake /home/pretend/code/src/rm_rune_detect -DCMAKE_INSTALL_PREFIX=/home/pretend/code/install/rm_rune_detect
[0.430s] Invoking command in '/home/pretend/code/build/rm_rune_detect': CMAKE_PREFIX_PATH=${CMAKE_PREFIX_PATH}:/opt/ros/humble /usr/bin/cmake --build /home/pretend/code/build/rm_rune_detect -- -j32 -l32
[0.462s] [35m[1mConsolidate compiler generated dependencies of target rm_rune_detect[0m
[0.462s] [35m[1mConsolidate compiler generated dependencies of target rune_detect_node[0m
[0.479s] [ 44%] Built target rm_rune_detect
[0.482s] [100%] Built target rune_detect_node
[0.491s] Invoked command in '/home/pretend/code/build/rm_rune_detect' returned '0': CMAKE_PREFIX_PATH=${CMAKE_PREFIX_PATH}:/opt/ros/humble /usr/bin/cmake --build /home/pretend/code/build/rm_rune_detect -- -j32 -l32
[0.491s] Invoking command in '/home/pretend/code/build/rm_rune_detect': CMAKE_PREFIX_PATH=${CMAKE_PREFIX_PATH}:/opt/ros/humble /usr/bin/cmake --install /home/pretend/code/build/rm_rune_detect
[0.496s] -- Install configuration: ""
[0.497s] -- Execute custom install script
[0.497s] -- Up-to-date symlink: /home/pretend/code/install/rm_rune_detect/lib/rm_rune_detect/rune_detect_node
[0.497s] -- Up-to-date symlink: /home/pretend/code/install/rm_rune_detect/lib/librm_rune_detect.so
[0.497s] -- Up-to-date symlink: /home/pretend/code/install/rm_rune_detect/include//rm_rune_detect/common_types.hpp
[0.497s] -- Up-to-date symlink: /home/pretend/code/install/rm_rune_detect/include//rm_rune_detect/openvino_detect.hpp
[0.498s] -- Up-to-date symlink: /home/pretend/code/install/rm_rune_detect/include//rm_rune_detect/preprocess.hpp
[0.498s] -- Up-to-date symlink: /home/pretend/code/install/rm_rune_detect/include//rm_rune_detect/rune_detect_node.hpp
[0.498s] -- Up-to-date symlink: /home/pretend/code/install/rm_rune_detect/share/rm_rune_detect/models/rune_detect_320.onnx
[0.498s] -- Up-to-date symlink: /home/pretend/code/install/rm_rune_detect/share/rm_rune_detect/launch/rune_detect.launch.py
[0.498s] -- Up-to-date symlink: /home/pretend/code/install/rm_rune_detect/share/ament_index/resource_index/package_run_dependencies/rm_rune_detect
[0.498s] -- Up-to-date symlink: /home/pretend/code/install/rm_rune_detect/share/ament_index/resource_index/parent_prefix_path/rm_rune_detect
[0.499s] -- Up-to-date symlink: /home/pretend/code/install/rm_rune_detect/share/rm_rune_detect/environment/ament_prefix_path.sh
[0.499s] -- Up-to-date symlink: /home/pretend/code/install/rm_rune_detect/share/rm_rune_detect/environment/ament_prefix_path.dsv
[0.499s] -- Up-to-date symlink: /home/pretend/code/install/rm_rune_detect/share/rm_rune_detect/environment/path.sh
[0.499s] -- Up-to-date symlink: /home/pretend/code/install/rm_rune_detect/share/rm_rune_detect/environment/path.dsv
[0.499s] -- Up-to-date symlink: /home/pretend/code/install/rm_rune_detect/share/rm_rune_detect/local_setup.bash
[0.499s] -- Up-to-date symlink: /home/pretend/code/install/rm_rune_detect/share/rm_rune_detect/local_setup.sh
[0.499s] -- Up-to-date symlink: /home/pretend/code/install/rm_rune_detect/share/rm_rune_detect/local_setup.zsh
[0.499s] -- Up-to-date symlink: /home/pretend/code/install/rm_rune_detect/share/rm_rune_detect/local_setup.dsv
[0.499s] -- Symlinking: /home/pretend/code/install/rm_rune_detect/share/rm_rune_detect/package.dsv
[0.507s] -- Up-to-date symlink: /home/pretend/code/install/rm_rune_detect/share/ament_index/resource_index/packages/rm_rune_detect
[0.507s] -- Up-to-date symlink: /home/pretend/code/install/rm_rune_detect/share/ament_index/resource_index/rclcpp_components/rm_rune_detect
[0.507s] -- Up-to-date symlink: /home/pretend/code/install/rm_rune_detect/share/rm_rune_detect/cmake/rm_rune_detectConfig.cmake
[0.507s] -- Up-to-date symlink: /home/pretend/code/install/rm_rune_detect/share/rm_rune_detect/cmake/rm_rune_detectConfig-version.cmake
[0.507s] -- Up-to-date symlink: /home/pretend/code/install/rm_rune_detect/share/rm_rune_detect/package.xml
[0.509s] Invoked command in '/home/pretend/code/build/rm_rune_detect' returned '0': CMAKE_PREFIX_PATH=${CMAKE_PREFIX_PATH}:/opt/ros/humble /usr/bin/cmake --install /home/pretend/code/build/rm_rune_detect
