[35m[1mConsolidate compiler generated dependencies of target hik_camera[0m
[ 50%] Built target hik_camera_node
[100%] Built target hik_camera
-- Install configuration: ""
-- Installing: /home/pretend/code/install/hik_camera/lib
-- Installing: /home/pretend/code/install/hik_camera/lib/libMvCameraControl.so
-- Installing: /home/pretend/code/install/hik_camera/lib/libMediaProcess.so
-- Installing: /home/pretend/code/install/hik_camera/lib/libMvUsb3vTL.so
-- Installing: /home/pretend/code/install/hik_camera/lib/libMVRender.so
-- Installing: /home/pretend/code/install/hik_camera/lib/libFormatConversion.so
-- Installing: /home/pretend/code/install/hik_camera/lib/hik_camera/hik_camera_node
-- Set runtime path of "/home/pretend/code/install/hik_camera/lib/hik_camera/hik_camera_node" to ""
-- Installing: /home/pretend/code/install/hik_camera/share/hik_camera/environment/library_path.sh
-- Installing: /home/pretend/code/install/hik_camera/share/hik_camera/environment/library_path.dsv
-- Installing: /home/pretend/code/install/hik_camera/lib/libhik_camera.so
-- Set runtime path of "/home/pretend/code/install/hik_camera/lib/libhik_camera.so" to ""
-- Installing: /home/pretend/code/install/hik_camera/share/hik_camera/config
-- Installing: /home/pretend/code/install/hik_camera/share/hik_camera/config/camera_info_example.yaml
-- Installing: /home/pretend/code/install/hik_camera/share/hik_camera/config/camera_params_example.yaml
-- Installing: /home/pretend/code/install/hik_camera/share/hik_camera/launch
-- Installing: /home/pretend/code/install/hik_camera/share/hik_camera/launch/hik_camera.launch.py
-- Installing: /home/pretend/code/install/hik_camera/share/ament_index/resource_index/package_run_dependencies/hik_camera
-- Installing: /home/pretend/code/install/hik_camera/share/ament_index/resource_index/parent_prefix_path/hik_camera
-- Installing: /home/pretend/code/install/hik_camera/share/hik_camera/environment/ament_prefix_path.sh
-- Installing: /home/pretend/code/install/hik_camera/share/hik_camera/environment/ament_prefix_path.dsv
-- Installing: /home/pretend/code/install/hik_camera/share/hik_camera/environment/path.sh
-- Installing: /home/pretend/code/install/hik_camera/share/hik_camera/environment/path.dsv
-- Installing: /home/pretend/code/install/hik_camera/share/hik_camera/local_setup.bash
-- Installing: /home/pretend/code/install/hik_camera/share/hik_camera/local_setup.sh
-- Installing: /home/pretend/code/install/hik_camera/share/hik_camera/local_setup.zsh
-- Installing: /home/pretend/code/install/hik_camera/share/hik_camera/local_setup.dsv
-- Installing: /home/pretend/code/install/hik_camera/share/hik_camera/package.dsv
-- Installing: /home/pretend/code/install/hik_camera/share/ament_index/resource_index/packages/hik_camera
-- Installing: /home/pretend/code/install/hik_camera/share/ament_index/resource_index/rclcpp_components/hik_camera
-- Installing: /home/pretend/code/install/hik_camera/share/hik_camera/cmake/ament_cmake_export_dependencies-extras.cmake
-- Installing: /home/pretend/code/install/hik_camera/share/hik_camera/cmake/ament_cmake_export_libraries-extras.cmake
-- Installing: /home/pretend/code/install/hik_camera/share/hik_camera/cmake/hik_cameraConfig.cmake
-- Installing: /home/pretend/code/install/hik_camera/share/hik_camera/cmake/hik_cameraConfig-version.cmake
-- Installing: /home/pretend/code/install/hik_camera/share/hik_camera/package.xml
