-- Install configuration: ""
-- Up-to-date: /home/pretend/code/install/rm_startup/share/rm_startup/launch
-- Up-to-date: /home/pretend/code/install/rm_startup/share/rm_startup/launch/rm_launch.py
-- Up-to-date: /home/pretend/code/install/rm_startup/share/rm_startup/config
-- Up-to-date: /home/pretend/code/install/rm_startup/share/rm_startup/config/rm_camera_info.yaml
-- Installing: /home/pretend/code/install/rm_startup/share/rm_startup/config/rm_node_parameters.yaml
-- Up-to-date: /home/pretend/code/install/rm_startup/share/rm_startup/config/rm_launch_parameters.yaml
-- Up-to-date: /home/pretend/code/install/rm_startup/share/ament_index/resource_index/package_run_dependencies/rm_startup
-- Up-to-date: /home/pretend/code/install/rm_startup/share/ament_index/resource_index/parent_prefix_path/rm_startup
-- Up-to-date: /home/pretend/code/install/rm_startup/share/rm_startup/environment/ament_prefix_path.sh
-- Up-to-date: /home/pretend/code/install/rm_startup/share/rm_startup/environment/ament_prefix_path.dsv
-- Up-to-date: /home/pretend/code/install/rm_startup/share/rm_startup/environment/path.sh
-- Up-to-date: /home/pretend/code/install/rm_startup/share/rm_startup/environment/path.dsv
-- Up-to-date: /home/pretend/code/install/rm_startup/share/rm_startup/local_setup.bash
-- Up-to-date: /home/pretend/code/install/rm_startup/share/rm_startup/local_setup.sh
-- Up-to-date: /home/pretend/code/install/rm_startup/share/rm_startup/local_setup.zsh
-- Up-to-date: /home/pretend/code/install/rm_startup/share/rm_startup/local_setup.dsv
-- Installing: /home/pretend/code/install/rm_startup/share/rm_startup/package.dsv
-- Up-to-date: /home/pretend/code/install/rm_startup/share/ament_index/resource_index/packages/rm_startup
-- Up-to-date: /home/pretend/code/install/rm_startup/share/rm_startup/cmake/rm_startupConfig.cmake
-- Up-to-date: /home/pretend/code/install/rm_startup/share/rm_startup/cmake/rm_startupConfig-version.cmake
-- Up-to-date: /home/pretend/code/install/rm_startup/share/rm_startup/package.xml
