[0.006s] Invoking command in '/home/pretend/code/build/rm_rune_detect': CMAKE_PREFIX_PATH=${CMAKE_PREFIX_PATH}:/opt/ros/humble /usr/bin/cmake --build /home/pretend/code/build/rm_rune_detect -- -j32 -l32
[0.033s] [ 22%] [32mBuilding CXX object CMakeFiles/rune_detect_node.dir/src/openvino_detect.cpp.o[0m
[0.033s] [ 22%] [32mBuilding CXX object CMakeFiles/rm_rune_detect.dir/src/openvino_detect.cpp.o[0m
[1.099s] [01m[K/home/pretend/code/src/rm_rune_detect/src/openvino_detect.cpp:[m[K In member function ‘[01m[Kstd::vector<rm_rune_detect::Detection> rm_rune_detect::OpenvinoDetect::postprocess(const cv::Mat&)[m[K’:
[1.099s] [01m[K/home/pretend/code/src/rm_rune_detect/src/openvino_detect.cpp:152:14:[m[K [01;35m[Kwarning: [m[Kvariable ‘[01m[KgetBestClassInfo[m[K’ set but not used [[01;35m[K]8;;https://gcc.gnu.org/onlinedocs/gcc/Warning-Options.html#index-Wunused-but-set-variable-Wunused-but-set-variable]8;;[m[K]
[1.099s]   152 |         auto [01;35m[KgetBestClassInfo[m[K = [](const float* ptr, int start_idx, int class_count, float& best_conf, int& best_class_id) {
[1.099s]       |              [01;35m[K^~~~~~~~~~~~~~~~[m[K
[1.111s] [01m[K/home/pretend/code/src/rm_rune_detect/src/openvino_detect.cpp:[m[K In member function ‘[01m[Kstd::vector<rm_rune_detect::Detection> rm_rune_detect::OpenvinoDetect::postprocess(const cv::Mat&)[m[K’:
[1.111s] [01m[K/home/pretend/code/src/rm_rune_detect/src/openvino_detect.cpp:152:14:[m[K [01;35m[Kwarning: [m[Kvariable ‘[01m[KgetBestClassInfo[m[K’ set but not used [[01;35m[K]8;;https://gcc.gnu.org/onlinedocs/gcc/Warning-Options.html#index-Wunused-but-set-variable-Wunused-but-set-variable]8;;[m[K]
[1.111s]   152 |         auto [01;35m[KgetBestClassInfo[m[K = [](const float* ptr, int start_idx, int class_count, float& best_conf, int& best_class_id) {
[1.111s]       |              [01;35m[K^~~~~~~~~~~~~~~~[m[K
[1.674s] [ 33%] [32m[1mLinking CXX executable rune_detect_node[0m
[1.683s] [ 44%] [32m[1mLinking CXX shared library librm_rune_detect.so[0m
[2.352s] [ 66%] Built target rm_rune_detect
[2.479s] [100%] Built target rune_detect_node
[2.484s] Invoked command in '/home/pretend/code/build/rm_rune_detect' returned '0': CMAKE_PREFIX_PATH=${CMAKE_PREFIX_PATH}:/opt/ros/humble /usr/bin/cmake --build /home/pretend/code/build/rm_rune_detect -- -j32 -l32
[2.489s] Invoking command in '/home/pretend/code/build/rm_rune_detect': CMAKE_PREFIX_PATH=${CMAKE_PREFIX_PATH}:/opt/ros/humble /usr/bin/cmake --install /home/pretend/code/build/rm_rune_detect
[2.492s] -- Install configuration: ""
[2.492s] -- Installing: /home/pretend/code/install/rm_rune_detect/lib/rm_rune_detect/rune_detect_node
[2.495s] -- Set runtime path of "/home/pretend/code/install/rm_rune_detect/lib/rm_rune_detect/rune_detect_node" to ""
[2.495s] -- Installing: /home/pretend/code/install/rm_rune_detect/lib/librm_rune_detect.so
[2.500s] -- Set runtime path of "/home/pretend/code/install/rm_rune_detect/lib/librm_rune_detect.so" to ""
[2.501s] -- Up-to-date: /home/pretend/code/install/rm_rune_detect/include/
[2.501s] -- Up-to-date: /home/pretend/code/install/rm_rune_detect/include//rm_rune_detect
[2.501s] -- Up-to-date: /home/pretend/code/install/rm_rune_detect/include//rm_rune_detect/common_types.hpp
[2.501s] -- Up-to-date: /home/pretend/code/install/rm_rune_detect/include//rm_rune_detect/onnxruntime_detect.hpp
[2.501s] -- Up-to-date: /home/pretend/code/install/rm_rune_detect/include//rm_rune_detect/preprocess.hpp
[2.501s] -- Up-to-date: /home/pretend/code/install/rm_rune_detect/include//rm_rune_detect/openvino_detect.hpp
[2.501s] -- Up-to-date: /home/pretend/code/install/rm_rune_detect/include//rm_rune_detect/rune_detect_node.hpp
[2.501s] -- Up-to-date: /home/pretend/code/install/rm_rune_detect/share/rm_rune_detect/models
[2.501s] -- Up-to-date: /home/pretend/code/install/rm_rune_detect/share/rm_rune_detect/models/rune_detect_320.onnx
[2.501s] -- Up-to-date: /home/pretend/code/install/rm_rune_detect/share/rm_rune_detect/launch
[2.501s] -- Up-to-date: /home/pretend/code/install/rm_rune_detect/share/rm_rune_detect/launch/rune_detect.launch.py
[2.501s] -- Up-to-date: /home/pretend/code/install/rm_rune_detect/share/ament_index/resource_index/package_run_dependencies/rm_rune_detect
[2.501s] -- Up-to-date: /home/pretend/code/install/rm_rune_detect/share/ament_index/resource_index/parent_prefix_path/rm_rune_detect
[2.501s] -- Up-to-date: /home/pretend/code/install/rm_rune_detect/share/rm_rune_detect/environment/ament_prefix_path.sh
[2.501s] -- Up-to-date: /home/pretend/code/install/rm_rune_detect/share/rm_rune_detect/environment/ament_prefix_path.dsv
[2.501s] -- Up-to-date: /home/pretend/code/install/rm_rune_detect/share/rm_rune_detect/environment/path.sh
[2.501s] -- Up-to-date: /home/pretend/code/install/rm_rune_detect/share/rm_rune_detect/environment/path.dsv
[2.501s] -- Up-to-date: /home/pretend/code/install/rm_rune_detect/share/rm_rune_detect/local_setup.bash
[2.502s] -- Up-to-date: /home/pretend/code/install/rm_rune_detect/share/rm_rune_detect/local_setup.sh
[2.502s] -- Up-to-date: /home/pretend/code/install/rm_rune_detect/share/rm_rune_detect/local_setup.zsh
[2.502s] -- Up-to-date: /home/pretend/code/install/rm_rune_detect/share/rm_rune_detect/local_setup.dsv
[2.502s] -- Installing: /home/pretend/code/install/rm_rune_detect/share/rm_rune_detect/package.dsv
[2.502s] -- Up-to-date: /home/pretend/code/install/rm_rune_detect/share/ament_index/resource_index/packages/rm_rune_detect
[2.502s] -- Up-to-date: /home/pretend/code/install/rm_rune_detect/share/ament_index/resource_index/rclcpp_components/rm_rune_detect
[2.502s] -- Up-to-date: /home/pretend/code/install/rm_rune_detect/share/rm_rune_detect/cmake/rm_rune_detectConfig.cmake
[2.502s] -- Up-to-date: /home/pretend/code/install/rm_rune_detect/share/rm_rune_detect/cmake/rm_rune_detectConfig-version.cmake
[2.502s] -- Up-to-date: /home/pretend/code/install/rm_rune_detect/share/rm_rune_detect/package.xml
[2.503s] Invoked command in '/home/pretend/code/build/rm_rune_detect' returned '0': CMAKE_PREFIX_PATH=${CMAKE_PREFIX_PATH}:/opt/ros/humble /usr/bin/cmake --install /home/pretend/code/build/rm_rune_detect
