[0.019s] Invoking command in '/home/pretend/code/build/rm_armor_tracker': CMAKE_PREFIX_PATH=${CMAKE_PREFIX_PATH}:/opt/ros/humble /usr/bin/cmake /home/pretend/code/src/rm_armor_tracker -DCMAKE_INSTALL_PREFIX=/home/pretend/code/install/rm_armor_tracker
[0.123s] -- The C compiler identification is GNU 11.4.0
[0.196s] -- The CXX compiler identification is GNU 11.4.0
[0.205s] -- Detecting C compiler ABI info
[0.248s] -- Detecting C compiler ABI info - done
[0.252s] -- Check for working C compiler: /usr/bin/cc - skipped
[0.253s] -- Detecting C compile features
[0.253s] -- Detecting C compile features - done
[0.256s] -- Detecting CXX compiler ABI info
[0.307s] -- Detecting CXX compiler ABI info - done
[0.311s] -- Check for working CXX compiler: /usr/bin/c++ - skipped
[0.311s] -- Detecting CXX compile features
[0.311s] -- Detecting CXX compile features - done
[0.313s] -- Found ament_cmake: 1.3.11 (/opt/ros/humble/share/ament_cmake/cmake)
[0.408s] -- Found Python3: /usr/bin/python3 (found version "3.10.12") found components: Interpreter 
[0.486s] -- Found rclcpp: 16.0.12 (/opt/ros/humble/share/rclcpp/cmake)
[0.534s] -- Found rosidl_generator_c: 3.1.6 (/opt/ros/humble/share/rosidl_generator_c/cmake)
[0.539s] -- Found rosidl_adapter: 3.1.6 (/opt/ros/humble/share/rosidl_adapter/cmake)
[0.548s] -- Found rosidl_generator_cpp: 3.1.6 (/opt/ros/humble/share/rosidl_generator_cpp/cmake)
[0.562s] -- Using all available rosidl_typesupport_c: rosidl_typesupport_fastrtps_c;rosidl_typesupport_introspection_c
[0.577s] -- Using all available rosidl_typesupport_cpp: rosidl_typesupport_fastrtps_cpp;rosidl_typesupport_introspection_cpp
[0.618s] -- Found rmw_implementation_cmake: 6.1.2 (/opt/ros/humble/share/rmw_implementation_cmake/cmake)
[0.621s] -- Found rmw_fastrtps_cpp: 6.2.7 (/opt/ros/humble/share/rmw_fastrtps_cpp/cmake)
[0.690s] -- Found OpenSSL: /usr/lib/x86_64-linux-gnu/libcrypto.so (found version "3.0.2")  
[0.708s] -- Found FastRTPS: /opt/ros/humble/include  
[0.729s] -- Using RMW implementation 'rmw_fastrtps_cpp' as default
[0.739s] -- Looking for pthread.h
[0.787s] -- Looking for pthread.h - found
[0.787s] -- Performing Test CMAKE_HAVE_LIBC_PTHREAD
[0.830s] -- Performing Test CMAKE_HAVE_LIBC_PTHREAD - Success
[0.830s] -- Found Threads: TRUE  
[0.886s] -- Found ament_lint_auto: 0.12.12 (/opt/ros/humble/share/ament_lint_auto/cmake)
[0.956s] -- Added test 'lint_cmake' to check CMake code style
[0.958s] -- Added test 'xmllint' to check XML markup files
[0.959s] -- Configuring done
[0.961s] -- Generating done
[0.963s] -- Build files have been written to: /home/pretend/code/build/rm_armor_tracker
[0.968s] Invoked command in '/home/pretend/code/build/rm_armor_tracker' returned '0': CMAKE_PREFIX_PATH=${CMAKE_PREFIX_PATH}:/opt/ros/humble /usr/bin/cmake /home/pretend/code/src/rm_armor_tracker -DCMAKE_INSTALL_PREFIX=/home/pretend/code/install/rm_armor_tracker
[0.970s] Invoking command in '/home/pretend/code/build/rm_armor_tracker': CMAKE_PREFIX_PATH=${CMAKE_PREFIX_PATH}:/opt/ros/humble /usr/bin/cmake --build /home/pretend/code/build/rm_armor_tracker -- -j32 -l32
[0.998s] Invoked command in '/home/pretend/code/build/rm_armor_tracker' returned '0': CMAKE_PREFIX_PATH=${CMAKE_PREFIX_PATH}:/opt/ros/humble /usr/bin/cmake --build /home/pretend/code/build/rm_armor_tracker -- -j32 -l32
[0.999s] Invoking command in '/home/pretend/code/build/rm_armor_tracker': CMAKE_PREFIX_PATH=${CMAKE_PREFIX_PATH}:/opt/ros/humble /usr/bin/cmake --install /home/pretend/code/build/rm_armor_tracker
[1.004s] -- Install configuration: ""
[1.004s] -- Installing: /home/pretend/code/install/rm_armor_tracker/share/ament_index/resource_index/package_run_dependencies/rm_armor_tracker
[1.005s] -- Installing: /home/pretend/code/install/rm_armor_tracker/share/ament_index/resource_index/parent_prefix_path/rm_armor_tracker
[1.005s] -- Installing: /home/pretend/code/install/rm_armor_tracker/share/rm_armor_tracker/environment/ament_prefix_path.sh
[1.005s] -- Installing: /home/pretend/code/install/rm_armor_tracker/share/rm_armor_tracker/environment/ament_prefix_path.dsv
[1.005s] -- Installing: /home/pretend/code/install/rm_armor_tracker/share/rm_armor_tracker/environment/path.sh
[1.005s] -- Installing: /home/pretend/code/install/rm_armor_tracker/share/rm_armor_tracker/environment/path.dsv
[1.005s] -- Installing: /home/pretend/code/install/rm_armor_tracker/share/rm_armor_tracker/local_setup.bash
[1.005s] -- Installing: /home/pretend/code/install/rm_armor_tracker/share/rm_armor_tracker/local_setup.sh
[1.005s] -- Installing: /home/pretend/code/install/rm_armor_tracker/share/rm_armor_tracker/local_setup.zsh
[1.006s] -- Installing: /home/pretend/code/install/rm_armor_tracker/share/rm_armor_tracker/local_setup.dsv
[1.006s] -- Installing: /home/pretend/code/install/rm_armor_tracker/share/rm_armor_tracker/package.dsv
[1.006s] -- Installing: /home/pretend/code/install/rm_armor_tracker/share/ament_index/resource_index/packages/rm_armor_tracker
[1.006s] -- Installing: /home/pretend/code/install/rm_armor_tracker/share/rm_armor_tracker/cmake/rm_armor_trackerConfig.cmake
[1.006s] -- Installing: /home/pretend/code/install/rm_armor_tracker/share/rm_armor_tracker/cmake/rm_armor_trackerConfig-version.cmake
[1.006s] -- Installing: /home/pretend/code/install/rm_armor_tracker/share/rm_armor_tracker/package.xml
