[35m[1mConsolidate compiler generated dependencies of target rm_rune_detect[0m
[35m[1mConsolidate compiler generated dependencies of target rune_detect_node[0m
[ 11%] [32mBuilding CXX object CMakeFiles/rm_rune_detect.dir/src/rune_detect_node.cpp.o[0m
[ 22%] [32mBuilding CXX object CMakeFiles/rune_detect_node.dir/src/rune_detect_main.cpp.o[0m
[ 33%] [32mBuilding CXX object CMakeFiles/rune_detect_node.dir/src/rune_detect_node.cpp.o[0m
In file included from [01m[K/home/pretend/code/src/rm_rune_detect/include/rm_rune_detect/rune_detect_node.hpp:14[m[K,
                 from [01m[K/home/pretend/code/src/rm_rune_detect/src/rune_detect_node.cpp:1[m[K:
[01m[K/home/pretend/code/src/rm_rune_detect/include/rm_rune_detect/preprocess.hpp:11:8:[m[K [01;31m[Kerror: [m[Kredefinition of ‘[01m[Kstruct rm_rune_detect::Detection[m[K’
   11 | struct [01;31m[KDetection[m[K
      |        [01;31m[K^~~~~~~~~[m[K
In file included from [01m[K/home/pretend/code/src/rm_rune_detect/include/rm_rune_detect/rune_detect_node.hpp:13[m[K,
                 from [01m[K/home/pretend/code/src/rm_rune_detect/src/rune_detect_node.cpp:1[m[K:
[01m[K/home/pretend/code/src/rm_rune_detect/include/rm_rune_detect/openvino_detect.hpp:13:8:[m[K [01;36m[Knote: [m[Kprevious definition of ‘[01m[Kstruct rm_rune_detect::Detection[m[K’
   13 | struct [01;36m[KDetection[m[K {
      |        [01;36m[K^~~~~~~~~[m[K
In file included from [01m[K/home/pretend/code/src/rm_rune_detect/include/rm_rune_detect/rune_detect_node.hpp:14[m[K,
                 from [01m[K/home/pretend/code/src/rm_rune_detect/src/rune_detect_node.cpp:1[m[K:
[01m[K/home/pretend/code/src/rm_rune_detect/include/rm_rune_detect/preprocess.hpp:11:8:[m[K [01;31m[Kerror: [m[Kredefinition of ‘[01m[Kstruct rm_rune_detect::Detection[m[K’
   11 | struct [01;31m[KDetection[m[K
      |        [01;31m[K^~~~~~~~~[m[K
In file included from [01m[K/home/pretend/code/src/rm_rune_detect/include/rm_rune_detect/rune_detect_node.hpp:13[m[K,
                 from [01m[K/home/pretend/code/src/rm_rune_detect/src/rune_detect_node.cpp:1[m[K:
[01m[K/home/pretend/code/src/rm_rune_detect/include/rm_rune_detect/openvino_detect.hpp:13:8:[m[K [01;36m[Knote: [m[Kprevious definition of ‘[01m[Kstruct rm_rune_detect::Detection[m[K’
   13 | struct [01;36m[KDetection[m[K {
      |        [01;36m[K^~~~~~~~~[m[K
In file included from [01m[K/home/pretend/code/src/rm_rune_detect/include/rm_rune_detect/rune_detect_node.hpp:14[m[K,
                 from [01m[K/home/pretend/code/src/rm_rune_detect/src/rune_detect_main.cpp:1[m[K:
[01m[K/home/pretend/code/src/rm_rune_detect/include/rm_rune_detect/preprocess.hpp:11:8:[m[K [01;31m[Kerror: [m[Kredefinition of ‘[01m[Kstruct rm_rune_detect::Detection[m[K’
   11 | struct [01;31m[KDetection[m[K
      |        [01;31m[K^~~~~~~~~[m[K
In file included from [01m[K/home/pretend/code/src/rm_rune_detect/include/rm_rune_detect/rune_detect_node.hpp:13[m[K,
                 from [01m[K/home/pretend/code/src/rm_rune_detect/src/rune_detect_main.cpp:1[m[K:
[01m[K/home/pretend/code/src/rm_rune_detect/include/rm_rune_detect/openvino_detect.hpp:13:8:[m[K [01;36m[Knote: [m[Kprevious definition of ‘[01m[Kstruct rm_rune_detect::Detection[m[K’
   13 | struct [01;36m[KDetection[m[K {
      |        [01;36m[K^~~~~~~~~[m[K
gmake[2]: *** [CMakeFiles/rune_detect_node.dir/build.make:76：CMakeFiles/rune_detect_node.dir/src/rune_detect_main.cpp.o] 错误 1
gmake[2]: *** 正在等待未完成的任务....
gmake[2]: *** [CMakeFiles/rm_rune_detect.dir/build.make:76：CMakeFiles/rm_rune_detect.dir/src/rune_detect_node.cpp.o] 错误 1
gmake[1]: *** [CMakeFiles/Makefile2:165：CMakeFiles/rm_rune_detect.dir/all] 错误 2
gmake[1]: *** 正在等待未完成的任务....
gmake[2]: *** [CMakeFiles/rune_detect_node.dir/build.make:90：CMakeFiles/rune_detect_node.dir/src/rune_detect_node.cpp.o] 错误 1
gmake[1]: *** [CMakeFiles/Makefile2:139：CMakeFiles/rune_detect_node.dir/all] 错误 2
gmake: *** [Makefile:146：all] 错误 2
