[0.009s] Invoking command in '/home/pretend/code/build/rm_rune_detect': CMAKE_PREFIX_PATH=/opt/ros/humble /usr/bin/cmake --build /home/pretend/code/build/rm_rune_detect -- -j32 -l32
[0.028s] [35m[1mConsolidate compiler generated dependencies of target rm_rune_detect[0m
[0.029s] [35m[1mConsolidate compiler generated dependencies of target rune_detect_node[0m
[0.040s] [ 11%] [32mBuilding CXX object CMakeFiles/rm_rune_detect.dir/src/rune_detect_node.cpp.o[0m
[0.041s] [ 22%] [32mBuilding CXX object CMakeFiles/rune_detect_node.dir/src/rune_detect_main.cpp.o[0m
[0.042s] [ 33%] [32mBuilding CXX object CMakeFiles/rune_detect_node.dir/src/rune_detect_node.cpp.o[0m
[2.072s] In file included from [01m[K/home/pretend/code/src/rm_rune_detect/include/rm_rune_detect/rune_detect_node.hpp:14[m[K,
[2.072s]                  from [01m[K/home/pretend/code/src/rm_rune_detect/src/rune_detect_node.cpp:1[m[K:
[2.072s] [01m[K/home/pretend/code/src/rm_rune_detect/include/rm_rune_detect/preprocess.hpp:11:8:[m[K [01;31m[Kerror: [m[Kredefinition of ‘[01m[Kstruct rm_rune_detect::Detection[m[K’
[2.073s]    11 | struct [01;31m[KDetection[m[K
[2.073s]       |        [01;31m[K^~~~~~~~~[m[K
[2.073s] In file included from [01m[K/home/pretend/code/src/rm_rune_detect/include/rm_rune_detect/rune_detect_node.hpp:13[m[K,
[2.073s]                  from [01m[K/home/pretend/code/src/rm_rune_detect/src/rune_detect_node.cpp:1[m[K:
[2.073s] [01m[K/home/pretend/code/src/rm_rune_detect/include/rm_rune_detect/openvino_detect.hpp:13:8:[m[K [01;36m[Knote: [m[Kprevious definition of ‘[01m[Kstruct rm_rune_detect::Detection[m[K’
[2.073s]    13 | struct [01;36m[KDetection[m[K {
[2.073s]       |        [01;36m[K^~~~~~~~~[m[K
[2.082s] In file included from [01m[K/home/pretend/code/src/rm_rune_detect/include/rm_rune_detect/rune_detect_node.hpp:14[m[K,
[2.082s]                  from [01m[K/home/pretend/code/src/rm_rune_detect/src/rune_detect_node.cpp:1[m[K:
[2.082s] [01m[K/home/pretend/code/src/rm_rune_detect/include/rm_rune_detect/preprocess.hpp:11:8:[m[K [01;31m[Kerror: [m[Kredefinition of ‘[01m[Kstruct rm_rune_detect::Detection[m[K’
[2.082s]    11 | struct [01;31m[KDetection[m[K
[2.082s]       |        [01;31m[K^~~~~~~~~[m[K
[2.082s] In file included from [01m[K/home/pretend/code/src/rm_rune_detect/include/rm_rune_detect/rune_detect_node.hpp:13[m[K,
[2.082s]                  from [01m[K/home/pretend/code/src/rm_rune_detect/src/rune_detect_node.cpp:1[m[K:
[2.082s] [01m[K/home/pretend/code/src/rm_rune_detect/include/rm_rune_detect/openvino_detect.hpp:13:8:[m[K [01;36m[Knote: [m[Kprevious definition of ‘[01m[Kstruct rm_rune_detect::Detection[m[K’
[2.082s]    13 | struct [01;36m[KDetection[m[K {
[2.082s]       |        [01;36m[K^~~~~~~~~[m[K
[2.109s] In file included from [01m[K/home/pretend/code/src/rm_rune_detect/include/rm_rune_detect/rune_detect_node.hpp:14[m[K,
[2.109s]                  from [01m[K/home/pretend/code/src/rm_rune_detect/src/rune_detect_main.cpp:1[m[K:
[2.109s] [01m[K/home/pretend/code/src/rm_rune_detect/include/rm_rune_detect/preprocess.hpp:11:8:[m[K [01;31m[Kerror: [m[Kredefinition of ‘[01m[Kstruct rm_rune_detect::Detection[m[K’
[2.109s]    11 | struct [01;31m[KDetection[m[K
[2.109s]       |        [01;31m[K^~~~~~~~~[m[K
[2.109s] In file included from [01m[K/home/pretend/code/src/rm_rune_detect/include/rm_rune_detect/rune_detect_node.hpp:13[m[K,
[2.109s]                  from [01m[K/home/pretend/code/src/rm_rune_detect/src/rune_detect_main.cpp:1[m[K:
[2.109s] [01m[K/home/pretend/code/src/rm_rune_detect/include/rm_rune_detect/openvino_detect.hpp:13:8:[m[K [01;36m[Knote: [m[Kprevious definition of ‘[01m[Kstruct rm_rune_detect::Detection[m[K’
[2.109s]    13 | struct [01;36m[KDetection[m[K {
[2.109s]       |        [01;36m[K^~~~~~~~~[m[K
[2.980s] gmake[2]: *** [CMakeFiles/rune_detect_node.dir/build.make:76：CMakeFiles/rune_detect_node.dir/src/rune_detect_main.cpp.o] 错误 1
[2.980s] gmake[2]: *** 正在等待未完成的任务....
[4.533s] gmake[2]: *** [CMakeFiles/rm_rune_detect.dir/build.make:76：CMakeFiles/rm_rune_detect.dir/src/rune_detect_node.cpp.o] 错误 1
[4.533s] gmake[1]: *** [CMakeFiles/Makefile2:165：CMakeFiles/rm_rune_detect.dir/all] 错误 2
[4.533s] gmake[1]: *** 正在等待未完成的任务....
[4.566s] gmake[2]: *** [CMakeFiles/rune_detect_node.dir/build.make:90：CMakeFiles/rune_detect_node.dir/src/rune_detect_node.cpp.o] 错误 1
[4.566s] gmake[1]: *** [CMakeFiles/Makefile2:139：CMakeFiles/rune_detect_node.dir/all] 错误 2
[4.566s] gmake: *** [Makefile:146：all] 错误 2
[4.567s] Invoked command in '/home/pretend/code/build/rm_rune_detect' returned '2': CMAKE_PREFIX_PATH=/opt/ros/humble /usr/bin/cmake --build /home/pretend/code/build/rm_rune_detect -- -j32 -l32
