[0.015s] Invoking command in '/home/pretend/code/build/rm_armor_detect': CMAKE_PREFIX_PATH=${CMAKE_PREFIX_PATH}:/opt/ros/humble /usr/bin/cmake --build /home/pretend/code/build/rm_armor_detect -- -j32 -l32
[0.054s] -- Found ament_cmake: 1.3.11 (/opt/ros/humble/share/ament_cmake/cmake)
[0.137s] -- Found rclcpp: 16.0.12 (/opt/ros/humble/share/rclcpp/cmake)
[0.297s] -- Found rosidl_generator_c: 3.1.6 (/opt/ros/humble/share/rosidl_generator_c/cmake)
[0.300s] -- Found rosidl_adapter: 3.1.6 (/opt/ros/humble/share/rosidl_adapter/cmake)
[0.306s] -- Found rosidl_generator_cpp: 3.1.6 (/opt/ros/humble/share/rosidl_generator_cpp/cmake)
[0.315s] -- Using all available rosidl_typesupport_c: rosidl_typesupport_fastrtps_c;rosidl_typesupport_introspection_c
[0.325s] -- Using all available rosidl_typesupport_cpp: rosidl_typesupport_fastrtps_cpp;rosidl_typesupport_introspection_cpp
[0.353s] -- Found rmw_implementation_cmake: 6.1.2 (/opt/ros/humble/share/rmw_implementation_cmake/cmake)
[0.355s] -- Found rmw_fastrtps_cpp: 6.2.7 (/opt/ros/humble/share/rmw_fastrtps_cpp/cmake)
[12.195s] -- Using RMW implementation 'rmw_fastrtps_cpp' as default
[12.219s] -- Found rclcpp_components: 16.0.12 (/opt/ros/humble/share/rclcpp_components/cmake)
[12.228s] -- Found sensor_msgs: 4.8.0 (/opt/ros/humble/share/sensor_msgs/cmake)
[12.242s] -- Found cv_bridge: 3.2.1 (/opt/ros/humble/share/cv_bridge/cmake)
[12.248s] -- Found image_transport: 3.1.11 (/opt/ros/humble/share/image_transport/cmake)
[15.282s] -- Found ament_lint_auto: 0.12.12 (/opt/ros/humble/share/ament_lint_auto/cmake)
[15.321s] -- Added test 'cppcheck' to perform static code analysis on C / C++ code
[15.321s] -- Configured cppcheck include dirs: /home/pretend/code/src/rm_armor_detect/include
[15.321s] -- Configured cppcheck exclude dirs and/or files: 
[15.321s] -- Added test 'lint_cmake' to check CMake code style
[15.322s] -- Added test 'uncrustify' to check C / C++ code style
[15.322s] -- Configured uncrustify additional arguments: 
[15.322s] -- Added test 'xmllint' to check XML markup files
[15.323s] -- Configuring done
[15.339s] -- Generating done
[15.343s] -- Build files have been written to: /home/pretend/code/build/rm_armor_detect
[15.358s] [35m[1mConsolidate compiler generated dependencies of target video_subscriber_node[0m
[15.359s] [35m[1mConsolidate compiler generated dependencies of target video_subscriber_component[0m
[15.366s] [ 22%] Built target video_subscriber_node
[15.373s] [ 44%] [32mBuilding CXX object CMakeFiles/video_subscriber_component.dir/src/video_subscriber_node.cpp.o[0m
[15.374s] [ 44%] [32mBuilding CXX object CMakeFiles/video_subscriber_component.dir/src/car_detector.cpp.o[0m
[15.374s] [ 55%] [32mBuilding CXX object CMakeFiles/video_subscriber_component.dir/src/lights_detector.cpp.o[0m
[15.374s] [ 66%] [32mBuilding CXX object CMakeFiles/video_subscriber_component.dir/src/number_classifier.cpp.o[0m
[21.991s] [ 77%] [32m[1mLinking CXX shared library libvideo_subscriber_component.so[0m
[22.424s] [ 77%] Built target video_subscriber_component
[22.429s] [35m[1mConsolidate compiler generated dependencies of target video_subscriber_main[0m
[22.439s] [ 88%] [32mBuilding CXX object CMakeFiles/video_subscriber_main.dir/src/video_subscriber_main.cpp.o[0m
[25.092s] [100%] [32m[1mLinking CXX executable video_subscriber_main[0m
[25.516s] [100%] Built target video_subscriber_main
[25.521s] Invoked command in '/home/pretend/code/build/rm_armor_detect' returned '0': CMAKE_PREFIX_PATH=${CMAKE_PREFIX_PATH}:/opt/ros/humble /usr/bin/cmake --build /home/pretend/code/build/rm_armor_detect -- -j32 -l32
[25.522s] Invoking command in '/home/pretend/code/build/rm_armor_detect': CMAKE_PREFIX_PATH=${CMAKE_PREFIX_PATH}:/opt/ros/humble /usr/bin/cmake --install /home/pretend/code/build/rm_armor_detect
[25.526s] -- Install configuration: ""
[25.526s] -- Up-to-date: /home/pretend/code/install/rm_armor_detect/lib/rm_armor_detect/video_subscriber_node
[25.526s] -- Up-to-date: /home/pretend/code/install/rm_armor_detect/include/
[25.526s] -- Up-to-date: /home/pretend/code/install/rm_armor_detect/include//rm_armor_detect
[25.526s] -- Installing: /home/pretend/code/install/rm_armor_detect/include//rm_armor_detect/video_subscriber_node.hpp
[25.527s] -- Up-to-date: /home/pretend/code/install/rm_armor_detect/include//rm_armor_detect/number_classifier.hpp
[25.527s] -- Up-to-date: /home/pretend/code/install/rm_armor_detect/include//rm_armor_detect/armor_types.hpp
[25.527s] -- Up-to-date: /home/pretend/code/install/rm_armor_detect/include//rm_armor_detect/car_detector.hpp
[25.527s] -- Installing: /home/pretend/code/install/rm_armor_detect/include//rm_armor_detect/simple_lights_detector.hpp
[25.527s] -- Installing: /home/pretend/code/install/rm_armor_detect/lib/libvideo_subscriber_component.so
[25.530s] -- Set runtime path of "/home/pretend/code/install/rm_armor_detect/lib/libvideo_subscriber_component.so" to ""
[25.531s] -- Installing: /home/pretend/code/install/rm_armor_detect/lib/rm_armor_detect/video_subscriber_main
[25.531s] -- Set runtime path of "/home/pretend/code/install/rm_armor_detect/lib/rm_armor_detect/video_subscriber_main" to ""
[25.531s] -- Up-to-date: /home/pretend/code/install/rm_armor_detect/share/rm_armor_detect/models/
[25.532s] -- Up-to-date: /home/pretend/code/install/rm_armor_detect/share/rm_armor_detect/models//number
[25.532s] -- Up-to-date: /home/pretend/code/install/rm_armor_detect/share/rm_armor_detect/models//number/mlp.onnx
[25.532s] -- Up-to-date: /home/pretend/code/install/rm_armor_detect/share/rm_armor_detect/models//number/label.txt
[25.532s] -- Up-to-date: /home/pretend/code/install/rm_armor_detect/share/rm_armor_detect/models//car
[25.532s] -- Up-to-date: /home/pretend/code/install/rm_armor_detect/share/rm_armor_detect/models//car/car.onnx
[25.532s] -- Up-to-date: /home/pretend/code/install/rm_armor_detect/share/rm_armor_detect/models//armor
[25.532s] -- Installing: /home/pretend/code/install/rm_armor_detect/share/ament_index/resource_index/package_run_dependencies/rm_armor_detect
[25.532s] -- Installing: /home/pretend/code/install/rm_armor_detect/share/ament_index/resource_index/parent_prefix_path/rm_armor_detect
[25.532s] -- Up-to-date: /home/pretend/code/install/rm_armor_detect/share/rm_armor_detect/environment/ament_prefix_path.sh
[25.532s] -- Installing: /home/pretend/code/install/rm_armor_detect/share/rm_armor_detect/environment/ament_prefix_path.dsv
[25.532s] -- Up-to-date: /home/pretend/code/install/rm_armor_detect/share/rm_armor_detect/environment/path.sh
[25.532s] -- Installing: /home/pretend/code/install/rm_armor_detect/share/rm_armor_detect/environment/path.dsv
[25.532s] -- Up-to-date: /home/pretend/code/install/rm_armor_detect/share/rm_armor_detect/local_setup.bash
[25.532s] -- Up-to-date: /home/pretend/code/install/rm_armor_detect/share/rm_armor_detect/local_setup.sh
[25.532s] -- Up-to-date: /home/pretend/code/install/rm_armor_detect/share/rm_armor_detect/local_setup.zsh
[25.532s] -- Installing: /home/pretend/code/install/rm_armor_detect/share/rm_armor_detect/local_setup.dsv
[25.532s] -- Installing: /home/pretend/code/install/rm_armor_detect/share/rm_armor_detect/package.dsv
[25.532s] -- Up-to-date: /home/pretend/code/install/rm_armor_detect/share/ament_index/resource_index/packages/rm_armor_detect
[25.532s] -- Up-to-date: /home/pretend/code/install/rm_armor_detect/share/ament_index/resource_index/rclcpp_components/rm_armor_detect
[25.532s] -- Up-to-date: /home/pretend/code/install/rm_armor_detect/share/rm_armor_detect/cmake/rm_armor_detectConfig.cmake
[25.532s] -- Up-to-date: /home/pretend/code/install/rm_armor_detect/share/rm_armor_detect/cmake/rm_armor_detectConfig-version.cmake
[25.532s] -- Installing: /home/pretend/code/install/rm_armor_detect/share/rm_armor_detect/package.xml
[25.533s] Invoked command in '/home/pretend/code/build/rm_armor_detect' returned '0': CMAKE_PREFIX_PATH=${CMAKE_PREFIX_PATH}:/opt/ros/humble /usr/bin/cmake --install /home/pretend/code/build/rm_armor_detect
