[0.213s] Invoking command in '/home/pretend/code/build/rm_armor_tracker': CMAKE_PREFIX_PATH=/home/pretend/code/install/rm_msgs:/home/pretend/code/install/video_trial_node:/home/pretend/code/install/rm_rune_detect:/home/pretend/code/install/rm_armor_tracker:/home/pretend/code/install/rm_armor_detect:/home/pretend/code/install/hik_camera:/opt/ros/humble LD_LIBRARY_PATH=/home/pretend/code/install/rm_msgs/lib:/opt/intel/openvino_2025.0.0/runtime/3rdparty/tbb/lib:/opt/intel/openvino_2025.0.0/runtime/lib/intel64:/opt/MVS/lib/64:/opt/MVS/lib/32:/opt/MVS/lib/64:/opt/MVS/lib/32:/home/pretend/code/install/video_trial_node/lib:/home/pretend/code/install/rm_rune_detect/lib:/home/pretend/code/install/rm_armor_tracker/lib:/home/pretend/code/install/rm_armor_detect/lib:/home/pretend/code/install/hik_camera/lib:/opt/intel/openvino_2025.0.0/runtime/3rdparty/tbb/lib:/opt/intel/openvino_2025.0.0/runtime/lib/intel64:/opt/MVS/lib/64:/opt/MVS/lib/32:/opt/ros/humble/opt/rviz_ogre_vendor/lib:/opt/ros/humble/lib/x86_64-linux-gnu:/opt/ros/humble/lib:/opt/MVS/lib/64:/opt/MVS/lib/32:/opt/intel/openvino_2025/runtime/lib/intel64:/opt/intel/openvino_2025/runtime/lib/intel64 /usr/bin/cmake --build /home/pretend/code/build/rm_armor_tracker -- -j32 -l32
[0.251s] [35m[1mConsolidate compiler generated dependencies of target armor_tracker_component[0m
[0.266s] [ 20%] [32mBuilding CXX object CMakeFiles/armor_tracker_component.dir/src/single_armor_tracker.cpp.o[0m
[2.683s] In file included from [01m[K/opt/ros/humble/include/rcl/rcl/timer.h:31[m[K,
[2.684s]                  from [01m[K/opt/ros/humble/include/rcl/rcl/wait.h:33[m[K,
[2.684s]                  from [01m[K/opt/ros/humble/include/rclcpp/rclcpp/executor.hpp:31[m[K,
[2.684s]                  from [01m[K/opt/ros/humble/include/rclcpp/rclcpp/executors/multi_threaded_executor.hpp:25[m[K,
[2.684s]                  from [01m[K/opt/ros/humble/include/rclcpp/rclcpp/executors.hpp:21[m[K,
[2.684s]                  from [01m[K/opt/ros/humble/include/rclcpp/rclcpp/rclcpp.hpp:155[m[K,
[2.684s]                  from [01m[K/home/pretend/code/src/rm_armor_tracker/include/rm_armor_tracker/single_armor_tracker.hpp:4[m[K,
[2.684s]                  from [01m[K/home/pretend/code/src/rm_armor_tracker/src/single_armor_tracker.cpp:1[m[K:
[2.684s] [01m[K/home/pretend/code/src/rm_armor_tracker/src/single_armor_tracker.cpp:[m[K In member function ‘[01m[Kvoid rm_armor_tracker::SingleArmorTracker::processArmorMsg(const ConstSharedPtr&)[m[K’:
[2.684s] [01m[K/home/pretend/code/src/rm_armor_tracker/src/single_armor_tracker.cpp:63:26:[m[K [01;31m[Kerror: [m[K‘[01m[KRCUTILS_NS_TO_S[m[K’ was not declared in this scope
[2.684s]    63 |     int64_t current_ns = [01;31m[KRCL_NS_TO_S[m[K * static_cast<int64_t>(current_timestamp.sec) +
[2.684s]       |                          [01;31m[K^~~~~~~~~~~[m[K
[2.740s] [01m[K/home/pretend/code/src/rm_armor_tracker/src/single_armor_tracker.cpp:[m[K In member function ‘[01m[Kvoid rm_armor_tracker::SingleArmorTracker::updateFilter(const Vector3d&, const Vector4d&, bool)[m[K’:
[2.741s] [01m[K/home/pretend/code/src/rm_armor_tracker/src/single_armor_tracker.cpp:166:24:[m[K [01;31m[Kerror: [m[K‘[01m[KRCUTILS_NS_TO_S[m[K’ was not declared in this scope
[2.741s]   166 |   int64_t current_ns = [01;31m[KRCL_NS_TO_S[m[K * static_cast<int64_t>(current_time.seconds()) +
[2.741s]       |                        [01;31m[K^~~~~~~~~~~[m[K
[6.067s] gmake[2]: *** [CMakeFiles/armor_tracker_component.dir/build.make:90：CMakeFiles/armor_tracker_component.dir/src/single_armor_tracker.cpp.o] 错误 1
[6.068s] gmake[1]: *** [CMakeFiles/Makefile2:139：CMakeFiles/armor_tracker_component.dir/all] 错误 2
[6.068s] gmake: *** [Makefile:146：all] 错误 2
[6.069s] Invoked command in '/home/pretend/code/build/rm_armor_tracker' returned '2': CMAKE_PREFIX_PATH=/home/pretend/code/install/rm_msgs:/home/pretend/code/install/video_trial_node:/home/pretend/code/install/rm_rune_detect:/home/pretend/code/install/rm_armor_tracker:/home/pretend/code/install/rm_armor_detect:/home/pretend/code/install/hik_camera:/opt/ros/humble LD_LIBRARY_PATH=/home/pretend/code/install/rm_msgs/lib:/opt/intel/openvino_2025.0.0/runtime/3rdparty/tbb/lib:/opt/intel/openvino_2025.0.0/runtime/lib/intel64:/opt/MVS/lib/64:/opt/MVS/lib/32:/opt/MVS/lib/64:/opt/MVS/lib/32:/home/pretend/code/install/video_trial_node/lib:/home/pretend/code/install/rm_rune_detect/lib:/home/pretend/code/install/rm_armor_tracker/lib:/home/pretend/code/install/rm_armor_detect/lib:/home/pretend/code/install/hik_camera/lib:/opt/intel/openvino_2025.0.0/runtime/3rdparty/tbb/lib:/opt/intel/openvino_2025.0.0/runtime/lib/intel64:/opt/MVS/lib/64:/opt/MVS/lib/32:/opt/ros/humble/opt/rviz_ogre_vendor/lib:/opt/ros/humble/lib/x86_64-linux-gnu:/opt/ros/humble/lib:/opt/MVS/lib/64:/opt/MVS/lib/32:/opt/intel/openvino_2025/runtime/lib/intel64:/opt/intel/openvino_2025/runtime/lib/intel64 /usr/bin/cmake --build /home/pretend/code/build/rm_armor_tracker -- -j32 -l32
