[0.018s] Invoking command in '/home/pretend/code/build/rm_armor_detect': CMAKE_PREFIX_PATH=${CMAKE_PREFIX_PATH}:/opt/ros/humble /usr/bin/cmake --build /home/pretend/code/build/rm_armor_detect -- -j32 -l32
[0.046s] [35m[1mConsolidate compiler generated dependencies of target video_subscriber_component[0m
[0.050s] [ 22%] Built target video_subscriber_node
[0.062s] [ 33%] [32mBuilding CXX object CMakeFiles/video_subscriber_component.dir/src/video_subscriber_node.cpp.o[0m
[2.825s] [01m[K/home/pretend/code/src/rm_armor_detect/src/video_subscriber_node.cpp:[m[K In member function ‘[01m[Kvoid rm_armor_detect::VideoSubscriberNode::display_thread_func()[m[K’:
[2.825s] [01m[K/home/pretend/code/src/rm_armor_detect/src/video_subscriber_node.cpp:171:16:[m[K [01;35m[Kwarning: [m[Kunused variable ‘[01m[Kalpha[m[K’ [[01;35m[K]8;;https://gcc.gnu.org/onlinedocs/gcc/Warning-Options.html#index-Wunused-variable-Wunused-variable]8;;[m[K]
[2.825s]   171 |         double [01;35m[Kalpha[m[K = 1.0;  // 保持对比度不变
[2.825s]       |                [01;35m[K^~~~~[m[K
[9.079s] [ 44%] [32m[1mLinking CXX shared library libvideo_subscriber_component.so[0m
[9.377s] [ 77%] Built target video_subscriber_component
[9.392s] [ 88%] [32m[1mLinking CXX executable video_subscriber_main[0m
[9.802s] [100%] Built target video_subscriber_main
[9.808s] Invoked command in '/home/pretend/code/build/rm_armor_detect' returned '0': CMAKE_PREFIX_PATH=${CMAKE_PREFIX_PATH}:/opt/ros/humble /usr/bin/cmake --build /home/pretend/code/build/rm_armor_detect -- -j32 -l32
[9.810s] Invoking command in '/home/pretend/code/build/rm_armor_detect': CMAKE_PREFIX_PATH=${CMAKE_PREFIX_PATH}:/opt/ros/humble /usr/bin/cmake --install /home/pretend/code/build/rm_armor_detect
[9.814s] -- Install configuration: "Release"
[9.814s] -- Execute custom install script
[9.814s] -- Up-to-date symlink: /home/pretend/code/install/rm_armor_detect/lib/rm_armor_detect/video_subscriber_node
[9.815s] -- Up-to-date symlink: /home/pretend/code/install/rm_armor_detect/include//rm_armor_detect/car_detector.hpp
[9.815s] -- Up-to-date symlink: /home/pretend/code/install/rm_armor_detect/include//rm_armor_detect/lights_detector.hpp
[9.815s] -- Up-to-date symlink: /home/pretend/code/install/rm_armor_detect/include//rm_armor_detect/number_classifier.hpp
[9.815s] -- Up-to-date symlink: /home/pretend/code/install/rm_armor_detect/include//rm_armor_detect/video_subscriber_node.hpp
[9.815s] -- Up-to-date symlink: /home/pretend/code/install/rm_armor_detect/lib/libvideo_subscriber_component.so
[9.815s] -- Up-to-date symlink: /home/pretend/code/install/rm_armor_detect/lib/rm_armor_detect/video_subscriber_main
[9.815s] -- Up-to-date symlink: /home/pretend/code/install/rm_armor_detect/share/rm_armor_detect/models//car/car.onnx
[9.815s] -- Up-to-date symlink: /home/pretend/code/install/rm_armor_detect/share/rm_armor_detect/models//number/label.txt
[9.815s] -- Up-to-date symlink: /home/pretend/code/install/rm_armor_detect/share/rm_armor_detect/models//number/mlp.onnx
[9.815s] -- Up-to-date symlink: /home/pretend/code/install/rm_armor_detect/share/ament_index/resource_index/package_run_dependencies/rm_armor_detect
[9.815s] -- Up-to-date symlink: /home/pretend/code/install/rm_armor_detect/share/ament_index/resource_index/parent_prefix_path/rm_armor_detect
[9.816s] -- Up-to-date symlink: /home/pretend/code/install/rm_armor_detect/share/rm_armor_detect/environment/ament_prefix_path.sh
[9.816s] -- Up-to-date symlink: /home/pretend/code/install/rm_armor_detect/share/rm_armor_detect/environment/ament_prefix_path.dsv
[9.816s] -- Up-to-date symlink: /home/pretend/code/install/rm_armor_detect/share/rm_armor_detect/environment/path.sh
[9.816s] -- Up-to-date symlink: /home/pretend/code/install/rm_armor_detect/share/rm_armor_detect/environment/path.dsv
[9.816s] -- Up-to-date symlink: /home/pretend/code/install/rm_armor_detect/share/rm_armor_detect/local_setup.bash
[9.816s] -- Up-to-date symlink: /home/pretend/code/install/rm_armor_detect/share/rm_armor_detect/local_setup.sh
[9.816s] -- Up-to-date symlink: /home/pretend/code/install/rm_armor_detect/share/rm_armor_detect/local_setup.zsh
[9.816s] -- Up-to-date symlink: /home/pretend/code/install/rm_armor_detect/share/rm_armor_detect/local_setup.dsv
[9.816s] -- Symlinking: /home/pretend/code/install/rm_armor_detect/share/rm_armor_detect/package.dsv
[9.820s] -- Up-to-date symlink: /home/pretend/code/install/rm_armor_detect/share/ament_index/resource_index/packages/rm_armor_detect
[9.820s] -- Up-to-date symlink: /home/pretend/code/install/rm_armor_detect/share/ament_index/resource_index/rclcpp_components/rm_armor_detect
[9.820s] -- Up-to-date symlink: /home/pretend/code/install/rm_armor_detect/share/rm_armor_detect/cmake/rm_armor_detectConfig.cmake
[9.820s] -- Up-to-date symlink: /home/pretend/code/install/rm_armor_detect/share/rm_armor_detect/cmake/rm_armor_detectConfig-version.cmake
[9.820s] -- Up-to-date symlink: /home/pretend/code/install/rm_armor_detect/share/rm_armor_detect/package.xml
[9.822s] Invoked command in '/home/pretend/code/build/rm_armor_detect' returned '0': CMAKE_PREFIX_PATH=${CMAKE_PREFIX_PATH}:/opt/ros/humble /usr/bin/cmake --install /home/pretend/code/build/rm_armor_detect
