[0.222s] [34mcolcon[0m [1;30mDEBUG[0m [32mCommand line arguments: ['/usr/bin/colcon', 'build'][0m
[0.222s] [34mcolcon[0m [1;30mDEBUG[0m [32mParsed command line arguments: Namespace(log_base=None, log_level=None, verb_name='build', build_base='build', install_base='install', merge_install=False, symlink_install=False, test_result_base=None, continue_on_error=False, executor='parallel', parallel_workers=32, event_handlers=None, ignore_user_meta=False, metas=['./colcon.meta'], base_paths=['.'], packages_ignore=None, packages_ignore_regex=None, paths=None, packages_up_to=None, packages_up_to_regex=None, packages_above=None, packages_above_and_dependencies=None, packages_above_depth=None, packages_select_by_dep=None, packages_skip_by_dep=None, packages_skip_up_to=None, packages_select_build_failed=False, packages_skip_build_finished=False, packages_select_test_failures=False, packages_skip_test_passed=False, packages_select=None, packages_skip=None, packages_select_regex=None, packages_skip_regex=None, packages_start=None, packages_end=None, allow_overriding=[], cmake_args=None, cmake_target=None, cmake_target_skip_unavailable=False, cmake_clean_cache=False, cmake_clean_first=False, cmake_force_configure=False, ament_cmake_args=None, catkin_cmake_args=None, catkin_skip_building_tests=False, verb_parser=<colcon_defaults.argument_parser.defaults.DefaultArgumentsDecorator object at 0x7fe41e0361a0>, verb_extension=<colcon_core.verb.build.BuildVerb object at 0x7fe41e035870>, main=<bound method BuildVerb.main of <colcon_core.verb.build.BuildVerb object at 0x7fe41e035870>>)[0m
[0.307s] [34mcolcon.colcon_core.package_discovery[0m [1;30mLevel 1[0m discover_packages(colcon_meta) check parameters
[0.307s] [34mcolcon.colcon_core.package_discovery[0m [1;30mLevel 1[0m discover_packages(recursive) check parameters
[0.307s] [34mcolcon.colcon_core.package_discovery[0m [1;30mLevel 1[0m discover_packages(ignore) check parameters
[0.307s] [34mcolcon.colcon_core.package_discovery[0m [1;30mLevel 1[0m discover_packages(path) check parameters
[0.307s] [34mcolcon.colcon_core.package_discovery[0m [1;30mLevel 1[0m discover_packages(colcon_meta) discover
[0.307s] [34mcolcon.colcon_core.package_discovery[0m [1;30mLevel 1[0m discover_packages(recursive) discover
[0.307s] [34mcolcon.colcon_core.package_discovery[0m [1;30mINFO[0m Crawling recursively for packages in '/home/pretend/code'
[0.307s] [34mcolcon.colcon_core.package_identification[0m [1;30mLevel 1[0m _identify(.) by extensions ['ignore', 'ignore_ament_install']
[0.307s] [34mcolcon.colcon_core.package_identification[0m [1;30mLevel 1[0m _identify(.) by extension 'ignore'
[0.307s] [34mcolcon.colcon_core.package_identification[0m [1;30mLevel 1[0m _identify(.) by extension 'ignore_ament_install'
[0.307s] [34mcolcon.colcon_core.package_identification[0m [1;30mLevel 1[0m _identify(.) by extensions ['colcon_pkg']
[0.307s] [34mcolcon.colcon_core.package_identification[0m [1;30mLevel 1[0m _identify(.) by extension 'colcon_pkg'
[0.307s] [34mcolcon.colcon_core.package_identification[0m [1;30mLevel 1[0m _identify(.) by extensions ['colcon_meta']
[0.307s] [34mcolcon.colcon_core.package_identification[0m [1;30mLevel 1[0m _identify(.) by extension 'colcon_meta'
[0.307s] [34mcolcon.colcon_core.package_identification[0m [1;30mLevel 1[0m _identify(.) by extensions ['ros']
[0.307s] [34mcolcon.colcon_core.package_identification[0m [1;30mLevel 1[0m _identify(.) by extension 'ros'
[0.313s] [34mcolcon.colcon_core.package_identification[0m [1;30mLevel 1[0m _identify(.) by extensions ['cmake', 'python']
[0.313s] [34mcolcon.colcon_core.package_identification[0m [1;30mLevel 1[0m _identify(.) by extension 'cmake'
[0.313s] [34mcolcon.colcon_core.package_identification[0m [1;30mLevel 1[0m _identify(.) by extension 'python'
[0.313s] [34mcolcon.colcon_core.package_identification[0m [1;30mLevel 1[0m _identify(.) by extensions ['python_setup_py']
[0.313s] [34mcolcon.colcon_core.package_identification[0m [1;30mLevel 1[0m _identify(.) by extension 'python_setup_py'
[0.313s] [34mcolcon.colcon_core.package_identification[0m [1;30mLevel 1[0m _identify(build) by extensions ['ignore', 'ignore_ament_install']
[0.313s] [34mcolcon.colcon_core.package_identification[0m [1;30mLevel 1[0m _identify(build) by extension 'ignore'
[0.313s] [34mcolcon.colcon_core.package_identification[0m [1;30mLevel 1[0m _identify(build) ignored
[0.313s] [34mcolcon.colcon_core.package_identification[0m [1;30mLevel 1[0m _identify(install) by extensions ['ignore', 'ignore_ament_install']
[0.313s] [34mcolcon.colcon_core.package_identification[0m [1;30mLevel 1[0m _identify(install) by extension 'ignore'
[0.313s] [34mcolcon.colcon_core.package_identification[0m [1;30mLevel 1[0m _identify(install) ignored
[0.314s] [34mcolcon.colcon_core.package_identification[0m [1;30mLevel 1[0m _identify(log) by extensions ['ignore', 'ignore_ament_install']
[0.314s] [34mcolcon.colcon_core.package_identification[0m [1;30mLevel 1[0m _identify(log) by extension 'ignore'
[0.314s] [34mcolcon.colcon_core.package_identification[0m [1;30mLevel 1[0m _identify(log) ignored
[0.314s] [34mcolcon.colcon_core.package_identification[0m [1;30mLevel 1[0m _identify(src) by extensions ['ignore', 'ignore_ament_install']
[0.314s] [34mcolcon.colcon_core.package_identification[0m [1;30mLevel 1[0m _identify(src) by extension 'ignore'
[0.314s] [34mcolcon.colcon_core.package_identification[0m [1;30mLevel 1[0m _identify(src) by extension 'ignore_ament_install'
[0.314s] [34mcolcon.colcon_core.package_identification[0m [1;30mLevel 1[0m _identify(src) by extensions ['colcon_pkg']
[0.314s] [34mcolcon.colcon_core.package_identification[0m [1;30mLevel 1[0m _identify(src) by extension 'colcon_pkg'
[0.314s] [34mcolcon.colcon_core.package_identification[0m [1;30mLevel 1[0m _identify(src) by extensions ['colcon_meta']
[0.314s] [34mcolcon.colcon_core.package_identification[0m [1;30mLevel 1[0m _identify(src) by extension 'colcon_meta'
[0.314s] [34mcolcon.colcon_core.package_identification[0m [1;30mLevel 1[0m _identify(src) by extensions ['ros']
[0.314s] [34mcolcon.colcon_core.package_identification[0m [1;30mLevel 1[0m _identify(src) by extension 'ros'
[0.314s] [34mcolcon.colcon_core.package_identification[0m [1;30mLevel 1[0m _identify(src) by extensions ['cmake', 'python']
[0.314s] [34mcolcon.colcon_core.package_identification[0m [1;30mLevel 1[0m _identify(src) by extension 'cmake'
[0.314s] [34mcolcon.colcon_core.package_identification[0m [1;30mLevel 1[0m _identify(src) by extension 'python'
[0.314s] [34mcolcon.colcon_core.package_identification[0m [1;30mLevel 1[0m _identify(src) by extensions ['python_setup_py']
[0.314s] [34mcolcon.colcon_core.package_identification[0m [1;30mLevel 1[0m _identify(src) by extension 'python_setup_py'
[0.314s] [34mcolcon.colcon_core.package_identification[0m [1;30mLevel 1[0m _identify(src/rm_armor_tracker) by extensions ['ignore', 'ignore_ament_install']
[0.314s] [34mcolcon.colcon_core.package_identification[0m [1;30mLevel 1[0m _identify(src/rm_armor_tracker) by extension 'ignore'
[0.314s] [34mcolcon.colcon_core.package_identification[0m [1;30mLevel 1[0m _identify(src/rm_armor_tracker) by extension 'ignore_ament_install'
[0.314s] [34mcolcon.colcon_core.package_identification[0m [1;30mLevel 1[0m _identify(src/rm_armor_tracker) by extensions ['colcon_pkg']
[0.314s] [34mcolcon.colcon_core.package_identification[0m [1;30mLevel 1[0m _identify(src/rm_armor_tracker) by extension 'colcon_pkg'
[0.314s] [34mcolcon.colcon_core.package_identification[0m [1;30mLevel 1[0m _identify(src/rm_armor_tracker) by extensions ['colcon_meta']
[0.314s] [34mcolcon.colcon_core.package_identification[0m [1;30mLevel 1[0m _identify(src/rm_armor_tracker) by extension 'colcon_meta'
[0.314s] [34mcolcon.colcon_core.package_identification[0m [1;30mLevel 1[0m _identify(src/rm_armor_tracker) by extensions ['ros']
[0.314s] [34mcolcon.colcon_core.package_identification[0m [1;30mLevel 1[0m _identify(src/rm_armor_tracker) by extension 'ros'
[0.316s] [34mcolcon.colcon_core.package_identification[0m [1;30mDEBUG[0m [32mPackage 'src/rm_armor_tracker' with type 'ros.ament_cmake' and name 'rm_armor_tracker'[0m
[0.316s] [34mcolcon.colcon_core.package_identification[0m [1;30mLevel 1[0m _identify(src/rm_rune_detect) by extensions ['ignore', 'ignore_ament_install']
[0.316s] [34mcolcon.colcon_core.package_identification[0m [1;30mLevel 1[0m _identify(src/rm_rune_detect) by extension 'ignore'
[0.316s] [34mcolcon.colcon_core.package_identification[0m [1;30mLevel 1[0m _identify(src/rm_rune_detect) by extension 'ignore_ament_install'
[0.316s] [34mcolcon.colcon_core.package_identification[0m [1;30mLevel 1[0m _identify(src/rm_rune_detect) by extensions ['colcon_pkg']
[0.316s] [34mcolcon.colcon_core.package_identification[0m [1;30mLevel 1[0m _identify(src/rm_rune_detect) by extension 'colcon_pkg'
[0.316s] [34mcolcon.colcon_core.package_identification[0m [1;30mLevel 1[0m _identify(src/rm_rune_detect) by extensions ['colcon_meta']
[0.316s] [34mcolcon.colcon_core.package_identification[0m [1;30mLevel 1[0m _identify(src/rm_rune_detect) by extension 'colcon_meta'
[0.316s] [34mcolcon.colcon_core.package_identification[0m [1;30mLevel 1[0m _identify(src/rm_rune_detect) by extensions ['ros']
[0.316s] [34mcolcon.colcon_core.package_identification[0m [1;30mLevel 1[0m _identify(src/rm_rune_detect) by extension 'ros'
[0.317s] [34mcolcon.colcon_core.package_identification[0m [1;30mDEBUG[0m [32mPackage 'src/rm_rune_detect' with type 'ros.ament_cmake' and name 'rm_rune_detect'[0m
[0.317s] [34mcolcon.colcon_core.package_identification[0m [1;30mLevel 1[0m _identify(src/ros2-hik-camera-main) by extensions ['ignore', 'ignore_ament_install']
[0.317s] [34mcolcon.colcon_core.package_identification[0m [1;30mLevel 1[0m _identify(src/ros2-hik-camera-main) by extension 'ignore'
[0.317s] [34mcolcon.colcon_core.package_identification[0m [1;30mLevel 1[0m _identify(src/ros2-hik-camera-main) by extension 'ignore_ament_install'
[0.317s] [34mcolcon.colcon_core.package_identification[0m [1;30mLevel 1[0m _identify(src/ros2-hik-camera-main) by extensions ['colcon_pkg']
[0.317s] [34mcolcon.colcon_core.package_identification[0m [1;30mLevel 1[0m _identify(src/ros2-hik-camera-main) by extension 'colcon_pkg'
[0.317s] [34mcolcon.colcon_core.package_identification[0m [1;30mLevel 1[0m _identify(src/ros2-hik-camera-main) by extensions ['colcon_meta']
[0.317s] [34mcolcon.colcon_core.package_identification[0m [1;30mLevel 1[0m _identify(src/ros2-hik-camera-main) by extension 'colcon_meta'
[0.317s] [34mcolcon.colcon_core.package_identification[0m [1;30mLevel 1[0m _identify(src/ros2-hik-camera-main) by extensions ['ros']
[0.317s] [34mcolcon.colcon_core.package_identification[0m [1;30mLevel 1[0m _identify(src/ros2-hik-camera-main) by extension 'ros'
[0.317s] [34mcolcon.colcon_core.package_identification[0m [1;30mDEBUG[0m [32mPackage 'src/ros2-hik-camera-main' with type 'ros.ament_cmake' and name 'hik_camera'[0m
[0.317s] [34mcolcon.colcon_core.package_identification[0m [1;30mLevel 1[0m _identify(src/video_trial_node) by extensions ['ignore', 'ignore_ament_install']
[0.317s] [34mcolcon.colcon_core.package_identification[0m [1;30mLevel 1[0m _identify(src/video_trial_node) by extension 'ignore'
[0.318s] [34mcolcon.colcon_core.package_identification[0m [1;30mLevel 1[0m _identify(src/video_trial_node) by extension 'ignore_ament_install'
[0.318s] [34mcolcon.colcon_core.package_identification[0m [1;30mLevel 1[0m _identify(src/video_trial_node) by extensions ['colcon_pkg']
[0.318s] [34mcolcon.colcon_core.package_identification[0m [1;30mLevel 1[0m _identify(src/video_trial_node) by extension 'colcon_pkg'
[0.318s] [34mcolcon.colcon_core.package_identification[0m [1;30mLevel 1[0m _identify(src/video_trial_node) by extensions ['colcon_meta']
[0.318s] [34mcolcon.colcon_core.package_identification[0m [1;30mLevel 1[0m _identify(src/video_trial_node) by extension 'colcon_meta'
[0.318s] [34mcolcon.colcon_core.package_identification[0m [1;30mLevel 1[0m _identify(src/video_trial_node) by extensions ['ros']
[0.318s] [34mcolcon.colcon_core.package_identification[0m [1;30mLevel 1[0m _identify(src/video_trial_node) by extension 'ros'
[0.318s] [34mcolcon.colcon_core.package_identification[0m [1;30mDEBUG[0m [32mPackage 'src/video_trial_node' with type 'ros.ament_cmake' and name 'video_trial_node'[0m
[0.318s] [34mcolcon.colcon_core.package_discovery[0m [1;30mLevel 1[0m discover_packages(recursive) using defaults
[0.318s] [34mcolcon.colcon_core.package_discovery[0m [1;30mLevel 1[0m discover_packages(ignore) discover
[0.318s] [34mcolcon.colcon_core.package_discovery[0m [1;30mLevel 1[0m discover_packages(ignore) using defaults
[0.318s] [34mcolcon.colcon_core.package_discovery[0m [1;30mLevel 1[0m discover_packages(path) discover
[0.318s] [34mcolcon.colcon_core.package_discovery[0m [1;30mLevel 1[0m discover_packages(path) using defaults
[0.335s] [34mcolcon.colcon_core.package_discovery[0m [1;30mLevel 1[0m discover_packages(prefix_path) check parameters
[0.335s] [34mcolcon.colcon_core.package_discovery[0m [1;30mLevel 1[0m discover_packages(prefix_path) discover
[0.336s] [34mcolcon.colcon_installed_package_information.package_discovery[0m [1;30mDEBUG[0m [32mFound 6 installed packages in /home/pretend/code/install[0m
[0.337s] [34mcolcon.colcon_installed_package_information.package_discovery[0m [1;30mDEBUG[0m [32mFound 263 installed packages in /opt/ros/humble[0m
[0.337s] [34mcolcon.colcon_core.package_discovery[0m [1;30mLevel 1[0m discover_packages(prefix_path) using defaults
[0.356s] [34mcolcon.colcon_core.verb[0m [1;30mLevel 5[0m set package 'hik_camera' build argument 'cmake_args' from command line to 'None'
[0.356s] [34mcolcon.colcon_core.verb[0m [1;30mLevel 5[0m set package 'hik_camera' build argument 'cmake_target' from command line to 'None'
[0.356s] [34mcolcon.colcon_core.verb[0m [1;30mLevel 5[0m set package 'hik_camera' build argument 'cmake_target_skip_unavailable' from command line to 'False'
[0.356s] [34mcolcon.colcon_core.verb[0m [1;30mLevel 5[0m set package 'hik_camera' build argument 'cmake_clean_cache' from command line to 'False'
[0.356s] [34mcolcon.colcon_core.verb[0m [1;30mLevel 5[0m set package 'hik_camera' build argument 'cmake_clean_first' from command line to 'False'
[0.356s] [34mcolcon.colcon_core.verb[0m [1;30mLevel 5[0m set package 'hik_camera' build argument 'cmake_force_configure' from command line to 'False'
[0.356s] [34mcolcon.colcon_core.verb[0m [1;30mLevel 5[0m set package 'hik_camera' build argument 'ament_cmake_args' from command line to 'None'
[0.356s] [34mcolcon.colcon_core.verb[0m [1;30mLevel 5[0m set package 'hik_camera' build argument 'catkin_cmake_args' from command line to 'None'
[0.356s] [34mcolcon.colcon_core.verb[0m [1;30mLevel 5[0m set package 'hik_camera' build argument 'catkin_skip_building_tests' from command line to 'False'
[0.357s] [34mcolcon.colcon_core.verb[0m [1;30mDEBUG[0m [32mBuilding package 'hik_camera' with the following arguments: {'ament_cmake_args': None, 'build_base': '/home/pretend/code/build/hik_camera', 'catkin_cmake_args': None, 'catkin_skip_building_tests': False, 'cmake_args': None, 'cmake_clean_cache': False, 'cmake_clean_first': False, 'cmake_force_configure': False, 'cmake_target': None, 'cmake_target_skip_unavailable': False, 'install_base': '/home/pretend/code/install/hik_camera', 'merge_install': False, 'path': '/home/pretend/code/src/ros2-hik-camera-main', 'symlink_install': False, 'test_result_base': None}[0m
[0.357s] [34mcolcon.colcon_core.verb[0m [1;30mLevel 5[0m set package 'rm_armor_tracker' build argument 'cmake_args' from command line to 'None'
[0.357s] [34mcolcon.colcon_core.verb[0m [1;30mLevel 5[0m set package 'rm_armor_tracker' build argument 'cmake_target' from command line to 'None'
[0.357s] [34mcolcon.colcon_core.verb[0m [1;30mLevel 5[0m set package 'rm_armor_tracker' build argument 'cmake_target_skip_unavailable' from command line to 'False'
[0.357s] [34mcolcon.colcon_core.verb[0m [1;30mLevel 5[0m set package 'rm_armor_tracker' build argument 'cmake_clean_cache' from command line to 'False'
[0.357s] [34mcolcon.colcon_core.verb[0m [1;30mLevel 5[0m set package 'rm_armor_tracker' build argument 'cmake_clean_first' from command line to 'False'
[0.357s] [34mcolcon.colcon_core.verb[0m [1;30mLevel 5[0m set package 'rm_armor_tracker' build argument 'cmake_force_configure' from command line to 'False'
[0.357s] [34mcolcon.colcon_core.verb[0m [1;30mLevel 5[0m set package 'rm_armor_tracker' build argument 'ament_cmake_args' from command line to 'None'
[0.357s] [34mcolcon.colcon_core.verb[0m [1;30mLevel 5[0m set package 'rm_armor_tracker' build argument 'catkin_cmake_args' from command line to 'None'
[0.357s] [34mcolcon.colcon_core.verb[0m [1;30mLevel 5[0m set package 'rm_armor_tracker' build argument 'catkin_skip_building_tests' from command line to 'False'
[0.357s] [34mcolcon.colcon_core.verb[0m [1;30mDEBUG[0m [32mBuilding package 'rm_armor_tracker' with the following arguments: {'ament_cmake_args': None, 'build_base': '/home/pretend/code/build/rm_armor_tracker', 'catkin_cmake_args': None, 'catkin_skip_building_tests': False, 'cmake_args': None, 'cmake_clean_cache': False, 'cmake_clean_first': False, 'cmake_force_configure': False, 'cmake_target': None, 'cmake_target_skip_unavailable': False, 'install_base': '/home/pretend/code/install/rm_armor_tracker', 'merge_install': False, 'path': '/home/pretend/code/src/rm_armor_tracker', 'symlink_install': False, 'test_result_base': None}[0m
[0.357s] [34mcolcon.colcon_core.verb[0m [1;30mLevel 5[0m set package 'rm_rune_detect' build argument 'cmake_args' from command line to 'None'
[0.357s] [34mcolcon.colcon_core.verb[0m [1;30mLevel 5[0m set package 'rm_rune_detect' build argument 'cmake_target' from command line to 'None'
[0.357s] [34mcolcon.colcon_core.verb[0m [1;30mLevel 5[0m set package 'rm_rune_detect' build argument 'cmake_target_skip_unavailable' from command line to 'False'
[0.357s] [34mcolcon.colcon_core.verb[0m [1;30mLevel 5[0m set package 'rm_rune_detect' build argument 'cmake_clean_cache' from command line to 'False'
[0.357s] [34mcolcon.colcon_core.verb[0m [1;30mLevel 5[0m set package 'rm_rune_detect' build argument 'cmake_clean_first' from command line to 'False'
[0.357s] [34mcolcon.colcon_core.verb[0m [1;30mLevel 5[0m set package 'rm_rune_detect' build argument 'cmake_force_configure' from command line to 'False'
[0.357s] [34mcolcon.colcon_core.verb[0m [1;30mLevel 5[0m set package 'rm_rune_detect' build argument 'ament_cmake_args' from command line to 'None'
[0.357s] [34mcolcon.colcon_core.verb[0m [1;30mLevel 5[0m set package 'rm_rune_detect' build argument 'catkin_cmake_args' from command line to 'None'
[0.357s] [34mcolcon.colcon_core.verb[0m [1;30mLevel 5[0m set package 'rm_rune_detect' build argument 'catkin_skip_building_tests' from command line to 'False'
[0.357s] [34mcolcon.colcon_core.verb[0m [1;30mDEBUG[0m [32mBuilding package 'rm_rune_detect' with the following arguments: {'ament_cmake_args': None, 'build_base': '/home/pretend/code/build/rm_rune_detect', 'catkin_cmake_args': None, 'catkin_skip_building_tests': False, 'cmake_args': None, 'cmake_clean_cache': False, 'cmake_clean_first': False, 'cmake_force_configure': False, 'cmake_target': None, 'cmake_target_skip_unavailable': False, 'install_base': '/home/pretend/code/install/rm_rune_detect', 'merge_install': False, 'path': '/home/pretend/code/src/rm_rune_detect', 'symlink_install': False, 'test_result_base': None}[0m
[0.357s] [34mcolcon.colcon_core.verb[0m [1;30mLevel 5[0m set package 'video_trial_node' build argument 'cmake_args' from command line to 'None'
[0.357s] [34mcolcon.colcon_core.verb[0m [1;30mLevel 5[0m set package 'video_trial_node' build argument 'cmake_target' from command line to 'None'
[0.357s] [34mcolcon.colcon_core.verb[0m [1;30mLevel 5[0m set package 'video_trial_node' build argument 'cmake_target_skip_unavailable' from command line to 'False'
[0.357s] [34mcolcon.colcon_core.verb[0m [1;30mLevel 5[0m set package 'video_trial_node' build argument 'cmake_clean_cache' from command line to 'False'
[0.357s] [34mcolcon.colcon_core.verb[0m [1;30mLevel 5[0m set package 'video_trial_node' build argument 'cmake_clean_first' from command line to 'False'
[0.357s] [34mcolcon.colcon_core.verb[0m [1;30mLevel 5[0m set package 'video_trial_node' build argument 'cmake_force_configure' from command line to 'False'
[0.357s] [34mcolcon.colcon_core.verb[0m [1;30mLevel 5[0m set package 'video_trial_node' build argument 'ament_cmake_args' from command line to 'None'
[0.357s] [34mcolcon.colcon_core.verb[0m [1;30mLevel 5[0m set package 'video_trial_node' build argument 'catkin_cmake_args' from command line to 'None'
[0.357s] [34mcolcon.colcon_core.verb[0m [1;30mLevel 5[0m set package 'video_trial_node' build argument 'catkin_skip_building_tests' from command line to 'False'
[0.357s] [34mcolcon.colcon_core.verb[0m [1;30mDEBUG[0m [32mBuilding package 'video_trial_node' with the following arguments: {'ament_cmake_args': None, 'build_base': '/home/pretend/code/build/video_trial_node', 'catkin_cmake_args': None, 'catkin_skip_building_tests': False, 'cmake_args': None, 'cmake_clean_cache': False, 'cmake_clean_first': False, 'cmake_force_configure': False, 'cmake_target': None, 'cmake_target_skip_unavailable': False, 'install_base': '/home/pretend/code/install/video_trial_node', 'merge_install': False, 'path': '/home/pretend/code/src/video_trial_node', 'symlink_install': False, 'test_result_base': None}[0m
[0.358s] [34mcolcon.colcon_core.executor[0m [1;30mINFO[0m Executing jobs using 'parallel' executor
[0.358s] [34mcolcon.colcon_parallel_executor.executor.parallel[0m [1;30mDEBUG[0m [32mrun_until_complete[0m
[0.358s] [34mcolcon.colcon_ros.task.ament_cmake.build[0m [1;30mINFO[0m Building ROS package in '/home/pretend/code/src/ros2-hik-camera-main' with build type 'ament_cmake'
[0.358s] [34mcolcon.colcon_cmake.task.cmake.build[0m [1;30mINFO[0m Building CMake package in '/home/pretend/code/src/ros2-hik-camera-main'
[0.360s] [34mcolcon.colcon_core.plugin_system[0m [1;30mINFO[0m Skipping extension 'colcon_core.shell.bat': Not used on non-Windows systems
[0.360s] [34mcolcon.colcon_core.shell[0m [1;30mINFO[0m Skip shell extension 'powershell' for command environment: Not usable outside of PowerShell
[0.360s] [34mcolcon.colcon_core.shell[0m [1;30mDEBUG[0m [32mSkip shell extension 'dsv' for command environment[0m
[0.362s] [34mcolcon.colcon_ros.task.ament_cmake.build[0m [1;30mINFO[0m Building ROS package in '/home/pretend/code/src/rm_armor_tracker' with build type 'ament_cmake'
[0.362s] [34mcolcon.colcon_cmake.task.cmake.build[0m [1;30mINFO[0m Building CMake package in '/home/pretend/code/src/rm_armor_tracker'
[0.363s] [34mcolcon.colcon_core.shell[0m [1;30mINFO[0m Skip shell extension 'powershell' for command environment: Not usable outside of PowerShell
[0.363s] [34mcolcon.colcon_core.shell[0m [1;30mDEBUG[0m [32mSkip shell extension 'dsv' for command environment[0m
[0.365s] [34mcolcon.colcon_ros.task.ament_cmake.build[0m [1;30mINFO[0m Building ROS package in '/home/pretend/code/src/rm_rune_detect' with build type 'ament_cmake'
[0.365s] [34mcolcon.colcon_cmake.task.cmake.build[0m [1;30mINFO[0m Building CMake package in '/home/pretend/code/src/rm_rune_detect'
[0.365s] [34mcolcon.colcon_core.shell[0m [1;30mINFO[0m Skip shell extension 'powershell' for command environment: Not usable outside of PowerShell
[0.365s] [34mcolcon.colcon_core.shell[0m [1;30mDEBUG[0m [32mSkip shell extension 'dsv' for command environment[0m
[0.367s] [34mcolcon.colcon_ros.task.ament_cmake.build[0m [1;30mINFO[0m Building ROS package in '/home/pretend/code/src/video_trial_node' with build type 'ament_cmake'
[0.367s] [34mcolcon.colcon_cmake.task.cmake.build[0m [1;30mINFO[0m Building CMake package in '/home/pretend/code/src/video_trial_node'
[0.367s] [34mcolcon.colcon_core.shell[0m [1;30mINFO[0m Skip shell extension 'powershell' for command environment: Not usable outside of PowerShell
[0.367s] [34mcolcon.colcon_core.shell[0m [1;30mDEBUG[0m [32mSkip shell extension 'dsv' for command environment[0m
[0.374s] [34mcolcon.colcon_core.event_handler.log_command[0m [1;30mDEBUG[0m [32mInvoking command in '/home/pretend/code/build/hik_camera': CMAKE_PREFIX_PATH=${CMAKE_PREFIX_PATH}:/opt/ros/humble /usr/bin/cmake --build /home/pretend/code/build/hik_camera -- -j32 -l32[0m
[0.377s] [34mcolcon.colcon_core.event_handler.log_command[0m [1;30mDEBUG[0m [32mInvoking command in '/home/pretend/code/build/rm_armor_tracker': CMAKE_PREFIX_PATH=${CMAKE_PREFIX_PATH}:/opt/ros/humble /usr/bin/cmake --build /home/pretend/code/build/rm_armor_tracker -- -j32 -l32[0m
[0.382s] [34mcolcon.colcon_core.event_handler.log_command[0m [1;30mDEBUG[0m [32mInvoking command in '/home/pretend/code/build/rm_rune_detect': CMAKE_PREFIX_PATH=${CMAKE_PREFIX_PATH}:/opt/ros/humble /usr/bin/cmake --build /home/pretend/code/build/rm_rune_detect -- -j32 -l32[0m
[0.386s] [34mcolcon.colcon_core.event_handler.log_command[0m [1;30mDEBUG[0m [32mInvoking command in '/home/pretend/code/build/video_trial_node': CMAKE_PREFIX_PATH=${CMAKE_PREFIX_PATH}:/opt/ros/humble /usr/bin/cmake --build /home/pretend/code/build/video_trial_node -- -j32 -l32[0m
[0.402s] [34mcolcon.colcon_core.event_handler.log_command[0m [1;30mDEBUG[0m [32mInvoked command in '/home/pretend/code/build/rm_armor_tracker' returned '0': CMAKE_PREFIX_PATH=${CMAKE_PREFIX_PATH}:/opt/ros/humble /usr/bin/cmake --build /home/pretend/code/build/rm_armor_tracker -- -j32 -l32[0m
[0.407s] [34mcolcon.colcon_core.event_handler.log_command[0m [1;30mDEBUG[0m [32mInvoking command in '/home/pretend/code/build/rm_armor_tracker': CMAKE_PREFIX_PATH=${CMAKE_PREFIX_PATH}:/opt/ros/humble /usr/bin/cmake --install /home/pretend/code/build/rm_armor_tracker[0m
[0.413s] [34mcolcon.colcon_core.environment[0m [1;30mLevel 1[0m create_environment_scripts_only(rm_armor_tracker)
[0.413s] [34mcolcon.colcon_core.event_handler.log_command[0m [1;30mDEBUG[0m [32mInvoked command in '/home/pretend/code/build/rm_armor_tracker' returned '0': CMAKE_PREFIX_PATH=${CMAKE_PREFIX_PATH}:/opt/ros/humble /usr/bin/cmake --install /home/pretend/code/build/rm_armor_tracker[0m
[0.414s] [34mcolcon.colcon_core.environment[0m [1;30mLevel 1[0m checking '/home/pretend/code/install/rm_armor_tracker' for CMake module files
[0.415s] [34mcolcon.colcon_core.environment[0m [1;30mLevel 1[0m checking '/home/pretend/code/install/rm_armor_tracker' for CMake config files
[0.415s] [34mcolcon.colcon_core.shell[0m [1;30mLevel 1[0m create_environment_hook('rm_armor_tracker', 'cmake_prefix_path')
[0.415s] [34mcolcon.colcon_core.shell[0m [1;30mINFO[0m Creating environment hook '/home/pretend/code/install/rm_armor_tracker/share/rm_armor_tracker/hook/cmake_prefix_path.ps1'
[0.415s] [34mcolcon.colcon_core.shell[0m [1;30mINFO[0m Creating environment descriptor '/home/pretend/code/install/rm_armor_tracker/share/rm_armor_tracker/hook/cmake_prefix_path.dsv'
[0.416s] [34mcolcon.colcon_core.shell[0m [1;30mINFO[0m Creating environment hook '/home/pretend/code/install/rm_armor_tracker/share/rm_armor_tracker/hook/cmake_prefix_path.sh'
[0.416s] [34mcolcon.colcon_core.environment[0m [1;30mLevel 1[0m checking '/home/pretend/code/install/rm_armor_tracker/bin'
[0.416s] [34mcolcon.colcon_core.environment[0m [1;30mLevel 1[0m checking '/home/pretend/code/install/rm_armor_tracker/lib/pkgconfig/rm_armor_tracker.pc'
[0.416s] [34mcolcon.colcon_core.environment[0m [1;30mLevel 1[0m checking '/home/pretend/code/install/rm_armor_tracker/lib/python3.10/site-packages'
[0.416s] [34mcolcon.colcon_core.environment[0m [1;30mLevel 1[0m checking '/home/pretend/code/install/rm_armor_tracker/bin'
[0.417s] [34mcolcon.colcon_core.shell[0m [1;30mINFO[0m Creating package script '/home/pretend/code/install/rm_armor_tracker/share/rm_armor_tracker/package.ps1'
[0.417s] [34mcolcon.colcon_core.shell[0m [1;30mINFO[0m Creating package descriptor '/home/pretend/code/install/rm_armor_tracker/share/rm_armor_tracker/package.dsv'
[0.418s] [34mcolcon.colcon_core.shell[0m [1;30mINFO[0m Creating package script '/home/pretend/code/install/rm_armor_tracker/share/rm_armor_tracker/package.sh'
[0.418s] [34mcolcon.colcon_core.shell[0m [1;30mINFO[0m Creating package script '/home/pretend/code/install/rm_armor_tracker/share/rm_armor_tracker/package.bash'
[0.419s] [34mcolcon.colcon_core.shell[0m [1;30mINFO[0m Creating package script '/home/pretend/code/install/rm_armor_tracker/share/rm_armor_tracker/package.zsh'
[0.419s] [34mcolcon.colcon_core.environment[0m [1;30mLevel 1[0m create_file_with_runtime_dependencies(/home/pretend/code/install/rm_armor_tracker/share/colcon-core/packages/rm_armor_tracker)
[0.420s] [34mcolcon.colcon_core.environment[0m [1;30mLevel 1[0m create_environment_scripts_only(rm_armor_tracker)
[0.420s] [34mcolcon.colcon_core.environment[0m [1;30mLevel 1[0m checking '/home/pretend/code/install/rm_armor_tracker' for CMake module files
[0.420s] [34mcolcon.colcon_core.environment[0m [1;30mLevel 1[0m checking '/home/pretend/code/install/rm_armor_tracker' for CMake config files
[0.420s] [34mcolcon.colcon_core.shell[0m [1;30mLevel 1[0m create_environment_hook('rm_armor_tracker', 'cmake_prefix_path')
[0.420s] [34mcolcon.colcon_core.shell[0m [1;30mINFO[0m Creating environment hook '/home/pretend/code/install/rm_armor_tracker/share/rm_armor_tracker/hook/cmake_prefix_path.ps1'
[0.420s] [34mcolcon.colcon_core.shell[0m [1;30mINFO[0m Creating environment descriptor '/home/pretend/code/install/rm_armor_tracker/share/rm_armor_tracker/hook/cmake_prefix_path.dsv'
[0.420s] [34mcolcon.colcon_core.shell[0m [1;30mINFO[0m Creating environment hook '/home/pretend/code/install/rm_armor_tracker/share/rm_armor_tracker/hook/cmake_prefix_path.sh'
[0.421s] [34mcolcon.colcon_core.environment[0m [1;30mLevel 1[0m checking '/home/pretend/code/install/rm_armor_tracker/bin'
[0.421s] [34mcolcon.colcon_core.environment[0m [1;30mLevel 1[0m checking '/home/pretend/code/install/rm_armor_tracker/lib/pkgconfig/rm_armor_tracker.pc'
[0.421s] [34mcolcon.colcon_core.environment[0m [1;30mLevel 1[0m checking '/home/pretend/code/install/rm_armor_tracker/lib/python3.10/site-packages'
[0.421s] [34mcolcon.colcon_core.environment[0m [1;30mLevel 1[0m checking '/home/pretend/code/install/rm_armor_tracker/bin'
[0.421s] [34mcolcon.colcon_core.shell[0m [1;30mINFO[0m Creating package script '/home/pretend/code/install/rm_armor_tracker/share/rm_armor_tracker/package.ps1'
[0.421s] [34mcolcon.colcon_core.shell[0m [1;30mINFO[0m Creating package descriptor '/home/pretend/code/install/rm_armor_tracker/share/rm_armor_tracker/package.dsv'
[0.422s] [34mcolcon.colcon_core.shell[0m [1;30mINFO[0m Creating package script '/home/pretend/code/install/rm_armor_tracker/share/rm_armor_tracker/package.sh'
[0.422s] [34mcolcon.colcon_core.shell[0m [1;30mINFO[0m Creating package script '/home/pretend/code/install/rm_armor_tracker/share/rm_armor_tracker/package.bash'
[0.422s] [34mcolcon.colcon_core.shell[0m [1;30mINFO[0m Creating package script '/home/pretend/code/install/rm_armor_tracker/share/rm_armor_tracker/package.zsh'
[0.422s] [34mcolcon.colcon_core.environment[0m [1;30mLevel 1[0m create_file_with_runtime_dependencies(/home/pretend/code/install/rm_armor_tracker/share/colcon-core/packages/rm_armor_tracker)
[0.424s] [34mcolcon.colcon_core.event_handler.log_command[0m [1;30mDEBUG[0m [32mInvoked command in '/home/pretend/code/build/hik_camera' returned '0': CMAKE_PREFIX_PATH=${CMAKE_PREFIX_PATH}:/opt/ros/humble /usr/bin/cmake --build /home/pretend/code/build/hik_camera -- -j32 -l32[0m
[0.427s] [34mcolcon.colcon_core.event_handler.log_command[0m [1;30mDEBUG[0m [32mInvoking command in '/home/pretend/code/build/hik_camera': CMAKE_PREFIX_PATH=${CMAKE_PREFIX_PATH}:/opt/ros/humble /usr/bin/cmake --install /home/pretend/code/build/hik_camera[0m
[0.433s] [34mcolcon.colcon_core.event_handler.log_command[0m [1;30mDEBUG[0m [32mInvoked command in '/home/pretend/code/build/video_trial_node' returned '0': CMAKE_PREFIX_PATH=${CMAKE_PREFIX_PATH}:/opt/ros/humble /usr/bin/cmake --build /home/pretend/code/build/video_trial_node -- -j32 -l32[0m
[0.436s] [34mcolcon.colcon_core.event_handler.log_command[0m [1;30mDEBUG[0m [32mInvoking command in '/home/pretend/code/build/video_trial_node': CMAKE_PREFIX_PATH=${CMAKE_PREFIX_PATH}:/opt/ros/humble /usr/bin/cmake --install /home/pretend/code/build/video_trial_node[0m
[0.436s] [34mcolcon.colcon_core.environment[0m [1;30mLevel 1[0m create_environment_scripts_only(hik_camera)
[0.437s] [34mcolcon.colcon_core.environment[0m [1;30mLevel 1[0m checking '/home/pretend/code/install/hik_camera' for CMake module files
[0.437s] [34mcolcon.colcon_core.event_handler.log_command[0m [1;30mDEBUG[0m [32mInvoked command in '/home/pretend/code/build/hik_camera' returned '0': CMAKE_PREFIX_PATH=${CMAKE_PREFIX_PATH}:/opt/ros/humble /usr/bin/cmake --install /home/pretend/code/build/hik_camera[0m
[0.437s] [34mcolcon.colcon_core.environment[0m [1;30mLevel 1[0m checking '/home/pretend/code/install/hik_camera' for CMake config files
[0.438s] [34mcolcon.colcon_core.shell[0m [1;30mLevel 1[0m create_environment_hook('hik_camera', 'cmake_prefix_path')
[0.438s] [34mcolcon.colcon_core.shell[0m [1;30mINFO[0m Creating environment hook '/home/pretend/code/install/hik_camera/share/hik_camera/hook/cmake_prefix_path.ps1'
[0.438s] [34mcolcon.colcon_core.shell[0m [1;30mINFO[0m Creating environment descriptor '/home/pretend/code/install/hik_camera/share/hik_camera/hook/cmake_prefix_path.dsv'
[0.438s] [34mcolcon.colcon_core.shell[0m [1;30mINFO[0m Creating environment hook '/home/pretend/code/install/hik_camera/share/hik_camera/hook/cmake_prefix_path.sh'
[0.439s] [34mcolcon.colcon_core.environment[0m [1;30mLevel 1[0m checking '/home/pretend/code/install/hik_camera/lib'
[0.439s] [34mcolcon.colcon_core.shell[0m [1;30mLevel 1[0m create_environment_hook('hik_camera', 'ld_library_path_lib')
[0.439s] [34mcolcon.colcon_core.shell[0m [1;30mINFO[0m Creating environment hook '/home/pretend/code/install/hik_camera/share/hik_camera/hook/ld_library_path_lib.ps1'
[0.439s] [34mcolcon.colcon_core.shell[0m [1;30mINFO[0m Creating environment descriptor '/home/pretend/code/install/hik_camera/share/hik_camera/hook/ld_library_path_lib.dsv'
[0.439s] [34mcolcon.colcon_core.shell[0m [1;30mINFO[0m Creating environment hook '/home/pretend/code/install/hik_camera/share/hik_camera/hook/ld_library_path_lib.sh'
[0.439s] [34mcolcon.colcon_core.environment[0m [1;30mLevel 1[0m checking '/home/pretend/code/install/hik_camera/bin'
[0.439s] [34mcolcon.colcon_core.environment[0m [1;30mLevel 1[0m checking '/home/pretend/code/install/hik_camera/lib/pkgconfig/hik_camera.pc'
[0.440s] [34mcolcon.colcon_core.environment[0m [1;30mLevel 1[0m checking '/home/pretend/code/install/hik_camera/lib/python3.10/site-packages'
[0.440s] [34mcolcon.colcon_core.environment[0m [1;30mLevel 1[0m checking '/home/pretend/code/install/hik_camera/bin'
[0.440s] [34mcolcon.colcon_core.shell[0m [1;30mINFO[0m Creating package script '/home/pretend/code/install/hik_camera/share/hik_camera/package.ps1'
[0.441s] [34mcolcon.colcon_core.shell[0m [1;30mINFO[0m Creating package descriptor '/home/pretend/code/install/hik_camera/share/hik_camera/package.dsv'
[0.443s] [34mcolcon.colcon_core.shell[0m [1;30mINFO[0m Creating package script '/home/pretend/code/install/hik_camera/share/hik_camera/package.sh'
[0.443s] [34mcolcon.colcon_core.shell[0m [1;30mINFO[0m Creating package script '/home/pretend/code/install/hik_camera/share/hik_camera/package.bash'
[0.444s] [34mcolcon.colcon_core.shell[0m [1;30mINFO[0m Creating package script '/home/pretend/code/install/hik_camera/share/hik_camera/package.zsh'
[0.444s] [34mcolcon.colcon_core.environment[0m [1;30mLevel 1[0m create_file_with_runtime_dependencies(/home/pretend/code/install/hik_camera/share/colcon-core/packages/hik_camera)
[0.444s] [34mcolcon.colcon_core.environment[0m [1;30mLevel 1[0m create_environment_scripts_only(hik_camera)
[0.444s] [34mcolcon.colcon_core.environment[0m [1;30mLevel 1[0m checking '/home/pretend/code/install/hik_camera' for CMake module files
[0.445s] [34mcolcon.colcon_core.environment[0m [1;30mLevel 1[0m checking '/home/pretend/code/install/hik_camera' for CMake config files
[0.445s] [34mcolcon.colcon_core.shell[0m [1;30mLevel 1[0m create_environment_hook('hik_camera', 'cmake_prefix_path')
[0.445s] [34mcolcon.colcon_core.shell[0m [1;30mINFO[0m Creating environment hook '/home/pretend/code/install/hik_camera/share/hik_camera/hook/cmake_prefix_path.ps1'
[0.445s] [34mcolcon.colcon_core.shell[0m [1;30mINFO[0m Creating environment descriptor '/home/pretend/code/install/hik_camera/share/hik_camera/hook/cmake_prefix_path.dsv'
[0.445s] [34mcolcon.colcon_core.shell[0m [1;30mINFO[0m Creating environment hook '/home/pretend/code/install/hik_camera/share/hik_camera/hook/cmake_prefix_path.sh'
[0.445s] [34mcolcon.colcon_core.environment[0m [1;30mLevel 1[0m checking '/home/pretend/code/install/hik_camera/lib'
[0.446s] [34mcolcon.colcon_core.shell[0m [1;30mLevel 1[0m create_environment_hook('hik_camera', 'ld_library_path_lib')
[0.446s] [34mcolcon.colcon_core.shell[0m [1;30mINFO[0m Creating environment hook '/home/pretend/code/install/hik_camera/share/hik_camera/hook/ld_library_path_lib.ps1'
[0.446s] [34mcolcon.colcon_core.shell[0m [1;30mINFO[0m Creating environment descriptor '/home/pretend/code/install/hik_camera/share/hik_camera/hook/ld_library_path_lib.dsv'
[0.446s] [34mcolcon.colcon_core.shell[0m [1;30mINFO[0m Creating environment hook '/home/pretend/code/install/hik_camera/share/hik_camera/hook/ld_library_path_lib.sh'
[0.446s] [34mcolcon.colcon_core.environment[0m [1;30mLevel 1[0m checking '/home/pretend/code/install/hik_camera/bin'
[0.446s] [34mcolcon.colcon_core.environment[0m [1;30mLevel 1[0m checking '/home/pretend/code/install/hik_camera/lib/pkgconfig/hik_camera.pc'
[0.446s] [34mcolcon.colcon_core.environment[0m [1;30mLevel 1[0m checking '/home/pretend/code/install/hik_camera/lib/python3.10/site-packages'
[0.446s] [34mcolcon.colcon_core.environment[0m [1;30mLevel 1[0m checking '/home/pretend/code/install/hik_camera/bin'
[0.447s] [34mcolcon.colcon_core.shell[0m [1;30mINFO[0m Creating package script '/home/pretend/code/install/hik_camera/share/hik_camera/package.ps1'
[0.447s] [34mcolcon.colcon_core.shell[0m [1;30mINFO[0m Creating package descriptor '/home/pretend/code/install/hik_camera/share/hik_camera/package.dsv'
[0.447s] [34mcolcon.colcon_core.shell[0m [1;30mINFO[0m Creating package script '/home/pretend/code/install/hik_camera/share/hik_camera/package.sh'
[0.447s] [34mcolcon.colcon_core.shell[0m [1;30mINFO[0m Creating package script '/home/pretend/code/install/hik_camera/share/hik_camera/package.bash'
[0.447s] [34mcolcon.colcon_core.shell[0m [1;30mINFO[0m Creating package script '/home/pretend/code/install/hik_camera/share/hik_camera/package.zsh'
[0.448s] [34mcolcon.colcon_core.environment[0m [1;30mLevel 1[0m create_file_with_runtime_dependencies(/home/pretend/code/install/hik_camera/share/colcon-core/packages/hik_camera)
[0.449s] [34mcolcon.colcon_core.environment[0m [1;30mLevel 1[0m create_environment_scripts_only(video_trial_node)
[0.449s] [34mcolcon.colcon_core.environment[0m [1;30mLevel 1[0m checking '/home/pretend/code/install/video_trial_node' for CMake module files
[0.449s] [34mcolcon.colcon_core.event_handler.log_command[0m [1;30mDEBUG[0m [32mInvoked command in '/home/pretend/code/build/video_trial_node' returned '0': CMAKE_PREFIX_PATH=${CMAKE_PREFIX_PATH}:/opt/ros/humble /usr/bin/cmake --install /home/pretend/code/build/video_trial_node[0m
[0.449s] [34mcolcon.colcon_core.environment[0m [1;30mLevel 1[0m checking '/home/pretend/code/install/video_trial_node' for CMake config files
[0.449s] [34mcolcon.colcon_core.shell[0m [1;30mLevel 1[0m create_environment_hook('video_trial_node', 'cmake_prefix_path')
[0.450s] [34mcolcon.colcon_core.shell[0m [1;30mINFO[0m Creating environment hook '/home/pretend/code/install/video_trial_node/share/video_trial_node/hook/cmake_prefix_path.ps1'
[0.450s] [34mcolcon.colcon_core.shell[0m [1;30mINFO[0m Creating environment descriptor '/home/pretend/code/install/video_trial_node/share/video_trial_node/hook/cmake_prefix_path.dsv'
[0.450s] [34mcolcon.colcon_core.shell[0m [1;30mINFO[0m Creating environment hook '/home/pretend/code/install/video_trial_node/share/video_trial_node/hook/cmake_prefix_path.sh'
[0.450s] [34mcolcon.colcon_core.environment[0m [1;30mLevel 1[0m checking '/home/pretend/code/install/video_trial_node/lib'
[0.450s] [34mcolcon.colcon_core.shell[0m [1;30mLevel 1[0m create_environment_hook('video_trial_node', 'ld_library_path_lib')
[0.450s] [34mcolcon.colcon_core.shell[0m [1;30mINFO[0m Creating environment hook '/home/pretend/code/install/video_trial_node/share/video_trial_node/hook/ld_library_path_lib.ps1'
[0.451s] [34mcolcon.colcon_core.shell[0m [1;30mINFO[0m Creating environment descriptor '/home/pretend/code/install/video_trial_node/share/video_trial_node/hook/ld_library_path_lib.dsv'
[0.451s] [34mcolcon.colcon_core.shell[0m [1;30mINFO[0m Creating environment hook '/home/pretend/code/install/video_trial_node/share/video_trial_node/hook/ld_library_path_lib.sh'
[0.451s] [34mcolcon.colcon_core.environment[0m [1;30mLevel 1[0m checking '/home/pretend/code/install/video_trial_node/bin'
[0.451s] [34mcolcon.colcon_core.environment[0m [1;30mLevel 1[0m checking '/home/pretend/code/install/video_trial_node/lib/pkgconfig/video_trial_node.pc'
[0.451s] [34mcolcon.colcon_core.environment[0m [1;30mLevel 1[0m checking '/home/pretend/code/install/video_trial_node/lib/python3.10/site-packages'
[0.451s] [34mcolcon.colcon_core.environment[0m [1;30mLevel 1[0m checking '/home/pretend/code/install/video_trial_node/bin'
[0.451s] [34mcolcon.colcon_core.shell[0m [1;30mINFO[0m Creating package script '/home/pretend/code/install/video_trial_node/share/video_trial_node/package.ps1'
[0.452s] [34mcolcon.colcon_core.shell[0m [1;30mINFO[0m Creating package descriptor '/home/pretend/code/install/video_trial_node/share/video_trial_node/package.dsv'
[0.452s] [34mcolcon.colcon_core.shell[0m [1;30mINFO[0m Creating package script '/home/pretend/code/install/video_trial_node/share/video_trial_node/package.sh'
[0.452s] [34mcolcon.colcon_core.shell[0m [1;30mINFO[0m Creating package script '/home/pretend/code/install/video_trial_node/share/video_trial_node/package.bash'
[0.452s] [34mcolcon.colcon_core.shell[0m [1;30mINFO[0m Creating package script '/home/pretend/code/install/video_trial_node/share/video_trial_node/package.zsh'
[0.453s] [34mcolcon.colcon_core.environment[0m [1;30mLevel 1[0m create_file_with_runtime_dependencies(/home/pretend/code/install/video_trial_node/share/colcon-core/packages/video_trial_node)
[0.453s] [34mcolcon.colcon_core.environment[0m [1;30mLevel 1[0m create_environment_scripts_only(video_trial_node)
[0.453s] [34mcolcon.colcon_core.environment[0m [1;30mLevel 1[0m checking '/home/pretend/code/install/video_trial_node' for CMake module files
[0.453s] [34mcolcon.colcon_core.environment[0m [1;30mLevel 1[0m checking '/home/pretend/code/install/video_trial_node' for CMake config files
[0.453s] [34mcolcon.colcon_core.shell[0m [1;30mLevel 1[0m create_environment_hook('video_trial_node', 'cmake_prefix_path')
[0.454s] [34mcolcon.colcon_core.shell[0m [1;30mINFO[0m Creating environment hook '/home/pretend/code/install/video_trial_node/share/video_trial_node/hook/cmake_prefix_path.ps1'
[0.454s] [34mcolcon.colcon_core.shell[0m [1;30mINFO[0m Creating environment descriptor '/home/pretend/code/install/video_trial_node/share/video_trial_node/hook/cmake_prefix_path.dsv'
[0.454s] [34mcolcon.colcon_core.shell[0m [1;30mINFO[0m Creating environment hook '/home/pretend/code/install/video_trial_node/share/video_trial_node/hook/cmake_prefix_path.sh'
[0.454s] [34mcolcon.colcon_core.environment[0m [1;30mLevel 1[0m checking '/home/pretend/code/install/video_trial_node/lib'
[0.454s] [34mcolcon.colcon_core.shell[0m [1;30mLevel 1[0m create_environment_hook('video_trial_node', 'ld_library_path_lib')
[0.455s] [34mcolcon.colcon_core.shell[0m [1;30mINFO[0m Creating environment hook '/home/pretend/code/install/video_trial_node/share/video_trial_node/hook/ld_library_path_lib.ps1'
[0.455s] [34mcolcon.colcon_core.shell[0m [1;30mINFO[0m Creating environment descriptor '/home/pretend/code/install/video_trial_node/share/video_trial_node/hook/ld_library_path_lib.dsv'
[0.455s] [34mcolcon.colcon_core.shell[0m [1;30mINFO[0m Creating environment hook '/home/pretend/code/install/video_trial_node/share/video_trial_node/hook/ld_library_path_lib.sh'
[0.455s] [34mcolcon.colcon_core.environment[0m [1;30mLevel 1[0m checking '/home/pretend/code/install/video_trial_node/bin'
[0.455s] [34mcolcon.colcon_core.environment[0m [1;30mLevel 1[0m checking '/home/pretend/code/install/video_trial_node/lib/pkgconfig/video_trial_node.pc'
[0.455s] [34mcolcon.colcon_core.environment[0m [1;30mLevel 1[0m checking '/home/pretend/code/install/video_trial_node/lib/python3.10/site-packages'
[0.455s] [34mcolcon.colcon_core.environment[0m [1;30mLevel 1[0m checking '/home/pretend/code/install/video_trial_node/bin'
[0.456s] [34mcolcon.colcon_core.shell[0m [1;30mINFO[0m Creating package script '/home/pretend/code/install/video_trial_node/share/video_trial_node/package.ps1'
[0.456s] [34mcolcon.colcon_core.shell[0m [1;30mINFO[0m Creating package descriptor '/home/pretend/code/install/video_trial_node/share/video_trial_node/package.dsv'
[0.456s] [34mcolcon.colcon_core.shell[0m [1;30mINFO[0m Creating package script '/home/pretend/code/install/video_trial_node/share/video_trial_node/package.sh'
[0.456s] [34mcolcon.colcon_core.shell[0m [1;30mINFO[0m Creating package script '/home/pretend/code/install/video_trial_node/share/video_trial_node/package.bash'
[0.457s] [34mcolcon.colcon_core.shell[0m [1;30mINFO[0m Creating package script '/home/pretend/code/install/video_trial_node/share/video_trial_node/package.zsh'
[0.457s] [34mcolcon.colcon_core.environment[0m [1;30mLevel 1[0m create_file_with_runtime_dependencies(/home/pretend/code/install/video_trial_node/share/colcon-core/packages/video_trial_node)
[27.704s] [34mcolcon.colcon_core.event_handler.log_command[0m [1;30mDEBUG[0m [32mInvoked command in '/home/pretend/code/build/rm_rune_detect' returned '0': CMAKE_PREFIX_PATH=${CMAKE_PREFIX_PATH}:/opt/ros/humble /usr/bin/cmake --build /home/pretend/code/build/rm_rune_detect -- -j32 -l32[0m
[27.705s] [34mcolcon.colcon_core.event_handler.log_command[0m [1;30mDEBUG[0m [32mInvoking command in '/home/pretend/code/build/rm_rune_detect': CMAKE_PREFIX_PATH=${CMAKE_PREFIX_PATH}:/opt/ros/humble /usr/bin/cmake --install /home/pretend/code/build/rm_rune_detect[0m
[27.719s] [34mcolcon.colcon_core.environment[0m [1;30mLevel 1[0m create_environment_scripts_only(rm_rune_detect)
[27.719s] [34mcolcon.colcon_core.event_handler.log_command[0m [1;30mDEBUG[0m [32mInvoked command in '/home/pretend/code/build/rm_rune_detect' returned '0': CMAKE_PREFIX_PATH=${CMAKE_PREFIX_PATH}:/opt/ros/humble /usr/bin/cmake --install /home/pretend/code/build/rm_rune_detect[0m
[27.719s] [34mcolcon.colcon_core.environment[0m [1;30mLevel 1[0m checking '/home/pretend/code/install/rm_rune_detect' for CMake module files
[27.719s] [34mcolcon.colcon_core.environment[0m [1;30mLevel 1[0m checking '/home/pretend/code/install/rm_rune_detect' for CMake config files
[27.720s] [34mcolcon.colcon_core.shell[0m [1;30mLevel 1[0m create_environment_hook('rm_rune_detect', 'cmake_prefix_path')
[27.720s] [34mcolcon.colcon_core.shell[0m [1;30mINFO[0m Creating environment hook '/home/pretend/code/install/rm_rune_detect/share/rm_rune_detect/hook/cmake_prefix_path.ps1'
[27.720s] [34mcolcon.colcon_core.shell[0m [1;30mINFO[0m Creating environment descriptor '/home/pretend/code/install/rm_rune_detect/share/rm_rune_detect/hook/cmake_prefix_path.dsv'
[27.720s] [34mcolcon.colcon_core.shell[0m [1;30mINFO[0m Creating environment hook '/home/pretend/code/install/rm_rune_detect/share/rm_rune_detect/hook/cmake_prefix_path.sh'
[27.721s] [34mcolcon.colcon_core.environment[0m [1;30mLevel 1[0m checking '/home/pretend/code/install/rm_rune_detect/lib'
[27.721s] [34mcolcon.colcon_core.shell[0m [1;30mLevel 1[0m create_environment_hook('rm_rune_detect', 'ld_library_path_lib')
[27.721s] [34mcolcon.colcon_core.shell[0m [1;30mINFO[0m Creating environment hook '/home/pretend/code/install/rm_rune_detect/share/rm_rune_detect/hook/ld_library_path_lib.ps1'
[27.721s] [34mcolcon.colcon_core.shell[0m [1;30mINFO[0m Creating environment descriptor '/home/pretend/code/install/rm_rune_detect/share/rm_rune_detect/hook/ld_library_path_lib.dsv'
[27.721s] [34mcolcon.colcon_core.shell[0m [1;30mINFO[0m Creating environment hook '/home/pretend/code/install/rm_rune_detect/share/rm_rune_detect/hook/ld_library_path_lib.sh'
[27.721s] [34mcolcon.colcon_core.environment[0m [1;30mLevel 1[0m checking '/home/pretend/code/install/rm_rune_detect/bin'
[27.721s] [34mcolcon.colcon_core.environment[0m [1;30mLevel 1[0m checking '/home/pretend/code/install/rm_rune_detect/lib/pkgconfig/rm_rune_detect.pc'
[27.722s] [34mcolcon.colcon_core.environment[0m [1;30mLevel 1[0m checking '/home/pretend/code/install/rm_rune_detect/lib/python3.10/site-packages'
[27.722s] [34mcolcon.colcon_core.environment[0m [1;30mLevel 1[0m checking '/home/pretend/code/install/rm_rune_detect/bin'
[27.722s] [34mcolcon.colcon_core.shell[0m [1;30mINFO[0m Creating package script '/home/pretend/code/install/rm_rune_detect/share/rm_rune_detect/package.ps1'
[27.722s] [34mcolcon.colcon_core.shell[0m [1;30mINFO[0m Creating package descriptor '/home/pretend/code/install/rm_rune_detect/share/rm_rune_detect/package.dsv'
[27.722s] [34mcolcon.colcon_core.shell[0m [1;30mINFO[0m Creating package script '/home/pretend/code/install/rm_rune_detect/share/rm_rune_detect/package.sh'
[27.723s] [34mcolcon.colcon_core.shell[0m [1;30mINFO[0m Creating package script '/home/pretend/code/install/rm_rune_detect/share/rm_rune_detect/package.bash'
[27.723s] [34mcolcon.colcon_core.shell[0m [1;30mINFO[0m Creating package script '/home/pretend/code/install/rm_rune_detect/share/rm_rune_detect/package.zsh'
[27.723s] [34mcolcon.colcon_core.environment[0m [1;30mLevel 1[0m create_file_with_runtime_dependencies(/home/pretend/code/install/rm_rune_detect/share/colcon-core/packages/rm_rune_detect)
[27.723s] [34mcolcon.colcon_core.environment[0m [1;30mLevel 1[0m create_environment_scripts_only(rm_rune_detect)
[27.723s] [34mcolcon.colcon_core.environment[0m [1;30mLevel 1[0m checking '/home/pretend/code/install/rm_rune_detect' for CMake module files
[27.724s] [34mcolcon.colcon_core.environment[0m [1;30mLevel 1[0m checking '/home/pretend/code/install/rm_rune_detect' for CMake config files
[27.724s] [34mcolcon.colcon_core.shell[0m [1;30mLevel 1[0m create_environment_hook('rm_rune_detect', 'cmake_prefix_path')
[27.724s] [34mcolcon.colcon_core.shell[0m [1;30mINFO[0m Creating environment hook '/home/pretend/code/install/rm_rune_detect/share/rm_rune_detect/hook/cmake_prefix_path.ps1'
[27.724s] [34mcolcon.colcon_core.shell[0m [1;30mINFO[0m Creating environment descriptor '/home/pretend/code/install/rm_rune_detect/share/rm_rune_detect/hook/cmake_prefix_path.dsv'
[27.724s] [34mcolcon.colcon_core.shell[0m [1;30mINFO[0m Creating environment hook '/home/pretend/code/install/rm_rune_detect/share/rm_rune_detect/hook/cmake_prefix_path.sh'
[27.725s] [34mcolcon.colcon_core.environment[0m [1;30mLevel 1[0m checking '/home/pretend/code/install/rm_rune_detect/lib'
[27.725s] [34mcolcon.colcon_core.shell[0m [1;30mLevel 1[0m create_environment_hook('rm_rune_detect', 'ld_library_path_lib')
[27.725s] [34mcolcon.colcon_core.shell[0m [1;30mINFO[0m Creating environment hook '/home/pretend/code/install/rm_rune_detect/share/rm_rune_detect/hook/ld_library_path_lib.ps1'
[27.725s] [34mcolcon.colcon_core.shell[0m [1;30mINFO[0m Creating environment descriptor '/home/pretend/code/install/rm_rune_detect/share/rm_rune_detect/hook/ld_library_path_lib.dsv'
[27.725s] [34mcolcon.colcon_core.shell[0m [1;30mINFO[0m Creating environment hook '/home/pretend/code/install/rm_rune_detect/share/rm_rune_detect/hook/ld_library_path_lib.sh'
[27.725s] [34mcolcon.colcon_core.environment[0m [1;30mLevel 1[0m checking '/home/pretend/code/install/rm_rune_detect/bin'
[27.725s] [34mcolcon.colcon_core.environment[0m [1;30mLevel 1[0m checking '/home/pretend/code/install/rm_rune_detect/lib/pkgconfig/rm_rune_detect.pc'
[27.725s] [34mcolcon.colcon_core.environment[0m [1;30mLevel 1[0m checking '/home/pretend/code/install/rm_rune_detect/lib/python3.10/site-packages'
[27.725s] [34mcolcon.colcon_core.environment[0m [1;30mLevel 1[0m checking '/home/pretend/code/install/rm_rune_detect/bin'
[27.726s] [34mcolcon.colcon_core.shell[0m [1;30mINFO[0m Creating package script '/home/pretend/code/install/rm_rune_detect/share/rm_rune_detect/package.ps1'
[27.726s] [34mcolcon.colcon_core.shell[0m [1;30mINFO[0m Creating package descriptor '/home/pretend/code/install/rm_rune_detect/share/rm_rune_detect/package.dsv'
[27.726s] [34mcolcon.colcon_core.shell[0m [1;30mINFO[0m Creating package script '/home/pretend/code/install/rm_rune_detect/share/rm_rune_detect/package.sh'
[27.726s] [34mcolcon.colcon_core.shell[0m [1;30mINFO[0m Creating package script '/home/pretend/code/install/rm_rune_detect/share/rm_rune_detect/package.bash'
[27.726s] [34mcolcon.colcon_core.shell[0m [1;30mINFO[0m Creating package script '/home/pretend/code/install/rm_rune_detect/share/rm_rune_detect/package.zsh'
[27.726s] [34mcolcon.colcon_core.environment[0m [1;30mLevel 1[0m create_file_with_runtime_dependencies(/home/pretend/code/install/rm_rune_detect/share/colcon-core/packages/rm_rune_detect)
[27.727s] [34mcolcon.colcon_parallel_executor.executor.parallel[0m [1;30mDEBUG[0m [32mclosing loop[0m
[27.727s] [34mcolcon.colcon_parallel_executor.executor.parallel[0m [1;30mDEBUG[0m [32mloop closed[0m
[27.727s] [34mcolcon.colcon_parallel_executor.executor.parallel[0m [1;30mDEBUG[0m [32mrun_until_complete finished with '0'[0m
[27.727s] [34mcolcon.colcon_core.event_reactor[0m [1;30mDEBUG[0m [32mjoining thread[0m
[27.731s] [34mcolcon.colcon_core.plugin_system[0m [1;30mINFO[0m Skipping extension 'colcon_notification.desktop_notification.terminal_notifier': Not used on non-Darwin systems
[27.731s] [34mcolcon.colcon_core.plugin_system[0m [1;30mINFO[0m Skipping extension 'colcon_notification.desktop_notification.win32': Not used on non-Windows systems
[27.731s] [34mcolcon.colcon_notification.desktop_notification[0m [1;30mINFO[0m Sending desktop notification using 'notify2'
[27.736s] [34mcolcon.colcon_core.event_reactor[0m [1;30mDEBUG[0m [32mjoined thread[0m
[27.736s] [34mcolcon.colcon_core.shell[0m [1;30mINFO[0m Creating prefix script '/home/pretend/code/install/local_setup.ps1'
[27.737s] [34mcolcon.colcon_core.shell[0m [1;30mINFO[0m Creating prefix util module '/home/pretend/code/install/_local_setup_util_ps1.py'
[27.737s] [34mcolcon.colcon_core.shell[0m [1;30mINFO[0m Creating prefix chain script '/home/pretend/code/install/setup.ps1'
[27.738s] [34mcolcon.colcon_core.shell[0m [1;30mINFO[0m Creating prefix script '/home/pretend/code/install/local_setup.sh'
[27.738s] [34mcolcon.colcon_core.shell[0m [1;30mINFO[0m Creating prefix util module '/home/pretend/code/install/_local_setup_util_sh.py'
[27.739s] [34mcolcon.colcon_core.shell[0m [1;30mINFO[0m Creating prefix chain script '/home/pretend/code/install/setup.sh'
[27.739s] [34mcolcon.colcon_core.shell[0m [1;30mINFO[0m Creating prefix script '/home/pretend/code/install/local_setup.bash'
[27.740s] [34mcolcon.colcon_core.shell[0m [1;30mINFO[0m Creating prefix chain script '/home/pretend/code/install/setup.bash'
[27.740s] [34mcolcon.colcon_core.shell[0m [1;30mINFO[0m Creating prefix script '/home/pretend/code/install/local_setup.zsh'
[27.740s] [34mcolcon.colcon_core.shell[0m [1;30mINFO[0m Creating prefix chain script '/home/pretend/code/install/setup.zsh'
