-- Found ament_cmake: 1.3.11 (/opt/ros/humble/share/ament_cmake/cmake)
-- Override CMake install command with custom implementation using symlinks instead of copying resources
-- Found rclcpp: 16.0.12 (/opt/ros/humble/share/rclcpp/cmake)
-- Found rosidl_generator_c: 3.1.6 (/opt/ros/humble/share/rosidl_generator_c/cmake)
-- Found rosidl_adapter: 3.1.6 (/opt/ros/humble/share/rosidl_adapter/cmake)
-- Found rosidl_generator_cpp: 3.1.6 (/opt/ros/humble/share/rosidl_generator_cpp/cmake)
-- Using all available rosidl_typesupport_c: rosidl_typesupport_fastrtps_c;rosidl_typesupport_introspection_c
-- Using all available rosidl_typesupport_cpp: rosidl_typesupport_fastrtps_cpp;rosidl_typesupport_introspection_cpp
-- Found rmw_implementation_cmake: 6.1.2 (/opt/ros/humble/share/rmw_implementation_cmake/cmake)
-- Found rmw_fastrtps_cpp: 6.2.7 (/opt/ros/humble/share/rmw_fastrtps_cpp/cmake)
-- Using RMW implementation 'rmw_fastrtps_cpp' as default
-- Found rclcpp_components: 16.0.12 (/opt/ros/humble/share/rclcpp_components/cmake)
-- Found geometry_msgs: 4.8.0 (/opt/ros/humble/share/geometry_msgs/cmake)
-- Found rm_msgs: 0.0.0 (/home/pretend/code/install/rm_msgs/share/rm_msgs/cmake)
-- Found eigen3_cmake_module: 0.1.1 (/opt/ros/humble/share/eigen3_cmake_module/cmake)
-- Configuring done
-- Generating done
-- Build files have been written to: /home/pretend/code/build/rm_armor_tracker
[35m[1mConsolidate compiler generated dependencies of target armor_tracker_component[0m
[ 16%] [32mBuilding CXX object CMakeFiles/armor_tracker_component.dir/src/armor_tracker_node.cpp.o[0m
[ 33%] [32mBuilding CXX object CMakeFiles/armor_tracker_component.dir/src/single_armor_tracker.cpp.o[0m
[01m[K/home/pretend/code/src/rm_armor_tracker/src/armor_tracker_node.cpp:[m[K In member function ‘[01m[Kvoid rm_armor_tracker::ArmorTrackerNode::publishPrediction(const Header&)[m[K’:
[01m[K/home/pretend/code/src/rm_armor_tracker/src/armor_tracker_node.cpp:65:72:[m[K [01;35m[Kwarning: [m[Kunused parameter ‘[01m[Kheader[m[K’ [[01;35m[K]8;;https://gcc.gnu.org/onlinedocs/gcc/Warning-Options.html#index-Wunused-parameter-Wunused-parameter]8;;[m[K]
   65 | void ArmorTrackerNode::publishPrediction([01;35m[Kconst std_msgs::msg::Header & header[m[K)
      |                                          [01;35m[K~~~~~~~~~~~~~~~~~~~~~~~~~~~~~~^~~~~~[m[K
[01m[K/home/pretend/code/src/rm_armor_tracker/src/single_armor_tracker.cpp:[m[K In member function ‘[01m[Kdouble rm_armor_tracker::SingleArmorTracker::calculateFlightTime(const Vector3d&)[m[K’:
[01m[K/home/pretend/code/src/rm_armor_tracker/src/single_armor_tracker.cpp:354:19:[m[K [01;35m[Kwarning: [m[Kvariable ‘[01m[Kcurrent_quaternion[m[K’ set but not used [[01;35m[K]8;;https://gcc.gnu.org/onlinedocs/gcc/Warning-Options.html#index-Wunused-but-set-variable-Wunused-but-set-variable]8;;[m[K]
  354 |   Eigen::Vector4d [01;35m[Kcurrent_quaternion[m[K = state_.segment<4>(6);
      |                   [01;35m[K^~~~~~~~~~~~~~~~~~[m[K
[ 50%] [32m[1mLinking CXX shared library libarmor_tracker_component.so[0m
[ 66%] Built target armor_tracker_component
[35m[1mConsolidate compiler generated dependencies of target armor_tracker_node[0m
[ 83%] [32m[1mLinking CXX executable armor_tracker_node[0m
[100%] Built target armor_tracker_node
-- Install configuration: "Release"
-- Execute custom install script
-- Up-to-date symlink: /home/pretend/code/install/rm_armor_tracker/lib/libarmor_tracker_component.so
-- Up-to-date symlink: /home/pretend/code/install/rm_armor_tracker/lib/rm_armor_tracker/armor_tracker_node
-- Up-to-date symlink: /home/pretend/code/install/rm_armor_tracker/include/rm_armor_tracker/armor_tracker_node.hpp
-- Up-to-date symlink: /home/pretend/code/install/rm_armor_tracker/include/rm_armor_tracker/single_armor_tracker.hpp
-- Up-to-date symlink: /home/pretend/code/install/rm_armor_tracker/include/rm_armor_tracker/trajectory.hpp
-- Symlinking: /home/pretend/code/install/rm_armor_tracker/share/rm_armor_tracker/launch/armor_tracker.launch.py
-- Up-to-date symlink: /home/pretend/code/install/rm_armor_tracker/share/rm_armor_tracker/environment/library_path.sh
-- Up-to-date symlink: /home/pretend/code/install/rm_armor_tracker/share/rm_armor_tracker/environment/library_path.dsv
-- Up-to-date symlink: /home/pretend/code/install/rm_armor_tracker/share/ament_index/resource_index/package_run_dependencies/rm_armor_tracker
-- Up-to-date symlink: /home/pretend/code/install/rm_armor_tracker/share/ament_index/resource_index/parent_prefix_path/rm_armor_tracker
-- Up-to-date symlink: /home/pretend/code/install/rm_armor_tracker/share/rm_armor_tracker/environment/ament_prefix_path.sh
-- Up-to-date symlink: /home/pretend/code/install/rm_armor_tracker/share/rm_armor_tracker/environment/ament_prefix_path.dsv
-- Up-to-date symlink: /home/pretend/code/install/rm_armor_tracker/share/rm_armor_tracker/environment/path.sh
-- Up-to-date symlink: /home/pretend/code/install/rm_armor_tracker/share/rm_armor_tracker/environment/path.dsv
-- Up-to-date symlink: /home/pretend/code/install/rm_armor_tracker/share/rm_armor_tracker/local_setup.bash
-- Up-to-date symlink: /home/pretend/code/install/rm_armor_tracker/share/rm_armor_tracker/local_setup.sh
-- Up-to-date symlink: /home/pretend/code/install/rm_armor_tracker/share/rm_armor_tracker/local_setup.zsh
-- Up-to-date symlink: /home/pretend/code/install/rm_armor_tracker/share/rm_armor_tracker/local_setup.dsv
-- Symlinking: /home/pretend/code/install/rm_armor_tracker/share/rm_armor_tracker/package.dsv
-- Up-to-date symlink: /home/pretend/code/install/rm_armor_tracker/share/ament_index/resource_index/packages/rm_armor_tracker
-- Up-to-date symlink: /home/pretend/code/install/rm_armor_tracker/share/ament_index/resource_index/rclcpp_components/rm_armor_tracker
-- Up-to-date symlink: /home/pretend/code/install/rm_armor_tracker/share/rm_armor_tracker/cmake/ament_cmake_export_include_directories-extras.cmake
-- Up-to-date symlink: /home/pretend/code/install/rm_armor_tracker/share/rm_armor_tracker/cmake/ament_cmake_export_libraries-extras.cmake
-- Up-to-date symlink: /home/pretend/code/install/rm_armor_tracker/share/rm_armor_tracker/cmake/ament_cmake_export_dependencies-extras.cmake
-- Up-to-date symlink: /home/pretend/code/install/rm_armor_tracker/share/rm_armor_tracker/cmake/rm_armor_trackerConfig.cmake
-- Up-to-date symlink: /home/pretend/code/install/rm_armor_tracker/share/rm_armor_tracker/cmake/rm_armor_trackerConfig-version.cmake
-- Up-to-date symlink: /home/pretend/code/install/rm_armor_tracker/share/rm_armor_tracker/package.xml
