[0.012s] Invoking command in '/home/pretend/code/build/rm_startup': CMAKE_PREFIX_PATH=${CMAKE_PREFIX_PATH}:/opt/ros/humble /usr/bin/cmake --build /home/pretend/code/build/rm_startup -- -j32 -l32
[0.042s] Invoked command in '/home/pretend/code/build/rm_startup' returned '0': CMAKE_PREFIX_PATH=${CMAKE_PREFIX_PATH}:/opt/ros/humble /usr/bin/cmake --build /home/pretend/code/build/rm_startup -- -j32 -l32
[0.048s] Invoking command in '/home/pretend/code/build/rm_startup': CMAKE_PREFIX_PATH=${CMAKE_PREFIX_PATH}:/opt/ros/humble /usr/bin/cmake --install /home/pretend/code/build/rm_startup
[0.053s] -- Install configuration: ""
[0.053s] -- Up-to-date: /home/pretend/code/install/rm_startup/share/rm_startup/launch
[0.053s] -- Up-to-date: /home/pretend/code/install/rm_startup/share/rm_startup/launch/rm_launch.py
[0.053s] -- Up-to-date: /home/pretend/code/install/rm_startup/share/rm_startup/config
[0.053s] -- Up-to-date: /home/pretend/code/install/rm_startup/share/rm_startup/config/rm_camera_info.yaml
[0.053s] -- Up-to-date: /home/pretend/code/install/rm_startup/share/rm_startup/config/rm_node_parameters.yaml
[0.053s] -- Up-to-date: /home/pretend/code/install/rm_startup/share/rm_startup/config/rm_launch_parameters.yaml
[0.053s] -- Up-to-date: /home/pretend/code/install/rm_startup/share/ament_index/resource_index/package_run_dependencies/rm_startup
[0.053s] -- Up-to-date: /home/pretend/code/install/rm_startup/share/ament_index/resource_index/parent_prefix_path/rm_startup
[0.054s] -- Up-to-date: /home/pretend/code/install/rm_startup/share/rm_startup/environment/ament_prefix_path.sh
[0.054s] -- Up-to-date: /home/pretend/code/install/rm_startup/share/rm_startup/environment/ament_prefix_path.dsv
[0.054s] -- Up-to-date: /home/pretend/code/install/rm_startup/share/rm_startup/environment/path.sh
[0.054s] -- Up-to-date: /home/pretend/code/install/rm_startup/share/rm_startup/environment/path.dsv
[0.054s] -- Up-to-date: /home/pretend/code/install/rm_startup/share/rm_startup/local_setup.bash
[0.054s] -- Up-to-date: /home/pretend/code/install/rm_startup/share/rm_startup/local_setup.sh
[0.054s] -- Up-to-date: /home/pretend/code/install/rm_startup/share/rm_startup/local_setup.zsh
[0.054s] -- Up-to-date: /home/pretend/code/install/rm_startup/share/rm_startup/local_setup.dsv
[0.054s] -- Installing: /home/pretend/code/install/rm_startup/share/rm_startup/package.dsv
[0.054s] -- Up-to-date: /home/pretend/code/install/rm_startup/share/ament_index/resource_index/packages/rm_startup
[0.054s] -- Up-to-date: /home/pretend/code/install/rm_startup/share/rm_startup/cmake/rm_startupConfig.cmake
[0.054s] -- Up-to-date: /home/pretend/code/install/rm_startup/share/rm_startup/cmake/rm_startupConfig-version.cmake
[0.054s] -- Up-to-date: /home/pretend/code/install/rm_startup/share/rm_startup/package.xml
[0.055s] Invoked command in '/home/pretend/code/build/rm_startup' returned '0': CMAKE_PREFIX_PATH=${CMAKE_PREFIX_PATH}:/opt/ros/humble /usr/bin/cmake --install /home/pretend/code/build/rm_startup
