-- Found ament_cmake: 1.3.11 (/opt/ros/humble/share/ament_cmake/cmake)
-- Found rclcpp: 16.0.12 (/opt/ros/humble/share/rclcpp/cmake)
-- Found rosidl_generator_c: 3.1.6 (/opt/ros/humble/share/rosidl_generator_c/cmake)
-- Found rosidl_adapter: 3.1.6 (/opt/ros/humble/share/rosidl_adapter/cmake)
-- Found rosidl_generator_cpp: 3.1.6 (/opt/ros/humble/share/rosidl_generator_cpp/cmake)
-- Using all available rosidl_typesupport_c: rosidl_typesupport_fastrtps_c;rosidl_typesupport_introspection_c
-- Using all available rosidl_typesupport_cpp: rosidl_typesupport_fastrtps_cpp;rosidl_typesupport_introspection_cpp
-- Found rmw_implementation_cmake: 6.1.2 (/opt/ros/humble/share/rmw_implementation_cmake/cmake)
-- Found rmw_fastrtps_cpp: 6.2.7 (/opt/ros/humble/share/rmw_fastrtps_cpp/cmake)
-- Using RMW implementation 'rmw_fastrtps_cpp' as default
-- Found rclcpp_components: 16.0.12 (/opt/ros/humble/share/rclcpp_components/cmake)
-- Found sensor_msgs: 4.8.0 (/opt/ros/humble/share/sensor_msgs/cmake)
-- Found cv_bridge: 3.2.1 (/opt/ros/humble/share/cv_bridge/cmake)
-- Found image_transport: 3.1.11 (/opt/ros/humble/share/image_transport/cmake)
-- Found ament_lint_auto: 0.12.12 (/opt/ros/humble/share/ament_lint_auto/cmake)
-- Added test 'cppcheck' to perform static code analysis on C / C++ code
-- Configured cppcheck include dirs: /home/pretend/code/src/rm_armor_detect/include;$<BUILD_INTERFACE:/home/pretend/code/src/rm_armor_detect/include>
-- Configured cppcheck exclude dirs and/or files: 
-- Added test 'flake8' to check Python code syntax and style conventions
-- Added test 'lint_cmake' to check CMake code style
-- Added test 'pep257' to check Python code against some of the docstring style conventions in PEP 257
-- Added test 'uncrustify' to check C / C++ code style
-- Configured uncrustify additional arguments: 
-- Added test 'xmllint' to check XML markup files
-- Configuring done
-- Generating done
-- Build files have been written to: /home/pretend/code/build/rm_armor_detect
[35m[1mConsolidate compiler generated dependencies of target armor_detect[0m
[35m[1mConsolidate compiler generated dependencies of target armor_detect_component[0m
[35m[1mConsolidate compiler generated dependencies of target armor_detect_main[0m
[ 28%] Built target armor_detect
[ 42%] [32mBuilding CXX object CMakeFiles/armor_detect_component.dir/src/armor_detect_node.cpp.o[0m
[ 57%] [32mBuilding CXX object CMakeFiles/armor_detect_main.dir/src/armor_detect_main.cpp.o[0m
[ 71%] [32mBuilding CXX object CMakeFiles/armor_detect_main.dir/src/armor_detect_node.cpp.o[0m
[01m[K/home/pretend/code/src/rm_armor_detect/src/armor_detect_node.cpp:[m[K In constructor ‘[01m[Krm_armor_detect::ArmorDetectNode::ArmorDetectNode(const rclcpp::NodeOptions&)[m[K’:
[01m[K/home/pretend/code/src/rm_armor_detect/src/armor_detect_node.cpp:65:30:[m[K [01;31m[Kerror: [m[Kno matching function for call to ‘[01m[Kimage_transport::ImageTransport::subscribe(const char [11], int, std::_Bind_helper<false, void (rm_armor_detect::ArmorDetectNode::*)(std::shared_ptr<sensor_msgs::msg::Image_<std::allocator<void> > >), rm_armor_detect::ArmorDetectNode*, const std::_Placeholder<1>&>::type, const char [1], rmw_qos_profile_t&)[m[K’
   65 |   image_sub_ = [01;31m[Kit_->subscribe("/image_raw", 10,[m[K
      |                [01;31m[K~~~~~~~~~~~~~~^~~~~~~~~~~~~~~~~~[m[K
   66 | [01;31m[K    std::bind(&ArmorDetectNode::image_callback, this, std::placeholders::_1),[m[K
      |     [01;31m[K~~~~~~~~~~~~~~~~~~~~~~~~~~~~~~~~~~~~~~~~~~~~~~~~~~~~~~~~~~~~~~~~~~~~~~~~~[m[K
   67 | [01;31m[K    "", rclcpp::SensorDataQoS().get_rmw_qos_profile())[m[K;
      |     [01;31m[K~~~~~~~~~~~~~~~~~~~~~~~~~~~~~~~~~~~~~~~~~~~~~~~~~~[m[K
In file included from [01m[K/home/pretend/code/src/rm_armor_detect/include/rm_armor_detect/armor_detect_node.hpp:5[m[K,
                 from [01m[K/home/pretend/code/src/rm_armor_detect/src/armor_detect_node.cpp:1[m[K:
[01m[K/opt/ros/humble/include/image_transport/image_transport/image_transport.hpp:196:14:[m[K [01;36m[Knote: [m[Kcandidate: ‘[01m[Ktemplate<class T> image_transport::Subscriber image_transport::ImageTransport::subscribe(const string&, uint32_t, void (T::*)(const ImageConstPtr&), T*, const image_transport::TransportHints*)[m[K’
  196 |   Subscriber [01;36m[Ksubscribe[m[K(
      |              [01;36m[K^~~~~~~~~[m[K
[01m[K/opt/ros/humble/include/image_transport/image_transport/image_transport.hpp:196:14:[m[K [01;36m[Knote: [m[K  template argument deduction/substitution failed:
[01m[K/home/pretend/code/src/rm_armor_detect/src/armor_detect_node.cpp:65:30:[m[K [01;36m[Knote: [m[K  mismatched types ‘[01m[Kvoid (T::*)(const ImageConstPtr&)[m[K’ and ‘[01m[Kstd::_Bind<void (rm_armor_detect::ArmorDetectNode::*(rm_armor_detect::ArmorDetectNode*, std::_Placeholder<1>))(std::shared_ptr<sensor_msgs::msg::Image_<std::allocator<void> > >)>[m[K’
   65 |   image_sub_ = [01;36m[Kit_->subscribe("/image_raw", 10,[m[K
      |                [01;36m[K~~~~~~~~~~~~~~^~~~~~~~~~~~~~~~~~[m[K
   66 | [01;36m[K    std::bind(&ArmorDetectNode::image_callback, this, std::placeholders::_1),[m[K
      |     [01;36m[K~~~~~~~~~~~~~~~~~~~~~~~~~~~~~~~~~~~~~~~~~~~~~~~~~~~~~~~~~~~~~~~~~~~~~~~~~[m[K
   67 | [01;36m[K    "", rclcpp::SensorDataQoS().get_rmw_qos_profile())[m[K;
      |     [01;36m[K~~~~~~~~~~~~~~~~~~~~~~~~~~~~~~~~~~~~~~~~~~~~~~~~~~[m[K
In file included from [01m[K/home/pretend/code/src/rm_armor_detect/include/rm_armor_detect/armor_detect_node.hpp:5[m[K,
                 from [01m[K/home/pretend/code/src/rm_armor_detect/src/armor_detect_node.cpp:1[m[K:
[01m[K/opt/ros/humble/include/image_transport/image_transport/image_transport.hpp:210:14:[m[K [01;36m[Knote: [m[Kcandidate: ‘[01m[Ktemplate<class T> image_transport::Subscriber image_transport::ImageTransport::subscribe(const string&, uint32_t, void (T::*)(const ImageConstPtr&), T*, const image_transport::TransportHints*, rclcpp::SubscriptionOptions)[m[K’
  210 |   Subscriber [01;36m[Ksubscribe[m[K(
      |              [01;36m[K^~~~~~~~~[m[K
[01m[K/opt/ros/humble/include/image_transport/image_transport/image_transport.hpp:210:14:[m[K [01;36m[Knote: [m[K  template argument deduction/substitution failed:
[01m[K/home/pretend/code/src/rm_armor_detect/src/armor_detect_node.cpp:65:30:[m[K [01;36m[Knote: [m[K  mismatched types ‘[01m[Kvoid (T::*)(const ImageConstPtr&)[m[K’ and ‘[01m[Kstd::_Bind<void (rm_armor_detect::ArmorDetectNode::*(rm_armor_detect::ArmorDetectNode*, std::_Placeholder<1>))(std::shared_ptr<sensor_msgs::msg::Image_<std::allocator<void> > >)>[m[K’
   65 |   image_sub_ = [01;36m[Kit_->subscribe("/image_raw", 10,[m[K
      |                [01;36m[K~~~~~~~~~~~~~~^~~~~~~~~~~~~~~~~~[m[K
   66 | [01;36m[K    std::bind(&ArmorDetectNode::image_callback, this, std::placeholders::_1),[m[K
      |     [01;36m[K~~~~~~~~~~~~~~~~~~~~~~~~~~~~~~~~~~~~~~~~~~~~~~~~~~~~~~~~~~~~~~~~~~~~~~~~~[m[K
   67 | [01;36m[K    "", rclcpp::SensorDataQoS().get_rmw_qos_profile())[m[K;
      |     [01;36m[K~~~~~~~~~~~~~~~~~~~~~~~~~~~~~~~~~~~~~~~~~~~~~~~~~~[m[K
In file included from [01m[K/home/pretend/code/src/rm_armor_detect/include/rm_armor_detect/armor_detect_node.hpp:5[m[K,
                 from [01m[K/home/pretend/code/src/rm_armor_detect/src/armor_detect_node.cpp:1[m[K:
[01m[K/opt/ros/humble/include/image_transport/image_transport/image_transport.hpp:225:14:[m[K [01;36m[Knote: [m[Kcandidate: ‘[01m[Ktemplate<class T> image_transport::Subscriber image_transport::ImageTransport::subscribe(const string&, uint32_t, void (T::*)(const ImageConstPtr&), const std::shared_ptr<_Tp>&, const image_transport::TransportHints*)[m[K’
  225 |   Subscriber [01;36m[Ksubscribe[m[K(
      |              [01;36m[K^~~~~~~~~[m[K
[01m[K/opt/ros/humble/include/image_transport/image_transport/image_transport.hpp:225:14:[m[K [01;36m[Knote: [m[K  template argument deduction/substitution failed:
[01m[K/home/pretend/code/src/rm_armor_detect/src/armor_detect_node.cpp:65:30:[m[K [01;36m[Knote: [m[K  mismatched types ‘[01m[Kvoid (T::*)(const ImageConstPtr&)[m[K’ and ‘[01m[Kstd::_Bind<void (rm_armor_detect::ArmorDetectNode::*(rm_armor_detect::ArmorDetectNode*, std::_Placeholder<1>))(std::shared_ptr<sensor_msgs::msg::Image_<std::allocator<void> > >)>[m[K’
   65 |   image_sub_ = [01;36m[Kit_->subscribe("/image_raw", 10,[m[K
      |                [01;36m[K~~~~~~~~~~~~~~^~~~~~~~~~~~~~~~~~[m[K
   66 | [01;36m[K    std::bind(&ArmorDetectNode::image_callback, this, std::placeholders::_1),[m[K
      |     [01;36m[K~~~~~~~~~~~~~~~~~~~~~~~~~~~~~~~~~~~~~~~~~~~~~~~~~~~~~~~~~~~~~~~~~~~~~~~~~[m[K
   67 | [01;36m[K    "", rclcpp::SensorDataQoS().get_rmw_qos_profile())[m[K;
      |     [01;36m[K~~~~~~~~~~~~~~~~~~~~~~~~~~~~~~~~~~~~~~~~~~~~~~~~~~[m[K
In file included from [01m[K/home/pretend/code/src/rm_armor_detect/include/rm_armor_detect/armor_detect_node.hpp:5[m[K,
                 from [01m[K/home/pretend/code/src/rm_armor_detect/src/armor_detect_node.cpp:1[m[K:
[01m[K/opt/ros/humble/include/image_transport/image_transport/image_transport.hpp:240:14:[m[K [01;36m[Knote: [m[Kcandidate: ‘[01m[Ktemplate<class T> image_transport::Subscriber image_transport::ImageTransport::subscribe(const string&, uint32_t, void (T::*)(const ImageConstPtr&), const std::shared_ptr<_Tp>&, const image_transport::TransportHints*, rclcpp::SubscriptionOptions)[m[K’
  240 |   Subscriber [01;36m[Ksubscribe[m[K(
      |              [01;36m[K^~~~~~~~~[m[K
[01m[K/opt/ros/humble/include/image_transport/image_transport/image_transport.hpp:240:14:[m[K [01;36m[Knote: [m[K  template argument deduction/substitution failed:
[01m[K/home/pretend/code/src/rm_armor_detect/src/armor_detect_node.cpp:65:30:[m[K [01;36m[Knote: [m[K  mismatched types ‘[01m[Kvoid (T::*)(const ImageConstPtr&)[m[K’ and ‘[01m[Kstd::_Bind<void (rm_armor_detect::ArmorDetectNode::*(rm_armor_detect::ArmorDetectNode*, std::_Placeholder<1>))(std::shared_ptr<sensor_msgs::msg::Image_<std::allocator<void> > >)>[m[K’
   65 |   image_sub_ = [01;36m[Kit_->subscribe("/image_raw", 10,[m[K
      |                [01;36m[K~~~~~~~~~~~~~~^~~~~~~~~~~~~~~~~~[m[K
   66 | [01;36m[K    std::bind(&ArmorDetectNode::image_callback, this, std::placeholders::_1),[m[K
      |     [01;36m[K~~~~~~~~~~~~~~~~~~~~~~~~~~~~~~~~~~~~~~~~~~~~~~~~~~~~~~~~~~~~~~~~~~~~~~~~~[m[K
   67 | [01;36m[K    "", rclcpp::SensorDataQoS().get_rmw_qos_profile())[m[K;
      |     [01;36m[K~~~~~~~~~~~~~~~~~~~~~~~~~~~~~~~~~~~~~~~~~~~~~~~~~~[m[K
In file included from [01m[K/home/pretend/code/src/rm_armor_detect/include/rm_armor_detect/armor_detect_node.hpp:5[m[K,
                 from [01m[K/home/pretend/code/src/rm_armor_detect/src/armor_detect_node.cpp:1[m[K:
[01m[K/opt/ros/humble/include/image_transport/image_transport/image_transport.hpp:283:14:[m[K [01;36m[Knote: [m[Kcandidate: ‘[01m[Ktemplate<class T> image_transport::Subscriber image_transport::ImageTransport::subscribe(const string&, rmw_qos_profile_t, void (T::*)(const ImageConstPtr&), T*, const image_transport::TransportHints*, rclcpp::SubscriptionOptions)[m[K’
  283 |   Subscriber [01;36m[Ksubscribe[m[K(
      |              [01;36m[K^~~~~~~~~[m[K
[01m[K/opt/ros/humble/include/image_transport/image_transport/image_transport.hpp:283:14:[m[K [01;36m[Knote: [m[K  template argument deduction/substitution failed:
[01m[K/home/pretend/code/src/rm_armor_detect/src/armor_detect_node.cpp:65:30:[m[K [01;36m[Knote: [m[K  mismatched types ‘[01m[Kvoid (T::*)(const ImageConstPtr&)[m[K’ and ‘[01m[Kstd::_Bind<void (rm_armor_detect::ArmorDetectNode::*(rm_armor_detect::ArmorDetectNode*, std::_Placeholder<1>))(std::shared_ptr<sensor_msgs::msg::Image_<std::allocator<void> > >)>[m[K’
   65 |   image_sub_ = [01;36m[Kit_->subscribe("/image_raw", 10,[m[K
      |                [01;36m[K~~~~~~~~~~~~~~^~~~~~~~~~~~~~~~~~[m[K
   66 | [01;36m[K    std::bind(&ArmorDetectNode::image_callback, this, std::placeholders::_1),[m[K
      |     [01;36m[K~~~~~~~~~~~~~~~~~~~~~~~~~~~~~~~~~~~~~~~~~~~~~~~~~~~~~~~~~~~~~~~~~~~~~~~~~[m[K
   67 | [01;36m[K    "", rclcpp::SensorDataQoS().get_rmw_qos_profile())[m[K;
      |     [01;36m[K~~~~~~~~~~~~~~~~~~~~~~~~~~~~~~~~~~~~~~~~~~~~~~~~~~[m[K
In file included from [01m[K/home/pretend/code/src/rm_armor_detect/include/rm_armor_detect/armor_detect_node.hpp:5[m[K,
                 from [01m[K/home/pretend/code/src/rm_armor_detect/src/armor_detect_node.cpp:1[m[K:
[01m[K/opt/ros/humble/include/image_transport/image_transport/image_transport.hpp:298:14:[m[K [01;36m[Knote: [m[Kcandidate: ‘[01m[Ktemplate<class T> image_transport::Subscriber image_transport::ImageTransport::subscribe(const string&, rmw_qos_profile_t, void (T::*)(const ImageConstPtr&), const std::shared_ptr<_Tp>&, const image_transport::TransportHints*, rclcpp::SubscriptionOptions)[m[K’
  298 |   Subscriber [01;36m[Ksubscribe[m[K(
      |              [01;36m[K^~~~~~~~~[m[K
[01m[K/opt/ros/humble/include/image_transport/image_transport/image_transport.hpp:298:14:[m[K [01;36m[Knote: [m[K  template argument deduction/substitution failed:
[01m[K/home/pretend/code/src/rm_armor_detect/src/armor_detect_node.cpp:65:30:[m[K [01;36m[Knote: [m[K  mismatched types ‘[01m[Kvoid (T::*)(const ImageConstPtr&)[m[K’ and ‘[01m[Kstd::_Bind<void (rm_armor_detect::ArmorDetectNode::*(rm_armor_detect::ArmorDetectNode*, std::_Placeholder<1>))(std::shared_ptr<sensor_msgs::msg::Image_<std::allocator<void> > >)>[m[K’
   65 |   image_sub_ = [01;36m[Kit_->subscribe("/image_raw", 10,[m[K
      |                [01;36m[K~~~~~~~~~~~~~~^~~~~~~~~~~~~~~~~~[m[K
   66 | [01;36m[K    std::bind(&ArmorDetectNode::image_callback, this, std::placeholders::_1),[m[K
      |     [01;36m[K~~~~~~~~~~~~~~~~~~~~~~~~~~~~~~~~~~~~~~~~~~~~~~~~~~~~~~~~~~~~~~~~~~~~~~~~~[m[K
   67 | [01;36m[K    "", rclcpp::SensorDataQoS().get_rmw_qos_profile())[m[K;
      |     [01;36m[K~~~~~~~~~~~~~~~~~~~~~~~~~~~~~~~~~~~~~~~~~~~~~~~~~~[m[K
In file included from [01m[K/home/pretend/code/src/rm_armor_detect/include/rm_armor_detect/armor_detect_node.hpp:5[m[K,
                 from [01m[K/home/pretend/code/src/rm_armor_detect/src/armor_detect_node.cpp:1[m[K:
[01m[K/opt/ros/humble/include/image_transport/image_transport/image_transport.hpp:144:14:[m[K [01;36m[Knote: [m[Kcandidate: ‘[01m[Kimage_transport::Subscriber image_transport::ImageTransport::subscribe(const string&, uint32_t, const Callback&, const VoidPtr&, const image_transport::TransportHints*)[m[K’
  144 |   Subscriber [01;36m[Ksubscribe[m[K(
      |              [01;36m[K^~~~~~~~~[m[K
[01m[K/opt/ros/humble/include/image_transport/image_transport/image_transport.hpp:146:34:[m[K [01;36m[Knote: [m[K  no known conversion for argument 3 from ‘[01m[Kstd::_Bind_helper<false, void (rm_armor_detect::ArmorDetectNode::*)(std::shared_ptr<sensor_msgs::msg::Image_<std::allocator<void> > >), rm_armor_detect::ArmorDetectNode*, const std::_Placeholder<1>&>::type[m[K’ to ‘[01m[Kconst Callback&[m[K’ {aka ‘[01m[Kconst std::function<void(const std::shared_ptr<const sensor_msgs::msg::Image_<std::allocator<void> > >&)>&[m[K’}
  146 |     [01;36m[Kconst Subscriber::Callback & callback[m[K,
      |     [01;36m[K~~~~~~~~~~~~~~~~~~~~~~~~~~~~~^~~~~~~~[m[K
[01m[K/opt/ros/humble/include/image_transport/image_transport/image_transport.hpp:154:14:[m[K [01;36m[Knote: [m[Kcandidate: ‘[01m[Kimage_transport::Subscriber image_transport::ImageTransport::subscribe(const string&, uint32_t, const Callback&, const VoidPtr&, const image_transport::TransportHints*, rclcpp::SubscriptionOptions)[m[K’
  154 |   Subscriber [01;36m[Ksubscribe[m[K(
      |              [01;36m[K^~~~~~~~~[m[K
[01m[K/opt/ros/humble/include/image_transport/image_transport/image_transport.hpp:154:14:[m[K [01;36m[Knote: [m[K  candidate expects 6 arguments, 5 provided
[01m[K/opt/ros/humble/include/image_transport/image_transport/image_transport.hpp:165:14:[m[K [01;36m[Knote: [m[Kcandidate: ‘[01m[Kimage_transport::Subscriber image_transport::ImageTransport::subscribe(const string&, uint32_t, void (*)(const ImageConstPtr&), const image_transport::TransportHints*)[m[K’
  165 |   Subscriber [01;36m[Ksubscribe[m[K(
      |              [01;36m[K^~~~~~~~~[m[K
[01m[K/opt/ros/humble/include/image_transport/image_transport/image_transport.hpp:165:14:[m[K [01;36m[Knote: [m[K  candidate expects 4 arguments, 5 provided
[01m[K/opt/ros/humble/include/image_transport/image_transport/image_transport.hpp:180:14:[m[K [01;36m[Knote: [m[Kcandidate: ‘[01m[Kimage_transport::Subscriber image_transport::ImageTransport::subscribe(const string&, uint32_t, void (*)(const ImageConstPtr&), const image_transport::TransportHints*, rclcpp::SubscriptionOptions)[m[K’
  180 |   Subscriber [01;36m[Ksubscribe[m[K(
      |              [01;36m[K^~~~~~~~~[m[K
[01m[K/opt/ros/humble/include/image_transport/image_transport/image_transport.hpp:182:13:[m[K [01;36m[Knote: [m[K  no known conversion for argument 3 from ‘[01m[Kstd::_Bind_helper<false, void (rm_armor_detect::ArmorDetectNode::*)(std::shared_ptr<sensor_msgs::msg::Image_<std::allocator<void> > >), rm_armor_detect::ArmorDetectNode*, const std::_Placeholder<1>&>::type[m[K’ to ‘[01m[Kvoid (*)(const ImageConstPtr&)[m[K’ {aka ‘[01m[Kvoid (*)(const std::shared_ptr<const sensor_msgs::msg::Image_<std::allocator<void> > >&)[m[K’}
  182 |     [01;36m[Kvoid (* fp)(const ImageConstPtr &)[m[K,
      |     [01;36m[K~~~~~~~~^~~~~~~~~~~~~~~~~~~~~~~~~~[m[K
[01m[K/opt/ros/humble/include/image_transport/image_transport/image_transport.hpp:256:14:[m[K [01;36m[Knote: [m[Kcandidate: ‘[01m[Kimage_transport::Subscriber image_transport::ImageTransport::subscribe(const string&, rmw_qos_profile_t, const Callback&, const VoidPtr&, const image_transport::TransportHints*, rclcpp::SubscriptionOptions)[m[K’
  256 |   Subscriber [01;36m[Ksubscribe[m[K(
      |              [01;36m[K^~~~~~~~~[m[K
[01m[K/opt/ros/humble/include/image_transport/image_transport/image_transport.hpp:256:14:[m[K [01;36m[Knote: [m[K  candidate expects 6 arguments, 5 provided
[01m[K/opt/ros/humble/include/image_transport/image_transport/image_transport.hpp:267:14:[m[K [01;36m[Knote: [m[Kcandidate: ‘[01m[Kimage_transport::Subscriber image_transport::ImageTransport::subscribe(const string&, rmw_qos_profile_t, void (*)(const ImageConstPtr&), const image_transport::TransportHints*, rclcpp::SubscriptionOptions)[m[K’
  267 |   Subscriber [01;36m[Ksubscribe[m[K(
      |              [01;36m[K^~~~~~~~~[m[K
[01m[K/opt/ros/humble/include/image_transport/image_transport/image_transport.hpp:268:55:[m[K [01;36m[Knote: [m[K  no known conversion for argument 2 from ‘[01m[Kint[m[K’ to ‘[01m[Krmw_qos_profile_t[m[K’ {aka ‘[01m[Krmw_qos_profile_s[m[K’}
  268 |     const std::string & base_topic, [01;36m[Krmw_qos_profile_t custom_qos[m[K,
      |                                     [01;36m[K~~~~~~~~~~~~~~~~~~^~~~~~~~~~[m[K
[01m[K/home/pretend/code/src/rm_armor_detect/src/armor_detect_node.cpp:[m[K In constructor ‘[01m[Krm_armor_detect::ArmorDetectNode::ArmorDetectNode(const rclcpp::NodeOptions&)[m[K’:
[01m[K/home/pretend/code/src/rm_armor_detect/src/armor_detect_node.cpp:65:30:[m[K [01;31m[Kerror: [m[Kno matching function for call to ‘[01m[Kimage_transport::ImageTransport::subscribe(const char [11], int, std::_Bind_helper<false, void (rm_armor_detect::ArmorDetectNode::*)(std::shared_ptr<sensor_msgs::msg::Image_<std::allocator<void> > >), rm_armor_detect::ArmorDetectNode*, const std::_Placeholder<1>&>::type, const char [1], rmw_qos_profile_t&)[m[K’
   65 |   image_sub_ = [01;31m[Kit_->subscribe("/image_raw", 10,[m[K
      |                [01;31m[K~~~~~~~~~~~~~~^~~~~~~~~~~~~~~~~~[m[K
   66 | [01;31m[K    std::bind(&ArmorDetectNode::image_callback, this, std::placeholders::_1),[m[K
      |     [01;31m[K~~~~~~~~~~~~~~~~~~~~~~~~~~~~~~~~~~~~~~~~~~~~~~~~~~~~~~~~~~~~~~~~~~~~~~~~~[m[K
   67 | [01;31m[K    "", rclcpp::SensorDataQoS().get_rmw_qos_profile())[m[K;
      |     [01;31m[K~~~~~~~~~~~~~~~~~~~~~~~~~~~~~~~~~~~~~~~~~~~~~~~~~~[m[K
In file included from [01m[K/home/pretend/code/src/rm_armor_detect/include/rm_armor_detect/armor_detect_node.hpp:5[m[K,
                 from [01m[K/home/pretend/code/src/rm_armor_detect/src/armor_detect_node.cpp:1[m[K:
[01m[K/opt/ros/humble/include/image_transport/image_transport/image_transport.hpp:196:14:[m[K [01;36m[Knote: [m[Kcandidate: ‘[01m[Ktemplate<class T> image_transport::Subscriber image_transport::ImageTransport::subscribe(const string&, uint32_t, void (T::*)(const ImageConstPtr&), T*, const image_transport::TransportHints*)[m[K’
  196 |   Subscriber [01;36m[Ksubscribe[m[K(
      |              [01;36m[K^~~~~~~~~[m[K
[01m[K/opt/ros/humble/include/image_transport/image_transport/image_transport.hpp:196:14:[m[K [01;36m[Knote: [m[K  template argument deduction/substitution failed:
[01m[K/home/pretend/code/src/rm_armor_detect/src/armor_detect_node.cpp:65:30:[m[K [01;36m[Knote: [m[K  mismatched types ‘[01m[Kvoid (T::*)(const ImageConstPtr&)[m[K’ and ‘[01m[Kstd::_Bind<void (rm_armor_detect::ArmorDetectNode::*(rm_armor_detect::ArmorDetectNode*, std::_Placeholder<1>))(std::shared_ptr<sensor_msgs::msg::Image_<std::allocator<void> > >)>[m[K’
   65 |   image_sub_ = [01;36m[Kit_->subscribe("/image_raw", 10,[m[K
      |                [01;36m[K~~~~~~~~~~~~~~^~~~~~~~~~~~~~~~~~[m[K
   66 | [01;36m[K    std::bind(&ArmorDetectNode::image_callback, this, std::placeholders::_1),[m[K
      |     [01;36m[K~~~~~~~~~~~~~~~~~~~~~~~~~~~~~~~~~~~~~~~~~~~~~~~~~~~~~~~~~~~~~~~~~~~~~~~~~[m[K
   67 | [01;36m[K    "", rclcpp::SensorDataQoS().get_rmw_qos_profile())[m[K;
      |     [01;36m[K~~~~~~~~~~~~~~~~~~~~~~~~~~~~~~~~~~~~~~~~~~~~~~~~~~[m[K
In file included from [01m[K/home/pretend/code/src/rm_armor_detect/include/rm_armor_detect/armor_detect_node.hpp:5[m[K,
                 from [01m[K/home/pretend/code/src/rm_armor_detect/src/armor_detect_node.cpp:1[m[K:
[01m[K/opt/ros/humble/include/image_transport/image_transport/image_transport.hpp:210:14:[m[K [01;36m[Knote: [m[Kcandidate: ‘[01m[Ktemplate<class T> image_transport::Subscriber image_transport::ImageTransport::subscribe(const string&, uint32_t, void (T::*)(const ImageConstPtr&), T*, const image_transport::TransportHints*, rclcpp::SubscriptionOptions)[m[K’
  210 |   Subscriber [01;36m[Ksubscribe[m[K(
      |              [01;36m[K^~~~~~~~~[m[K
[01m[K/opt/ros/humble/include/image_transport/image_transport/image_transport.hpp:210:14:[m[K [01;36m[Knote: [m[K  template argument deduction/substitution failed:
[01m[K/home/pretend/code/src/rm_armor_detect/src/armor_detect_node.cpp:65:30:[m[K [01;36m[Knote: [m[K  mismatched types ‘[01m[Kvoid (T::*)(const ImageConstPtr&)[m[K’ and ‘[01m[Kstd::_Bind<void (rm_armor_detect::ArmorDetectNode::*(rm_armor_detect::ArmorDetectNode*, std::_Placeholder<1>))(std::shared_ptr<sensor_msgs::msg::Image_<std::allocator<void> > >)>[m[K’
   65 |   image_sub_ = [01;36m[Kit_->subscribe("/image_raw", 10,[m[K
      |                [01;36m[K~~~~~~~~~~~~~~^~~~~~~~~~~~~~~~~~[m[K
   66 | [01;36m[K    std::bind(&ArmorDetectNode::image_callback, this, std::placeholders::_1),[m[K
      |     [01;36m[K~~~~~~~~~~~~~~~~~~~~~~~~~~~~~~~~~~~~~~~~~~~~~~~~~~~~~~~~~~~~~~~~~~~~~~~~~[m[K
   67 | [01;36m[K    "", rclcpp::SensorDataQoS().get_rmw_qos_profile())[m[K;
      |     [01;36m[K~~~~~~~~~~~~~~~~~~~~~~~~~~~~~~~~~~~~~~~~~~~~~~~~~~[m[K
In file included from [01m[K/home/pretend/code/src/rm_armor_detect/include/rm_armor_detect/armor_detect_node.hpp:5[m[K,
                 from [01m[K/home/pretend/code/src/rm_armor_detect/src/armor_detect_node.cpp:1[m[K:
[01m[K/opt/ros/humble/include/image_transport/image_transport/image_transport.hpp:225:14:[m[K [01;36m[Knote: [m[Kcandidate: ‘[01m[Ktemplate<class T> image_transport::Subscriber image_transport::ImageTransport::subscribe(const string&, uint32_t, void (T::*)(const ImageConstPtr&), const std::shared_ptr<_Tp>&, const image_transport::TransportHints*)[m[K’
  225 |   Subscriber [01;36m[Ksubscribe[m[K(
      |              [01;36m[K^~~~~~~~~[m[K
[01m[K/opt/ros/humble/include/image_transport/image_transport/image_transport.hpp:225:14:[m[K [01;36m[Knote: [m[K  template argument deduction/substitution failed:
[01m[K/home/pretend/code/src/rm_armor_detect/src/armor_detect_node.cpp:65:30:[m[K [01;36m[Knote: [m[K  mismatched types ‘[01m[Kvoid (T::*)(const ImageConstPtr&)[m[K’ and ‘[01m[Kstd::_Bind<void (rm_armor_detect::ArmorDetectNode::*(rm_armor_detect::ArmorDetectNode*, std::_Placeholder<1>))(std::shared_ptr<sensor_msgs::msg::Image_<std::allocator<void> > >)>[m[K’
   65 |   image_sub_ = [01;36m[Kit_->subscribe("/image_raw", 10,[m[K
      |                [01;36m[K~~~~~~~~~~~~~~^~~~~~~~~~~~~~~~~~[m[K
   66 | [01;36m[K    std::bind(&ArmorDetectNode::image_callback, this, std::placeholders::_1),[m[K
      |     [01;36m[K~~~~~~~~~~~~~~~~~~~~~~~~~~~~~~~~~~~~~~~~~~~~~~~~~~~~~~~~~~~~~~~~~~~~~~~~~[m[K
   67 | [01;36m[K    "", rclcpp::SensorDataQoS().get_rmw_qos_profile())[m[K;
      |     [01;36m[K~~~~~~~~~~~~~~~~~~~~~~~~~~~~~~~~~~~~~~~~~~~~~~~~~~[m[K
In file included from [01m[K/home/pretend/code/src/rm_armor_detect/include/rm_armor_detect/armor_detect_node.hpp:5[m[K,
                 from [01m[K/home/pretend/code/src/rm_armor_detect/src/armor_detect_node.cpp:1[m[K:
[01m[K/opt/ros/humble/include/image_transport/image_transport/image_transport.hpp:240:14:[m[K [01;36m[Knote: [m[Kcandidate: ‘[01m[Ktemplate<class T> image_transport::Subscriber image_transport::ImageTransport::subscribe(const string&, uint32_t, void (T::*)(const ImageConstPtr&), const std::shared_ptr<_Tp>&, const image_transport::TransportHints*, rclcpp::SubscriptionOptions)[m[K’
  240 |   Subscriber [01;36m[Ksubscribe[m[K(
      |              [01;36m[K^~~~~~~~~[m[K
[01m[K/opt/ros/humble/include/image_transport/image_transport/image_transport.hpp:240:14:[m[K [01;36m[Knote: [m[K  template argument deduction/substitution failed:
[01m[K/home/pretend/code/src/rm_armor_detect/src/armor_detect_node.cpp:65:30:[m[K [01;36m[Knote: [m[K  mismatched types ‘[01m[Kvoid (T::*)(const ImageConstPtr&)[m[K’ and ‘[01m[Kstd::_Bind<void (rm_armor_detect::ArmorDetectNode::*(rm_armor_detect::ArmorDetectNode*, std::_Placeholder<1>))(std::shared_ptr<sensor_msgs::msg::Image_<std::allocator<void> > >)>[m[K’
   65 |   image_sub_ = [01;36m[Kit_->subscribe("/image_raw", 10,[m[K
      |                [01;36m[K~~~~~~~~~~~~~~^~~~~~~~~~~~~~~~~~[m[K
   66 | [01;36m[K    std::bind(&ArmorDetectNode::image_callback, this, std::placeholders::_1),[m[K
      |     [01;36m[K~~~~~~~~~~~~~~~~~~~~~~~~~~~~~~~~~~~~~~~~~~~~~~~~~~~~~~~~~~~~~~~~~~~~~~~~~[m[K
   67 | [01;36m[K    "", rclcpp::SensorDataQoS().get_rmw_qos_profile())[m[K;
      |     [01;36m[K~~~~~~~~~~~~~~~~~~~~~~~~~~~~~~~~~~~~~~~~~~~~~~~~~~[m[K
In file included from [01m[K/home/pretend/code/src/rm_armor_detect/include/rm_armor_detect/armor_detect_node.hpp:5[m[K,
                 from [01m[K/home/pretend/code/src/rm_armor_detect/src/armor_detect_node.cpp:1[m[K:
[01m[K/opt/ros/humble/include/image_transport/image_transport/image_transport.hpp:283:14:[m[K [01;36m[Knote: [m[Kcandidate: ‘[01m[Ktemplate<class T> image_transport::Subscriber image_transport::ImageTransport::subscribe(const string&, rmw_qos_profile_t, void (T::*)(const ImageConstPtr&), T*, const image_transport::TransportHints*, rclcpp::SubscriptionOptions)[m[K’
  283 |   Subscriber [01;36m[Ksubscribe[m[K(
      |              [01;36m[K^~~~~~~~~[m[K
[01m[K/opt/ros/humble/include/image_transport/image_transport/image_transport.hpp:283:14:[m[K [01;36m[Knote: [m[K  template argument deduction/substitution failed:
[01m[K/home/pretend/code/src/rm_armor_detect/src/armor_detect_node.cpp:65:30:[m[K [01;36m[Knote: [m[K  mismatched types ‘[01m[Kvoid (T::*)(const ImageConstPtr&)[m[K’ and ‘[01m[Kstd::_Bind<void (rm_armor_detect::ArmorDetectNode::*(rm_armor_detect::ArmorDetectNode*, std::_Placeholder<1>))(std::shared_ptr<sensor_msgs::msg::Image_<std::allocator<void> > >)>[m[K’
   65 |   image_sub_ = [01;36m[Kit_->subscribe("/image_raw", 10,[m[K
      |                [01;36m[K~~~~~~~~~~~~~~^~~~~~~~~~~~~~~~~~[m[K
   66 | [01;36m[K    std::bind(&ArmorDetectNode::image_callback, this, std::placeholders::_1),[m[K
      |     [01;36m[K~~~~~~~~~~~~~~~~~~~~~~~~~~~~~~~~~~~~~~~~~~~~~~~~~~~~~~~~~~~~~~~~~~~~~~~~~[m[K
   67 | [01;36m[K    "", rclcpp::SensorDataQoS().get_rmw_qos_profile())[m[K;
      |     [01;36m[K~~~~~~~~~~~~~~~~~~~~~~~~~~~~~~~~~~~~~~~~~~~~~~~~~~[m[K
In file included from [01m[K/home/pretend/code/src/rm_armor_detect/include/rm_armor_detect/armor_detect_node.hpp:5[m[K,
                 from [01m[K/home/pretend/code/src/rm_armor_detect/src/armor_detect_node.cpp:1[m[K:
[01m[K/opt/ros/humble/include/image_transport/image_transport/image_transport.hpp:298:14:[m[K [01;36m[Knote: [m[Kcandidate: ‘[01m[Ktemplate<class T> image_transport::Subscriber image_transport::ImageTransport::subscribe(const string&, rmw_qos_profile_t, void (T::*)(const ImageConstPtr&), const std::shared_ptr<_Tp>&, const image_transport::TransportHints*, rclcpp::SubscriptionOptions)[m[K’
  298 |   Subscriber [01;36m[Ksubscribe[m[K(
      |              [01;36m[K^~~~~~~~~[m[K
[01m[K/opt/ros/humble/include/image_transport/image_transport/image_transport.hpp:298:14:[m[K [01;36m[Knote: [m[K  template argument deduction/substitution failed:
[01m[K/home/pretend/code/src/rm_armor_detect/src/armor_detect_node.cpp:65:30:[m[K [01;36m[Knote: [m[K  mismatched types ‘[01m[Kvoid (T::*)(const ImageConstPtr&)[m[K’ and ‘[01m[Kstd::_Bind<void (rm_armor_detect::ArmorDetectNode::*(rm_armor_detect::ArmorDetectNode*, std::_Placeholder<1>))(std::shared_ptr<sensor_msgs::msg::Image_<std::allocator<void> > >)>[m[K’
   65 |   image_sub_ = [01;36m[Kit_->subscribe("/image_raw", 10,[m[K
      |                [01;36m[K~~~~~~~~~~~~~~^~~~~~~~~~~~~~~~~~[m[K
   66 | [01;36m[K    std::bind(&ArmorDetectNode::image_callback, this, std::placeholders::_1),[m[K
      |     [01;36m[K~~~~~~~~~~~~~~~~~~~~~~~~~~~~~~~~~~~~~~~~~~~~~~~~~~~~~~~~~~~~~~~~~~~~~~~~~[m[K
   67 | [01;36m[K    "", rclcpp::SensorDataQoS().get_rmw_qos_profile())[m[K;
      |     [01;36m[K~~~~~~~~~~~~~~~~~~~~~~~~~~~~~~~~~~~~~~~~~~~~~~~~~~[m[K
In file included from [01m[K/home/pretend/code/src/rm_armor_detect/include/rm_armor_detect/armor_detect_node.hpp:5[m[K,
                 from [01m[K/home/pretend/code/src/rm_armor_detect/src/armor_detect_node.cpp:1[m[K:
[01m[K/opt/ros/humble/include/image_transport/image_transport/image_transport.hpp:144:14:[m[K [01;36m[Knote: [m[Kcandidate: ‘[01m[Kimage_transport::Subscriber image_transport::ImageTransport::subscribe(const string&, uint32_t, const Callback&, const VoidPtr&, const image_transport::TransportHints*)[m[K’
  144 |   Subscriber [01;36m[Ksubscribe[m[K(
      |              [01;36m[K^~~~~~~~~[m[K
[01m[K/opt/ros/humble/include/image_transport/image_transport/image_transport.hpp:146:34:[m[K [01;36m[Knote: [m[K  no known conversion for argument 3 from ‘[01m[Kstd::_Bind_helper<false, void (rm_armor_detect::ArmorDetectNode::*)(std::shared_ptr<sensor_msgs::msg::Image_<std::allocator<void> > >), rm_armor_detect::ArmorDetectNode*, const std::_Placeholder<1>&>::type[m[K’ to ‘[01m[Kconst Callback&[m[K’ {aka ‘[01m[Kconst std::function<void(const std::shared_ptr<const sensor_msgs::msg::Image_<std::allocator<void> > >&)>&[m[K’}
  146 |     [01;36m[Kconst Subscriber::Callback & callback[m[K,
      |     [01;36m[K~~~~~~~~~~~~~~~~~~~~~~~~~~~~~^~~~~~~~[m[K
[01m[K/opt/ros/humble/include/image_transport/image_transport/image_transport.hpp:154:14:[m[K [01;36m[Knote: [m[Kcandidate: ‘[01m[Kimage_transport::Subscriber image_transport::ImageTransport::subscribe(const string&, uint32_t, const Callback&, const VoidPtr&, const image_transport::TransportHints*, rclcpp::SubscriptionOptions)[m[K’
  154 |   Subscriber [01;36m[Ksubscribe[m[K(
      |              [01;36m[K^~~~~~~~~[m[K
[01m[K/opt/ros/humble/include/image_transport/image_transport/image_transport.hpp:154:14:[m[K [01;36m[Knote: [m[K  candidate expects 6 arguments, 5 provided
[01m[K/opt/ros/humble/include/image_transport/image_transport/image_transport.hpp:165:14:[m[K [01;36m[Knote: [m[Kcandidate: ‘[01m[Kimage_transport::Subscriber image_transport::ImageTransport::subscribe(const string&, uint32_t, void (*)(const ImageConstPtr&), const image_transport::TransportHints*)[m[K’
  165 |   Subscriber [01;36m[Ksubscribe[m[K(
      |              [01;36m[K^~~~~~~~~[m[K
[01m[K/opt/ros/humble/include/image_transport/image_transport/image_transport.hpp:165:14:[m[K [01;36m[Knote: [m[K  candidate expects 4 arguments, 5 provided
[01m[K/opt/ros/humble/include/image_transport/image_transport/image_transport.hpp:180:14:[m[K [01;36m[Knote: [m[Kcandidate: ‘[01m[Kimage_transport::Subscriber image_transport::ImageTransport::subscribe(const string&, uint32_t, void (*)(const ImageConstPtr&), const image_transport::TransportHints*, rclcpp::SubscriptionOptions)[m[K’
  180 |   Subscriber [01;36m[Ksubscribe[m[K(
      |              [01;36m[K^~~~~~~~~[m[K
[01m[K/opt/ros/humble/include/image_transport/image_transport/image_transport.hpp:182:13:[m[K [01;36m[Knote: [m[K  no known conversion for argument 3 from ‘[01m[Kstd::_Bind_helper<false, void (rm_armor_detect::ArmorDetectNode::*)(std::shared_ptr<sensor_msgs::msg::Image_<std::allocator<void> > >), rm_armor_detect::ArmorDetectNode*, const std::_Placeholder<1>&>::type[m[K’ to ‘[01m[Kvoid (*)(const ImageConstPtr&)[m[K’ {aka ‘[01m[Kvoid (*)(const std::shared_ptr<const sensor_msgs::msg::Image_<std::allocator<void> > >&)[m[K’}
  182 |     [01;36m[Kvoid (* fp)(const ImageConstPtr &)[m[K,
      |     [01;36m[K~~~~~~~~^~~~~~~~~~~~~~~~~~~~~~~~~~[m[K
[01m[K/opt/ros/humble/include/image_transport/image_transport/image_transport.hpp:256:14:[m[K [01;36m[Knote: [m[Kcandidate: ‘[01m[Kimage_transport::Subscriber image_transport::ImageTransport::subscribe(const string&, rmw_qos_profile_t, const Callback&, const VoidPtr&, const image_transport::TransportHints*, rclcpp::SubscriptionOptions)[m[K’
  256 |   Subscriber [01;36m[Ksubscribe[m[K(
      |              [01;36m[K^~~~~~~~~[m[K
[01m[K/opt/ros/humble/include/image_transport/image_transport/image_transport.hpp:256:14:[m[K [01;36m[Knote: [m[K  candidate expects 6 arguments, 5 provided
[01m[K/opt/ros/humble/include/image_transport/image_transport/image_transport.hpp:267:14:[m[K [01;36m[Knote: [m[Kcandidate: ‘[01m[Kimage_transport::Subscriber image_transport::ImageTransport::subscribe(const string&, rmw_qos_profile_t, void (*)(const ImageConstPtr&), const image_transport::TransportHints*, rclcpp::SubscriptionOptions)[m[K’
  267 |   Subscriber [01;36m[Ksubscribe[m[K(
      |              [01;36m[K^~~~~~~~~[m[K
[01m[K/opt/ros/humble/include/image_transport/image_transport/image_transport.hpp:268:55:[m[K [01;36m[Knote: [m[K  no known conversion for argument 2 from ‘[01m[Kint[m[K’ to ‘[01m[Krmw_qos_profile_t[m[K’ {aka ‘[01m[Krmw_qos_profile_s[m[K’}
  268 |     const std::string & base_topic, [01;36m[Krmw_qos_profile_t custom_qos[m[K,
      |                                     [01;36m[K~~~~~~~~~~~~~~~~~~^~~~~~~~~~[m[K
gmake[2]: *** [CMakeFiles/armor_detect_component.dir/build.make:76：CMakeFiles/armor_detect_component.dir/src/armor_detect_node.cpp.o] 错误 1
gmake[1]: *** [CMakeFiles/Makefile2:167：CMakeFiles/armor_detect_component.dir/all] 错误 2
gmake[1]: *** 正在等待未完成的任务....
gmake[2]: *** [CMakeFiles/armor_detect_main.dir/build.make:90：CMakeFiles/armor_detect_main.dir/src/armor_detect_node.cpp.o] 错误 1
gmake[1]: *** [CMakeFiles/Makefile2:141：CMakeFiles/armor_detect_main.dir/all] 错误 2
gmake: *** [Makefile:146：all] 错误 2
