[0.007s] Invoking command in '/home/pretend/code/build/rm_armor_detect': CMAKE_PREFIX_PATH=/opt/ros/humble /usr/bin/cmake --build /home/pretend/code/build/rm_armor_detect -- -j32 -l32
[0.020s] -- Found ament_cmake: 1.3.11 (/opt/ros/humble/share/ament_cmake/cmake)
[0.082s] -- Found rclcpp: 16.0.12 (/opt/ros/humble/share/rclcpp/cmake)
[0.247s] -- Found rosidl_generator_c: 3.1.6 (/opt/ros/humble/share/rosidl_generator_c/cmake)
[0.248s] -- Found rosidl_adapter: 3.1.6 (/opt/ros/humble/share/rosidl_adapter/cmake)
[0.251s] -- Found rosidl_generator_cpp: 3.1.6 (/opt/ros/humble/share/rosidl_generator_cpp/cmake)
[0.256s] -- Using all available rosidl_typesupport_c: rosidl_typesupport_fastrtps_c;rosidl_typesupport_introspection_c
[0.263s] -- Using all available rosidl_typesupport_cpp: rosidl_typesupport_fastrtps_cpp;rosidl_typesupport_introspection_cpp
[0.278s] -- Found rmw_implementation_cmake: 6.1.2 (/opt/ros/humble/share/rmw_implementation_cmake/cmake)
[0.279s] -- Found rmw_fastrtps_cpp: 6.2.7 (/opt/ros/humble/share/rmw_fastrtps_cpp/cmake)
[7.327s] -- Using RMW implementation 'rmw_fastrtps_cpp' as default
[7.355s] -- Found rclcpp_components: 16.0.12 (/opt/ros/humble/share/rclcpp_components/cmake)
[7.365s] -- Found sensor_msgs: 4.8.0 (/opt/ros/humble/share/sensor_msgs/cmake)
[7.381s] -- Found cv_bridge: 3.2.1 (/opt/ros/humble/share/cv_bridge/cmake)
[7.386s] -- Found image_transport: 3.1.11 (/opt/ros/humble/share/image_transport/cmake)
[9.186s] -- Found ament_lint_auto: 0.12.12 (/opt/ros/humble/share/ament_lint_auto/cmake)
[9.229s] -- Added test 'cppcheck' to perform static code analysis on C / C++ code
[9.229s] -- Configured cppcheck include dirs: /home/pretend/code/src/rm_armor_detect/include;$<BUILD_INTERFACE:/home/pretend/code/src/rm_armor_detect/include>
[9.229s] -- Configured cppcheck exclude dirs and/or files: 
[9.229s] -- Added test 'flake8' to check Python code syntax and style conventions
[9.229s] -- Added test 'lint_cmake' to check CMake code style
[9.230s] -- Added test 'pep257' to check Python code against some of the docstring style conventions in PEP 257
[9.230s] -- Added test 'uncrustify' to check C / C++ code style
[9.230s] -- Configured uncrustify additional arguments: 
[9.230s] -- Added test 'xmllint' to check XML markup files
[9.231s] -- Configuring done
[9.244s] -- Generating done
[9.248s] -- Build files have been written to: /home/pretend/code/build/rm_armor_detect
[9.263s] [35m[1mConsolidate compiler generated dependencies of target armor_detect[0m
[9.263s] [35m[1mConsolidate compiler generated dependencies of target armor_detect_component[0m
[9.264s] [35m[1mConsolidate compiler generated dependencies of target armor_detect_main[0m
[9.271s] [ 28%] Built target armor_detect
[9.273s] [ 42%] [32mBuilding CXX object CMakeFiles/armor_detect_component.dir/src/armor_detect_node.cpp.o[0m
[9.274s] [ 57%] [32mBuilding CXX object CMakeFiles/armor_detect_main.dir/src/armor_detect_main.cpp.o[0m
[9.275s] [ 71%] [32mBuilding CXX object CMakeFiles/armor_detect_main.dir/src/armor_detect_node.cpp.o[0m
[11.339s] [01m[K/home/pretend/code/src/rm_armor_detect/src/armor_detect_node.cpp:[m[K In constructor ‘[01m[Krm_armor_detect::ArmorDetectNode::ArmorDetectNode(const rclcpp::NodeOptions&)[m[K’:
[11.339s] [01m[K/home/pretend/code/src/rm_armor_detect/src/armor_detect_node.cpp:65:30:[m[K [01;31m[Kerror: [m[Kno matching function for call to ‘[01m[Kimage_transport::ImageTransport::subscribe(const char [11], int, std::_Bind_helper<false, void (rm_armor_detect::ArmorDetectNode::*)(std::shared_ptr<sensor_msgs::msg::Image_<std::allocator<void> > >), rm_armor_detect::ArmorDetectNode*, const std::_Placeholder<1>&>::type, const char [1], rmw_qos_profile_t&)[m[K’
[11.339s]    65 |   image_sub_ = [01;31m[Kit_->subscribe("/image_raw", 10,[m[K
[11.340s]       |                [01;31m[K~~~~~~~~~~~~~~^~~~~~~~~~~~~~~~~~[m[K
[11.340s]    66 | [01;31m[K    std::bind(&ArmorDetectNode::image_callback, this, std::placeholders::_1),[m[K
[11.340s]       |     [01;31m[K~~~~~~~~~~~~~~~~~~~~~~~~~~~~~~~~~~~~~~~~~~~~~~~~~~~~~~~~~~~~~~~~~~~~~~~~~[m[K
[11.340s]    67 | [01;31m[K    "", rclcpp::SensorDataQoS().get_rmw_qos_profile())[m[K;
[11.340s]       |     [01;31m[K~~~~~~~~~~~~~~~~~~~~~~~~~~~~~~~~~~~~~~~~~~~~~~~~~~[m[K
[11.340s] In file included from [01m[K/home/pretend/code/src/rm_armor_detect/include/rm_armor_detect/armor_detect_node.hpp:5[m[K,
[11.340s]                  from [01m[K/home/pretend/code/src/rm_armor_detect/src/armor_detect_node.cpp:1[m[K:
[11.340s] [01m[K/opt/ros/humble/include/image_transport/image_transport/image_transport.hpp:196:14:[m[K [01;36m[Knote: [m[Kcandidate: ‘[01m[Ktemplate<class T> image_transport::Subscriber image_transport::ImageTransport::subscribe(const string&, uint32_t, void (T::*)(const ImageConstPtr&), T*, const image_transport::TransportHints*)[m[K’
[11.340s]   196 |   Subscriber [01;36m[Ksubscribe[m[K(
[11.340s]       |              [01;36m[K^~~~~~~~~[m[K
[11.340s] [01m[K/opt/ros/humble/include/image_transport/image_transport/image_transport.hpp:196:14:[m[K [01;36m[Knote: [m[K  template argument deduction/substitution failed:
[11.340s] [01m[K/home/pretend/code/src/rm_armor_detect/src/armor_detect_node.cpp:65:30:[m[K [01;36m[Knote: [m[K  mismatched types ‘[01m[Kvoid (T::*)(const ImageConstPtr&)[m[K’ and ‘[01m[Kstd::_Bind<void (rm_armor_detect::ArmorDetectNode::*(rm_armor_detect::ArmorDetectNode*, std::_Placeholder<1>))(std::shared_ptr<sensor_msgs::msg::Image_<std::allocator<void> > >)>[m[K’
[11.340s]    65 |   image_sub_ = [01;36m[Kit_->subscribe("/image_raw", 10,[m[K
[11.340s]       |                [01;36m[K~~~~~~~~~~~~~~^~~~~~~~~~~~~~~~~~[m[K
[11.340s]    66 | [01;36m[K    std::bind(&ArmorDetectNode::image_callback, this, std::placeholders::_1),[m[K
[11.340s]       |     [01;36m[K~~~~~~~~~~~~~~~~~~~~~~~~~~~~~~~~~~~~~~~~~~~~~~~~~~~~~~~~~~~~~~~~~~~~~~~~~[m[K
[11.340s]    67 | [01;36m[K    "", rclcpp::SensorDataQoS().get_rmw_qos_profile())[m[K;
[11.340s]       |     [01;36m[K~~~~~~~~~~~~~~~~~~~~~~~~~~~~~~~~~~~~~~~~~~~~~~~~~~[m[K
[11.340s] In file included from [01m[K/home/pretend/code/src/rm_armor_detect/include/rm_armor_detect/armor_detect_node.hpp:5[m[K,
[11.340s]                  from [01m[K/home/pretend/code/src/rm_armor_detect/src/armor_detect_node.cpp:1[m[K:
[11.340s] [01m[K/opt/ros/humble/include/image_transport/image_transport/image_transport.hpp:210:14:[m[K [01;36m[Knote: [m[Kcandidate: ‘[01m[Ktemplate<class T> image_transport::Subscriber image_transport::ImageTransport::subscribe(const string&, uint32_t, void (T::*)(const ImageConstPtr&), T*, const image_transport::TransportHints*, rclcpp::SubscriptionOptions)[m[K’
[11.340s]   210 |   Subscriber [01;36m[Ksubscribe[m[K(
[11.340s]       |              [01;36m[K^~~~~~~~~[m[K
[11.341s] [01m[K/opt/ros/humble/include/image_transport/image_transport/image_transport.hpp:210:14:[m[K [01;36m[Knote: [m[K  template argument deduction/substitution failed:
[11.341s] [01m[K/home/pretend/code/src/rm_armor_detect/src/armor_detect_node.cpp:65:30:[m[K [01;36m[Knote: [m[K  mismatched types ‘[01m[Kvoid (T::*)(const ImageConstPtr&)[m[K’ and ‘[01m[Kstd::_Bind<void (rm_armor_detect::ArmorDetectNode::*(rm_armor_detect::ArmorDetectNode*, std::_Placeholder<1>))(std::shared_ptr<sensor_msgs::msg::Image_<std::allocator<void> > >)>[m[K’
[11.341s]    65 |   image_sub_ = [01;36m[Kit_->subscribe("/image_raw", 10,[m[K
[11.341s]       |                [01;36m[K~~~~~~~~~~~~~~^~~~~~~~~~~~~~~~~~[m[K
[11.341s]    66 | [01;36m[K    std::bind(&ArmorDetectNode::image_callback, this, std::placeholders::_1),[m[K
[11.341s]       |     [01;36m[K~~~~~~~~~~~~~~~~~~~~~~~~~~~~~~~~~~~~~~~~~~~~~~~~~~~~~~~~~~~~~~~~~~~~~~~~~[m[K
[11.341s]    67 | [01;36m[K    "", rclcpp::SensorDataQoS().get_rmw_qos_profile())[m[K;
[11.341s]       |     [01;36m[K~~~~~~~~~~~~~~~~~~~~~~~~~~~~~~~~~~~~~~~~~~~~~~~~~~[m[K
[11.341s] In file included from [01m[K/home/pretend/code/src/rm_armor_detect/include/rm_armor_detect/armor_detect_node.hpp:5[m[K,
[11.341s]                  from [01m[K/home/pretend/code/src/rm_armor_detect/src/armor_detect_node.cpp:1[m[K:
[11.341s] [01m[K/opt/ros/humble/include/image_transport/image_transport/image_transport.hpp:225:14:[m[K [01;36m[Knote: [m[Kcandidate: ‘[01m[Ktemplate<class T> image_transport::Subscriber image_transport::ImageTransport::subscribe(const string&, uint32_t, void (T::*)(const ImageConstPtr&), const std::shared_ptr<_Tp>&, const image_transport::TransportHints*)[m[K’
[11.341s]   225 |   Subscriber [01;36m[Ksubscribe[m[K(
[11.341s]       |              [01;36m[K^~~~~~~~~[m[K
[11.341s] [01m[K/opt/ros/humble/include/image_transport/image_transport/image_transport.hpp:225:14:[m[K [01;36m[Knote: [m[K  template argument deduction/substitution failed:
[11.341s] [01m[K/home/pretend/code/src/rm_armor_detect/src/armor_detect_node.cpp:65:30:[m[K [01;36m[Knote: [m[K  mismatched types ‘[01m[Kvoid (T::*)(const ImageConstPtr&)[m[K’ and ‘[01m[Kstd::_Bind<void (rm_armor_detect::ArmorDetectNode::*(rm_armor_detect::ArmorDetectNode*, std::_Placeholder<1>))(std::shared_ptr<sensor_msgs::msg::Image_<std::allocator<void> > >)>[m[K’
[11.341s]    65 |   image_sub_ = [01;36m[Kit_->subscribe("/image_raw", 10,[m[K
[11.341s]       |                [01;36m[K~~~~~~~~~~~~~~^~~~~~~~~~~~~~~~~~[m[K
[11.341s]    66 | [01;36m[K    std::bind(&ArmorDetectNode::image_callback, this, std::placeholders::_1),[m[K
[11.341s]       |     [01;36m[K~~~~~~~~~~~~~~~~~~~~~~~~~~~~~~~~~~~~~~~~~~~~~~~~~~~~~~~~~~~~~~~~~~~~~~~~~[m[K
[11.341s]    67 | [01;36m[K    "", rclcpp::SensorDataQoS().get_rmw_qos_profile())[m[K;
[11.341s]       |     [01;36m[K~~~~~~~~~~~~~~~~~~~~~~~~~~~~~~~~~~~~~~~~~~~~~~~~~~[m[K
[11.341s] In file included from [01m[K/home/pretend/code/src/rm_armor_detect/include/rm_armor_detect/armor_detect_node.hpp:5[m[K,
[11.341s]                  from [01m[K/home/pretend/code/src/rm_armor_detect/src/armor_detect_node.cpp:1[m[K:
[11.341s] [01m[K/opt/ros/humble/include/image_transport/image_transport/image_transport.hpp:240:14:[m[K [01;36m[Knote: [m[Kcandidate: ‘[01m[Ktemplate<class T> image_transport::Subscriber image_transport::ImageTransport::subscribe(const string&, uint32_t, void (T::*)(const ImageConstPtr&), const std::shared_ptr<_Tp>&, const image_transport::TransportHints*, rclcpp::SubscriptionOptions)[m[K’
[11.341s]   240 |   Subscriber [01;36m[Ksubscribe[m[K(
[11.341s]       |              [01;36m[K^~~~~~~~~[m[K
[11.341s] [01m[K/opt/ros/humble/include/image_transport/image_transport/image_transport.hpp:240:14:[m[K [01;36m[Knote: [m[K  template argument deduction/substitution failed:
[11.341s] [01m[K/home/pretend/code/src/rm_armor_detect/src/armor_detect_node.cpp:65:30:[m[K [01;36m[Knote: [m[K  mismatched types ‘[01m[Kvoid (T::*)(const ImageConstPtr&)[m[K’ and ‘[01m[Kstd::_Bind<void (rm_armor_detect::ArmorDetectNode::*(rm_armor_detect::ArmorDetectNode*, std::_Placeholder<1>))(std::shared_ptr<sensor_msgs::msg::Image_<std::allocator<void> > >)>[m[K’
[11.341s]    65 |   image_sub_ = [01;36m[Kit_->subscribe("/image_raw", 10,[m[K
[11.341s]       |                [01;36m[K~~~~~~~~~~~~~~^~~~~~~~~~~~~~~~~~[m[K
[11.341s]    66 | [01;36m[K    std::bind(&ArmorDetectNode::image_callback, this, std::placeholders::_1),[m[K
[11.341s]       |     [01;36m[K~~~~~~~~~~~~~~~~~~~~~~~~~~~~~~~~~~~~~~~~~~~~~~~~~~~~~~~~~~~~~~~~~~~~~~~~~[m[K
[11.341s]    67 | [01;36m[K    "", rclcpp::SensorDataQoS().get_rmw_qos_profile())[m[K;
[11.341s]       |     [01;36m[K~~~~~~~~~~~~~~~~~~~~~~~~~~~~~~~~~~~~~~~~~~~~~~~~~~[m[K
[11.341s] In file included from [01m[K/home/pretend/code/src/rm_armor_detect/include/rm_armor_detect/armor_detect_node.hpp:5[m[K,
[11.342s]                  from [01m[K/home/pretend/code/src/rm_armor_detect/src/armor_detect_node.cpp:1[m[K:
[11.342s] [01m[K/opt/ros/humble/include/image_transport/image_transport/image_transport.hpp:283:14:[m[K [01;36m[Knote: [m[Kcandidate: ‘[01m[Ktemplate<class T> image_transport::Subscriber image_transport::ImageTransport::subscribe(const string&, rmw_qos_profile_t, void (T::*)(const ImageConstPtr&), T*, const image_transport::TransportHints*, rclcpp::SubscriptionOptions)[m[K’
[11.342s]   283 |   Subscriber [01;36m[Ksubscribe[m[K(
[11.342s]       |              [01;36m[K^~~~~~~~~[m[K
[11.342s] [01m[K/opt/ros/humble/include/image_transport/image_transport/image_transport.hpp:283:14:[m[K [01;36m[Knote: [m[K  template argument deduction/substitution failed:
[11.342s] [01m[K/home/pretend/code/src/rm_armor_detect/src/armor_detect_node.cpp:65:30:[m[K [01;36m[Knote: [m[K  mismatched types ‘[01m[Kvoid (T::*)(const ImageConstPtr&)[m[K’ and ‘[01m[Kstd::_Bind<void (rm_armor_detect::ArmorDetectNode::*(rm_armor_detect::ArmorDetectNode*, std::_Placeholder<1>))(std::shared_ptr<sensor_msgs::msg::Image_<std::allocator<void> > >)>[m[K’
[11.342s]    65 |   image_sub_ = [01;36m[Kit_->subscribe("/image_raw", 10,[m[K
[11.342s]       |                [01;36m[K~~~~~~~~~~~~~~^~~~~~~~~~~~~~~~~~[m[K
[11.342s]    66 | [01;36m[K    std::bind(&ArmorDetectNode::image_callback, this, std::placeholders::_1),[m[K
[11.342s]       |     [01;36m[K~~~~~~~~~~~~~~~~~~~~~~~~~~~~~~~~~~~~~~~~~~~~~~~~~~~~~~~~~~~~~~~~~~~~~~~~~[m[K
[11.342s]    67 | [01;36m[K    "", rclcpp::SensorDataQoS().get_rmw_qos_profile())[m[K;
[11.342s]       |     [01;36m[K~~~~~~~~~~~~~~~~~~~~~~~~~~~~~~~~~~~~~~~~~~~~~~~~~~[m[K
[11.342s] In file included from [01m[K/home/pretend/code/src/rm_armor_detect/include/rm_armor_detect/armor_detect_node.hpp:5[m[K,
[11.342s]                  from [01m[K/home/pretend/code/src/rm_armor_detect/src/armor_detect_node.cpp:1[m[K:
[11.342s] [01m[K/opt/ros/humble/include/image_transport/image_transport/image_transport.hpp:298:14:[m[K [01;36m[Knote: [m[Kcandidate: ‘[01m[Ktemplate<class T> image_transport::Subscriber image_transport::ImageTransport::subscribe(const string&, rmw_qos_profile_t, void (T::*)(const ImageConstPtr&), const std::shared_ptr<_Tp>&, const image_transport::TransportHints*, rclcpp::SubscriptionOptions)[m[K’
[11.342s]   298 |   Subscriber [01;36m[Ksubscribe[m[K(
[11.342s]       |              [01;36m[K^~~~~~~~~[m[K
[11.342s] [01m[K/opt/ros/humble/include/image_transport/image_transport/image_transport.hpp:298:14:[m[K [01;36m[Knote: [m[K  template argument deduction/substitution failed:
[11.342s] [01m[K/home/pretend/code/src/rm_armor_detect/src/armor_detect_node.cpp:65:30:[m[K [01;36m[Knote: [m[K  mismatched types ‘[01m[Kvoid (T::*)(const ImageConstPtr&)[m[K’ and ‘[01m[Kstd::_Bind<void (rm_armor_detect::ArmorDetectNode::*(rm_armor_detect::ArmorDetectNode*, std::_Placeholder<1>))(std::shared_ptr<sensor_msgs::msg::Image_<std::allocator<void> > >)>[m[K’
[11.342s]    65 |   image_sub_ = [01;36m[Kit_->subscribe("/image_raw", 10,[m[K
[11.342s]       |                [01;36m[K~~~~~~~~~~~~~~^~~~~~~~~~~~~~~~~~[m[K
[11.342s]    66 | [01;36m[K    std::bind(&ArmorDetectNode::image_callback, this, std::placeholders::_1),[m[K
[11.342s]       |     [01;36m[K~~~~~~~~~~~~~~~~~~~~~~~~~~~~~~~~~~~~~~~~~~~~~~~~~~~~~~~~~~~~~~~~~~~~~~~~~[m[K
[11.342s]    67 | [01;36m[K    "", rclcpp::SensorDataQoS().get_rmw_qos_profile())[m[K;
[11.342s]       |     [01;36m[K~~~~~~~~~~~~~~~~~~~~~~~~~~~~~~~~~~~~~~~~~~~~~~~~~~[m[K
[11.342s] In file included from [01m[K/home/pretend/code/src/rm_armor_detect/include/rm_armor_detect/armor_detect_node.hpp:5[m[K,
[11.342s]                  from [01m[K/home/pretend/code/src/rm_armor_detect/src/armor_detect_node.cpp:1[m[K:
[11.342s] [01m[K/opt/ros/humble/include/image_transport/image_transport/image_transport.hpp:144:14:[m[K [01;36m[Knote: [m[Kcandidate: ‘[01m[Kimage_transport::Subscriber image_transport::ImageTransport::subscribe(const string&, uint32_t, const Callback&, const VoidPtr&, const image_transport::TransportHints*)[m[K’
[11.342s]   144 |   Subscriber [01;36m[Ksubscribe[m[K(
[11.342s]       |              [01;36m[K^~~~~~~~~[m[K
[11.342s] [01m[K/opt/ros/humble/include/image_transport/image_transport/image_transport.hpp:146:34:[m[K [01;36m[Knote: [m[K  no known conversion for argument 3 from ‘[01m[Kstd::_Bind_helper<false, void (rm_armor_detect::ArmorDetectNode::*)(std::shared_ptr<sensor_msgs::msg::Image_<std::allocator<void> > >), rm_armor_detect::ArmorDetectNode*, const std::_Placeholder<1>&>::type[m[K’ to ‘[01m[Kconst Callback&[m[K’ {aka ‘[01m[Kconst std::function<void(const std::shared_ptr<const sensor_msgs::msg::Image_<std::allocator<void> > >&)>&[m[K’}
[11.342s]   146 |     [01;36m[Kconst Subscriber::Callback & callback[m[K,
[11.342s]       |     [01;36m[K~~~~~~~~~~~~~~~~~~~~~~~~~~~~~^~~~~~~~[m[K
[11.342s] [01m[K/opt/ros/humble/include/image_transport/image_transport/image_transport.hpp:154:14:[m[K [01;36m[Knote: [m[Kcandidate: ‘[01m[Kimage_transport::Subscriber image_transport::ImageTransport::subscribe(const string&, uint32_t, const Callback&, const VoidPtr&, const image_transport::TransportHints*, rclcpp::SubscriptionOptions)[m[K’
[11.343s]   154 |   Subscriber [01;36m[Ksubscribe[m[K(
[11.343s]       |              [01;36m[K^~~~~~~~~[m[K
[11.343s] [01m[K/opt/ros/humble/include/image_transport/image_transport/image_transport.hpp:154:14:[m[K [01;36m[Knote: [m[K  candidate expects 6 arguments, 5 provided
[11.343s] [01m[K/opt/ros/humble/include/image_transport/image_transport/image_transport.hpp:165:14:[m[K [01;36m[Knote: [m[Kcandidate: ‘[01m[Kimage_transport::Subscriber image_transport::ImageTransport::subscribe(const string&, uint32_t, void (*)(const ImageConstPtr&), const image_transport::TransportHints*)[m[K’
[11.343s]   165 |   Subscriber [01;36m[Ksubscribe[m[K(
[11.343s]       |              [01;36m[K^~~~~~~~~[m[K
[11.343s] [01m[K/opt/ros/humble/include/image_transport/image_transport/image_transport.hpp:165:14:[m[K [01;36m[Knote: [m[K  candidate expects 4 arguments, 5 provided
[11.343s] [01m[K/opt/ros/humble/include/image_transport/image_transport/image_transport.hpp:180:14:[m[K [01;36m[Knote: [m[Kcandidate: ‘[01m[Kimage_transport::Subscriber image_transport::ImageTransport::subscribe(const string&, uint32_t, void (*)(const ImageConstPtr&), const image_transport::TransportHints*, rclcpp::SubscriptionOptions)[m[K’
[11.343s]   180 |   Subscriber [01;36m[Ksubscribe[m[K(
[11.343s]       |              [01;36m[K^~~~~~~~~[m[K
[11.343s] [01m[K/opt/ros/humble/include/image_transport/image_transport/image_transport.hpp:182:13:[m[K [01;36m[Knote: [m[K  no known conversion for argument 3 from ‘[01m[Kstd::_Bind_helper<false, void (rm_armor_detect::ArmorDetectNode::*)(std::shared_ptr<sensor_msgs::msg::Image_<std::allocator<void> > >), rm_armor_detect::ArmorDetectNode*, const std::_Placeholder<1>&>::type[m[K’ to ‘[01m[Kvoid (*)(const ImageConstPtr&)[m[K’ {aka ‘[01m[Kvoid (*)(const std::shared_ptr<const sensor_msgs::msg::Image_<std::allocator<void> > >&)[m[K’}
[11.343s]   182 |     [01;36m[Kvoid (* fp)(const ImageConstPtr &)[m[K,
[11.343s]       |     [01;36m[K~~~~~~~~^~~~~~~~~~~~~~~~~~~~~~~~~~[m[K
[11.343s] [01m[K/opt/ros/humble/include/image_transport/image_transport/image_transport.hpp:256:14:[m[K [01;36m[Knote: [m[Kcandidate: ‘[01m[Kimage_transport::Subscriber image_transport::ImageTransport::subscribe(const string&, rmw_qos_profile_t, const Callback&, const VoidPtr&, const image_transport::TransportHints*, rclcpp::SubscriptionOptions)[m[K’
[11.343s]   256 |   Subscriber [01;36m[Ksubscribe[m[K(
[11.343s]       |              [01;36m[K^~~~~~~~~[m[K
[11.343s] [01m[K/opt/ros/humble/include/image_transport/image_transport/image_transport.hpp:256:14:[m[K [01;36m[Knote: [m[K  candidate expects 6 arguments, 5 provided
[11.343s] [01m[K/opt/ros/humble/include/image_transport/image_transport/image_transport.hpp:267:14:[m[K [01;36m[Knote: [m[Kcandidate: ‘[01m[Kimage_transport::Subscriber image_transport::ImageTransport::subscribe(const string&, rmw_qos_profile_t, void (*)(const ImageConstPtr&), const image_transport::TransportHints*, rclcpp::SubscriptionOptions)[m[K’
[11.343s]   267 |   Subscriber [01;36m[Ksubscribe[m[K(
[11.343s]       |              [01;36m[K^~~~~~~~~[m[K
[11.343s] [01m[K/opt/ros/humble/include/image_transport/image_transport/image_transport.hpp:268:55:[m[K [01;36m[Knote: [m[K  no known conversion for argument 2 from ‘[01m[Kint[m[K’ to ‘[01m[Krmw_qos_profile_t[m[K’ {aka ‘[01m[Krmw_qos_profile_s[m[K’}
[11.343s]   268 |     const std::string & base_topic, [01;36m[Krmw_qos_profile_t custom_qos[m[K,
[11.343s]       |                                     [01;36m[K~~~~~~~~~~~~~~~~~~^~~~~~~~~~[m[K
[11.413s] [01m[K/home/pretend/code/src/rm_armor_detect/src/armor_detect_node.cpp:[m[K In constructor ‘[01m[Krm_armor_detect::ArmorDetectNode::ArmorDetectNode(const rclcpp::NodeOptions&)[m[K’:
[11.414s] [01m[K/home/pretend/code/src/rm_armor_detect/src/armor_detect_node.cpp:65:30:[m[K [01;31m[Kerror: [m[Kno matching function for call to ‘[01m[Kimage_transport::ImageTransport::subscribe(const char [11], int, std::_Bind_helper<false, void (rm_armor_detect::ArmorDetectNode::*)(std::shared_ptr<sensor_msgs::msg::Image_<std::allocator<void> > >), rm_armor_detect::ArmorDetectNode*, const std::_Placeholder<1>&>::type, const char [1], rmw_qos_profile_t&)[m[K’
[11.414s]    65 |   image_sub_ = [01;31m[Kit_->subscribe("/image_raw", 10,[m[K
[11.414s]       |                [01;31m[K~~~~~~~~~~~~~~^~~~~~~~~~~~~~~~~~[m[K
[11.414s]    66 | [01;31m[K    std::bind(&ArmorDetectNode::image_callback, this, std::placeholders::_1),[m[K
[11.414s]       |     [01;31m[K~~~~~~~~~~~~~~~~~~~~~~~~~~~~~~~~~~~~~~~~~~~~~~~~~~~~~~~~~~~~~~~~~~~~~~~~~[m[K
[11.414s]    67 | [01;31m[K    "", rclcpp::SensorDataQoS().get_rmw_qos_profile())[m[K;
[11.414s]       |     [01;31m[K~~~~~~~~~~~~~~~~~~~~~~~~~~~~~~~~~~~~~~~~~~~~~~~~~~[m[K
[11.414s] In file included from [01m[K/home/pretend/code/src/rm_armor_detect/include/rm_armor_detect/armor_detect_node.hpp:5[m[K,
[11.414s]                  from [01m[K/home/pretend/code/src/rm_armor_detect/src/armor_detect_node.cpp:1[m[K:
[11.414s] [01m[K/opt/ros/humble/include/image_transport/image_transport/image_transport.hpp:196:14:[m[K [01;36m[Knote: [m[Kcandidate: ‘[01m[Ktemplate<class T> image_transport::Subscriber image_transport::ImageTransport::subscribe(const string&, uint32_t, void (T::*)(const ImageConstPtr&), T*, const image_transport::TransportHints*)[m[K’
[11.414s]   196 |   Subscriber [01;36m[Ksubscribe[m[K(
[11.414s]       |              [01;36m[K^~~~~~~~~[m[K
[11.414s] [01m[K/opt/ros/humble/include/image_transport/image_transport/image_transport.hpp:196:14:[m[K [01;36m[Knote: [m[K  template argument deduction/substitution failed:
[11.414s] [01m[K/home/pretend/code/src/rm_armor_detect/src/armor_detect_node.cpp:65:30:[m[K [01;36m[Knote: [m[K  mismatched types ‘[01m[Kvoid (T::*)(const ImageConstPtr&)[m[K’ and ‘[01m[Kstd::_Bind<void (rm_armor_detect::ArmorDetectNode::*(rm_armor_detect::ArmorDetectNode*, std::_Placeholder<1>))(std::shared_ptr<sensor_msgs::msg::Image_<std::allocator<void> > >)>[m[K’
[11.414s]    65 |   image_sub_ = [01;36m[Kit_->subscribe("/image_raw", 10,[m[K
[11.414s]       |                [01;36m[K~~~~~~~~~~~~~~^~~~~~~~~~~~~~~~~~[m[K
[11.414s]    66 | [01;36m[K    std::bind(&ArmorDetectNode::image_callback, this, std::placeholders::_1),[m[K
[11.414s]       |     [01;36m[K~~~~~~~~~~~~~~~~~~~~~~~~~~~~~~~~~~~~~~~~~~~~~~~~~~~~~~~~~~~~~~~~~~~~~~~~~[m[K
[11.414s]    67 | [01;36m[K    "", rclcpp::SensorDataQoS().get_rmw_qos_profile())[m[K;
[11.414s]       |     [01;36m[K~~~~~~~~~~~~~~~~~~~~~~~~~~~~~~~~~~~~~~~~~~~~~~~~~~[m[K
[11.414s] In file included from [01m[K/home/pretend/code/src/rm_armor_detect/include/rm_armor_detect/armor_detect_node.hpp:5[m[K,
[11.414s]                  from [01m[K/home/pretend/code/src/rm_armor_detect/src/armor_detect_node.cpp:1[m[K:
[11.414s] [01m[K/opt/ros/humble/include/image_transport/image_transport/image_transport.hpp:210:14:[m[K [01;36m[Knote: [m[Kcandidate: ‘[01m[Ktemplate<class T> image_transport::Subscriber image_transport::ImageTransport::subscribe(const string&, uint32_t, void (T::*)(const ImageConstPtr&), T*, const image_transport::TransportHints*, rclcpp::SubscriptionOptions)[m[K’
[11.414s]   210 |   Subscriber [01;36m[Ksubscribe[m[K(
[11.414s]       |              [01;36m[K^~~~~~~~~[m[K
[11.414s] [01m[K/opt/ros/humble/include/image_transport/image_transport/image_transport.hpp:210:14:[m[K [01;36m[Knote: [m[K  template argument deduction/substitution failed:
[11.414s] [01m[K/home/pretend/code/src/rm_armor_detect/src/armor_detect_node.cpp:65:30:[m[K [01;36m[Knote: [m[K  mismatched types ‘[01m[Kvoid (T::*)(const ImageConstPtr&)[m[K’ and ‘[01m[Kstd::_Bind<void (rm_armor_detect::ArmorDetectNode::*(rm_armor_detect::ArmorDetectNode*, std::_Placeholder<1>))(std::shared_ptr<sensor_msgs::msg::Image_<std::allocator<void> > >)>[m[K’
[11.414s]    65 |   image_sub_ = [01;36m[Kit_->subscribe("/image_raw", 10,[m[K
[11.414s]       |                [01;36m[K~~~~~~~~~~~~~~^~~~~~~~~~~~~~~~~~[m[K
[11.414s]    66 | [01;36m[K    std::bind(&ArmorDetectNode::image_callback, this, std::placeholders::_1),[m[K
[11.414s]       |     [01;36m[K~~~~~~~~~~~~~~~~~~~~~~~~~~~~~~~~~~~~~~~~~~~~~~~~~~~~~~~~~~~~~~~~~~~~~~~~~[m[K
[11.414s]    67 | [01;36m[K    "", rclcpp::SensorDataQoS().get_rmw_qos_profile())[m[K;
[11.414s]       |     [01;36m[K~~~~~~~~~~~~~~~~~~~~~~~~~~~~~~~~~~~~~~~~~~~~~~~~~~[m[K
[11.414s] In file included from [01m[K/home/pretend/code/src/rm_armor_detect/include/rm_armor_detect/armor_detect_node.hpp:5[m[K,
[11.414s]                  from [01m[K/home/pretend/code/src/rm_armor_detect/src/armor_detect_node.cpp:1[m[K:
[11.414s] [01m[K/opt/ros/humble/include/image_transport/image_transport/image_transport.hpp:225:14:[m[K [01;36m[Knote: [m[Kcandidate: ‘[01m[Ktemplate<class T> image_transport::Subscriber image_transport::ImageTransport::subscribe(const string&, uint32_t, void (T::*)(const ImageConstPtr&), const std::shared_ptr<_Tp>&, const image_transport::TransportHints*)[m[K’
[11.414s]   225 |   Subscriber [01;36m[Ksubscribe[m[K(
[11.414s]       |              [01;36m[K^~~~~~~~~[m[K
[11.414s] [01m[K/opt/ros/humble/include/image_transport/image_transport/image_transport.hpp:225:14:[m[K [01;36m[Knote: [m[K  template argument deduction/substitution failed:
[11.414s] [01m[K/home/pretend/code/src/rm_armor_detect/src/armor_detect_node.cpp:65:30:[m[K [01;36m[Knote: [m[K  mismatched types ‘[01m[Kvoid (T::*)(const ImageConstPtr&)[m[K’ and ‘[01m[Kstd::_Bind<void (rm_armor_detect::ArmorDetectNode::*(rm_armor_detect::ArmorDetectNode*, std::_Placeholder<1>))(std::shared_ptr<sensor_msgs::msg::Image_<std::allocator<void> > >)>[m[K’
[11.415s]    65 |   image_sub_ = [01;36m[Kit_->subscribe("/image_raw", 10,[m[K
[11.415s]       |                [01;36m[K~~~~~~~~~~~~~~^~~~~~~~~~~~~~~~~~[m[K
[11.415s]    66 | [01;36m[K    std::bind(&ArmorDetectNode::image_callback, this, std::placeholders::_1),[m[K
[11.415s]       |     [01;36m[K~~~~~~~~~~~~~~~~~~~~~~~~~~~~~~~~~~~~~~~~~~~~~~~~~~~~~~~~~~~~~~~~~~~~~~~~~[m[K
[11.415s]    67 | [01;36m[K    "", rclcpp::SensorDataQoS().get_rmw_qos_profile())[m[K;
[11.415s]       |     [01;36m[K~~~~~~~~~~~~~~~~~~~~~~~~~~~~~~~~~~~~~~~~~~~~~~~~~~[m[K
[11.415s] In file included from [01m[K/home/pretend/code/src/rm_armor_detect/include/rm_armor_detect/armor_detect_node.hpp:5[m[K,
[11.415s]                  from [01m[K/home/pretend/code/src/rm_armor_detect/src/armor_detect_node.cpp:1[m[K:
[11.415s] [01m[K/opt/ros/humble/include/image_transport/image_transport/image_transport.hpp:240:14:[m[K [01;36m[Knote: [m[Kcandidate: ‘[01m[Ktemplate<class T> image_transport::Subscriber image_transport::ImageTransport::subscribe(const string&, uint32_t, void (T::*)(const ImageConstPtr&), const std::shared_ptr<_Tp>&, const image_transport::TransportHints*, rclcpp::SubscriptionOptions)[m[K’
[11.415s]   240 |   Subscriber [01;36m[Ksubscribe[m[K(
[11.415s]       |              [01;36m[K^~~~~~~~~[m[K
[11.415s] [01m[K/opt/ros/humble/include/image_transport/image_transport/image_transport.hpp:240:14:[m[K [01;36m[Knote: [m[K  template argument deduction/substitution failed:
[11.415s] [01m[K/home/pretend/code/src/rm_armor_detect/src/armor_detect_node.cpp:65:30:[m[K [01;36m[Knote: [m[K  mismatched types ‘[01m[Kvoid (T::*)(const ImageConstPtr&)[m[K’ and ‘[01m[Kstd::_Bind<void (rm_armor_detect::ArmorDetectNode::*(rm_armor_detect::ArmorDetectNode*, std::_Placeholder<1>))(std::shared_ptr<sensor_msgs::msg::Image_<std::allocator<void> > >)>[m[K’
[11.415s]    65 |   image_sub_ = [01;36m[Kit_->subscribe("/image_raw", 10,[m[K
[11.415s]       |                [01;36m[K~~~~~~~~~~~~~~^~~~~~~~~~~~~~~~~~[m[K
[11.415s]    66 | [01;36m[K    std::bind(&ArmorDetectNode::image_callback, this, std::placeholders::_1),[m[K
[11.415s]       |     [01;36m[K~~~~~~~~~~~~~~~~~~~~~~~~~~~~~~~~~~~~~~~~~~~~~~~~~~~~~~~~~~~~~~~~~~~~~~~~~[m[K
[11.415s]    67 | [01;36m[K    "", rclcpp::SensorDataQoS().get_rmw_qos_profile())[m[K;
[11.415s]       |     [01;36m[K~~~~~~~~~~~~~~~~~~~~~~~~~~~~~~~~~~~~~~~~~~~~~~~~~~[m[K
[11.415s] In file included from [01m[K/home/pretend/code/src/rm_armor_detect/include/rm_armor_detect/armor_detect_node.hpp:5[m[K,
[11.415s]                  from [01m[K/home/pretend/code/src/rm_armor_detect/src/armor_detect_node.cpp:1[m[K:
[11.415s] [01m[K/opt/ros/humble/include/image_transport/image_transport/image_transport.hpp:283:14:[m[K [01;36m[Knote: [m[Kcandidate: ‘[01m[Ktemplate<class T> image_transport::Subscriber image_transport::ImageTransport::subscribe(const string&, rmw_qos_profile_t, void (T::*)(const ImageConstPtr&), T*, const image_transport::TransportHints*, rclcpp::SubscriptionOptions)[m[K’
[11.415s]   283 |   Subscriber [01;36m[Ksubscribe[m[K(
[11.415s]       |              [01;36m[K^~~~~~~~~[m[K
[11.415s] [01m[K/opt/ros/humble/include/image_transport/image_transport/image_transport.hpp:283:14:[m[K [01;36m[Knote: [m[K  template argument deduction/substitution failed:
[11.415s] [01m[K/home/pretend/code/src/rm_armor_detect/src/armor_detect_node.cpp:65:30:[m[K [01;36m[Knote: [m[K  mismatched types ‘[01m[Kvoid (T::*)(const ImageConstPtr&)[m[K’ and ‘[01m[Kstd::_Bind<void (rm_armor_detect::ArmorDetectNode::*(rm_armor_detect::ArmorDetectNode*, std::_Placeholder<1>))(std::shared_ptr<sensor_msgs::msg::Image_<std::allocator<void> > >)>[m[K’
[11.415s]    65 |   image_sub_ = [01;36m[Kit_->subscribe("/image_raw", 10,[m[K
[11.415s]       |                [01;36m[K~~~~~~~~~~~~~~^~~~~~~~~~~~~~~~~~[m[K
[11.415s]    66 | [01;36m[K    std::bind(&ArmorDetectNode::image_callback, this, std::placeholders::_1),[m[K
[11.415s]       |     [01;36m[K~~~~~~~~~~~~~~~~~~~~~~~~~~~~~~~~~~~~~~~~~~~~~~~~~~~~~~~~~~~~~~~~~~~~~~~~~[m[K
[11.415s]    67 | [01;36m[K    "", rclcpp::SensorDataQoS().get_rmw_qos_profile())[m[K;
[11.415s]       |     [01;36m[K~~~~~~~~~~~~~~~~~~~~~~~~~~~~~~~~~~~~~~~~~~~~~~~~~~[m[K
[11.415s] In file included from [01m[K/home/pretend/code/src/rm_armor_detect/include/rm_armor_detect/armor_detect_node.hpp:5[m[K,
[11.415s]                  from [01m[K/home/pretend/code/src/rm_armor_detect/src/armor_detect_node.cpp:1[m[K:
[11.415s] [01m[K/opt/ros/humble/include/image_transport/image_transport/image_transport.hpp:298:14:[m[K [01;36m[Knote: [m[Kcandidate: ‘[01m[Ktemplate<class T> image_transport::Subscriber image_transport::ImageTransport::subscribe(const string&, rmw_qos_profile_t, void (T::*)(const ImageConstPtr&), const std::shared_ptr<_Tp>&, const image_transport::TransportHints*, rclcpp::SubscriptionOptions)[m[K’
[11.415s]   298 |   Subscriber [01;36m[Ksubscribe[m[K(
[11.415s]       |              [01;36m[K^~~~~~~~~[m[K
[11.415s] [01m[K/opt/ros/humble/include/image_transport/image_transport/image_transport.hpp:298:14:[m[K [01;36m[Knote: [m[K  template argument deduction/substitution failed:
[11.415s] [01m[K/home/pretend/code/src/rm_armor_detect/src/armor_detect_node.cpp:65:30:[m[K [01;36m[Knote: [m[K  mismatched types ‘[01m[Kvoid (T::*)(const ImageConstPtr&)[m[K’ and ‘[01m[Kstd::_Bind<void (rm_armor_detect::ArmorDetectNode::*(rm_armor_detect::ArmorDetectNode*, std::_Placeholder<1>))(std::shared_ptr<sensor_msgs::msg::Image_<std::allocator<void> > >)>[m[K’
[11.415s]    65 |   image_sub_ = [01;36m[Kit_->subscribe("/image_raw", 10,[m[K
[11.415s]       |                [01;36m[K~~~~~~~~~~~~~~^~~~~~~~~~~~~~~~~~[m[K
[11.415s]    66 | [01;36m[K    std::bind(&ArmorDetectNode::image_callback, this, std::placeholders::_1),[m[K
[11.415s]       |     [01;36m[K~~~~~~~~~~~~~~~~~~~~~~~~~~~~~~~~~~~~~~~~~~~~~~~~~~~~~~~~~~~~~~~~~~~~~~~~~[m[K
[11.415s]    67 | [01;36m[K    "", rclcpp::SensorDataQoS().get_rmw_qos_profile())[m[K;
[11.415s]       |     [01;36m[K~~~~~~~~~~~~~~~~~~~~~~~~~~~~~~~~~~~~~~~~~~~~~~~~~~[m[K
[11.415s] In file included from [01m[K/home/pretend/code/src/rm_armor_detect/include/rm_armor_detect/armor_detect_node.hpp:5[m[K,
[11.415s]                  from [01m[K/home/pretend/code/src/rm_armor_detect/src/armor_detect_node.cpp:1[m[K:
[11.416s] [01m[K/opt/ros/humble/include/image_transport/image_transport/image_transport.hpp:144:14:[m[K [01;36m[Knote: [m[Kcandidate: ‘[01m[Kimage_transport::Subscriber image_transport::ImageTransport::subscribe(const string&, uint32_t, const Callback&, const VoidPtr&, const image_transport::TransportHints*)[m[K’
[11.416s]   144 |   Subscriber [01;36m[Ksubscribe[m[K(
[11.416s]       |              [01;36m[K^~~~~~~~~[m[K
[11.416s] [01m[K/opt/ros/humble/include/image_transport/image_transport/image_transport.hpp:146:34:[m[K [01;36m[Knote: [m[K  no known conversion for argument 3 from ‘[01m[Kstd::_Bind_helper<false, void (rm_armor_detect::ArmorDetectNode::*)(std::shared_ptr<sensor_msgs::msg::Image_<std::allocator<void> > >), rm_armor_detect::ArmorDetectNode*, const std::_Placeholder<1>&>::type[m[K’ to ‘[01m[Kconst Callback&[m[K’ {aka ‘[01m[Kconst std::function<void(const std::shared_ptr<const sensor_msgs::msg::Image_<std::allocator<void> > >&)>&[m[K’}
[11.416s]   146 |     [01;36m[Kconst Subscriber::Callback & callback[m[K,
[11.416s]       |     [01;36m[K~~~~~~~~~~~~~~~~~~~~~~~~~~~~~^~~~~~~~[m[K
[11.416s] [01m[K/opt/ros/humble/include/image_transport/image_transport/image_transport.hpp:154:14:[m[K [01;36m[Knote: [m[Kcandidate: ‘[01m[Kimage_transport::Subscriber image_transport::ImageTransport::subscribe(const string&, uint32_t, const Callback&, const VoidPtr&, const image_transport::TransportHints*, rclcpp::SubscriptionOptions)[m[K’
[11.416s]   154 |   Subscriber [01;36m[Ksubscribe[m[K(
[11.416s]       |              [01;36m[K^~~~~~~~~[m[K
[11.416s] [01m[K/opt/ros/humble/include/image_transport/image_transport/image_transport.hpp:154:14:[m[K [01;36m[Knote: [m[K  candidate expects 6 arguments, 5 provided
[11.416s] [01m[K/opt/ros/humble/include/image_transport/image_transport/image_transport.hpp:165:14:[m[K [01;36m[Knote: [m[Kcandidate: ‘[01m[Kimage_transport::Subscriber image_transport::ImageTransport::subscribe(const string&, uint32_t, void (*)(const ImageConstPtr&), const image_transport::TransportHints*)[m[K’
[11.416s]   165 |   Subscriber [01;36m[Ksubscribe[m[K(
[11.416s]       |              [01;36m[K^~~~~~~~~[m[K
[11.416s] [01m[K/opt/ros/humble/include/image_transport/image_transport/image_transport.hpp:165:14:[m[K [01;36m[Knote: [m[K  candidate expects 4 arguments, 5 provided
[11.416s] [01m[K/opt/ros/humble/include/image_transport/image_transport/image_transport.hpp:180:14:[m[K [01;36m[Knote: [m[Kcandidate: ‘[01m[Kimage_transport::Subscriber image_transport::ImageTransport::subscribe(const string&, uint32_t, void (*)(const ImageConstPtr&), const image_transport::TransportHints*, rclcpp::SubscriptionOptions)[m[K’
[11.416s]   180 |   Subscriber [01;36m[Ksubscribe[m[K(
[11.416s]       |              [01;36m[K^~~~~~~~~[m[K
[11.416s] [01m[K/opt/ros/humble/include/image_transport/image_transport/image_transport.hpp:182:13:[m[K [01;36m[Knote: [m[K  no known conversion for argument 3 from ‘[01m[Kstd::_Bind_helper<false, void (rm_armor_detect::ArmorDetectNode::*)(std::shared_ptr<sensor_msgs::msg::Image_<std::allocator<void> > >), rm_armor_detect::ArmorDetectNode*, const std::_Placeholder<1>&>::type[m[K’ to ‘[01m[Kvoid (*)(const ImageConstPtr&)[m[K’ {aka ‘[01m[Kvoid (*)(const std::shared_ptr<const sensor_msgs::msg::Image_<std::allocator<void> > >&)[m[K’}
[11.416s]   182 |     [01;36m[Kvoid (* fp)(const ImageConstPtr &)[m[K,
[11.416s]       |     [01;36m[K~~~~~~~~^~~~~~~~~~~~~~~~~~~~~~~~~~[m[K
[11.416s] [01m[K/opt/ros/humble/include/image_transport/image_transport/image_transport.hpp:256:14:[m[K [01;36m[Knote: [m[Kcandidate: ‘[01m[Kimage_transport::Subscriber image_transport::ImageTransport::subscribe(const string&, rmw_qos_profile_t, const Callback&, const VoidPtr&, const image_transport::TransportHints*, rclcpp::SubscriptionOptions)[m[K’
[11.416s]   256 |   Subscriber [01;36m[Ksubscribe[m[K(
[11.416s]       |              [01;36m[K^~~~~~~~~[m[K
[11.416s] [01m[K/opt/ros/humble/include/image_transport/image_transport/image_transport.hpp:256:14:[m[K [01;36m[Knote: [m[K  candidate expects 6 arguments, 5 provided
[11.416s] [01m[K/opt/ros/humble/include/image_transport/image_transport/image_transport.hpp:267:14:[m[K [01;36m[Knote: [m[Kcandidate: ‘[01m[Kimage_transport::Subscriber image_transport::ImageTransport::subscribe(const string&, rmw_qos_profile_t, void (*)(const ImageConstPtr&), const image_transport::TransportHints*, rclcpp::SubscriptionOptions)[m[K’
[11.416s]   267 |   Subscriber [01;36m[Ksubscribe[m[K(
[11.416s]       |              [01;36m[K^~~~~~~~~[m[K
[11.416s] [01m[K/opt/ros/humble/include/image_transport/image_transport/image_transport.hpp:268:55:[m[K [01;36m[Knote: [m[K  no known conversion for argument 2 from ‘[01m[Kint[m[K’ to ‘[01m[Krmw_qos_profile_t[m[K’ {aka ‘[01m[Krmw_qos_profile_s[m[K’}
[11.416s]   268 |     const std::string & base_topic, [01;36m[Krmw_qos_profile_t custom_qos[m[K,
[11.416s]       |                                     [01;36m[K~~~~~~~~~~~~~~~~~~^~~~~~~~~~[m[K
[12.569s] gmake[2]: *** [CMakeFiles/armor_detect_component.dir/build.make:76：CMakeFiles/armor_detect_component.dir/src/armor_detect_node.cpp.o] 错误 1
[12.569s] gmake[1]: *** [CMakeFiles/Makefile2:167：CMakeFiles/armor_detect_component.dir/all] 错误 2
[12.569s] gmake[1]: *** 正在等待未完成的任务....
[12.681s] gmake[2]: *** [CMakeFiles/armor_detect_main.dir/build.make:90：CMakeFiles/armor_detect_main.dir/src/armor_detect_node.cpp.o] 错误 1
[12.681s] gmake[1]: *** [CMakeFiles/Makefile2:141：CMakeFiles/armor_detect_main.dir/all] 错误 2
[12.681s] gmake: *** [Makefile:146：all] 错误 2
[12.683s] Invoked command in '/home/pretend/code/build/rm_armor_detect' returned '2': CMAKE_PREFIX_PATH=/opt/ros/humble /usr/bin/cmake --build /home/pretend/code/build/rm_armor_detect -- -j32 -l32
