[0.009s] Invoking command in '/home/pretend/code/build/rm_armor_detect': CMAKE_PREFIX_PATH=${CMAKE_PREFIX_PATH}:/opt/ros/humble /usr/bin/cmake --build /home/pretend/code/build/rm_armor_detect -- -j32 -l32
[0.042s] [35m[1mConsolidate compiler generated dependencies of target video_subscriber_component[0m
[0.052s] [ 33%] Built target video_subscriber_node
[0.055s] [ 50%] [32mBuilding CXX object CMakeFiles/video_subscriber_component.dir/src/video_subscriber_node.cpp.o[0m
[8.431s] [ 66%] [32m[1mLinking CXX shared library libvideo_subscriber_component.so[0m
[8.901s] [ 66%] Built target video_subscriber_component
[8.918s] [ 83%] [32m[1mLinking CXX executable video_subscriber_main[0m
[9.479s] [100%] Built target video_subscriber_main
[9.486s] Invoked command in '/home/pretend/code/build/rm_armor_detect' returned '0': CMAKE_PREFIX_PATH=${CMAKE_PREFIX_PATH}:/opt/ros/humble /usr/bin/cmake --build /home/pretend/code/build/rm_armor_detect -- -j32 -l32
[9.495s] Invoking command in '/home/pretend/code/build/rm_armor_detect': CMAKE_PREFIX_PATH=${CMAKE_PREFIX_PATH}:/opt/ros/humble /usr/bin/cmake --install /home/pretend/code/build/rm_armor_detect
[9.499s] -- Install configuration: "Release"
[9.499s] -- Execute custom install script
[9.499s] -- Up-to-date symlink: /home/pretend/code/install/rm_armor_detect/lib/rm_armor_detect/video_subscriber_node
[9.499s] -- Up-to-date symlink: /home/pretend/code/install/rm_armor_detect/include//rm_armor_detect/video_subscriber_node.hpp
[9.499s] -- Up-to-date symlink: /home/pretend/code/install/rm_armor_detect/lib/libvideo_subscriber_component.so
[9.500s] -- Up-to-date symlink: /home/pretend/code/install/rm_armor_detect/lib/rm_armor_detect/video_subscriber_main
[9.500s] -- Up-to-date symlink: /home/pretend/code/install/rm_armor_detect/share/ament_index/resource_index/package_run_dependencies/rm_armor_detect
[9.500s] -- Up-to-date symlink: /home/pretend/code/install/rm_armor_detect/share/ament_index/resource_index/parent_prefix_path/rm_armor_detect
[9.500s] -- Up-to-date symlink: /home/pretend/code/install/rm_armor_detect/share/rm_armor_detect/environment/ament_prefix_path.sh
[9.500s] -- Up-to-date symlink: /home/pretend/code/install/rm_armor_detect/share/rm_armor_detect/environment/ament_prefix_path.dsv
[9.500s] -- Up-to-date symlink: /home/pretend/code/install/rm_armor_detect/share/rm_armor_detect/environment/path.sh
[9.500s] -- Up-to-date symlink: /home/pretend/code/install/rm_armor_detect/share/rm_armor_detect/environment/path.dsv
[9.500s] -- Up-to-date symlink: /home/pretend/code/install/rm_armor_detect/share/rm_armor_detect/local_setup.bash
[9.500s] -- Up-to-date symlink: /home/pretend/code/install/rm_armor_detect/share/rm_armor_detect/local_setup.sh
[9.500s] -- Up-to-date symlink: /home/pretend/code/install/rm_armor_detect/share/rm_armor_detect/local_setup.zsh
[9.500s] -- Up-to-date symlink: /home/pretend/code/install/rm_armor_detect/share/rm_armor_detect/local_setup.dsv
[9.501s] -- Symlinking: /home/pretend/code/install/rm_armor_detect/share/rm_armor_detect/package.dsv
[9.506s] -- Up-to-date symlink: /home/pretend/code/install/rm_armor_detect/share/ament_index/resource_index/packages/rm_armor_detect
[9.506s] -- Up-to-date symlink: /home/pretend/code/install/rm_armor_detect/share/ament_index/resource_index/rclcpp_components/rm_armor_detect
[9.506s] -- Up-to-date symlink: /home/pretend/code/install/rm_armor_detect/share/rm_armor_detect/cmake/rm_armor_detectConfig.cmake
[9.506s] -- Up-to-date symlink: /home/pretend/code/install/rm_armor_detect/share/rm_armor_detect/cmake/rm_armor_detectConfig-version.cmake
[9.506s] -- Up-to-date symlink: /home/pretend/code/install/rm_armor_detect/share/rm_armor_detect/package.xml
[9.507s] Invoked command in '/home/pretend/code/build/rm_armor_detect' returned '0': CMAKE_PREFIX_PATH=${CMAKE_PREFIX_PATH}:/opt/ros/humble /usr/bin/cmake --install /home/pretend/code/build/rm_armor_detect
