[1.152s] DEBUG:colcon:Command line arguments: ['/usr/bin/colcon', 'build']
[1.152s] DEBUG:colcon:Parsed command line arguments: Namespace(log_base=None, log_level=None, verb_name='build', build_base='build', install_base='install', merge_install=False, symlink_install=False, test_result_base=None, continue_on_error=False, executor='parallel', parallel_workers=32, event_handlers=None, ignore_user_meta=False, metas=['./colcon.meta'], base_paths=['.'], packages_ignore=None, packages_ignore_regex=None, paths=None, packages_up_to=None, packages_up_to_regex=None, packages_above=None, packages_above_and_dependencies=None, packages_above_depth=None, packages_select_by_dep=None, packages_skip_by_dep=None, packages_skip_up_to=None, packages_select_build_failed=False, packages_skip_build_finished=False, packages_select_test_failures=False, packages_skip_test_passed=False, packages_select=None, packages_skip=None, packages_select_regex=None, packages_skip_regex=None, packages_start=None, packages_end=None, allow_overriding=[], cmake_args=None, cmake_target=None, cmake_target_skip_unavailable=False, cmake_clean_cache=False, cmake_clean_first=False, cmake_force_configure=False, ament_cmake_args=None, catkin_cmake_args=None, catkin_skip_building_tests=False, verb_parser=<colcon_defaults.argument_parser.defaults.DefaultArgumentsDecorator object at 0x7f18cf31bc70>, verb_extension=<colcon_core.verb.build.BuildVerb object at 0x7f18cf31b340>, main=<bound method BuildVerb.main of <colcon_core.verb.build.BuildVerb object at 0x7f18cf31b340>>)
[1.219s] Level 1:colcon.colcon_core.package_discovery:discover_packages(colcon_meta) check parameters
[1.219s] Level 1:colcon.colcon_core.package_discovery:discover_packages(recursive) check parameters
[1.219s] Level 1:colcon.colcon_core.package_discovery:discover_packages(ignore) check parameters
[1.219s] Level 1:colcon.colcon_core.package_discovery:discover_packages(path) check parameters
[1.219s] Level 1:colcon.colcon_core.package_discovery:discover_packages(colcon_meta) discover
[1.219s] Level 1:colcon.colcon_core.package_discovery:discover_packages(recursive) discover
[1.219s] INFO:colcon.colcon_core.package_discovery:Crawling recursively for packages in '/home/pretend/code'
[1.219s] Level 1:colcon.colcon_core.package_identification:_identify(.) by extensions ['ignore', 'ignore_ament_install']
[1.219s] Level 1:colcon.colcon_core.package_identification:_identify(.) by extension 'ignore'
[1.219s] Level 1:colcon.colcon_core.package_identification:_identify(.) by extension 'ignore_ament_install'
[1.219s] Level 1:colcon.colcon_core.package_identification:_identify(.) by extensions ['colcon_pkg']
[1.219s] Level 1:colcon.colcon_core.package_identification:_identify(.) by extension 'colcon_pkg'
[1.219s] Level 1:colcon.colcon_core.package_identification:_identify(.) by extensions ['colcon_meta']
[1.219s] Level 1:colcon.colcon_core.package_identification:_identify(.) by extension 'colcon_meta'
[1.219s] Level 1:colcon.colcon_core.package_identification:_identify(.) by extensions ['ros']
[1.219s] Level 1:colcon.colcon_core.package_identification:_identify(.) by extension 'ros'
[1.225s] Level 1:colcon.colcon_core.package_identification:_identify(.) by extensions ['cmake', 'python']
[1.225s] Level 1:colcon.colcon_core.package_identification:_identify(.) by extension 'cmake'
[1.225s] Level 1:colcon.colcon_core.package_identification:_identify(.) by extension 'python'
[1.225s] Level 1:colcon.colcon_core.package_identification:_identify(.) by extensions ['python_setup_py']
[1.225s] Level 1:colcon.colcon_core.package_identification:_identify(.) by extension 'python_setup_py'
[1.225s] Level 1:colcon.colcon_core.package_identification:_identify(build) by extensions ['ignore', 'ignore_ament_install']
[1.225s] Level 1:colcon.colcon_core.package_identification:_identify(build) by extension 'ignore'
[1.225s] Level 1:colcon.colcon_core.package_identification:_identify(build) ignored
[1.225s] Level 1:colcon.colcon_core.package_identification:_identify(install) by extensions ['ignore', 'ignore_ament_install']
[1.225s] Level 1:colcon.colcon_core.package_identification:_identify(install) by extension 'ignore'
[1.225s] Level 1:colcon.colcon_core.package_identification:_identify(install) ignored
[1.225s] Level 1:colcon.colcon_core.package_identification:_identify(log) by extensions ['ignore', 'ignore_ament_install']
[1.225s] Level 1:colcon.colcon_core.package_identification:_identify(log) by extension 'ignore'
[1.225s] Level 1:colcon.colcon_core.package_identification:_identify(log) ignored
[1.225s] Level 1:colcon.colcon_core.package_identification:_identify(src) by extensions ['ignore', 'ignore_ament_install']
[1.225s] Level 1:colcon.colcon_core.package_identification:_identify(src) by extension 'ignore'
[1.225s] Level 1:colcon.colcon_core.package_identification:_identify(src) by extension 'ignore_ament_install'
[1.225s] Level 1:colcon.colcon_core.package_identification:_identify(src) by extensions ['colcon_pkg']
[1.225s] Level 1:colcon.colcon_core.package_identification:_identify(src) by extension 'colcon_pkg'
[1.225s] Level 1:colcon.colcon_core.package_identification:_identify(src) by extensions ['colcon_meta']
[1.225s] Level 1:colcon.colcon_core.package_identification:_identify(src) by extension 'colcon_meta'
[1.225s] Level 1:colcon.colcon_core.package_identification:_identify(src) by extensions ['ros']
[1.225s] Level 1:colcon.colcon_core.package_identification:_identify(src) by extension 'ros'
[1.226s] Level 1:colcon.colcon_core.package_identification:_identify(src) by extensions ['cmake', 'python']
[1.226s] Level 1:colcon.colcon_core.package_identification:_identify(src) by extension 'cmake'
[1.226s] Level 1:colcon.colcon_core.package_identification:_identify(src) by extension 'python'
[1.226s] Level 1:colcon.colcon_core.package_identification:_identify(src) by extensions ['python_setup_py']
[1.226s] Level 1:colcon.colcon_core.package_identification:_identify(src) by extension 'python_setup_py'
[1.226s] Level 1:colcon.colcon_core.package_identification:_identify(src/rm_rune_detect) by extensions ['ignore', 'ignore_ament_install']
[1.226s] Level 1:colcon.colcon_core.package_identification:_identify(src/rm_rune_detect) by extension 'ignore'
[1.226s] Level 1:colcon.colcon_core.package_identification:_identify(src/rm_rune_detect) by extension 'ignore_ament_install'
[1.226s] Level 1:colcon.colcon_core.package_identification:_identify(src/rm_rune_detect) by extensions ['colcon_pkg']
[1.226s] Level 1:colcon.colcon_core.package_identification:_identify(src/rm_rune_detect) by extension 'colcon_pkg'
[1.226s] Level 1:colcon.colcon_core.package_identification:_identify(src/rm_rune_detect) by extensions ['colcon_meta']
[1.226s] Level 1:colcon.colcon_core.package_identification:_identify(src/rm_rune_detect) by extension 'colcon_meta'
[1.226s] Level 1:colcon.colcon_core.package_identification:_identify(src/rm_rune_detect) by extensions ['ros']
[1.226s] Level 1:colcon.colcon_core.package_identification:_identify(src/rm_rune_detect) by extension 'ros'
[1.227s] DEBUG:colcon.colcon_core.package_identification:Package 'src/rm_rune_detect' with type 'ros.ament_cmake' and name 'rm_rune_detect'
[1.227s] Level 1:colcon.colcon_core.package_identification:_identify(src/rm_startup) by extensions ['ignore', 'ignore_ament_install']
[1.227s] Level 1:colcon.colcon_core.package_identification:_identify(src/rm_startup) by extension 'ignore'
[1.227s] Level 1:colcon.colcon_core.package_identification:_identify(src/rm_startup) by extension 'ignore_ament_install'
[1.227s] Level 1:colcon.colcon_core.package_identification:_identify(src/rm_startup) by extensions ['colcon_pkg']
[1.227s] Level 1:colcon.colcon_core.package_identification:_identify(src/rm_startup) by extension 'colcon_pkg'
[1.227s] Level 1:colcon.colcon_core.package_identification:_identify(src/rm_startup) by extensions ['colcon_meta']
[1.227s] Level 1:colcon.colcon_core.package_identification:_identify(src/rm_startup) by extension 'colcon_meta'
[1.227s] Level 1:colcon.colcon_core.package_identification:_identify(src/rm_startup) by extensions ['ros']
[1.227s] Level 1:colcon.colcon_core.package_identification:_identify(src/rm_startup) by extension 'ros'
[1.228s] DEBUG:colcon.colcon_core.package_identification:Package 'src/rm_startup' with type 'ros.ament_cmake' and name 'rm_startup'
[1.228s] Level 1:colcon.colcon_core.package_identification:_identify(src/ros2-hik-camera-main) by extensions ['ignore', 'ignore_ament_install']
[1.228s] Level 1:colcon.colcon_core.package_identification:_identify(src/ros2-hik-camera-main) by extension 'ignore'
[1.228s] Level 1:colcon.colcon_core.package_identification:_identify(src/ros2-hik-camera-main) by extension 'ignore_ament_install'
[1.228s] Level 1:colcon.colcon_core.package_identification:_identify(src/ros2-hik-camera-main) by extensions ['colcon_pkg']
[1.228s] Level 1:colcon.colcon_core.package_identification:_identify(src/ros2-hik-camera-main) by extension 'colcon_pkg'
[1.228s] Level 1:colcon.colcon_core.package_identification:_identify(src/ros2-hik-camera-main) by extensions ['colcon_meta']
[1.228s] Level 1:colcon.colcon_core.package_identification:_identify(src/ros2-hik-camera-main) by extension 'colcon_meta'
[1.228s] Level 1:colcon.colcon_core.package_identification:_identify(src/ros2-hik-camera-main) by extensions ['ros']
[1.228s] Level 1:colcon.colcon_core.package_identification:_identify(src/ros2-hik-camera-main) by extension 'ros'
[1.228s] DEBUG:colcon.colcon_core.package_identification:Package 'src/ros2-hik-camera-main' with type 'ros.ament_cmake' and name 'hik_camera'
[1.228s] Level 1:colcon.colcon_core.package_identification:_identify(src/video_trial_node) by extensions ['ignore', 'ignore_ament_install']
[1.228s] Level 1:colcon.colcon_core.package_identification:_identify(src/video_trial_node) by extension 'ignore'
[1.228s] Level 1:colcon.colcon_core.package_identification:_identify(src/video_trial_node) by extension 'ignore_ament_install'
[1.228s] Level 1:colcon.colcon_core.package_identification:_identify(src/video_trial_node) by extensions ['colcon_pkg']
[1.228s] Level 1:colcon.colcon_core.package_identification:_identify(src/video_trial_node) by extension 'colcon_pkg'
[1.228s] Level 1:colcon.colcon_core.package_identification:_identify(src/video_trial_node) by extensions ['colcon_meta']
[1.228s] Level 1:colcon.colcon_core.package_identification:_identify(src/video_trial_node) by extension 'colcon_meta'
[1.228s] Level 1:colcon.colcon_core.package_identification:_identify(src/video_trial_node) by extensions ['ros']
[1.228s] Level 1:colcon.colcon_core.package_identification:_identify(src/video_trial_node) by extension 'ros'
[1.229s] DEBUG:colcon.colcon_core.package_identification:Package 'src/video_trial_node' with type 'ros.ament_cmake' and name 'video_trial_node'
[1.229s] Level 1:colcon.colcon_core.package_discovery:discover_packages(recursive) using defaults
[1.229s] Level 1:colcon.colcon_core.package_discovery:discover_packages(ignore) discover
[1.229s] Level 1:colcon.colcon_core.package_discovery:discover_packages(ignore) using defaults
[1.229s] Level 1:colcon.colcon_core.package_discovery:discover_packages(path) discover
[1.229s] Level 1:colcon.colcon_core.package_discovery:discover_packages(path) using defaults
[1.239s] Level 1:colcon.colcon_core.package_discovery:discover_packages(prefix_path) check parameters
[1.239s] Level 1:colcon.colcon_core.package_discovery:discover_packages(prefix_path) discover
[1.239s] DEBUG:colcon.colcon_installed_package_information.package_discovery:Found 4 installed packages in /home/pretend/code/install
[1.240s] DEBUG:colcon.colcon_installed_package_information.package_discovery:Found 263 installed packages in /opt/ros/humble
[1.244s] Level 1:colcon.colcon_core.package_discovery:discover_packages(prefix_path) using defaults
[1.259s] Level 5:colcon.colcon_core.verb:set package 'hik_camera' build argument 'cmake_args' from command line to 'None'
[1.259s] Level 5:colcon.colcon_core.verb:set package 'hik_camera' build argument 'cmake_target' from command line to 'None'
[1.259s] Level 5:colcon.colcon_core.verb:set package 'hik_camera' build argument 'cmake_target_skip_unavailable' from command line to 'False'
[1.259s] Level 5:colcon.colcon_core.verb:set package 'hik_camera' build argument 'cmake_clean_cache' from command line to 'False'
[1.259s] Level 5:colcon.colcon_core.verb:set package 'hik_camera' build argument 'cmake_clean_first' from command line to 'False'
[1.259s] Level 5:colcon.colcon_core.verb:set package 'hik_camera' build argument 'cmake_force_configure' from command line to 'False'
[1.259s] Level 5:colcon.colcon_core.verb:set package 'hik_camera' build argument 'ament_cmake_args' from command line to 'None'
[1.259s] Level 5:colcon.colcon_core.verb:set package 'hik_camera' build argument 'catkin_cmake_args' from command line to 'None'
[1.259s] Level 5:colcon.colcon_core.verb:set package 'hik_camera' build argument 'catkin_skip_building_tests' from command line to 'False'
[1.259s] DEBUG:colcon.colcon_core.verb:Building package 'hik_camera' with the following arguments: {'ament_cmake_args': None, 'build_base': '/home/pretend/code/build/hik_camera', 'catkin_cmake_args': None, 'catkin_skip_building_tests': False, 'cmake_args': None, 'cmake_clean_cache': False, 'cmake_clean_first': False, 'cmake_force_configure': False, 'cmake_target': None, 'cmake_target_skip_unavailable': False, 'install_base': '/home/pretend/code/install/hik_camera', 'merge_install': False, 'path': '/home/pretend/code/src/ros2-hik-camera-main', 'symlink_install': False, 'test_result_base': None}
[1.259s] Level 5:colcon.colcon_core.verb:set package 'rm_rune_detect' build argument 'cmake_args' from command line to 'None'
[1.259s] Level 5:colcon.colcon_core.verb:set package 'rm_rune_detect' build argument 'cmake_target' from command line to 'None'
[1.259s] Level 5:colcon.colcon_core.verb:set package 'rm_rune_detect' build argument 'cmake_target_skip_unavailable' from command line to 'False'
[1.259s] Level 5:colcon.colcon_core.verb:set package 'rm_rune_detect' build argument 'cmake_clean_cache' from command line to 'False'
[1.259s] Level 5:colcon.colcon_core.verb:set package 'rm_rune_detect' build argument 'cmake_clean_first' from command line to 'False'
[1.259s] Level 5:colcon.colcon_core.verb:set package 'rm_rune_detect' build argument 'cmake_force_configure' from command line to 'False'
[1.259s] Level 5:colcon.colcon_core.verb:set package 'rm_rune_detect' build argument 'ament_cmake_args' from command line to 'None'
[1.259s] Level 5:colcon.colcon_core.verb:set package 'rm_rune_detect' build argument 'catkin_cmake_args' from command line to 'None'
[1.259s] Level 5:colcon.colcon_core.verb:set package 'rm_rune_detect' build argument 'catkin_skip_building_tests' from command line to 'False'
[1.259s] DEBUG:colcon.colcon_core.verb:Building package 'rm_rune_detect' with the following arguments: {'ament_cmake_args': None, 'build_base': '/home/pretend/code/build/rm_rune_detect', 'catkin_cmake_args': None, 'catkin_skip_building_tests': False, 'cmake_args': None, 'cmake_clean_cache': False, 'cmake_clean_first': False, 'cmake_force_configure': False, 'cmake_target': None, 'cmake_target_skip_unavailable': False, 'install_base': '/home/pretend/code/install/rm_rune_detect', 'merge_install': False, 'path': '/home/pretend/code/src/rm_rune_detect', 'symlink_install': False, 'test_result_base': None}
[1.259s] Level 5:colcon.colcon_core.verb:set package 'rm_startup' build argument 'cmake_args' from command line to 'None'
[1.259s] Level 5:colcon.colcon_core.verb:set package 'rm_startup' build argument 'cmake_target' from command line to 'None'
[1.259s] Level 5:colcon.colcon_core.verb:set package 'rm_startup' build argument 'cmake_target_skip_unavailable' from command line to 'False'
[1.259s] Level 5:colcon.colcon_core.verb:set package 'rm_startup' build argument 'cmake_clean_cache' from command line to 'False'
[1.259s] Level 5:colcon.colcon_core.verb:set package 'rm_startup' build argument 'cmake_clean_first' from command line to 'False'
[1.259s] Level 5:colcon.colcon_core.verb:set package 'rm_startup' build argument 'cmake_force_configure' from command line to 'False'
[1.259s] Level 5:colcon.colcon_core.verb:set package 'rm_startup' build argument 'ament_cmake_args' from command line to 'None'
[1.259s] Level 5:colcon.colcon_core.verb:set package 'rm_startup' build argument 'catkin_cmake_args' from command line to 'None'
[1.259s] Level 5:colcon.colcon_core.verb:set package 'rm_startup' build argument 'catkin_skip_building_tests' from command line to 'False'
[1.259s] DEBUG:colcon.colcon_core.verb:Building package 'rm_startup' with the following arguments: {'ament_cmake_args': None, 'build_base': '/home/pretend/code/build/rm_startup', 'catkin_cmake_args': None, 'catkin_skip_building_tests': False, 'cmake_args': None, 'cmake_clean_cache': False, 'cmake_clean_first': False, 'cmake_force_configure': False, 'cmake_target': None, 'cmake_target_skip_unavailable': False, 'install_base': '/home/pretend/code/install/rm_startup', 'merge_install': False, 'path': '/home/pretend/code/src/rm_startup', 'symlink_install': False, 'test_result_base': None}
[1.259s] Level 5:colcon.colcon_core.verb:set package 'video_trial_node' build argument 'cmake_args' from command line to 'None'
[1.259s] Level 5:colcon.colcon_core.verb:set package 'video_trial_node' build argument 'cmake_target' from command line to 'None'
[1.259s] Level 5:colcon.colcon_core.verb:set package 'video_trial_node' build argument 'cmake_target_skip_unavailable' from command line to 'False'
[1.259s] Level 5:colcon.colcon_core.verb:set package 'video_trial_node' build argument 'cmake_clean_cache' from command line to 'False'
[1.259s] Level 5:colcon.colcon_core.verb:set package 'video_trial_node' build argument 'cmake_clean_first' from command line to 'False'
[1.259s] Level 5:colcon.colcon_core.verb:set package 'video_trial_node' build argument 'cmake_force_configure' from command line to 'False'
[1.259s] Level 5:colcon.colcon_core.verb:set package 'video_trial_node' build argument 'ament_cmake_args' from command line to 'None'
[1.259s] Level 5:colcon.colcon_core.verb:set package 'video_trial_node' build argument 'catkin_cmake_args' from command line to 'None'
[1.259s] Level 5:colcon.colcon_core.verb:set package 'video_trial_node' build argument 'catkin_skip_building_tests' from command line to 'False'
[1.259s] DEBUG:colcon.colcon_core.verb:Building package 'video_trial_node' with the following arguments: {'ament_cmake_args': None, 'build_base': '/home/pretend/code/build/video_trial_node', 'catkin_cmake_args': None, 'catkin_skip_building_tests': False, 'cmake_args': None, 'cmake_clean_cache': False, 'cmake_clean_first': False, 'cmake_force_configure': False, 'cmake_target': None, 'cmake_target_skip_unavailable': False, 'install_base': '/home/pretend/code/install/video_trial_node', 'merge_install': False, 'path': '/home/pretend/code/src/video_trial_node', 'symlink_install': False, 'test_result_base': None}
[1.260s] INFO:colcon.colcon_core.executor:Executing jobs using 'parallel' executor
[1.260s] DEBUG:colcon.colcon_parallel_executor.executor.parallel:run_until_complete
[1.260s] INFO:colcon.colcon_ros.task.ament_cmake.build:Building ROS package in '/home/pretend/code/src/ros2-hik-camera-main' with build type 'ament_cmake'
[1.260s] INFO:colcon.colcon_cmake.task.cmake.build:Building CMake package in '/home/pretend/code/src/ros2-hik-camera-main'
[1.262s] INFO:colcon.colcon_core.plugin_system:Skipping extension 'colcon_core.shell.bat': Not used on non-Windows systems
[1.262s] INFO:colcon.colcon_core.shell:Skip shell extension 'powershell' for command environment: Not usable outside of PowerShell
[1.262s] DEBUG:colcon.colcon_core.shell:Skip shell extension 'dsv' for command environment
[1.264s] INFO:colcon.colcon_ros.task.ament_cmake.build:Building ROS package in '/home/pretend/code/src/rm_rune_detect' with build type 'ament_cmake'
[1.264s] INFO:colcon.colcon_cmake.task.cmake.build:Building CMake package in '/home/pretend/code/src/rm_rune_detect'
[1.264s] INFO:colcon.colcon_core.shell:Skip shell extension 'powershell' for command environment: Not usable outside of PowerShell
[1.264s] DEBUG:colcon.colcon_core.shell:Skip shell extension 'dsv' for command environment
[1.266s] INFO:colcon.colcon_ros.task.ament_cmake.build:Building ROS package in '/home/pretend/code/src/rm_startup' with build type 'ament_cmake'
[1.266s] INFO:colcon.colcon_cmake.task.cmake.build:Building CMake package in '/home/pretend/code/src/rm_startup'
[1.266s] INFO:colcon.colcon_core.shell:Skip shell extension 'powershell' for command environment: Not usable outside of PowerShell
[1.266s] DEBUG:colcon.colcon_core.shell:Skip shell extension 'dsv' for command environment
[1.268s] INFO:colcon.colcon_ros.task.ament_cmake.build:Building ROS package in '/home/pretend/code/src/video_trial_node' with build type 'ament_cmake'
[1.268s] INFO:colcon.colcon_cmake.task.cmake.build:Building CMake package in '/home/pretend/code/src/video_trial_node'
[1.268s] INFO:colcon.colcon_core.shell:Skip shell extension 'powershell' for command environment: Not usable outside of PowerShell
[1.268s] DEBUG:colcon.colcon_core.shell:Skip shell extension 'dsv' for command environment
[1.272s] DEBUG:colcon.colcon_core.event_handler.log_command:Invoking command in '/home/pretend/code/build/hik_camera': CMAKE_PREFIX_PATH=${CMAKE_PREFIX_PATH}:/opt/ros/humble /usr/bin/cmake --build /home/pretend/code/build/hik_camera -- -j32 -l32
[1.274s] DEBUG:colcon.colcon_core.event_handler.log_command:Invoking command in '/home/pretend/code/build/rm_rune_detect': CMAKE_PREFIX_PATH=${CMAKE_PREFIX_PATH}:/opt/ros/humble /usr/bin/cmake --build /home/pretend/code/build/rm_rune_detect -- -j32 -l32
[1.275s] DEBUG:colcon.colcon_core.event_handler.log_command:Invoking command in '/home/pretend/code/build/rm_startup': CMAKE_PREFIX_PATH=${CMAKE_PREFIX_PATH}:/opt/ros/humble /usr/bin/cmake --build /home/pretend/code/build/rm_startup -- -j32 -l32
[1.279s] DEBUG:colcon.colcon_core.event_handler.log_command:Invoking command in '/home/pretend/code/build/video_trial_node': CMAKE_PREFIX_PATH=${CMAKE_PREFIX_PATH}:/opt/ros/humble /usr/bin/cmake --build /home/pretend/code/build/video_trial_node -- -j32 -l32
[1.291s] DEBUG:colcon.colcon_core.event_handler.log_command:Invoked command in '/home/pretend/code/build/rm_startup' returned '0': CMAKE_PREFIX_PATH=${CMAKE_PREFIX_PATH}:/opt/ros/humble /usr/bin/cmake --build /home/pretend/code/build/rm_startup -- -j32 -l32
[1.295s] DEBUG:colcon.colcon_core.event_handler.log_command:Invoking command in '/home/pretend/code/build/rm_startup': CMAKE_PREFIX_PATH=${CMAKE_PREFIX_PATH}:/opt/ros/humble /usr/bin/cmake --install /home/pretend/code/build/rm_startup
[1.301s] Level 1:colcon.colcon_core.environment:create_environment_scripts_only(rm_startup)
[1.302s] DEBUG:colcon.colcon_core.event_handler.log_command:Invoked command in '/home/pretend/code/build/rm_startup' returned '0': CMAKE_PREFIX_PATH=${CMAKE_PREFIX_PATH}:/opt/ros/humble /usr/bin/cmake --install /home/pretend/code/build/rm_startup
[1.303s] Level 1:colcon.colcon_core.environment:checking '/home/pretend/code/install/rm_startup' for CMake module files
[1.303s] Level 1:colcon.colcon_core.environment:checking '/home/pretend/code/install/rm_startup' for CMake config files
[1.304s] Level 1:colcon.colcon_core.shell:create_environment_hook('rm_startup', 'cmake_prefix_path')
[1.304s] INFO:colcon.colcon_core.shell:Creating environment hook '/home/pretend/code/install/rm_startup/share/rm_startup/hook/cmake_prefix_path.ps1'
[1.304s] INFO:colcon.colcon_core.shell:Creating environment descriptor '/home/pretend/code/install/rm_startup/share/rm_startup/hook/cmake_prefix_path.dsv'
[1.304s] INFO:colcon.colcon_core.shell:Creating environment hook '/home/pretend/code/install/rm_startup/share/rm_startup/hook/cmake_prefix_path.sh'
[1.305s] Level 1:colcon.colcon_core.environment:checking '/home/pretend/code/install/rm_startup/bin'
[1.305s] Level 1:colcon.colcon_core.environment:checking '/home/pretend/code/install/rm_startup/lib/pkgconfig/rm_startup.pc'
[1.305s] Level 1:colcon.colcon_core.environment:checking '/home/pretend/code/install/rm_startup/lib/python3.10/site-packages'
[1.305s] Level 1:colcon.colcon_core.environment:checking '/home/pretend/code/install/rm_startup/bin'
[1.305s] INFO:colcon.colcon_core.shell:Creating package script '/home/pretend/code/install/rm_startup/share/rm_startup/package.ps1'
[1.306s] INFO:colcon.colcon_core.shell:Creating package descriptor '/home/pretend/code/install/rm_startup/share/rm_startup/package.dsv'
[1.306s] INFO:colcon.colcon_core.shell:Creating package script '/home/pretend/code/install/rm_startup/share/rm_startup/package.sh'
[1.306s] INFO:colcon.colcon_core.shell:Creating package script '/home/pretend/code/install/rm_startup/share/rm_startup/package.bash'
[1.307s] INFO:colcon.colcon_core.shell:Creating package script '/home/pretend/code/install/rm_startup/share/rm_startup/package.zsh'
[1.307s] Level 1:colcon.colcon_core.environment:create_file_with_runtime_dependencies(/home/pretend/code/install/rm_startup/share/colcon-core/packages/rm_startup)
[1.307s] Level 1:colcon.colcon_core.environment:create_environment_scripts_only(rm_startup)
[1.307s] Level 1:colcon.colcon_core.environment:checking '/home/pretend/code/install/rm_startup' for CMake module files
[1.307s] Level 1:colcon.colcon_core.environment:checking '/home/pretend/code/install/rm_startup' for CMake config files
[1.307s] Level 1:colcon.colcon_core.shell:create_environment_hook('rm_startup', 'cmake_prefix_path')
[1.307s] INFO:colcon.colcon_core.shell:Creating environment hook '/home/pretend/code/install/rm_startup/share/rm_startup/hook/cmake_prefix_path.ps1'
[1.308s] INFO:colcon.colcon_core.shell:Creating environment descriptor '/home/pretend/code/install/rm_startup/share/rm_startup/hook/cmake_prefix_path.dsv'
[1.308s] INFO:colcon.colcon_core.shell:Creating environment hook '/home/pretend/code/install/rm_startup/share/rm_startup/hook/cmake_prefix_path.sh'
[1.308s] Level 1:colcon.colcon_core.environment:checking '/home/pretend/code/install/rm_startup/bin'
[1.308s] Level 1:colcon.colcon_core.environment:checking '/home/pretend/code/install/rm_startup/lib/pkgconfig/rm_startup.pc'
[1.308s] Level 1:colcon.colcon_core.environment:checking '/home/pretend/code/install/rm_startup/lib/python3.10/site-packages'
[1.308s] Level 1:colcon.colcon_core.environment:checking '/home/pretend/code/install/rm_startup/bin'
[1.308s] INFO:colcon.colcon_core.shell:Creating package script '/home/pretend/code/install/rm_startup/share/rm_startup/package.ps1'
[1.308s] INFO:colcon.colcon_core.shell:Creating package descriptor '/home/pretend/code/install/rm_startup/share/rm_startup/package.dsv'
[1.309s] INFO:colcon.colcon_core.shell:Creating package script '/home/pretend/code/install/rm_startup/share/rm_startup/package.sh'
[1.309s] INFO:colcon.colcon_core.shell:Creating package script '/home/pretend/code/install/rm_startup/share/rm_startup/package.bash'
[1.309s] INFO:colcon.colcon_core.shell:Creating package script '/home/pretend/code/install/rm_startup/share/rm_startup/package.zsh'
[1.309s] Level 1:colcon.colcon_core.environment:create_file_with_runtime_dependencies(/home/pretend/code/install/rm_startup/share/colcon-core/packages/rm_startup)
[1.311s] DEBUG:colcon.colcon_core.event_handler.log_command:Invoked command in '/home/pretend/code/build/rm_rune_detect' returned '0': CMAKE_PREFIX_PATH=${CMAKE_PREFIX_PATH}:/opt/ros/humble /usr/bin/cmake --build /home/pretend/code/build/rm_rune_detect -- -j32 -l32
[1.312s] DEBUG:colcon.colcon_core.event_handler.log_command:Invoking command in '/home/pretend/code/build/rm_rune_detect': CMAKE_PREFIX_PATH=${CMAKE_PREFIX_PATH}:/opt/ros/humble /usr/bin/cmake --install /home/pretend/code/build/rm_rune_detect
[1.312s] DEBUG:colcon.colcon_core.event_handler.log_command:Invoked command in '/home/pretend/code/build/hik_camera' returned '0': CMAKE_PREFIX_PATH=${CMAKE_PREFIX_PATH}:/opt/ros/humble /usr/bin/cmake --build /home/pretend/code/build/hik_camera -- -j32 -l32
[1.313s] DEBUG:colcon.colcon_core.event_handler.log_command:Invoking command in '/home/pretend/code/build/hik_camera': CMAKE_PREFIX_PATH=${CMAKE_PREFIX_PATH}:/opt/ros/humble /usr/bin/cmake --install /home/pretend/code/build/hik_camera
[1.320s] Level 1:colcon.colcon_core.environment:create_environment_scripts_only(hik_camera)
[1.320s] Level 1:colcon.colcon_core.environment:checking '/home/pretend/code/install/hik_camera' for CMake module files
[1.320s] DEBUG:colcon.colcon_core.event_handler.log_command:Invoked command in '/home/pretend/code/build/hik_camera' returned '0': CMAKE_PREFIX_PATH=${CMAKE_PREFIX_PATH}:/opt/ros/humble /usr/bin/cmake --install /home/pretend/code/build/hik_camera
[1.321s] Level 1:colcon.colcon_core.environment:checking '/home/pretend/code/install/hik_camera' for CMake config files
[1.322s] Level 1:colcon.colcon_core.shell:create_environment_hook('hik_camera', 'cmake_prefix_path')
[1.322s] INFO:colcon.colcon_core.shell:Creating environment hook '/home/pretend/code/install/hik_camera/share/hik_camera/hook/cmake_prefix_path.ps1'
[1.322s] INFO:colcon.colcon_core.shell:Creating environment descriptor '/home/pretend/code/install/hik_camera/share/hik_camera/hook/cmake_prefix_path.dsv'
[1.322s] INFO:colcon.colcon_core.shell:Creating environment hook '/home/pretend/code/install/hik_camera/share/hik_camera/hook/cmake_prefix_path.sh'
[1.322s] Level 1:colcon.colcon_core.environment:checking '/home/pretend/code/install/hik_camera/lib'
[1.322s] Level 1:colcon.colcon_core.shell:create_environment_hook('hik_camera', 'ld_library_path_lib')
[1.322s] INFO:colcon.colcon_core.shell:Creating environment hook '/home/pretend/code/install/hik_camera/share/hik_camera/hook/ld_library_path_lib.ps1'
[1.323s] INFO:colcon.colcon_core.shell:Creating environment descriptor '/home/pretend/code/install/hik_camera/share/hik_camera/hook/ld_library_path_lib.dsv'
[1.323s] INFO:colcon.colcon_core.shell:Creating environment hook '/home/pretend/code/install/hik_camera/share/hik_camera/hook/ld_library_path_lib.sh'
[1.323s] Level 1:colcon.colcon_core.environment:checking '/home/pretend/code/install/hik_camera/bin'
[1.323s] Level 1:colcon.colcon_core.environment:checking '/home/pretend/code/install/hik_camera/lib/pkgconfig/hik_camera.pc'
[1.323s] Level 1:colcon.colcon_core.environment:checking '/home/pretend/code/install/hik_camera/lib/python3.10/site-packages'
[1.323s] Level 1:colcon.colcon_core.environment:checking '/home/pretend/code/install/hik_camera/bin'
[1.323s] INFO:colcon.colcon_core.shell:Creating package script '/home/pretend/code/install/hik_camera/share/hik_camera/package.ps1'
[1.324s] INFO:colcon.colcon_core.shell:Creating package descriptor '/home/pretend/code/install/hik_camera/share/hik_camera/package.dsv'
[1.324s] INFO:colcon.colcon_core.shell:Creating package script '/home/pretend/code/install/hik_camera/share/hik_camera/package.sh'
[1.324s] INFO:colcon.colcon_core.shell:Creating package script '/home/pretend/code/install/hik_camera/share/hik_camera/package.bash'
[1.324s] INFO:colcon.colcon_core.shell:Creating package script '/home/pretend/code/install/hik_camera/share/hik_camera/package.zsh'
[1.324s] Level 1:colcon.colcon_core.environment:create_file_with_runtime_dependencies(/home/pretend/code/install/hik_camera/share/colcon-core/packages/hik_camera)
[1.324s] Level 1:colcon.colcon_core.environment:create_environment_scripts_only(hik_camera)
[1.324s] Level 1:colcon.colcon_core.environment:checking '/home/pretend/code/install/hik_camera' for CMake module files
[1.325s] Level 1:colcon.colcon_core.environment:checking '/home/pretend/code/install/hik_camera' for CMake config files
[1.325s] Level 1:colcon.colcon_core.shell:create_environment_hook('hik_camera', 'cmake_prefix_path')
[1.325s] INFO:colcon.colcon_core.shell:Creating environment hook '/home/pretend/code/install/hik_camera/share/hik_camera/hook/cmake_prefix_path.ps1'
[1.325s] INFO:colcon.colcon_core.shell:Creating environment descriptor '/home/pretend/code/install/hik_camera/share/hik_camera/hook/cmake_prefix_path.dsv'
[1.325s] INFO:colcon.colcon_core.shell:Creating environment hook '/home/pretend/code/install/hik_camera/share/hik_camera/hook/cmake_prefix_path.sh'
[1.325s] Level 1:colcon.colcon_core.environment:checking '/home/pretend/code/install/hik_camera/lib'
[1.325s] Level 1:colcon.colcon_core.shell:create_environment_hook('hik_camera', 'ld_library_path_lib')
[1.325s] INFO:colcon.colcon_core.shell:Creating environment hook '/home/pretend/code/install/hik_camera/share/hik_camera/hook/ld_library_path_lib.ps1'
[1.325s] INFO:colcon.colcon_core.shell:Creating environment descriptor '/home/pretend/code/install/hik_camera/share/hik_camera/hook/ld_library_path_lib.dsv'
[1.326s] INFO:colcon.colcon_core.shell:Creating environment hook '/home/pretend/code/install/hik_camera/share/hik_camera/hook/ld_library_path_lib.sh'
[1.326s] Level 1:colcon.colcon_core.environment:checking '/home/pretend/code/install/hik_camera/bin'
[1.326s] Level 1:colcon.colcon_core.environment:checking '/home/pretend/code/install/hik_camera/lib/pkgconfig/hik_camera.pc'
[1.326s] Level 1:colcon.colcon_core.environment:checking '/home/pretend/code/install/hik_camera/lib/python3.10/site-packages'
[1.326s] Level 1:colcon.colcon_core.environment:checking '/home/pretend/code/install/hik_camera/bin'
[1.326s] INFO:colcon.colcon_core.shell:Creating package script '/home/pretend/code/install/hik_camera/share/hik_camera/package.ps1'
[1.326s] INFO:colcon.colcon_core.shell:Creating package descriptor '/home/pretend/code/install/hik_camera/share/hik_camera/package.dsv'
[1.326s] INFO:colcon.colcon_core.shell:Creating package script '/home/pretend/code/install/hik_camera/share/hik_camera/package.sh'
[1.327s] INFO:colcon.colcon_core.shell:Creating package script '/home/pretend/code/install/hik_camera/share/hik_camera/package.bash'
[1.327s] INFO:colcon.colcon_core.shell:Creating package script '/home/pretend/code/install/hik_camera/share/hik_camera/package.zsh'
[1.327s] Level 1:colcon.colcon_core.environment:create_file_with_runtime_dependencies(/home/pretend/code/install/hik_camera/share/colcon-core/packages/hik_camera)
[1.328s] Level 1:colcon.colcon_core.environment:create_environment_scripts_only(rm_rune_detect)
[1.328s] Level 1:colcon.colcon_core.environment:checking '/home/pretend/code/install/rm_rune_detect' for CMake module files
[1.328s] DEBUG:colcon.colcon_core.event_handler.log_command:Invoked command in '/home/pretend/code/build/rm_rune_detect' returned '0': CMAKE_PREFIX_PATH=${CMAKE_PREFIX_PATH}:/opt/ros/humble /usr/bin/cmake --install /home/pretend/code/build/rm_rune_detect
[1.329s] Level 1:colcon.colcon_core.environment:checking '/home/pretend/code/install/rm_rune_detect' for CMake config files
[1.329s] Level 1:colcon.colcon_core.shell:create_environment_hook('rm_rune_detect', 'cmake_prefix_path')
[1.329s] INFO:colcon.colcon_core.shell:Creating environment hook '/home/pretend/code/install/rm_rune_detect/share/rm_rune_detect/hook/cmake_prefix_path.ps1'
[1.329s] INFO:colcon.colcon_core.shell:Creating environment descriptor '/home/pretend/code/install/rm_rune_detect/share/rm_rune_detect/hook/cmake_prefix_path.dsv'
[1.329s] INFO:colcon.colcon_core.shell:Creating environment hook '/home/pretend/code/install/rm_rune_detect/share/rm_rune_detect/hook/cmake_prefix_path.sh'
[1.329s] Level 1:colcon.colcon_core.environment:checking '/home/pretend/code/install/rm_rune_detect/lib'
[1.329s] Level 1:colcon.colcon_core.shell:create_environment_hook('rm_rune_detect', 'ld_library_path_lib')
[1.329s] INFO:colcon.colcon_core.shell:Creating environment hook '/home/pretend/code/install/rm_rune_detect/share/rm_rune_detect/hook/ld_library_path_lib.ps1'
[1.330s] INFO:colcon.colcon_core.shell:Creating environment descriptor '/home/pretend/code/install/rm_rune_detect/share/rm_rune_detect/hook/ld_library_path_lib.dsv'
[1.330s] INFO:colcon.colcon_core.shell:Creating environment hook '/home/pretend/code/install/rm_rune_detect/share/rm_rune_detect/hook/ld_library_path_lib.sh'
[1.330s] Level 1:colcon.colcon_core.environment:checking '/home/pretend/code/install/rm_rune_detect/bin'
[1.330s] Level 1:colcon.colcon_core.environment:checking '/home/pretend/code/install/rm_rune_detect/lib/pkgconfig/rm_rune_detect.pc'
[1.330s] Level 1:colcon.colcon_core.environment:checking '/home/pretend/code/install/rm_rune_detect/lib/python3.10/site-packages'
[1.330s] Level 1:colcon.colcon_core.environment:checking '/home/pretend/code/install/rm_rune_detect/bin'
[1.330s] INFO:colcon.colcon_core.shell:Creating package script '/home/pretend/code/install/rm_rune_detect/share/rm_rune_detect/package.ps1'
[1.331s] INFO:colcon.colcon_core.shell:Creating package descriptor '/home/pretend/code/install/rm_rune_detect/share/rm_rune_detect/package.dsv'
[1.331s] INFO:colcon.colcon_core.shell:Creating package script '/home/pretend/code/install/rm_rune_detect/share/rm_rune_detect/package.sh'
[1.331s] INFO:colcon.colcon_core.shell:Creating package script '/home/pretend/code/install/rm_rune_detect/share/rm_rune_detect/package.bash'
[1.331s] INFO:colcon.colcon_core.shell:Creating package script '/home/pretend/code/install/rm_rune_detect/share/rm_rune_detect/package.zsh'
[1.331s] Level 1:colcon.colcon_core.environment:create_file_with_runtime_dependencies(/home/pretend/code/install/rm_rune_detect/share/colcon-core/packages/rm_rune_detect)
[1.331s] Level 1:colcon.colcon_core.environment:create_environment_scripts_only(rm_rune_detect)
[1.331s] Level 1:colcon.colcon_core.environment:checking '/home/pretend/code/install/rm_rune_detect' for CMake module files
[1.332s] Level 1:colcon.colcon_core.environment:checking '/home/pretend/code/install/rm_rune_detect' for CMake config files
[1.332s] Level 1:colcon.colcon_core.shell:create_environment_hook('rm_rune_detect', 'cmake_prefix_path')
[1.332s] INFO:colcon.colcon_core.shell:Creating environment hook '/home/pretend/code/install/rm_rune_detect/share/rm_rune_detect/hook/cmake_prefix_path.ps1'
[1.332s] INFO:colcon.colcon_core.shell:Creating environment descriptor '/home/pretend/code/install/rm_rune_detect/share/rm_rune_detect/hook/cmake_prefix_path.dsv'
[1.332s] INFO:colcon.colcon_core.shell:Creating environment hook '/home/pretend/code/install/rm_rune_detect/share/rm_rune_detect/hook/cmake_prefix_path.sh'
[1.332s] Level 1:colcon.colcon_core.environment:checking '/home/pretend/code/install/rm_rune_detect/lib'
[1.333s] Level 1:colcon.colcon_core.shell:create_environment_hook('rm_rune_detect', 'ld_library_path_lib')
[1.333s] INFO:colcon.colcon_core.shell:Creating environment hook '/home/pretend/code/install/rm_rune_detect/share/rm_rune_detect/hook/ld_library_path_lib.ps1'
[1.333s] INFO:colcon.colcon_core.shell:Creating environment descriptor '/home/pretend/code/install/rm_rune_detect/share/rm_rune_detect/hook/ld_library_path_lib.dsv'
[1.333s] INFO:colcon.colcon_core.shell:Creating environment hook '/home/pretend/code/install/rm_rune_detect/share/rm_rune_detect/hook/ld_library_path_lib.sh'
[1.333s] Level 1:colcon.colcon_core.environment:checking '/home/pretend/code/install/rm_rune_detect/bin'
[1.333s] Level 1:colcon.colcon_core.environment:checking '/home/pretend/code/install/rm_rune_detect/lib/pkgconfig/rm_rune_detect.pc'
[1.333s] Level 1:colcon.colcon_core.environment:checking '/home/pretend/code/install/rm_rune_detect/lib/python3.10/site-packages'
[1.333s] Level 1:colcon.colcon_core.environment:checking '/home/pretend/code/install/rm_rune_detect/bin'
[1.334s] INFO:colcon.colcon_core.shell:Creating package script '/home/pretend/code/install/rm_rune_detect/share/rm_rune_detect/package.ps1'
[1.334s] INFO:colcon.colcon_core.shell:Creating package descriptor '/home/pretend/code/install/rm_rune_detect/share/rm_rune_detect/package.dsv'
[1.334s] INFO:colcon.colcon_core.shell:Creating package script '/home/pretend/code/install/rm_rune_detect/share/rm_rune_detect/package.sh'
[1.334s] INFO:colcon.colcon_core.shell:Creating package script '/home/pretend/code/install/rm_rune_detect/share/rm_rune_detect/package.bash'
[1.334s] INFO:colcon.colcon_core.shell:Creating package script '/home/pretend/code/install/rm_rune_detect/share/rm_rune_detect/package.zsh'
[1.334s] Level 1:colcon.colcon_core.environment:create_file_with_runtime_dependencies(/home/pretend/code/install/rm_rune_detect/share/colcon-core/packages/rm_rune_detect)
[4.573s] DEBUG:colcon.colcon_core.event_handler.log_command:Invoked command in '/home/pretend/code/build/video_trial_node' returned '0': CMAKE_PREFIX_PATH=${CMAKE_PREFIX_PATH}:/opt/ros/humble /usr/bin/cmake --build /home/pretend/code/build/video_trial_node -- -j32 -l32
[4.575s] DEBUG:colcon.colcon_core.event_handler.log_command:Invoking command in '/home/pretend/code/build/video_trial_node': CMAKE_PREFIX_PATH=${CMAKE_PREFIX_PATH}:/opt/ros/humble /usr/bin/cmake --install /home/pretend/code/build/video_trial_node
[4.580s] Level 1:colcon.colcon_core.environment:create_environment_scripts_only(video_trial_node)
[4.580s] Level 1:colcon.colcon_core.environment:checking '/home/pretend/code/install/video_trial_node' for CMake module files
[4.581s] DEBUG:colcon.colcon_core.event_handler.log_command:Invoked command in '/home/pretend/code/build/video_trial_node' returned '0': CMAKE_PREFIX_PATH=${CMAKE_PREFIX_PATH}:/opt/ros/humble /usr/bin/cmake --install /home/pretend/code/build/video_trial_node
[4.581s] Level 1:colcon.colcon_core.environment:checking '/home/pretend/code/install/video_trial_node' for CMake config files
[4.581s] Level 1:colcon.colcon_core.shell:create_environment_hook('video_trial_node', 'cmake_prefix_path')
[4.581s] INFO:colcon.colcon_core.shell:Creating environment hook '/home/pretend/code/install/video_trial_node/share/video_trial_node/hook/cmake_prefix_path.ps1'
[4.582s] INFO:colcon.colcon_core.shell:Creating environment descriptor '/home/pretend/code/install/video_trial_node/share/video_trial_node/hook/cmake_prefix_path.dsv'
[4.582s] INFO:colcon.colcon_core.shell:Creating environment hook '/home/pretend/code/install/video_trial_node/share/video_trial_node/hook/cmake_prefix_path.sh'
[4.582s] Level 1:colcon.colcon_core.environment:checking '/home/pretend/code/install/video_trial_node/lib'
[4.582s] Level 1:colcon.colcon_core.shell:create_environment_hook('video_trial_node', 'ld_library_path_lib')
[4.582s] INFO:colcon.colcon_core.shell:Creating environment hook '/home/pretend/code/install/video_trial_node/share/video_trial_node/hook/ld_library_path_lib.ps1'
[4.582s] INFO:colcon.colcon_core.shell:Creating environment descriptor '/home/pretend/code/install/video_trial_node/share/video_trial_node/hook/ld_library_path_lib.dsv'
[4.582s] INFO:colcon.colcon_core.shell:Creating environment hook '/home/pretend/code/install/video_trial_node/share/video_trial_node/hook/ld_library_path_lib.sh'
[4.583s] Level 1:colcon.colcon_core.environment:checking '/home/pretend/code/install/video_trial_node/bin'
[4.583s] Level 1:colcon.colcon_core.environment:checking '/home/pretend/code/install/video_trial_node/lib/pkgconfig/video_trial_node.pc'
[4.583s] Level 1:colcon.colcon_core.environment:checking '/home/pretend/code/install/video_trial_node/lib/python3.10/site-packages'
[4.583s] Level 1:colcon.colcon_core.environment:checking '/home/pretend/code/install/video_trial_node/bin'
[4.583s] INFO:colcon.colcon_core.shell:Creating package script '/home/pretend/code/install/video_trial_node/share/video_trial_node/package.ps1'
[4.583s] INFO:colcon.colcon_core.shell:Creating package descriptor '/home/pretend/code/install/video_trial_node/share/video_trial_node/package.dsv'
[4.583s] INFO:colcon.colcon_core.shell:Creating package script '/home/pretend/code/install/video_trial_node/share/video_trial_node/package.sh'
[4.584s] INFO:colcon.colcon_core.shell:Creating package script '/home/pretend/code/install/video_trial_node/share/video_trial_node/package.bash'
[4.584s] INFO:colcon.colcon_core.shell:Creating package script '/home/pretend/code/install/video_trial_node/share/video_trial_node/package.zsh'
[4.584s] Level 1:colcon.colcon_core.environment:create_file_with_runtime_dependencies(/home/pretend/code/install/video_trial_node/share/colcon-core/packages/video_trial_node)
[4.584s] Level 1:colcon.colcon_core.environment:create_environment_scripts_only(video_trial_node)
[4.584s] Level 1:colcon.colcon_core.environment:checking '/home/pretend/code/install/video_trial_node' for CMake module files
[4.584s] Level 1:colcon.colcon_core.environment:checking '/home/pretend/code/install/video_trial_node' for CMake config files
[4.584s] Level 1:colcon.colcon_core.shell:create_environment_hook('video_trial_node', 'cmake_prefix_path')
[4.584s] INFO:colcon.colcon_core.shell:Creating environment hook '/home/pretend/code/install/video_trial_node/share/video_trial_node/hook/cmake_prefix_path.ps1'
[4.585s] INFO:colcon.colcon_core.shell:Creating environment descriptor '/home/pretend/code/install/video_trial_node/share/video_trial_node/hook/cmake_prefix_path.dsv'
[4.585s] INFO:colcon.colcon_core.shell:Creating environment hook '/home/pretend/code/install/video_trial_node/share/video_trial_node/hook/cmake_prefix_path.sh'
[4.585s] Level 1:colcon.colcon_core.environment:checking '/home/pretend/code/install/video_trial_node/lib'
[4.585s] Level 1:colcon.colcon_core.shell:create_environment_hook('video_trial_node', 'ld_library_path_lib')
[4.585s] INFO:colcon.colcon_core.shell:Creating environment hook '/home/pretend/code/install/video_trial_node/share/video_trial_node/hook/ld_library_path_lib.ps1'
[4.585s] INFO:colcon.colcon_core.shell:Creating environment descriptor '/home/pretend/code/install/video_trial_node/share/video_trial_node/hook/ld_library_path_lib.dsv'
[4.586s] INFO:colcon.colcon_core.shell:Creating environment hook '/home/pretend/code/install/video_trial_node/share/video_trial_node/hook/ld_library_path_lib.sh'
[4.586s] Level 1:colcon.colcon_core.environment:checking '/home/pretend/code/install/video_trial_node/bin'
[4.586s] Level 1:colcon.colcon_core.environment:checking '/home/pretend/code/install/video_trial_node/lib/pkgconfig/video_trial_node.pc'
[4.586s] Level 1:colcon.colcon_core.environment:checking '/home/pretend/code/install/video_trial_node/lib/python3.10/site-packages'
[4.586s] Level 1:colcon.colcon_core.environment:checking '/home/pretend/code/install/video_trial_node/bin'
[4.586s] INFO:colcon.colcon_core.shell:Creating package script '/home/pretend/code/install/video_trial_node/share/video_trial_node/package.ps1'
[4.586s] INFO:colcon.colcon_core.shell:Creating package descriptor '/home/pretend/code/install/video_trial_node/share/video_trial_node/package.dsv'
[4.587s] INFO:colcon.colcon_core.shell:Creating package script '/home/pretend/code/install/video_trial_node/share/video_trial_node/package.sh'
[4.587s] INFO:colcon.colcon_core.shell:Creating package script '/home/pretend/code/install/video_trial_node/share/video_trial_node/package.bash'
[4.587s] INFO:colcon.colcon_core.shell:Creating package script '/home/pretend/code/install/video_trial_node/share/video_trial_node/package.zsh'
[4.587s] Level 1:colcon.colcon_core.environment:create_file_with_runtime_dependencies(/home/pretend/code/install/video_trial_node/share/colcon-core/packages/video_trial_node)
[4.587s] DEBUG:colcon.colcon_parallel_executor.executor.parallel:closing loop
[4.587s] DEBUG:colcon.colcon_parallel_executor.executor.parallel:loop closed
[4.588s] DEBUG:colcon.colcon_parallel_executor.executor.parallel:run_until_complete finished with '0'
[4.588s] DEBUG:colcon.colcon_core.event_reactor:joining thread
[4.590s] INFO:colcon.colcon_core.plugin_system:Skipping extension 'colcon_notification.desktop_notification.terminal_notifier': Not used on non-Darwin systems
[4.591s] INFO:colcon.colcon_core.plugin_system:Skipping extension 'colcon_notification.desktop_notification.win32': Not used on non-Windows systems
[4.591s] INFO:colcon.colcon_notification.desktop_notification:Sending desktop notification using 'notify2'
[4.594s] DEBUG:colcon.colcon_core.event_reactor:joined thread
[4.594s] INFO:colcon.colcon_core.shell:Creating prefix script '/home/pretend/code/install/local_setup.ps1'
[4.594s] INFO:colcon.colcon_core.shell:Creating prefix util module '/home/pretend/code/install/_local_setup_util_ps1.py'
[4.595s] INFO:colcon.colcon_core.shell:Creating prefix chain script '/home/pretend/code/install/setup.ps1'
[4.595s] INFO:colcon.colcon_core.shell:Creating prefix script '/home/pretend/code/install/local_setup.sh'
[4.595s] INFO:colcon.colcon_core.shell:Creating prefix util module '/home/pretend/code/install/_local_setup_util_sh.py'
[4.596s] INFO:colcon.colcon_core.shell:Creating prefix chain script '/home/pretend/code/install/setup.sh'
[4.596s] INFO:colcon.colcon_core.shell:Creating prefix script '/home/pretend/code/install/local_setup.bash'
[4.596s] INFO:colcon.colcon_core.shell:Creating prefix chain script '/home/pretend/code/install/setup.bash'
[4.597s] INFO:colcon.colcon_core.shell:Creating prefix script '/home/pretend/code/install/local_setup.zsh'
[4.597s] INFO:colcon.colcon_core.shell:Creating prefix chain script '/home/pretend/code/install/setup.zsh'
