-- Found ament_cmake: 1.3.11 (/opt/ros/humble/share/ament_cmake/cmake)
-- Override CMake install command with custom implementation using symlinks instead of copying resources
-- Found rclcpp: 16.0.12 (/opt/ros/humble/share/rclcpp/cmake)
-- Found rosidl_generator_c: 3.1.6 (/opt/ros/humble/share/rosidl_generator_c/cmake)
-- Found rosidl_adapter: 3.1.6 (/opt/ros/humble/share/rosidl_adapter/cmake)
-- Found rosidl_generator_cpp: 3.1.6 (/opt/ros/humble/share/rosidl_generator_cpp/cmake)
-- Using all available rosidl_typesupport_c: rosidl_typesupport_fastrtps_c;rosidl_typesupport_introspection_c
-- Using all available rosidl_typesupport_cpp: rosidl_typesupport_fastrtps_cpp;rosidl_typesupport_introspection_cpp
-- Found rmw_implementation_cmake: 6.1.2 (/opt/ros/humble/share/rmw_implementation_cmake/cmake)
-- Found rmw_fastrtps_cpp: 6.2.7 (/opt/ros/humble/share/rmw_fastrtps_cpp/cmake)
-- Using RMW implementation 'rmw_fastrtps_cpp' as default
-- Found rclcpp_components: 16.0.12 (/opt/ros/humble/share/rclcpp_components/cmake)
-- Found sensor_msgs: 4.8.0 (/opt/ros/humble/share/sensor_msgs/cmake)
-- Found cv_bridge: 3.2.1 (/opt/ros/humble/share/cv_bridge/cmake)
-- Found image_transport: 3.1.11 (/opt/ros/humble/share/image_transport/cmake)
-- Found ament_lint_auto: 0.12.12 (/opt/ros/humble/share/ament_lint_auto/cmake)
-- Added test 'cppcheck' to perform static code analysis on C / C++ code
-- Configured cppcheck include dirs: /home/pretend/code/src/rm_armor_detect/include
-- Configured cppcheck exclude dirs and/or files: 
-- Added test 'lint_cmake' to check CMake code style
-- Added test 'uncrustify' to check C / C++ code style
-- Configured uncrustify additional arguments: 
-- Added test 'xmllint' to check XML markup files
-- Configuring done
-- Generating done
-- Build files have been written to: /home/pretend/code/build/rm_armor_detect
[35m[1mConsolidate compiler generated dependencies of target video_subscriber_node[0m
[35m[1mConsolidate compiler generated dependencies of target video_subscriber_component[0m
[ 16%] Built target video_subscriber_node
[ 25%] [32mBuilding CXX object CMakeFiles/video_subscriber_component.dir/src/lights_detector.cpp.o[0m
[ 33%] [32m[1mLinking CXX shared library libvideo_subscriber_component.so[0m
[ 50%] Built target video_subscriber_component
[35m[1mConsolidate compiler generated dependencies of target armor_detect_demo[0m
[35m[1mConsolidate compiler generated dependencies of target realtime_armor_detect[0m
[35m[1mConsolidate compiler generated dependencies of target video_subscriber_main[0m
[ 66%] [32m[1mLinking CXX executable realtime_armor_detect[0m
[ 66%] [32m[1mLinking CXX executable armor_detect_demo[0m
[ 75%] [32m[1mLinking CXX executable video_subscriber_main[0m
[ 83%] Built target armor_detect_demo
[ 91%] Built target realtime_armor_detect
[100%] Built target video_subscriber_main
-- Install configuration: "Release"
-- Execute custom install script
-- Up-to-date symlink: /home/pretend/code/install/rm_armor_detect/lib/rm_armor_detect/video_subscriber_node
-- Up-to-date symlink: /home/pretend/code/install/rm_armor_detect/include//rm_armor_detect/car_detector.hpp
-- Up-to-date symlink: /home/pretend/code/install/rm_armor_detect/include//rm_armor_detect/simple_lights_detector.hpp
-- Up-to-date symlink: /home/pretend/code/install/rm_armor_detect/include//rm_armor_detect/video_subscriber_node.hpp
-- Up-to-date symlink: /home/pretend/code/install/rm_armor_detect/lib/libvideo_subscriber_component.so
-- Up-to-date symlink: /home/pretend/code/install/rm_armor_detect/lib/rm_armor_detect/video_subscriber_main
-- Up-to-date symlink: /home/pretend/code/install/rm_armor_detect/lib/rm_armor_detect/armor_detect_demo
-- Up-to-date symlink: /home/pretend/code/install/rm_armor_detect/lib/rm_armor_detect/realtime_armor_detect
-- Up-to-date symlink: /home/pretend/code/install/rm_armor_detect/share/rm_armor_detect/models//car/car.onnx
-- Up-to-date symlink: /home/pretend/code/install/rm_armor_detect/share/rm_armor_detect/models//number/label.txt
-- Up-to-date symlink: /home/pretend/code/install/rm_armor_detect/share/rm_armor_detect/models//number/mlp.onnx
-- Up-to-date symlink: /home/pretend/code/install/rm_armor_detect/share/ament_index/resource_index/package_run_dependencies/rm_armor_detect
-- Up-to-date symlink: /home/pretend/code/install/rm_armor_detect/share/ament_index/resource_index/parent_prefix_path/rm_armor_detect
-- Up-to-date symlink: /home/pretend/code/install/rm_armor_detect/share/rm_armor_detect/environment/ament_prefix_path.sh
-- Up-to-date symlink: /home/pretend/code/install/rm_armor_detect/share/rm_armor_detect/environment/ament_prefix_path.dsv
-- Up-to-date symlink: /home/pretend/code/install/rm_armor_detect/share/rm_armor_detect/environment/path.sh
-- Up-to-date symlink: /home/pretend/code/install/rm_armor_detect/share/rm_armor_detect/environment/path.dsv
-- Up-to-date symlink: /home/pretend/code/install/rm_armor_detect/share/rm_armor_detect/local_setup.bash
-- Up-to-date symlink: /home/pretend/code/install/rm_armor_detect/share/rm_armor_detect/local_setup.sh
-- Up-to-date symlink: /home/pretend/code/install/rm_armor_detect/share/rm_armor_detect/local_setup.zsh
-- Up-to-date symlink: /home/pretend/code/install/rm_armor_detect/share/rm_armor_detect/local_setup.dsv
-- Symlinking: /home/pretend/code/install/rm_armor_detect/share/rm_armor_detect/package.dsv
-- Up-to-date symlink: /home/pretend/code/install/rm_armor_detect/share/ament_index/resource_index/packages/rm_armor_detect
-- Up-to-date symlink: /home/pretend/code/install/rm_armor_detect/share/ament_index/resource_index/rclcpp_components/rm_armor_detect
-- Up-to-date symlink: /home/pretend/code/install/rm_armor_detect/share/rm_armor_detect/cmake/rm_armor_detectConfig.cmake
-- Up-to-date symlink: /home/pretend/code/install/rm_armor_detect/share/rm_armor_detect/cmake/rm_armor_detectConfig-version.cmake
-- Up-to-date symlink: /home/pretend/code/install/rm_armor_detect/share/rm_armor_detect/package.xml
