[0.017s] Invoking command in '/home/pretend/code/build/rm_armor_detect': CMAKE_PREFIX_PATH=/opt/ros/humble /usr/bin/cmake /home/pretend/code/src/rm_armor_detect -DCMAKE_BUILD_TYPE=Release -DCMAKE_INSTALL_PREFIX=/home/pretend/code/install/rm_armor_detect
[0.045s] -- Found ament_cmake: 1.3.11 (/opt/ros/humble/share/ament_cmake/cmake)
[0.169s] -- Found rclcpp: 16.0.12 (/opt/ros/humble/share/rclcpp/cmake)
[2.052s] -- Found rosidl_generator_c: 3.1.6 (/opt/ros/humble/share/rosidl_generator_c/cmake)
[2.056s] -- Found rosidl_adapter: 3.1.6 (/opt/ros/humble/share/rosidl_adapter/cmake)
[2.065s] -- Found rosidl_generator_cpp: 3.1.6 (/opt/ros/humble/share/rosidl_generator_cpp/cmake)
[2.079s] -- Using all available rosidl_typesupport_c: rosidl_typesupport_fastrtps_c;rosidl_typesupport_introspection_c
[2.093s] -- Using all available rosidl_typesupport_cpp: rosidl_typesupport_fastrtps_cpp;rosidl_typesupport_introspection_cpp
[2.148s] -- Found rmw_implementation_cmake: 6.1.2 (/opt/ros/humble/share/rmw_implementation_cmake/cmake)
[2.153s] -- Found rmw_fastrtps_cpp: 6.2.7 (/opt/ros/humble/share/rmw_fastrtps_cpp/cmake)
[28.210s] -- Using RMW implementation 'rmw_fastrtps_cpp' as default
[28.270s] -- Found rclcpp_components: 16.0.12 (/opt/ros/humble/share/rclcpp_components/cmake)
[28.293s] -- Found sensor_msgs: 4.8.0 (/opt/ros/humble/share/sensor_msgs/cmake)
[28.323s] -- Found cv_bridge: 3.2.1 (/opt/ros/humble/share/cv_bridge/cmake)
[28.332s] -- Found image_transport: 3.1.11 (/opt/ros/humble/share/image_transport/cmake)
[32.464s] -- Found ament_lint_auto: 0.12.12 (/opt/ros/humble/share/ament_lint_auto/cmake)
[32.520s] -- Added test 'cppcheck' to perform static code analysis on C / C++ code
[32.520s] -- Configured cppcheck include dirs: /home/pretend/code/src/rm_armor_detect/include;$<BUILD_INTERFACE:/home/pretend/code/src/rm_armor_detect/include>
[32.520s] -- Configured cppcheck exclude dirs and/or files: 
[32.521s] -- Added test 'flake8' to check Python code syntax and style conventions
[32.522s] -- Added test 'lint_cmake' to check CMake code style
[32.523s] -- Added test 'pep257' to check Python code against some of the docstring style conventions in PEP 257
[32.524s] -- Added test 'uncrustify' to check C / C++ code style
[32.524s] -- Configured uncrustify additional arguments: 
[32.524s] -- Added test 'xmllint' to check XML markup files
[32.529s] -- Configuring done
[32.551s] -- Generating done
[32.557s] -- Build files have been written to: /home/pretend/code/build/rm_armor_detect
[32.562s] Invoked command in '/home/pretend/code/build/rm_armor_detect' returned '0': CMAKE_PREFIX_PATH=/opt/ros/humble /usr/bin/cmake /home/pretend/code/src/rm_armor_detect -DCMAKE_BUILD_TYPE=Release -DCMAKE_INSTALL_PREFIX=/home/pretend/code/install/rm_armor_detect
[32.564s] Invoking command in '/home/pretend/code/build/rm_armor_detect': CMAKE_PREFIX_PATH=/opt/ros/humble /usr/bin/cmake --build /home/pretend/code/build/rm_armor_detect -- -j32 -l32
[32.589s] [35m[1mConsolidate compiler generated dependencies of target armor_detect[0m
[32.591s] [35m[1mConsolidate compiler generated dependencies of target armor_detect_component[0m
[32.591s] [35m[1mConsolidate compiler generated dependencies of target armor_detect_main[0m
[32.618s] [ 14%] [32mBuilding CXX object CMakeFiles/armor_detect.dir/rclcpp_components/node_main_armor_detect.cpp.o[0m
[32.625s] [ 42%] [32mBuilding CXX object CMakeFiles/armor_detect_main.dir/src/armor_detect_main.cpp.o[0m
[32.625s] [ 42%] [32mBuilding CXX object CMakeFiles/armor_detect_component.dir/src/armor_detect_node.cpp.o[0m
[32.625s] [ 57%] [32mBuilding CXX object CMakeFiles/armor_detect_main.dir/src/armor_detect_node.cpp.o[0m
[35.738s] [ 71%] [32m[1mLinking CXX executable armor_detect[0m
[36.050s] [01m[K/home/pretend/code/src/rm_armor_detect/src/armor_detect_node.cpp:[m[K In member function ‘[01m[Kbool rm_armor_detect::ArmorDetectNode::init_model()[m[K’:
[36.050s] [01m[K/home/pretend/code/src/rm_armor_detect/src/armor_detect_node.cpp:105:23:[m[K [01;35m[Kwarning: [m[Kvariable ‘[01m[Kinput_type[m[K’ set but not used [[01;35m[K]8;;https://gcc.gnu.org/onlinedocs/gcc/Warning-Options.html#index-Wunused-but-set-variable-Wunused-but-set-variable]8;;[m[K]
[36.050s]   105 |     ov::element::Type [01;35m[Kinput_type[m[K = ov::element::f32;
[36.050s]       |                       [01;35m[K^~~~~~~~~~[m[K
[36.066s] [01m[K/home/pretend/code/src/rm_armor_detect/src/armor_detect_node.cpp:[m[K In member function ‘[01m[Kbool rm_armor_detect::ArmorDetectNode::init_model()[m[K’:
[36.067s] [01m[K/home/pretend/code/src/rm_armor_detect/src/armor_detect_node.cpp:105:23:[m[K [01;35m[Kwarning: [m[Kvariable ‘[01m[Kinput_type[m[K’ set but not used [[01;35m[K]8;;https://gcc.gnu.org/onlinedocs/gcc/Warning-Options.html#index-Wunused-but-set-variable-Wunused-but-set-variable]8;;[m[K]
[36.067s]   105 |     ov::element::Type [01;35m[Kinput_type[m[K = ov::element::f32;
[36.067s]       |                       [01;35m[K^~~~~~~~~~[m[K
[36.219s] [ 71%] Built target armor_detect
[43.787s] [ 85%] [32m[1mLinking CXX executable armor_detect_main[0m
[43.789s] [100%] [32m[1mLinking CXX shared library libarmor_detect_component.so[0m
[44.119s] [100%] Built target armor_detect_component
[44.434s] [100%] Built target armor_detect_main
[44.441s] Invoked command in '/home/pretend/code/build/rm_armor_detect' returned '0': CMAKE_PREFIX_PATH=/opt/ros/humble /usr/bin/cmake --build /home/pretend/code/build/rm_armor_detect -- -j32 -l32
[44.447s] Invoking command in '/home/pretend/code/build/rm_armor_detect': CMAKE_PREFIX_PATH=/opt/ros/humble /usr/bin/cmake --install /home/pretend/code/build/rm_armor_detect
[44.451s] -- Install configuration: "Release"
[44.452s] -- Installing: /home/pretend/code/install/rm_armor_detect/lib/rm_armor_detect/armor_detect
[44.452s] -- Set runtime path of "/home/pretend/code/install/rm_armor_detect/lib/rm_armor_detect/armor_detect" to ""
[44.452s] -- Up-to-date: /home/pretend/code/install/rm_armor_detect/include
[44.452s] -- Up-to-date: /home/pretend/code/install/rm_armor_detect/include/rm_armor_detect
[44.452s] -- Installing: /home/pretend/code/install/rm_armor_detect/include/rm_armor_detect/armor_detect_node.hpp
[44.454s] -- Installing: /home/pretend/code/install/rm_armor_detect/lib/libarmor_detect_component.so
[44.454s] -- Set runtime path of "/home/pretend/code/install/rm_armor_detect/lib/libarmor_detect_component.so" to ""
[44.455s] -- Installing: /home/pretend/code/install/rm_armor_detect/lib/rm_armor_detect/armor_detect_main
[44.455s] -- Set runtime path of "/home/pretend/code/install/rm_armor_detect/lib/rm_armor_detect/armor_detect_main" to ""
[44.456s] -- Up-to-date: /home/pretend/code/install/rm_armor_detect/lib/rm_armor_detect/armor_detect
[44.456s] -- Up-to-date: /home/pretend/code/install/rm_armor_detect/share/rm_armor_detect/launch
[44.456s] -- Installing: /home/pretend/code/install/rm_armor_detect/share/rm_armor_detect/launch/armor_detect.launch.py
[44.456s] -- Up-to-date: /home/pretend/code/install/rm_armor_detect/share/rm_armor_detect/models
[44.457s] -- Up-to-date: /home/pretend/code/install/rm_armor_detect/share/rm_armor_detect/models/armor.onnx
[44.457s] -- Installing: /home/pretend/code/install/rm_armor_detect/lib/rm_armor_detect/run_armor_detect.sh
[44.457s] -- Up-to-date: /home/pretend/code/install/rm_armor_detect/share/rm_armor_detect/environment/library_path.sh
[44.457s] -- Installing: /home/pretend/code/install/rm_armor_detect/share/rm_armor_detect/environment/library_path.dsv
[44.457s] -- Up-to-date: /home/pretend/code/install/rm_armor_detect/share/ament_index/resource_index/package_run_dependencies/rm_armor_detect
[44.457s] -- Up-to-date: /home/pretend/code/install/rm_armor_detect/share/ament_index/resource_index/parent_prefix_path/rm_armor_detect
[44.457s] -- Up-to-date: /home/pretend/code/install/rm_armor_detect/share/rm_armor_detect/environment/ament_prefix_path.sh
[44.457s] -- Installing: /home/pretend/code/install/rm_armor_detect/share/rm_armor_detect/environment/ament_prefix_path.dsv
[44.457s] -- Up-to-date: /home/pretend/code/install/rm_armor_detect/share/rm_armor_detect/environment/path.sh
[44.457s] -- Installing: /home/pretend/code/install/rm_armor_detect/share/rm_armor_detect/environment/path.dsv
[44.457s] -- Up-to-date: /home/pretend/code/install/rm_armor_detect/share/rm_armor_detect/local_setup.bash
[44.457s] -- Up-to-date: /home/pretend/code/install/rm_armor_detect/share/rm_armor_detect/local_setup.sh
[44.457s] -- Up-to-date: /home/pretend/code/install/rm_armor_detect/share/rm_armor_detect/local_setup.zsh
[44.457s] -- Installing: /home/pretend/code/install/rm_armor_detect/share/rm_armor_detect/local_setup.dsv
[44.457s] -- Installing: /home/pretend/code/install/rm_armor_detect/share/rm_armor_detect/package.dsv
[44.457s] -- Up-to-date: /home/pretend/code/install/rm_armor_detect/share/ament_index/resource_index/packages/rm_armor_detect
[44.457s] -- Up-to-date: /home/pretend/code/install/rm_armor_detect/share/ament_index/resource_index/rclcpp_components/rm_armor_detect
[44.457s] -- Up-to-date: /home/pretend/code/install/rm_armor_detect/share/rm_armor_detect/cmake/export_rm_armor_detectExport.cmake
[44.458s] -- Installing: /home/pretend/code/install/rm_armor_detect/share/rm_armor_detect/cmake/export_rm_armor_detectExport-release.cmake
[44.458s] -- Up-to-date: /home/pretend/code/install/rm_armor_detect/share/rm_armor_detect/cmake/ament_cmake_export_include_directories-extras.cmake
[44.458s] -- Up-to-date: /home/pretend/code/install/rm_armor_detect/share/rm_armor_detect/cmake/ament_cmake_export_libraries-extras.cmake
[44.458s] -- Up-to-date: /home/pretend/code/install/rm_armor_detect/share/rm_armor_detect/cmake/ament_cmake_export_targets-extras.cmake
[44.458s] -- Up-to-date: /home/pretend/code/install/rm_armor_detect/share/rm_armor_detect/cmake/ament_cmake_export_dependencies-extras.cmake
[44.458s] -- Up-to-date: /home/pretend/code/install/rm_armor_detect/share/rm_armor_detect/cmake/rm_armor_detectConfig.cmake
[44.458s] -- Up-to-date: /home/pretend/code/install/rm_armor_detect/share/rm_armor_detect/cmake/rm_armor_detectConfig-version.cmake
[44.458s] -- Installing: /home/pretend/code/install/rm_armor_detect/share/rm_armor_detect/package.xml
[44.459s] Invoked command in '/home/pretend/code/build/rm_armor_detect' returned '0': CMAKE_PREFIX_PATH=/opt/ros/humble /usr/bin/cmake --install /home/pretend/code/build/rm_armor_detect
