[0.016s] Invoking command in '/home/pretend/code/build/rm_armor_detect': CMAKE_PREFIX_PATH=${CMAKE_PREFIX_PATH}:/opt/ros/humble /usr/bin/cmake --build /home/pretend/code/build/rm_armor_detect -- -j32 -l32
[0.052s] [35m[1mConsolidate compiler generated dependencies of target video_subscriber_component[0m
[0.054s] [ 22%] Built target video_subscriber_node
[0.070s] [ 33%] [32mBuilding CXX object CMakeFiles/video_subscriber_component.dir/src/car_detector.cpp.o[0m
[2.426s] [ 44%] [32m[1mLinking CXX shared library libvideo_subscriber_component.so[0m
[2.750s] [ 77%] Built target video_subscriber_component
[2.758s] [35m[1mConsolidate compiler generated dependencies of target video_subscriber_main[0m
[2.770s] [ 88%] [32m[1mLinking CXX executable video_subscriber_main[0m
[3.261s] [100%] Built target video_subscriber_main
[3.267s] Invoked command in '/home/pretend/code/build/rm_armor_detect' returned '0': CMAKE_PREFIX_PATH=${CMAKE_PREFIX_PATH}:/opt/ros/humble /usr/bin/cmake --build /home/pretend/code/build/rm_armor_detect -- -j32 -l32
[3.269s] Invoking command in '/home/pretend/code/build/rm_armor_detect': CMAKE_PREFIX_PATH=${CMAKE_PREFIX_PATH}:/opt/ros/humble /usr/bin/cmake --install /home/pretend/code/build/rm_armor_detect
[3.273s] -- Install configuration: "Release"
[3.273s] -- Execute custom install script
[3.273s] -- Up-to-date symlink: /home/pretend/code/install/rm_armor_detect/lib/rm_armor_detect/video_subscriber_node
[3.273s] -- Up-to-date symlink: /home/pretend/code/install/rm_armor_detect/include//rm_armor_detect/car_detector.hpp
[3.273s] -- Up-to-date symlink: /home/pretend/code/install/rm_armor_detect/include//rm_armor_detect/lights_detector.hpp
[3.273s] -- Up-to-date symlink: /home/pretend/code/install/rm_armor_detect/include//rm_armor_detect/number_classifier.hpp
[3.274s] -- Up-to-date symlink: /home/pretend/code/install/rm_armor_detect/include//rm_armor_detect/video_subscriber_node.hpp
[3.274s] -- Up-to-date symlink: /home/pretend/code/install/rm_armor_detect/lib/libvideo_subscriber_component.so
[3.274s] -- Up-to-date symlink: /home/pretend/code/install/rm_armor_detect/lib/rm_armor_detect/video_subscriber_main
[3.274s] -- Up-to-date symlink: /home/pretend/code/install/rm_armor_detect/share/rm_armor_detect/models//car/car.onnx
[3.274s] -- Up-to-date symlink: /home/pretend/code/install/rm_armor_detect/share/rm_armor_detect/models//number/label.txt
[3.274s] -- Up-to-date symlink: /home/pretend/code/install/rm_armor_detect/share/rm_armor_detect/models//number/mlp.onnx
[3.274s] -- Up-to-date symlink: /home/pretend/code/install/rm_armor_detect/share/ament_index/resource_index/package_run_dependencies/rm_armor_detect
[3.274s] -- Up-to-date symlink: /home/pretend/code/install/rm_armor_detect/share/ament_index/resource_index/parent_prefix_path/rm_armor_detect
[3.274s] -- Up-to-date symlink: /home/pretend/code/install/rm_armor_detect/share/rm_armor_detect/environment/ament_prefix_path.sh
[3.274s] -- Up-to-date symlink: /home/pretend/code/install/rm_armor_detect/share/rm_armor_detect/environment/ament_prefix_path.dsv
[3.274s] -- Up-to-date symlink: /home/pretend/code/install/rm_armor_detect/share/rm_armor_detect/environment/path.sh
[3.274s] -- Up-to-date symlink: /home/pretend/code/install/rm_armor_detect/share/rm_armor_detect/environment/path.dsv
[3.274s] -- Up-to-date symlink: /home/pretend/code/install/rm_armor_detect/share/rm_armor_detect/local_setup.bash
[3.275s] -- Up-to-date symlink: /home/pretend/code/install/rm_armor_detect/share/rm_armor_detect/local_setup.sh
[3.275s] -- Up-to-date symlink: /home/pretend/code/install/rm_armor_detect/share/rm_armor_detect/local_setup.zsh
[3.275s] -- Up-to-date symlink: /home/pretend/code/install/rm_armor_detect/share/rm_armor_detect/local_setup.dsv
[3.275s] -- Symlinking: /home/pretend/code/install/rm_armor_detect/share/rm_armor_detect/package.dsv
[3.280s] -- Up-to-date symlink: /home/pretend/code/install/rm_armor_detect/share/ament_index/resource_index/packages/rm_armor_detect
[3.280s] -- Up-to-date symlink: /home/pretend/code/install/rm_armor_detect/share/ament_index/resource_index/rclcpp_components/rm_armor_detect
[3.280s] -- Up-to-date symlink: /home/pretend/code/install/rm_armor_detect/share/rm_armor_detect/cmake/rm_armor_detectConfig.cmake
[3.280s] -- Up-to-date symlink: /home/pretend/code/install/rm_armor_detect/share/rm_armor_detect/cmake/rm_armor_detectConfig-version.cmake
[3.280s] -- Up-to-date symlink: /home/pretend/code/install/rm_armor_detect/share/rm_armor_detect/package.xml
[3.282s] Invoked command in '/home/pretend/code/build/rm_armor_detect' returned '0': CMAKE_PREFIX_PATH=${CMAKE_PREFIX_PATH}:/opt/ros/humble /usr/bin/cmake --install /home/pretend/code/build/rm_armor_detect
