[0.382s] Invoking command in '/home/pretend/code/build/rm_armor_tracker': CMAKE_PREFIX_PATH=/home/pretend/code/install/rm_msgs:/home/pretend/code/install/video_trial_node:/home/pretend/code/install/rm_rune_detect:/home/pretend/code/install/rm_armor_tracker:/home/pretend/code/install/rm_armor_detect:/home/pretend/code/install/hik_camera:/opt/ros/humble LD_LIBRARY_PATH=/home/pretend/code/install/rm_msgs/lib:/opt/intel/openvino_2025.0.0/runtime/3rdparty/tbb/lib:/opt/intel/openvino_2025.0.0/runtime/lib/intel64:/opt/MVS/lib/64:/opt/MVS/lib/32:/opt/MVS/lib/64:/opt/MVS/lib/32:/home/pretend/code/install/video_trial_node/lib:/home/pretend/code/install/rm_rune_detect/lib:/home/pretend/code/install/rm_armor_tracker/lib:/home/pretend/code/install/rm_armor_detect/lib:/home/pretend/code/install/hik_camera/lib:/opt/intel/openvino_2025.0.0/runtime/3rdparty/tbb/lib:/opt/intel/openvino_2025.0.0/runtime/lib/intel64:/opt/MVS/lib/64:/opt/MVS/lib/32:/opt/ros/humble/opt/rviz_ogre_vendor/lib:/opt/ros/humble/lib/x86_64-linux-gnu:/opt/ros/humble/lib:/opt/MVS/lib/64:/opt/MVS/lib/32:/opt/intel/openvino_2025/runtime/lib/intel64:/opt/intel/openvino_2025/runtime/lib/intel64 /usr/bin/cmake --build /home/pretend/code/build/rm_armor_tracker -- -j32 -l32
[0.440s] [ 16%] [32mBuilding CXX object CMakeFiles/armor_tracker_component.dir/src/armor_tracker_node.cpp.o[0m
[3.932s] [01m[K/home/pretend/code/src/rm_armor_tracker/src/armor_tracker_node.cpp:[m[K In member function ‘[01m[Kvoid rm_armor_tracker::ArmorTrackerNode::publishPrediction(const Header&)[m[K’:
[3.932s] [01m[K/home/pretend/code/src/rm_armor_tracker/src/armor_tracker_node.cpp:105:72:[m[K [01;35m[Kwarning: [m[Kunused parameter ‘[01m[Kheader[m[K’ [[01;35m[K]8;;https://gcc.gnu.org/onlinedocs/gcc/Warning-Options.html#index-Wunused-parameter-Wunused-parameter]8;;[m[K]
[3.932s]   105 | void ArmorTrackerNode::publishPrediction([01;35m[Kconst std_msgs::msg::Header & header[m[K)
[3.932s]       |                                          [01;35m[K~~~~~~~~~~~~~~~~~~~~~~~~~~~~~~^~~~~~[m[K
[14.179s] [ 33%] [32m[1mLinking CXX shared library libarmor_tracker_component.so[0m
[14.693s] [ 66%] Built target armor_tracker_component
[14.719s] [ 83%] [32m[1mLinking CXX executable armor_tracker_node[0m
[15.236s] [100%] Built target armor_tracker_node
[15.248s] Invoked command in '/home/pretend/code/build/rm_armor_tracker' returned '0': CMAKE_PREFIX_PATH=/home/pretend/code/install/rm_msgs:/home/pretend/code/install/video_trial_node:/home/pretend/code/install/rm_rune_detect:/home/pretend/code/install/rm_armor_tracker:/home/pretend/code/install/rm_armor_detect:/home/pretend/code/install/hik_camera:/opt/ros/humble LD_LIBRARY_PATH=/home/pretend/code/install/rm_msgs/lib:/opt/intel/openvino_2025.0.0/runtime/3rdparty/tbb/lib:/opt/intel/openvino_2025.0.0/runtime/lib/intel64:/opt/MVS/lib/64:/opt/MVS/lib/32:/opt/MVS/lib/64:/opt/MVS/lib/32:/home/pretend/code/install/video_trial_node/lib:/home/pretend/code/install/rm_rune_detect/lib:/home/pretend/code/install/rm_armor_tracker/lib:/home/pretend/code/install/rm_armor_detect/lib:/home/pretend/code/install/hik_camera/lib:/opt/intel/openvino_2025.0.0/runtime/3rdparty/tbb/lib:/opt/intel/openvino_2025.0.0/runtime/lib/intel64:/opt/MVS/lib/64:/opt/MVS/lib/32:/opt/ros/humble/opt/rviz_ogre_vendor/lib:/opt/ros/humble/lib/x86_64-linux-gnu:/opt/ros/humble/lib:/opt/MVS/lib/64:/opt/MVS/lib/32:/opt/intel/openvino_2025/runtime/lib/intel64:/opt/intel/openvino_2025/runtime/lib/intel64 /usr/bin/cmake --build /home/pretend/code/build/rm_armor_tracker -- -j32 -l32
[15.259s] Invoking command in '/home/pretend/code/build/rm_armor_tracker': CMAKE_PREFIX_PATH=/home/pretend/code/install/rm_msgs:/home/pretend/code/install/video_trial_node:/home/pretend/code/install/rm_rune_detect:/home/pretend/code/install/rm_armor_tracker:/home/pretend/code/install/rm_armor_detect:/home/pretend/code/install/hik_camera:/opt/ros/humble LD_LIBRARY_PATH=/home/pretend/code/install/rm_msgs/lib:/opt/intel/openvino_2025.0.0/runtime/3rdparty/tbb/lib:/opt/intel/openvino_2025.0.0/runtime/lib/intel64:/opt/MVS/lib/64:/opt/MVS/lib/32:/opt/MVS/lib/64:/opt/MVS/lib/32:/home/pretend/code/install/video_trial_node/lib:/home/pretend/code/install/rm_rune_detect/lib:/home/pretend/code/install/rm_armor_tracker/lib:/home/pretend/code/install/rm_armor_detect/lib:/home/pretend/code/install/hik_camera/lib:/opt/intel/openvino_2025.0.0/runtime/3rdparty/tbb/lib:/opt/intel/openvino_2025.0.0/runtime/lib/intel64:/opt/MVS/lib/64:/opt/MVS/lib/32:/opt/ros/humble/opt/rviz_ogre_vendor/lib:/opt/ros/humble/lib/x86_64-linux-gnu:/opt/ros/humble/lib:/opt/MVS/lib/64:/opt/MVS/lib/32:/opt/intel/openvino_2025/runtime/lib/intel64:/opt/intel/openvino_2025/runtime/lib/intel64 /usr/bin/cmake --install /home/pretend/code/build/rm_armor_tracker
[15.266s] -- Install configuration: "Release"
[15.266s] -- Execute custom install script
[15.267s] -- Up-to-date symlink: /home/pretend/code/install/rm_armor_tracker/lib/libarmor_tracker_component.so
[15.267s] -- Up-to-date symlink: /home/pretend/code/install/rm_armor_tracker/lib/rm_armor_tracker/armor_tracker_node
[15.267s] -- Up-to-date symlink: /home/pretend/code/install/rm_armor_tracker/include/rm_armor_tracker/armor_tracker_node.hpp
[15.267s] -- Up-to-date symlink: /home/pretend/code/install/rm_armor_tracker/include/rm_armor_tracker/single_armor_tracker.hpp
[15.267s] -- Up-to-date symlink: /home/pretend/code/install/rm_armor_tracker/include/rm_armor_tracker/trajectory.hpp
[15.268s] -- Up-to-date symlink: /home/pretend/code/install/rm_armor_tracker/share/rm_armor_tracker/launch/armor_tracker.launch.py
[15.268s] -- Up-to-date symlink: /home/pretend/code/install/rm_armor_tracker/share/rm_armor_tracker/environment/library_path.sh
[15.268s] -- Up-to-date symlink: /home/pretend/code/install/rm_armor_tracker/share/rm_armor_tracker/environment/library_path.dsv
[15.268s] -- Up-to-date symlink: /home/pretend/code/install/rm_armor_tracker/share/ament_index/resource_index/package_run_dependencies/rm_armor_tracker
[15.268s] -- Up-to-date symlink: /home/pretend/code/install/rm_armor_tracker/share/ament_index/resource_index/parent_prefix_path/rm_armor_tracker
[15.268s] -- Up-to-date symlink: /home/pretend/code/install/rm_armor_tracker/share/rm_armor_tracker/environment/ament_prefix_path.sh
[15.269s] -- Up-to-date symlink: /home/pretend/code/install/rm_armor_tracker/share/rm_armor_tracker/environment/ament_prefix_path.dsv
[15.269s] -- Up-to-date symlink: /home/pretend/code/install/rm_armor_tracker/share/rm_armor_tracker/environment/path.sh
[15.269s] -- Up-to-date symlink: /home/pretend/code/install/rm_armor_tracker/share/rm_armor_tracker/environment/path.dsv
[15.269s] -- Up-to-date symlink: /home/pretend/code/install/rm_armor_tracker/share/rm_armor_tracker/local_setup.bash
[15.269s] -- Up-to-date symlink: /home/pretend/code/install/rm_armor_tracker/share/rm_armor_tracker/local_setup.sh
[15.270s] -- Up-to-date symlink: /home/pretend/code/install/rm_armor_tracker/share/rm_armor_tracker/local_setup.zsh
[15.270s] -- Up-to-date symlink: /home/pretend/code/install/rm_armor_tracker/share/rm_armor_tracker/local_setup.dsv
[15.270s] -- Symlinking: /home/pretend/code/install/rm_armor_tracker/share/rm_armor_tracker/package.dsv
[15.280s] -- Up-to-date symlink: /home/pretend/code/install/rm_armor_tracker/share/ament_index/resource_index/packages/rm_armor_tracker
[15.280s] -- Up-to-date symlink: /home/pretend/code/install/rm_armor_tracker/share/ament_index/resource_index/rclcpp_components/rm_armor_tracker
[15.281s] -- Up-to-date symlink: /home/pretend/code/install/rm_armor_tracker/share/rm_armor_tracker/cmake/ament_cmake_export_include_directories-extras.cmake
[15.281s] -- Up-to-date symlink: /home/pretend/code/install/rm_armor_tracker/share/rm_armor_tracker/cmake/ament_cmake_export_libraries-extras.cmake
[15.281s] -- Up-to-date symlink: /home/pretend/code/install/rm_armor_tracker/share/rm_armor_tracker/cmake/ament_cmake_export_dependencies-extras.cmake
[15.282s] -- Up-to-date symlink: /home/pretend/code/install/rm_armor_tracker/share/rm_armor_tracker/cmake/rm_armor_trackerConfig.cmake
[15.282s] -- Up-to-date symlink: /home/pretend/code/install/rm_armor_tracker/share/rm_armor_tracker/cmake/rm_armor_trackerConfig-version.cmake
[15.282s] -- Up-to-date symlink: /home/pretend/code/install/rm_armor_tracker/share/rm_armor_tracker/package.xml
[15.284s] Invoked command in '/home/pretend/code/build/rm_armor_tracker' returned '0': CMAKE_PREFIX_PATH=/home/pretend/code/install/rm_msgs:/home/pretend/code/install/video_trial_node:/home/pretend/code/install/rm_rune_detect:/home/pretend/code/install/rm_armor_tracker:/home/pretend/code/install/rm_armor_detect:/home/pretend/code/install/hik_camera:/opt/ros/humble LD_LIBRARY_PATH=/home/pretend/code/install/rm_msgs/lib:/opt/intel/openvino_2025.0.0/runtime/3rdparty/tbb/lib:/opt/intel/openvino_2025.0.0/runtime/lib/intel64:/opt/MVS/lib/64:/opt/MVS/lib/32:/opt/MVS/lib/64:/opt/MVS/lib/32:/home/pretend/code/install/video_trial_node/lib:/home/pretend/code/install/rm_rune_detect/lib:/home/pretend/code/install/rm_armor_tracker/lib:/home/pretend/code/install/rm_armor_detect/lib:/home/pretend/code/install/hik_camera/lib:/opt/intel/openvino_2025.0.0/runtime/3rdparty/tbb/lib:/opt/intel/openvino_2025.0.0/runtime/lib/intel64:/opt/MVS/lib/64:/opt/MVS/lib/32:/opt/ros/humble/opt/rviz_ogre_vendor/lib:/opt/ros/humble/lib/x86_64-linux-gnu:/opt/ros/humble/lib:/opt/MVS/lib/64:/opt/MVS/lib/32:/opt/intel/openvino_2025/runtime/lib/intel64:/opt/intel/openvino_2025/runtime/lib/intel64 /usr/bin/cmake --install /home/pretend/code/build/rm_armor_tracker
