[0.083s] Invoking command in '/home/pretend/code/build/rm_armor_tracker': CMAKE_PREFIX_PATH=/home/pretend/code/install/rm_msgs:/home/pretend/code/install/video_trial_node:/home/pretend/code/install/rm_rune_detect:/home/pretend/code/install/rm_armor_tracker:/home/pretend/code/install/rm_armor_detect:/home/pretend/code/install/hik_camera:/opt/ros/humble LD_LIBRARY_PATH=/home/pretend/code/install/rm_msgs/lib:/opt/intel/openvino_2025.0.0/runtime/3rdparty/tbb/lib:/opt/intel/openvino_2025.0.0/runtime/lib/intel64:/opt/MVS/lib/64:/opt/MVS/lib/32:/opt/MVS/lib/64:/opt/MVS/lib/32:/home/pretend/code/install/video_trial_node/lib:/home/pretend/code/install/rm_rune_detect/lib:/home/pretend/code/install/rm_armor_tracker/lib:/home/pretend/code/install/rm_armor_detect/lib:/home/pretend/code/install/hik_camera/lib:/opt/intel/openvino_2025.0.0/runtime/3rdparty/tbb/lib:/opt/intel/openvino_2025.0.0/runtime/lib/intel64:/opt/MVS/lib/64:/opt/MVS/lib/32:/opt/ros/humble/opt/rviz_ogre_vendor/lib:/opt/ros/humble/lib/x86_64-linux-gnu:/opt/ros/humble/lib:/opt/MVS/lib/64:/opt/MVS/lib/32:/opt/intel/openvino_2025/runtime/lib/intel64:/opt/intel/openvino_2025/runtime/lib/intel64 /usr/bin/cmake --build /home/pretend/code/build/rm_armor_tracker -- -j32 -l32
[0.100s] -- Found ament_cmake: 1.3.11 (/opt/ros/humble/share/ament_cmake/cmake)
[0.167s] -- Override CMake install command with custom implementation using symlinks instead of copying resources
[0.180s] -- Found rclcpp: 16.0.12 (/opt/ros/humble/share/rclcpp/cmake)
[0.490s] -- Found rosidl_generator_c: 3.1.6 (/opt/ros/humble/share/rosidl_generator_c/cmake)
[0.492s] -- Found rosidl_adapter: 3.1.6 (/opt/ros/humble/share/rosidl_adapter/cmake)
[0.498s] -- Found rosidl_generator_cpp: 3.1.6 (/opt/ros/humble/share/rosidl_generator_cpp/cmake)
[0.506s] -- Using all available rosidl_typesupport_c: rosidl_typesupport_fastrtps_c;rosidl_typesupport_introspection_c
[0.515s] -- Using all available rosidl_typesupport_cpp: rosidl_typesupport_fastrtps_cpp;rosidl_typesupport_introspection_cpp
[0.541s] -- Found rmw_implementation_cmake: 6.1.2 (/opt/ros/humble/share/rmw_implementation_cmake/cmake)
[0.543s] -- Found rmw_fastrtps_cpp: 6.2.7 (/opt/ros/humble/share/rmw_fastrtps_cpp/cmake)
[6.932s] -- Using RMW implementation 'rmw_fastrtps_cpp' as default
[6.973s] -- Found rclcpp_components: 16.0.12 (/opt/ros/humble/share/rclcpp_components/cmake)
[6.987s] -- Found geometry_msgs: 4.8.0 (/opt/ros/humble/share/geometry_msgs/cmake)
[6.997s] -- Found rm_msgs: 0.0.0 (/home/pretend/code/install/rm_msgs/share/rm_msgs/cmake)
[7.007s] -- Found eigen3_cmake_module: 0.1.1 (/opt/ros/humble/share/eigen3_cmake_module/cmake)
[7.050s] -- Configuring done
[7.062s] -- Generating done
[7.064s] -- Build files have been written to: /home/pretend/code/build/rm_armor_tracker
[7.079s] [35m[1mConsolidate compiler generated dependencies of target armor_tracker_component[0m
[7.088s] [ 20%] [32mBuilding CXX object CMakeFiles/armor_tracker_component.dir/src/armor_tracker_node.cpp.o[0m
[13.177s] [ 40%] [32m[1mLinking CXX shared library libarmor_tracker_component.so[0m
[13.395s] [ 60%] Built target armor_tracker_component
[13.400s] [35m[1mConsolidate compiler generated dependencies of target armor_tracker_node[0m
[13.408s] [ 80%] [32mBuilding CXX object CMakeFiles/armor_tracker_node.dir/src/armor_tracker_main.cpp.o[0m
[14.897s] [100%] [32m[1mLinking CXX executable armor_tracker_node[0m
[15.052s] [100%] Built target armor_tracker_node
[15.057s] Invoked command in '/home/pretend/code/build/rm_armor_tracker' returned '0': CMAKE_PREFIX_PATH=/home/pretend/code/install/rm_msgs:/home/pretend/code/install/video_trial_node:/home/pretend/code/install/rm_rune_detect:/home/pretend/code/install/rm_armor_tracker:/home/pretend/code/install/rm_armor_detect:/home/pretend/code/install/hik_camera:/opt/ros/humble LD_LIBRARY_PATH=/home/pretend/code/install/rm_msgs/lib:/opt/intel/openvino_2025.0.0/runtime/3rdparty/tbb/lib:/opt/intel/openvino_2025.0.0/runtime/lib/intel64:/opt/MVS/lib/64:/opt/MVS/lib/32:/opt/MVS/lib/64:/opt/MVS/lib/32:/home/pretend/code/install/video_trial_node/lib:/home/pretend/code/install/rm_rune_detect/lib:/home/pretend/code/install/rm_armor_tracker/lib:/home/pretend/code/install/rm_armor_detect/lib:/home/pretend/code/install/hik_camera/lib:/opt/intel/openvino_2025.0.0/runtime/3rdparty/tbb/lib:/opt/intel/openvino_2025.0.0/runtime/lib/intel64:/opt/MVS/lib/64:/opt/MVS/lib/32:/opt/ros/humble/opt/rviz_ogre_vendor/lib:/opt/ros/humble/lib/x86_64-linux-gnu:/opt/ros/humble/lib:/opt/MVS/lib/64:/opt/MVS/lib/32:/opt/intel/openvino_2025/runtime/lib/intel64:/opt/intel/openvino_2025/runtime/lib/intel64 /usr/bin/cmake --build /home/pretend/code/build/rm_armor_tracker -- -j32 -l32
[15.058s] Invoking command in '/home/pretend/code/build/rm_armor_tracker': CMAKE_PREFIX_PATH=/home/pretend/code/install/rm_msgs:/home/pretend/code/install/video_trial_node:/home/pretend/code/install/rm_rune_detect:/home/pretend/code/install/rm_armor_tracker:/home/pretend/code/install/rm_armor_detect:/home/pretend/code/install/hik_camera:/opt/ros/humble LD_LIBRARY_PATH=/home/pretend/code/install/rm_msgs/lib:/opt/intel/openvino_2025.0.0/runtime/3rdparty/tbb/lib:/opt/intel/openvino_2025.0.0/runtime/lib/intel64:/opt/MVS/lib/64:/opt/MVS/lib/32:/opt/MVS/lib/64:/opt/MVS/lib/32:/home/pretend/code/install/video_trial_node/lib:/home/pretend/code/install/rm_rune_detect/lib:/home/pretend/code/install/rm_armor_tracker/lib:/home/pretend/code/install/rm_armor_detect/lib:/home/pretend/code/install/hik_camera/lib:/opt/intel/openvino_2025.0.0/runtime/3rdparty/tbb/lib:/opt/intel/openvino_2025.0.0/runtime/lib/intel64:/opt/MVS/lib/64:/opt/MVS/lib/32:/opt/ros/humble/opt/rviz_ogre_vendor/lib:/opt/ros/humble/lib/x86_64-linux-gnu:/opt/ros/humble/lib:/opt/MVS/lib/64:/opt/MVS/lib/32:/opt/intel/openvino_2025/runtime/lib/intel64:/opt/intel/openvino_2025/runtime/lib/intel64 /usr/bin/cmake --install /home/pretend/code/build/rm_armor_tracker
[15.061s] -- Install configuration: "Release"
[15.061s] -- Execute custom install script
[15.061s] -- Up-to-date symlink: /home/pretend/code/install/rm_armor_tracker/lib/libarmor_tracker_component.so
[15.062s] -- Up-to-date symlink: /home/pretend/code/install/rm_armor_tracker/lib/rm_armor_tracker/armor_tracker_node
[15.062s] -- Up-to-date symlink: /home/pretend/code/install/rm_armor_tracker/include/rm_armor_tracker/armor_tracker_node.hpp
[15.062s] -- Up-to-date symlink: /home/pretend/code/install/rm_armor_tracker/include/rm_armor_tracker/single_armor_tracker.hpp
[15.063s] -- Up-to-date symlink: /home/pretend/code/install/rm_armor_tracker/share/rm_armor_tracker/environment/library_path.sh
[15.063s] -- Up-to-date symlink: /home/pretend/code/install/rm_armor_tracker/share/rm_armor_tracker/environment/library_path.dsv
[15.063s] -- Up-to-date symlink: /home/pretend/code/install/rm_armor_tracker/share/ament_index/resource_index/package_run_dependencies/rm_armor_tracker
[15.063s] -- Up-to-date symlink: /home/pretend/code/install/rm_armor_tracker/share/ament_index/resource_index/parent_prefix_path/rm_armor_tracker
[15.063s] -- Up-to-date symlink: /home/pretend/code/install/rm_armor_tracker/share/rm_armor_tracker/environment/ament_prefix_path.sh
[15.063s] -- Up-to-date symlink: /home/pretend/code/install/rm_armor_tracker/share/rm_armor_tracker/environment/ament_prefix_path.dsv
[15.064s] -- Up-to-date symlink: /home/pretend/code/install/rm_armor_tracker/share/rm_armor_tracker/environment/path.sh
[15.064s] -- Up-to-date symlink: /home/pretend/code/install/rm_armor_tracker/share/rm_armor_tracker/environment/path.dsv
[15.064s] -- Up-to-date symlink: /home/pretend/code/install/rm_armor_tracker/share/rm_armor_tracker/local_setup.bash
[15.064s] -- Up-to-date symlink: /home/pretend/code/install/rm_armor_tracker/share/rm_armor_tracker/local_setup.sh
[15.065s] -- Up-to-date symlink: /home/pretend/code/install/rm_armor_tracker/share/rm_armor_tracker/local_setup.zsh
[15.065s] -- Up-to-date symlink: /home/pretend/code/install/rm_armor_tracker/share/rm_armor_tracker/local_setup.dsv
[15.065s] -- Symlinking: /home/pretend/code/install/rm_armor_tracker/share/rm_armor_tracker/package.dsv
[15.068s] -- Up-to-date symlink: /home/pretend/code/install/rm_armor_tracker/share/ament_index/resource_index/packages/rm_armor_tracker
[15.068s] -- Up-to-date symlink: /home/pretend/code/install/rm_armor_tracker/share/ament_index/resource_index/rclcpp_components/rm_armor_tracker
[15.069s] -- Up-to-date symlink: /home/pretend/code/install/rm_armor_tracker/share/rm_armor_tracker/cmake/ament_cmake_export_include_directories-extras.cmake
[15.069s] -- Up-to-date symlink: /home/pretend/code/install/rm_armor_tracker/share/rm_armor_tracker/cmake/ament_cmake_export_libraries-extras.cmake
[15.069s] -- Up-to-date symlink: /home/pretend/code/install/rm_armor_tracker/share/rm_armor_tracker/cmake/ament_cmake_export_dependencies-extras.cmake
[15.070s] -- Up-to-date symlink: /home/pretend/code/install/rm_armor_tracker/share/rm_armor_tracker/cmake/rm_armor_trackerConfig.cmake
[15.070s] -- Up-to-date symlink: /home/pretend/code/install/rm_armor_tracker/share/rm_armor_tracker/cmake/rm_armor_trackerConfig-version.cmake
[15.070s] -- Up-to-date symlink: /home/pretend/code/install/rm_armor_tracker/share/rm_armor_tracker/package.xml
[15.071s] Invoked command in '/home/pretend/code/build/rm_armor_tracker' returned '0': CMAKE_PREFIX_PATH=/home/pretend/code/install/rm_msgs:/home/pretend/code/install/video_trial_node:/home/pretend/code/install/rm_rune_detect:/home/pretend/code/install/rm_armor_tracker:/home/pretend/code/install/rm_armor_detect:/home/pretend/code/install/hik_camera:/opt/ros/humble LD_LIBRARY_PATH=/home/pretend/code/install/rm_msgs/lib:/opt/intel/openvino_2025.0.0/runtime/3rdparty/tbb/lib:/opt/intel/openvino_2025.0.0/runtime/lib/intel64:/opt/MVS/lib/64:/opt/MVS/lib/32:/opt/MVS/lib/64:/opt/MVS/lib/32:/home/pretend/code/install/video_trial_node/lib:/home/pretend/code/install/rm_rune_detect/lib:/home/pretend/code/install/rm_armor_tracker/lib:/home/pretend/code/install/rm_armor_detect/lib:/home/pretend/code/install/hik_camera/lib:/opt/intel/openvino_2025.0.0/runtime/3rdparty/tbb/lib:/opt/intel/openvino_2025.0.0/runtime/lib/intel64:/opt/MVS/lib/64:/opt/MVS/lib/32:/opt/ros/humble/opt/rviz_ogre_vendor/lib:/opt/ros/humble/lib/x86_64-linux-gnu:/opt/ros/humble/lib:/opt/MVS/lib/64:/opt/MVS/lib/32:/opt/intel/openvino_2025/runtime/lib/intel64:/opt/intel/openvino_2025/runtime/lib/intel64 /usr/bin/cmake --install /home/pretend/code/build/rm_armor_tracker
