[35m[1mConsolidate compiler generated dependencies of target video_subscriber_component[0m
[ 18%] Built target video_subscriber_node
[ 27%] [32mBuilding CXX object CMakeFiles/video_subscriber_component.dir/src/video_subscriber_node.cpp.o[0m
[ 36%] [32mBuilding CXX object CMakeFiles/video_subscriber_component.dir/src/openvino_armor_detector.cpp.o[0m
[ 45%] [32m[1mLinking CXX shared library libvideo_subscriber_component.so[0m
[ 81%] Built target video_subscriber_component
[35m[1mConsolidate compiler generated dependencies of target video_subscriber_main[0m
[ 90%] [32mBuilding CXX object CMakeFiles/video_subscriber_main.dir/src/video_subscriber_main.cpp.o[0m
[100%] [32m[1mLinking CXX executable video_subscriber_main[0m
[100%] Built target video_subscriber_main
-- Install configuration: ""
-- Up-to-date: /home/pretend/code/install/rm_armor_detect/lib/rm_armor_detect/video_subscriber_node
-- Up-to-date: /home/pretend/code/install/rm_armor_detect/include/
-- Up-to-date: /home/pretend/code/install/rm_armor_detect/include//rm_armor_detect
-- Up-to-date: /home/pretend/code/install/rm_armor_detect/include//rm_armor_detect/video_subscriber_node.hpp
-- Up-to-date: /home/pretend/code/install/rm_armor_detect/include//rm_armor_detect/number_classifier.hpp
-- Up-to-date: /home/pretend/code/install/rm_armor_detect/include//rm_armor_detect/armor_types.hpp
-- Up-to-date: /home/pretend/code/install/rm_armor_detect/include//rm_armor_detect/car_detector.hpp
-- Up-to-date: /home/pretend/code/install/rm_armor_detect/include//rm_armor_detect/simple_lights_detector.hpp
-- Up-to-date: /home/pretend/code/install/rm_armor_detect/include//rm_armor_detect/pnp_solver.hpp
-- Installing: /home/pretend/code/install/rm_armor_detect/include//rm_armor_detect/openvino_armor_detector.hpp
-- Installing: /home/pretend/code/install/rm_armor_detect/lib/libvideo_subscriber_component.so
-- Set runtime path of "/home/pretend/code/install/rm_armor_detect/lib/libvideo_subscriber_component.so" to ""
-- Installing: /home/pretend/code/install/rm_armor_detect/lib/rm_armor_detect/video_subscriber_main
-- Set runtime path of "/home/pretend/code/install/rm_armor_detect/lib/rm_armor_detect/video_subscriber_main" to ""
-- Up-to-date: /home/pretend/code/install/rm_armor_detect/share/rm_armor_detect/models/
-- Up-to-date: /home/pretend/code/install/rm_armor_detect/share/rm_armor_detect/models//number
-- Up-to-date: /home/pretend/code/install/rm_armor_detect/share/rm_armor_detect/models//number/mlp.onnx
-- Installing: /home/pretend/code/install/rm_armor_detect/share/rm_armor_detect/models//number/label.txt
-- Up-to-date: /home/pretend/code/install/rm_armor_detect/share/rm_armor_detect/models//car
-- Up-to-date: /home/pretend/code/install/rm_armor_detect/share/rm_armor_detect/models//car/car.onnx
-- Up-to-date: /home/pretend/code/install/rm_armor_detect/share/rm_armor_detect/models//armor
-- Up-to-date: /home/pretend/code/install/rm_armor_detect/share/rm_armor_detect/models//armor/armor.onnx
-- Installing: /home/pretend/code/install/rm_armor_detect/share/rm_armor_detect/models//armor/armor_14.onnx
-- Up-to-date: /home/pretend/code/install/rm_armor_detect/share/ament_index/resource_index/package_run_dependencies/rm_armor_detect
-- Up-to-date: /home/pretend/code/install/rm_armor_detect/share/ament_index/resource_index/parent_prefix_path/rm_armor_detect
-- Up-to-date: /home/pretend/code/install/rm_armor_detect/share/rm_armor_detect/environment/ament_prefix_path.sh
-- Up-to-date: /home/pretend/code/install/rm_armor_detect/share/rm_armor_detect/environment/ament_prefix_path.dsv
-- Up-to-date: /home/pretend/code/install/rm_armor_detect/share/rm_armor_detect/environment/path.sh
-- Up-to-date: /home/pretend/code/install/rm_armor_detect/share/rm_armor_detect/environment/path.dsv
-- Up-to-date: /home/pretend/code/install/rm_armor_detect/share/rm_armor_detect/local_setup.bash
-- Up-to-date: /home/pretend/code/install/rm_armor_detect/share/rm_armor_detect/local_setup.sh
-- Up-to-date: /home/pretend/code/install/rm_armor_detect/share/rm_armor_detect/local_setup.zsh
-- Up-to-date: /home/pretend/code/install/rm_armor_detect/share/rm_armor_detect/local_setup.dsv
-- Installing: /home/pretend/code/install/rm_armor_detect/share/rm_armor_detect/package.dsv
-- Up-to-date: /home/pretend/code/install/rm_armor_detect/share/ament_index/resource_index/packages/rm_armor_detect
-- Up-to-date: /home/pretend/code/install/rm_armor_detect/share/ament_index/resource_index/rclcpp_components/rm_armor_detect
-- Up-to-date: /home/pretend/code/install/rm_armor_detect/share/rm_armor_detect/cmake/rm_armor_detectConfig.cmake
-- Up-to-date: /home/pretend/code/install/rm_armor_detect/share/rm_armor_detect/cmake/rm_armor_detectConfig-version.cmake
-- Up-to-date: /home/pretend/code/install/rm_armor_detect/share/rm_armor_detect/package.xml
