[0.023s] Invoking command in '/home/pretend/code/build/rm_armor_detect': CMAKE_PREFIX_PATH=${CMAKE_PREFIX_PATH}:/opt/ros/humble /usr/bin/cmake --build /home/pretend/code/build/rm_armor_detect -- -j32 -l32
[0.117s] [35m[1mConsolidate compiler generated dependencies of target video_subscriber_component[0m
[0.131s] [ 20%] Built target video_subscriber_node
[0.139s] [ 80%] Built target video_subscriber_component
[0.163s] [100%] Built target video_subscriber_main
[0.180s] Invoked command in '/home/pretend/code/build/rm_armor_detect' returned '0': CMAKE_PREFIX_PATH=${CMAKE_PREFIX_PATH}:/opt/ros/humble /usr/bin/cmake --build /home/pretend/code/build/rm_armor_detect -- -j32 -l32
[0.184s] Invoking command in '/home/pretend/code/build/rm_armor_detect': CMAKE_PREFIX_PATH=${CMAKE_PREFIX_PATH}:/opt/ros/humble /usr/bin/cmake --install /home/pretend/code/build/rm_armor_detect
[0.188s] -- Install configuration: ""
[0.189s] -- Up-to-date: /home/pretend/code/install/rm_armor_detect/lib/rm_armor_detect/video_subscriber_node
[0.189s] -- Up-to-date: /home/pretend/code/install/rm_armor_detect/include/
[0.189s] -- Up-to-date: /home/pretend/code/install/rm_armor_detect/include//rm_armor_detect
[0.189s] -- Up-to-date: /home/pretend/code/install/rm_armor_detect/include//rm_armor_detect/video_subscriber_node.hpp
[0.190s] -- Up-to-date: /home/pretend/code/install/rm_armor_detect/include//rm_armor_detect/number_classifier.hpp
[0.190s] -- Up-to-date: /home/pretend/code/install/rm_armor_detect/include//rm_armor_detect/armor_types.hpp
[0.190s] -- Up-to-date: /home/pretend/code/install/rm_armor_detect/include//rm_armor_detect/car_detector.hpp
[0.190s] -- Up-to-date: /home/pretend/code/install/rm_armor_detect/include//rm_armor_detect/simple_lights_detector.hpp
[0.190s] -- Up-to-date: /home/pretend/code/install/rm_armor_detect/include//rm_armor_detect/openvino_armor_detector.hpp
[0.191s] -- Up-to-date: /home/pretend/code/install/rm_armor_detect/lib/libvideo_subscriber_component.so
[0.191s] -- Up-to-date: /home/pretend/code/install/rm_armor_detect/lib/rm_armor_detect/video_subscriber_main
[0.191s] -- Up-to-date: /home/pretend/code/install/rm_armor_detect/share/rm_armor_detect/models/
[0.191s] -- Up-to-date: /home/pretend/code/install/rm_armor_detect/share/rm_armor_detect/models//number
[0.191s] -- Up-to-date: /home/pretend/code/install/rm_armor_detect/share/rm_armor_detect/models//number/mlp.onnx
[0.191s] -- Up-to-date: /home/pretend/code/install/rm_armor_detect/share/rm_armor_detect/models//number/label.txt
[0.191s] -- Up-to-date: /home/pretend/code/install/rm_armor_detect/share/rm_armor_detect/models//car
[0.192s] -- Up-to-date: /home/pretend/code/install/rm_armor_detect/share/rm_armor_detect/models//car/car.onnx
[0.192s] -- Up-to-date: /home/pretend/code/install/rm_armor_detect/share/rm_armor_detect/models//armor
[0.192s] -- Up-to-date: /home/pretend/code/install/rm_armor_detect/share/rm_armor_detect/models//armor/armor.onnx
[0.192s] -- Up-to-date: /home/pretend/code/install/rm_armor_detect/share/ament_index/resource_index/package_run_dependencies/rm_armor_detect
[0.192s] -- Up-to-date: /home/pretend/code/install/rm_armor_detect/share/ament_index/resource_index/parent_prefix_path/rm_armor_detect
[0.193s] -- Up-to-date: /home/pretend/code/install/rm_armor_detect/share/rm_armor_detect/environment/ament_prefix_path.sh
[0.193s] -- Up-to-date: /home/pretend/code/install/rm_armor_detect/share/rm_armor_detect/environment/ament_prefix_path.dsv
[0.193s] -- Up-to-date: /home/pretend/code/install/rm_armor_detect/share/rm_armor_detect/environment/path.sh
[0.193s] -- Up-to-date: /home/pretend/code/install/rm_armor_detect/share/rm_armor_detect/environment/path.dsv
[0.193s] -- Up-to-date: /home/pretend/code/install/rm_armor_detect/share/rm_armor_detect/local_setup.bash
[0.194s] -- Up-to-date: /home/pretend/code/install/rm_armor_detect/share/rm_armor_detect/local_setup.sh
[0.194s] -- Up-to-date: /home/pretend/code/install/rm_armor_detect/share/rm_armor_detect/local_setup.zsh
[0.194s] -- Up-to-date: /home/pretend/code/install/rm_armor_detect/share/rm_armor_detect/local_setup.dsv
[0.194s] -- Installing: /home/pretend/code/install/rm_armor_detect/share/rm_armor_detect/package.dsv
[0.194s] -- Up-to-date: /home/pretend/code/install/rm_armor_detect/share/ament_index/resource_index/packages/rm_armor_detect
[0.194s] -- Up-to-date: /home/pretend/code/install/rm_armor_detect/share/ament_index/resource_index/rclcpp_components/rm_armor_detect
[0.194s] -- Up-to-date: /home/pretend/code/install/rm_armor_detect/share/rm_armor_detect/cmake/rm_armor_detectConfig.cmake
[0.195s] -- Up-to-date: /home/pretend/code/install/rm_armor_detect/share/rm_armor_detect/cmake/rm_armor_detectConfig-version.cmake
[0.195s] -- Up-to-date: /home/pretend/code/install/rm_armor_detect/share/rm_armor_detect/package.xml
[0.240s] Invoked command in '/home/pretend/code/build/rm_armor_detect' returned '0': CMAKE_PREFIX_PATH=${CMAKE_PREFIX_PATH}:/opt/ros/humble /usr/bin/cmake --install /home/pretend/code/build/rm_armor_detect
