[0.355s] [34mcolcon[0m [1;30mDEBUG[0m [32mCommand line arguments: ['/usr/bin/colcon', 'build'][0m
[0.355s] [34mcolcon[0m [1;30mDEBUG[0m [32mParsed command line arguments: Namespace(log_base=None, log_level=None, verb_name='build', build_base='build', install_base='install', merge_install=False, symlink_install=False, test_result_base=None, continue_on_error=False, executor='parallel', parallel_workers=32, event_handlers=None, ignore_user_meta=False, metas=['./colcon.meta'], base_paths=['.'], packages_ignore=None, packages_ignore_regex=None, paths=None, packages_up_to=None, packages_up_to_regex=None, packages_above=None, packages_above_and_dependencies=None, packages_above_depth=None, packages_select_by_dep=None, packages_skip_by_dep=None, packages_skip_up_to=None, packages_select_build_failed=False, packages_skip_build_finished=False, packages_select_test_failures=False, packages_skip_test_passed=False, packages_select=None, packages_skip=None, packages_select_regex=None, packages_skip_regex=None, packages_start=None, packages_end=None, allow_overriding=[], cmake_args=None, cmake_target=None, cmake_target_skip_unavailable=False, cmake_clean_cache=False, cmake_clean_first=False, cmake_force_configure=False, ament_cmake_args=None, catkin_cmake_args=None, catkin_skip_building_tests=False, verb_parser=<colcon_defaults.argument_parser.defaults.DefaultArgumentsDecorator object at 0x7f052087e440>, verb_extension=<colcon_core.verb.build.BuildVerb object at 0x7f052087db10>, main=<bound method BuildVerb.main of <colcon_core.verb.build.BuildVerb object at 0x7f052087db10>>)[0m
[0.537s] [34mcolcon.colcon_core.package_discovery[0m [1;30mLevel 1[0m discover_packages(colcon_meta) check parameters
[0.537s] [34mcolcon.colcon_core.package_discovery[0m [1;30mLevel 1[0m discover_packages(recursive) check parameters
[0.537s] [34mcolcon.colcon_core.package_discovery[0m [1;30mLevel 1[0m discover_packages(ignore) check parameters
[0.537s] [34mcolcon.colcon_core.package_discovery[0m [1;30mLevel 1[0m discover_packages(path) check parameters
[0.537s] [34mcolcon.colcon_core.package_discovery[0m [1;30mLevel 1[0m discover_packages(colcon_meta) discover
[0.537s] [34mcolcon.colcon_core.package_discovery[0m [1;30mLevel 1[0m discover_packages(recursive) discover
[0.537s] [34mcolcon.colcon_core.package_discovery[0m [1;30mINFO[0m Crawling recursively for packages in '/home/pretend/code'
[0.537s] [34mcolcon.colcon_core.package_identification[0m [1;30mLevel 1[0m _identify(.) by extensions ['ignore', 'ignore_ament_install']
[0.537s] [34mcolcon.colcon_core.package_identification[0m [1;30mLevel 1[0m _identify(.) by extension 'ignore'
[0.537s] [34mcolcon.colcon_core.package_identification[0m [1;30mLevel 1[0m _identify(.) by extension 'ignore_ament_install'
[0.537s] [34mcolcon.colcon_core.package_identification[0m [1;30mLevel 1[0m _identify(.) by extensions ['colcon_pkg']
[0.537s] [34mcolcon.colcon_core.package_identification[0m [1;30mLevel 1[0m _identify(.) by extension 'colcon_pkg'
[0.537s] [34mcolcon.colcon_core.package_identification[0m [1;30mLevel 1[0m _identify(.) by extensions ['colcon_meta']
[0.537s] [34mcolcon.colcon_core.package_identification[0m [1;30mLevel 1[0m _identify(.) by extension 'colcon_meta'
[0.537s] [34mcolcon.colcon_core.package_identification[0m [1;30mLevel 1[0m _identify(.) by extensions ['ros']
[0.537s] [34mcolcon.colcon_core.package_identification[0m [1;30mLevel 1[0m _identify(.) by extension 'ros'
[0.547s] [34mcolcon.colcon_core.package_identification[0m [1;30mLevel 1[0m _identify(.) by extensions ['cmake', 'python']
[0.547s] [34mcolcon.colcon_core.package_identification[0m [1;30mLevel 1[0m _identify(.) by extension 'cmake'
[0.547s] [34mcolcon.colcon_core.package_identification[0m [1;30mLevel 1[0m _identify(.) by extension 'python'
[0.547s] [34mcolcon.colcon_core.package_identification[0m [1;30mLevel 1[0m _identify(.) by extensions ['python_setup_py']
[0.547s] [34mcolcon.colcon_core.package_identification[0m [1;30mLevel 1[0m _identify(.) by extension 'python_setup_py'
[0.547s] [34mcolcon.colcon_core.package_identification[0m [1;30mLevel 1[0m _identify(build) by extensions ['ignore', 'ignore_ament_install']
[0.547s] [34mcolcon.colcon_core.package_identification[0m [1;30mLevel 1[0m _identify(build) by extension 'ignore'
[0.547s] [34mcolcon.colcon_core.package_identification[0m [1;30mLevel 1[0m _identify(build) ignored
[0.547s] [34mcolcon.colcon_core.package_identification[0m [1;30mLevel 1[0m _identify(install) by extensions ['ignore', 'ignore_ament_install']
[0.547s] [34mcolcon.colcon_core.package_identification[0m [1;30mLevel 1[0m _identify(install) by extension 'ignore'
[0.547s] [34mcolcon.colcon_core.package_identification[0m [1;30mLevel 1[0m _identify(install) ignored
[0.548s] [34mcolcon.colcon_core.package_identification[0m [1;30mLevel 1[0m _identify(log) by extensions ['ignore', 'ignore_ament_install']
[0.548s] [34mcolcon.colcon_core.package_identification[0m [1;30mLevel 1[0m _identify(log) by extension 'ignore'
[0.548s] [34mcolcon.colcon_core.package_identification[0m [1;30mLevel 1[0m _identify(log) ignored
[0.548s] [34mcolcon.colcon_core.package_identification[0m [1;30mLevel 1[0m _identify(src) by extensions ['ignore', 'ignore_ament_install']
[0.548s] [34mcolcon.colcon_core.package_identification[0m [1;30mLevel 1[0m _identify(src) by extension 'ignore'
[0.548s] [34mcolcon.colcon_core.package_identification[0m [1;30mLevel 1[0m _identify(src) by extension 'ignore_ament_install'
[0.548s] [34mcolcon.colcon_core.package_identification[0m [1;30mLevel 1[0m _identify(src) by extensions ['colcon_pkg']
[0.548s] [34mcolcon.colcon_core.package_identification[0m [1;30mLevel 1[0m _identify(src) by extension 'colcon_pkg'
[0.548s] [34mcolcon.colcon_core.package_identification[0m [1;30mLevel 1[0m _identify(src) by extensions ['colcon_meta']
[0.548s] [34mcolcon.colcon_core.package_identification[0m [1;30mLevel 1[0m _identify(src) by extension 'colcon_meta'
[0.548s] [34mcolcon.colcon_core.package_identification[0m [1;30mLevel 1[0m _identify(src) by extensions ['ros']
[0.548s] [34mcolcon.colcon_core.package_identification[0m [1;30mLevel 1[0m _identify(src) by extension 'ros'
[0.548s] [34mcolcon.colcon_core.package_identification[0m [1;30mLevel 1[0m _identify(src) by extensions ['cmake', 'python']
[0.548s] [34mcolcon.colcon_core.package_identification[0m [1;30mLevel 1[0m _identify(src) by extension 'cmake'
[0.548s] [34mcolcon.colcon_core.package_identification[0m [1;30mLevel 1[0m _identify(src) by extension 'python'
[0.548s] [34mcolcon.colcon_core.package_identification[0m [1;30mLevel 1[0m _identify(src) by extensions ['python_setup_py']
[0.548s] [34mcolcon.colcon_core.package_identification[0m [1;30mLevel 1[0m _identify(src) by extension 'python_setup_py'
[0.548s] [34mcolcon.colcon_core.package_identification[0m [1;30mLevel 1[0m _identify(src/rm_armor_detect) by extensions ['ignore', 'ignore_ament_install']
[0.548s] [34mcolcon.colcon_core.package_identification[0m [1;30mLevel 1[0m _identify(src/rm_armor_detect) by extension 'ignore'
[0.548s] [34mcolcon.colcon_core.package_identification[0m [1;30mLevel 1[0m _identify(src/rm_armor_detect) by extension 'ignore_ament_install'
[0.548s] [34mcolcon.colcon_core.package_identification[0m [1;30mLevel 1[0m _identify(src/rm_armor_detect) by extensions ['colcon_pkg']
[0.548s] [34mcolcon.colcon_core.package_identification[0m [1;30mLevel 1[0m _identify(src/rm_armor_detect) by extension 'colcon_pkg'
[0.548s] [34mcolcon.colcon_core.package_identification[0m [1;30mLevel 1[0m _identify(src/rm_armor_detect) by extensions ['colcon_meta']
[0.548s] [34mcolcon.colcon_core.package_identification[0m [1;30mLevel 1[0m _identify(src/rm_armor_detect) by extension 'colcon_meta'
[0.548s] [34mcolcon.colcon_core.package_identification[0m [1;30mLevel 1[0m _identify(src/rm_armor_detect) by extensions ['ros']
[0.548s] [34mcolcon.colcon_core.package_identification[0m [1;30mLevel 1[0m _identify(src/rm_armor_detect) by extension 'ros'
[0.551s] [34mcolcon.colcon_core.package_identification[0m [1;30mDEBUG[0m [32mPackage 'src/rm_armor_detect' with type 'ros.ament_cmake' and name 'rm_armor_detect'[0m
[0.551s] [34mcolcon.colcon_core.package_identification[0m [1;30mLevel 1[0m _identify(src/rm_armor_tracker) by extensions ['ignore', 'ignore_ament_install']
[0.551s] [34mcolcon.colcon_core.package_identification[0m [1;30mLevel 1[0m _identify(src/rm_armor_tracker) by extension 'ignore'
[0.551s] [34mcolcon.colcon_core.package_identification[0m [1;30mLevel 1[0m _identify(src/rm_armor_tracker) by extension 'ignore_ament_install'
[0.551s] [34mcolcon.colcon_core.package_identification[0m [1;30mLevel 1[0m _identify(src/rm_armor_tracker) by extensions ['colcon_pkg']
[0.551s] [34mcolcon.colcon_core.package_identification[0m [1;30mLevel 1[0m _identify(src/rm_armor_tracker) by extension 'colcon_pkg'
[0.551s] [34mcolcon.colcon_core.package_identification[0m [1;30mLevel 1[0m _identify(src/rm_armor_tracker) by extensions ['colcon_meta']
[0.551s] [34mcolcon.colcon_core.package_identification[0m [1;30mLevel 1[0m _identify(src/rm_armor_tracker) by extension 'colcon_meta'
[0.551s] [34mcolcon.colcon_core.package_identification[0m [1;30mLevel 1[0m _identify(src/rm_armor_tracker) by extensions ['ros']
[0.551s] [34mcolcon.colcon_core.package_identification[0m [1;30mLevel 1[0m _identify(src/rm_armor_tracker) by extension 'ros'
[0.552s] [34mcolcon.colcon_core.package_identification[0m [1;30mDEBUG[0m [32mPackage 'src/rm_armor_tracker' with type 'ros.ament_cmake' and name 'rm_armor_tracker'[0m
[0.552s] [34mcolcon.colcon_core.package_identification[0m [1;30mLevel 1[0m _identify(src/rm_msgs) by extensions ['ignore', 'ignore_ament_install']
[0.552s] [34mcolcon.colcon_core.package_identification[0m [1;30mLevel 1[0m _identify(src/rm_msgs) by extension 'ignore'
[0.552s] [34mcolcon.colcon_core.package_identification[0m [1;30mLevel 1[0m _identify(src/rm_msgs) by extension 'ignore_ament_install'
[0.552s] [34mcolcon.colcon_core.package_identification[0m [1;30mLevel 1[0m _identify(src/rm_msgs) by extensions ['colcon_pkg']
[0.552s] [34mcolcon.colcon_core.package_identification[0m [1;30mLevel 1[0m _identify(src/rm_msgs) by extension 'colcon_pkg'
[0.552s] [34mcolcon.colcon_core.package_identification[0m [1;30mLevel 1[0m _identify(src/rm_msgs) by extensions ['colcon_meta']
[0.552s] [34mcolcon.colcon_core.package_identification[0m [1;30mLevel 1[0m _identify(src/rm_msgs) by extension 'colcon_meta'
[0.552s] [34mcolcon.colcon_core.package_identification[0m [1;30mLevel 1[0m _identify(src/rm_msgs) by extensions ['ros']
[0.552s] [34mcolcon.colcon_core.package_identification[0m [1;30mLevel 1[0m _identify(src/rm_msgs) by extension 'ros'
[0.552s] [34mcolcon.colcon_core.package_identification[0m [1;30mDEBUG[0m [32mPackage 'src/rm_msgs' with type 'ros.ament_cmake' and name 'rm_msgs'[0m
[0.553s] [34mcolcon.colcon_core.package_identification[0m [1;30mLevel 1[0m _identify(src/rm_rune_detect) by extensions ['ignore', 'ignore_ament_install']
[0.553s] [34mcolcon.colcon_core.package_identification[0m [1;30mLevel 1[0m _identify(src/rm_rune_detect) by extension 'ignore'
[0.553s] [34mcolcon.colcon_core.package_identification[0m [1;30mLevel 1[0m _identify(src/rm_rune_detect) by extension 'ignore_ament_install'
[0.553s] [34mcolcon.colcon_core.package_identification[0m [1;30mLevel 1[0m _identify(src/rm_rune_detect) by extensions ['colcon_pkg']
[0.553s] [34mcolcon.colcon_core.package_identification[0m [1;30mLevel 1[0m _identify(src/rm_rune_detect) by extension 'colcon_pkg'
[0.553s] [34mcolcon.colcon_core.package_identification[0m [1;30mLevel 1[0m _identify(src/rm_rune_detect) by extensions ['colcon_meta']
[0.553s] [34mcolcon.colcon_core.package_identification[0m [1;30mLevel 1[0m _identify(src/rm_rune_detect) by extension 'colcon_meta'
[0.553s] [34mcolcon.colcon_core.package_identification[0m [1;30mLevel 1[0m _identify(src/rm_rune_detect) by extensions ['ros']
[0.553s] [34mcolcon.colcon_core.package_identification[0m [1;30mLevel 1[0m _identify(src/rm_rune_detect) by extension 'ros'
[0.553s] [34mcolcon.colcon_core.package_identification[0m [1;30mDEBUG[0m [32mPackage 'src/rm_rune_detect' with type 'ros.ament_cmake' and name 'rm_rune_detect'[0m
[0.553s] [34mcolcon.colcon_core.package_identification[0m [1;30mLevel 1[0m _identify(src/ros2-hik-camera-main) by extensions ['ignore', 'ignore_ament_install']
[0.553s] [34mcolcon.colcon_core.package_identification[0m [1;30mLevel 1[0m _identify(src/ros2-hik-camera-main) by extension 'ignore'
[0.553s] [34mcolcon.colcon_core.package_identification[0m [1;30mLevel 1[0m _identify(src/ros2-hik-camera-main) by extension 'ignore_ament_install'
[0.554s] [34mcolcon.colcon_core.package_identification[0m [1;30mLevel 1[0m _identify(src/ros2-hik-camera-main) by extensions ['colcon_pkg']
[0.554s] [34mcolcon.colcon_core.package_identification[0m [1;30mLevel 1[0m _identify(src/ros2-hik-camera-main) by extension 'colcon_pkg'
[0.554s] [34mcolcon.colcon_core.package_identification[0m [1;30mLevel 1[0m _identify(src/ros2-hik-camera-main) by extensions ['colcon_meta']
[0.554s] [34mcolcon.colcon_core.package_identification[0m [1;30mLevel 1[0m _identify(src/ros2-hik-camera-main) by extension 'colcon_meta'
[0.554s] [34mcolcon.colcon_core.package_identification[0m [1;30mLevel 1[0m _identify(src/ros2-hik-camera-main) by extensions ['ros']
[0.554s] [34mcolcon.colcon_core.package_identification[0m [1;30mLevel 1[0m _identify(src/ros2-hik-camera-main) by extension 'ros'
[0.554s] [34mcolcon.colcon_core.package_identification[0m [1;30mDEBUG[0m [32mPackage 'src/ros2-hik-camera-main' with type 'ros.ament_cmake' and name 'hik_camera'[0m
[0.554s] [34mcolcon.colcon_core.package_identification[0m [1;30mLevel 1[0m _identify(src/video_trial_node) by extensions ['ignore', 'ignore_ament_install']
[0.554s] [34mcolcon.colcon_core.package_identification[0m [1;30mLevel 1[0m _identify(src/video_trial_node) by extension 'ignore'
[0.554s] [34mcolcon.colcon_core.package_identification[0m [1;30mLevel 1[0m _identify(src/video_trial_node) by extension 'ignore_ament_install'
[0.554s] [34mcolcon.colcon_core.package_identification[0m [1;30mLevel 1[0m _identify(src/video_trial_node) by extensions ['colcon_pkg']
[0.554s] [34mcolcon.colcon_core.package_identification[0m [1;30mLevel 1[0m _identify(src/video_trial_node) by extension 'colcon_pkg'
[0.554s] [34mcolcon.colcon_core.package_identification[0m [1;30mLevel 1[0m _identify(src/video_trial_node) by extensions ['colcon_meta']
[0.554s] [34mcolcon.colcon_core.package_identification[0m [1;30mLevel 1[0m _identify(src/video_trial_node) by extension 'colcon_meta'
[0.554s] [34mcolcon.colcon_core.package_identification[0m [1;30mLevel 1[0m _identify(src/video_trial_node) by extensions ['ros']
[0.554s] [34mcolcon.colcon_core.package_identification[0m [1;30mLevel 1[0m _identify(src/video_trial_node) by extension 'ros'
[0.555s] [34mcolcon.colcon_core.package_identification[0m [1;30mDEBUG[0m [32mPackage 'src/video_trial_node' with type 'ros.ament_cmake' and name 'video_trial_node'[0m
[0.555s] [34mcolcon.colcon_core.package_discovery[0m [1;30mLevel 1[0m discover_packages(recursive) using defaults
[0.555s] [34mcolcon.colcon_core.package_discovery[0m [1;30mLevel 1[0m discover_packages(ignore) discover
[0.555s] [34mcolcon.colcon_core.package_discovery[0m [1;30mLevel 1[0m discover_packages(ignore) using defaults
[0.555s] [34mcolcon.colcon_core.package_discovery[0m [1;30mLevel 1[0m discover_packages(path) discover
[0.555s] [34mcolcon.colcon_core.package_discovery[0m [1;30mLevel 1[0m discover_packages(path) using defaults
[0.576s] [34mcolcon.colcon_core.package_discovery[0m [1;30mLevel 1[0m discover_packages(prefix_path) check parameters
[0.576s] [34mcolcon.colcon_core.package_discovery[0m [1;30mLevel 1[0m discover_packages(prefix_path) discover
[0.581s] [34mcolcon.colcon_installed_package_information.package_discovery[0m [1;30mDEBUG[0m [32mFound 7 installed packages in /home/pretend/code/install[0m
[0.582s] [34mcolcon.colcon_installed_package_information.package_discovery[0m [1;30mDEBUG[0m [32mFound 263 installed packages in /opt/ros/humble[0m
[0.582s] [34mcolcon.colcon_core.package_discovery[0m [1;30mLevel 1[0m discover_packages(prefix_path) using defaults
[0.606s] [34mcolcon.colcon_core.package_selection[0m [1;30mWARNING[0m [33mSome selected packages are already built in one or more underlay workspaces:
	'rm_msgs' is in: /home/pretend/code/install/rm_msgs
If a package in a merged underlay workspace is overridden and it installs headers, then all packages in the overlay must sort their include directories by workspace order. Failure to do so may result in build failures or undefined behavior at run time.
If the overridden package is used by another package in any underlay, then the overriding package in the overlay must be API and ABI compatible or undefined behavior at run time may occur.

If you understand the risks and want to override a package anyways, add the following to the command line:
	--allow-overriding rm_msgs

This may be promoted to an error in a future release of colcon-override-check.[0m
[0.606s] [34mcolcon.colcon_core.verb[0m [1;30mLevel 5[0m set package 'hik_camera' build argument 'cmake_args' from command line to 'None'
[0.606s] [34mcolcon.colcon_core.verb[0m [1;30mLevel 5[0m set package 'hik_camera' build argument 'cmake_target' from command line to 'None'
[0.606s] [34mcolcon.colcon_core.verb[0m [1;30mLevel 5[0m set package 'hik_camera' build argument 'cmake_target_skip_unavailable' from command line to 'False'
[0.606s] [34mcolcon.colcon_core.verb[0m [1;30mLevel 5[0m set package 'hik_camera' build argument 'cmake_clean_cache' from command line to 'False'
[0.606s] [34mcolcon.colcon_core.verb[0m [1;30mLevel 5[0m set package 'hik_camera' build argument 'cmake_clean_first' from command line to 'False'
[0.606s] [34mcolcon.colcon_core.verb[0m [1;30mLevel 5[0m set package 'hik_camera' build argument 'cmake_force_configure' from command line to 'False'
[0.606s] [34mcolcon.colcon_core.verb[0m [1;30mLevel 5[0m set package 'hik_camera' build argument 'ament_cmake_args' from command line to 'None'
[0.606s] [34mcolcon.colcon_core.verb[0m [1;30mLevel 5[0m set package 'hik_camera' build argument 'catkin_cmake_args' from command line to 'None'
[0.606s] [34mcolcon.colcon_core.verb[0m [1;30mLevel 5[0m set package 'hik_camera' build argument 'catkin_skip_building_tests' from command line to 'False'
[0.606s] [34mcolcon.colcon_core.verb[0m [1;30mDEBUG[0m [32mBuilding package 'hik_camera' with the following arguments: {'ament_cmake_args': None, 'build_base': '/home/pretend/code/build/hik_camera', 'catkin_cmake_args': None, 'catkin_skip_building_tests': False, 'cmake_args': None, 'cmake_clean_cache': False, 'cmake_clean_first': False, 'cmake_force_configure': False, 'cmake_target': None, 'cmake_target_skip_unavailable': False, 'install_base': '/home/pretend/code/install/hik_camera', 'merge_install': False, 'path': '/home/pretend/code/src/ros2-hik-camera-main', 'symlink_install': False, 'test_result_base': None}[0m
[0.606s] [34mcolcon.colcon_core.verb[0m [1;30mLevel 5[0m set package 'rm_msgs' build argument 'cmake_args' from command line to 'None'
[0.606s] [34mcolcon.colcon_core.verb[0m [1;30mLevel 5[0m set package 'rm_msgs' build argument 'cmake_target' from command line to 'None'
[0.607s] [34mcolcon.colcon_core.verb[0m [1;30mLevel 5[0m set package 'rm_msgs' build argument 'cmake_target_skip_unavailable' from command line to 'False'
[0.607s] [34mcolcon.colcon_core.verb[0m [1;30mLevel 5[0m set package 'rm_msgs' build argument 'cmake_clean_cache' from command line to 'False'
[0.607s] [34mcolcon.colcon_core.verb[0m [1;30mLevel 5[0m set package 'rm_msgs' build argument 'cmake_clean_first' from command line to 'False'
[0.607s] [34mcolcon.colcon_core.verb[0m [1;30mLevel 5[0m set package 'rm_msgs' build argument 'cmake_force_configure' from command line to 'False'
[0.607s] [34mcolcon.colcon_core.verb[0m [1;30mLevel 5[0m set package 'rm_msgs' build argument 'ament_cmake_args' from command line to 'None'
[0.607s] [34mcolcon.colcon_core.verb[0m [1;30mLevel 5[0m set package 'rm_msgs' build argument 'catkin_cmake_args' from command line to 'None'
[0.607s] [34mcolcon.colcon_core.verb[0m [1;30mLevel 5[0m set package 'rm_msgs' build argument 'catkin_skip_building_tests' from command line to 'False'
[0.607s] [34mcolcon.colcon_core.verb[0m [1;30mDEBUG[0m [32mBuilding package 'rm_msgs' with the following arguments: {'ament_cmake_args': None, 'build_base': '/home/pretend/code/build/rm_msgs', 'catkin_cmake_args': None, 'catkin_skip_building_tests': False, 'cmake_args': None, 'cmake_clean_cache': False, 'cmake_clean_first': False, 'cmake_force_configure': False, 'cmake_target': None, 'cmake_target_skip_unavailable': False, 'install_base': '/home/pretend/code/install/rm_msgs', 'merge_install': False, 'path': '/home/pretend/code/src/rm_msgs', 'symlink_install': False, 'test_result_base': None}[0m
[0.607s] [34mcolcon.colcon_core.verb[0m [1;30mLevel 5[0m set package 'rm_rune_detect' build argument 'cmake_args' from command line to 'None'
[0.607s] [34mcolcon.colcon_core.verb[0m [1;30mLevel 5[0m set package 'rm_rune_detect' build argument 'cmake_target' from command line to 'None'
[0.607s] [34mcolcon.colcon_core.verb[0m [1;30mLevel 5[0m set package 'rm_rune_detect' build argument 'cmake_target_skip_unavailable' from command line to 'False'
[0.607s] [34mcolcon.colcon_core.verb[0m [1;30mLevel 5[0m set package 'rm_rune_detect' build argument 'cmake_clean_cache' from command line to 'False'
[0.607s] [34mcolcon.colcon_core.verb[0m [1;30mLevel 5[0m set package 'rm_rune_detect' build argument 'cmake_clean_first' from command line to 'False'
[0.607s] [34mcolcon.colcon_core.verb[0m [1;30mLevel 5[0m set package 'rm_rune_detect' build argument 'cmake_force_configure' from command line to 'False'
[0.607s] [34mcolcon.colcon_core.verb[0m [1;30mLevel 5[0m set package 'rm_rune_detect' build argument 'ament_cmake_args' from command line to 'None'
[0.607s] [34mcolcon.colcon_core.verb[0m [1;30mLevel 5[0m set package 'rm_rune_detect' build argument 'catkin_cmake_args' from command line to 'None'
[0.607s] [34mcolcon.colcon_core.verb[0m [1;30mLevel 5[0m set package 'rm_rune_detect' build argument 'catkin_skip_building_tests' from command line to 'False'
[0.607s] [34mcolcon.colcon_core.verb[0m [1;30mDEBUG[0m [32mBuilding package 'rm_rune_detect' with the following arguments: {'ament_cmake_args': None, 'build_base': '/home/pretend/code/build/rm_rune_detect', 'catkin_cmake_args': None, 'catkin_skip_building_tests': False, 'cmake_args': None, 'cmake_clean_cache': False, 'cmake_clean_first': False, 'cmake_force_configure': False, 'cmake_target': None, 'cmake_target_skip_unavailable': False, 'install_base': '/home/pretend/code/install/rm_rune_detect', 'merge_install': False, 'path': '/home/pretend/code/src/rm_rune_detect', 'symlink_install': False, 'test_result_base': None}[0m
[0.607s] [34mcolcon.colcon_core.verb[0m [1;30mLevel 5[0m set package 'video_trial_node' build argument 'cmake_args' from command line to 'None'
[0.607s] [34mcolcon.colcon_core.verb[0m [1;30mLevel 5[0m set package 'video_trial_node' build argument 'cmake_target' from command line to 'None'
[0.607s] [34mcolcon.colcon_core.verb[0m [1;30mLevel 5[0m set package 'video_trial_node' build argument 'cmake_target_skip_unavailable' from command line to 'False'
[0.607s] [34mcolcon.colcon_core.verb[0m [1;30mLevel 5[0m set package 'video_trial_node' build argument 'cmake_clean_cache' from command line to 'False'
[0.607s] [34mcolcon.colcon_core.verb[0m [1;30mLevel 5[0m set package 'video_trial_node' build argument 'cmake_clean_first' from command line to 'False'
[0.607s] [34mcolcon.colcon_core.verb[0m [1;30mLevel 5[0m set package 'video_trial_node' build argument 'cmake_force_configure' from command line to 'False'
[0.607s] [34mcolcon.colcon_core.verb[0m [1;30mLevel 5[0m set package 'video_trial_node' build argument 'ament_cmake_args' from command line to 'None'
[0.607s] [34mcolcon.colcon_core.verb[0m [1;30mLevel 5[0m set package 'video_trial_node' build argument 'catkin_cmake_args' from command line to 'None'
[0.607s] [34mcolcon.colcon_core.verb[0m [1;30mLevel 5[0m set package 'video_trial_node' build argument 'catkin_skip_building_tests' from command line to 'False'
[0.607s] [34mcolcon.colcon_core.verb[0m [1;30mDEBUG[0m [32mBuilding package 'video_trial_node' with the following arguments: {'ament_cmake_args': None, 'build_base': '/home/pretend/code/build/video_trial_node', 'catkin_cmake_args': None, 'catkin_skip_building_tests': False, 'cmake_args': None, 'cmake_clean_cache': False, 'cmake_clean_first': False, 'cmake_force_configure': False, 'cmake_target': None, 'cmake_target_skip_unavailable': False, 'install_base': '/home/pretend/code/install/video_trial_node', 'merge_install': False, 'path': '/home/pretend/code/src/video_trial_node', 'symlink_install': False, 'test_result_base': None}[0m
[0.607s] [34mcolcon.colcon_core.verb[0m [1;30mLevel 5[0m set package 'rm_armor_detect' build argument 'cmake_args' from command line to 'None'
[0.607s] [34mcolcon.colcon_core.verb[0m [1;30mLevel 5[0m set package 'rm_armor_detect' build argument 'cmake_target' from command line to 'None'
[0.607s] [34mcolcon.colcon_core.verb[0m [1;30mLevel 5[0m set package 'rm_armor_detect' build argument 'cmake_target_skip_unavailable' from command line to 'False'
[0.607s] [34mcolcon.colcon_core.verb[0m [1;30mLevel 5[0m set package 'rm_armor_detect' build argument 'cmake_clean_cache' from command line to 'False'
[0.607s] [34mcolcon.colcon_core.verb[0m [1;30mLevel 5[0m set package 'rm_armor_detect' build argument 'cmake_clean_first' from command line to 'False'
[0.607s] [34mcolcon.colcon_core.verb[0m [1;30mLevel 5[0m set package 'rm_armor_detect' build argument 'cmake_force_configure' from command line to 'False'
[0.607s] [34mcolcon.colcon_core.verb[0m [1;30mLevel 5[0m set package 'rm_armor_detect' build argument 'ament_cmake_args' from command line to 'None'
[0.607s] [34mcolcon.colcon_core.verb[0m [1;30mLevel 5[0m set package 'rm_armor_detect' build argument 'catkin_cmake_args' from command line to 'None'
[0.607s] [34mcolcon.colcon_core.verb[0m [1;30mLevel 5[0m set package 'rm_armor_detect' build argument 'catkin_skip_building_tests' from command line to 'False'
[0.607s] [34mcolcon.colcon_core.verb[0m [1;30mDEBUG[0m [32mBuilding package 'rm_armor_detect' with the following arguments: {'ament_cmake_args': None, 'build_base': '/home/pretend/code/build/rm_armor_detect', 'catkin_cmake_args': None, 'catkin_skip_building_tests': False, 'cmake_args': None, 'cmake_clean_cache': False, 'cmake_clean_first': False, 'cmake_force_configure': False, 'cmake_target': None, 'cmake_target_skip_unavailable': False, 'install_base': '/home/pretend/code/install/rm_armor_detect', 'merge_install': False, 'path': '/home/pretend/code/src/rm_armor_detect', 'symlink_install': False, 'test_result_base': None}[0m
[0.607s] [34mcolcon.colcon_core.verb[0m [1;30mLevel 5[0m set package 'rm_armor_tracker' build argument 'cmake_args' from command line to 'None'
[0.607s] [34mcolcon.colcon_core.verb[0m [1;30mLevel 5[0m set package 'rm_armor_tracker' build argument 'cmake_target' from command line to 'None'
[0.607s] [34mcolcon.colcon_core.verb[0m [1;30mLevel 5[0m set package 'rm_armor_tracker' build argument 'cmake_target_skip_unavailable' from command line to 'False'
[0.607s] [34mcolcon.colcon_core.verb[0m [1;30mLevel 5[0m set package 'rm_armor_tracker' build argument 'cmake_clean_cache' from command line to 'False'
[0.607s] [34mcolcon.colcon_core.verb[0m [1;30mLevel 5[0m set package 'rm_armor_tracker' build argument 'cmake_clean_first' from command line to 'False'
[0.607s] [34mcolcon.colcon_core.verb[0m [1;30mLevel 5[0m set package 'rm_armor_tracker' build argument 'cmake_force_configure' from command line to 'False'
[0.607s] [34mcolcon.colcon_core.verb[0m [1;30mLevel 5[0m set package 'rm_armor_tracker' build argument 'ament_cmake_args' from command line to 'None'
[0.607s] [34mcolcon.colcon_core.verb[0m [1;30mLevel 5[0m set package 'rm_armor_tracker' build argument 'catkin_cmake_args' from command line to 'None'
[0.607s] [34mcolcon.colcon_core.verb[0m [1;30mLevel 5[0m set package 'rm_armor_tracker' build argument 'catkin_skip_building_tests' from command line to 'False'
[0.607s] [34mcolcon.colcon_core.verb[0m [1;30mDEBUG[0m [32mBuilding package 'rm_armor_tracker' with the following arguments: {'ament_cmake_args': None, 'build_base': '/home/pretend/code/build/rm_armor_tracker', 'catkin_cmake_args': None, 'catkin_skip_building_tests': False, 'cmake_args': None, 'cmake_clean_cache': False, 'cmake_clean_first': False, 'cmake_force_configure': False, 'cmake_target': None, 'cmake_target_skip_unavailable': False, 'install_base': '/home/pretend/code/install/rm_armor_tracker', 'merge_install': False, 'path': '/home/pretend/code/src/rm_armor_tracker', 'symlink_install': False, 'test_result_base': None}[0m
[0.608s] [34mcolcon.colcon_core.executor[0m [1;30mINFO[0m Executing jobs using 'parallel' executor
[0.608s] [34mcolcon.colcon_parallel_executor.executor.parallel[0m [1;30mDEBUG[0m [32mrun_until_complete[0m
[0.608s] [34mcolcon.colcon_ros.task.ament_cmake.build[0m [1;30mINFO[0m Building ROS package in '/home/pretend/code/src/rm_msgs' with build type 'ament_cmake'
[0.609s] [34mcolcon.colcon_cmake.task.cmake.build[0m [1;30mINFO[0m Building CMake package in '/home/pretend/code/src/rm_msgs'
[0.613s] [34mcolcon.colcon_core.plugin_system[0m [1;30mINFO[0m Skipping extension 'colcon_core.shell.bat': Not used on non-Windows systems
[0.613s] [34mcolcon.colcon_core.shell[0m [1;30mINFO[0m Skip shell extension 'powershell' for command environment: Not usable outside of PowerShell
[0.613s] [34mcolcon.colcon_core.shell[0m [1;30mDEBUG[0m [32mSkip shell extension 'dsv' for command environment[0m
[0.616s] [34mcolcon.colcon_ros.task.ament_cmake.build[0m [1;30mINFO[0m Building ROS package in '/home/pretend/code/src/ros2-hik-camera-main' with build type 'ament_cmake'
[0.616s] [34mcolcon.colcon_cmake.task.cmake.build[0m [1;30mINFO[0m Building CMake package in '/home/pretend/code/src/ros2-hik-camera-main'
[0.616s] [34mcolcon.colcon_core.shell[0m [1;30mINFO[0m Skip shell extension 'powershell' for command environment: Not usable outside of PowerShell
[0.616s] [34mcolcon.colcon_core.shell[0m [1;30mDEBUG[0m [32mSkip shell extension 'dsv' for command environment[0m
[0.618s] [34mcolcon.colcon_ros.task.ament_cmake.build[0m [1;30mINFO[0m Building ROS package in '/home/pretend/code/src/rm_rune_detect' with build type 'ament_cmake'
[0.619s] [34mcolcon.colcon_cmake.task.cmake.build[0m [1;30mINFO[0m Building CMake package in '/home/pretend/code/src/rm_rune_detect'
[0.619s] [34mcolcon.colcon_core.shell[0m [1;30mINFO[0m Skip shell extension 'powershell' for command environment: Not usable outside of PowerShell
[0.619s] [34mcolcon.colcon_core.shell[0m [1;30mDEBUG[0m [32mSkip shell extension 'dsv' for command environment[0m
[0.621s] [34mcolcon.colcon_ros.task.ament_cmake.build[0m [1;30mINFO[0m Building ROS package in '/home/pretend/code/src/video_trial_node' with build type 'ament_cmake'
[0.621s] [34mcolcon.colcon_cmake.task.cmake.build[0m [1;30mINFO[0m Building CMake package in '/home/pretend/code/src/video_trial_node'
[0.621s] [34mcolcon.colcon_core.shell[0m [1;30mINFO[0m Skip shell extension 'powershell' for command environment: Not usable outside of PowerShell
[0.621s] [34mcolcon.colcon_core.shell[0m [1;30mDEBUG[0m [32mSkip shell extension 'dsv' for command environment[0m
[0.628s] [34mcolcon.colcon_core.event_handler.log_command[0m [1;30mDEBUG[0m [32mInvoking command in '/home/pretend/code/build/rm_msgs': CMAKE_PREFIX_PATH=${CMAKE_PREFIX_PATH}:/opt/ros/humble /usr/bin/cmake --build /home/pretend/code/build/rm_msgs -- -j32 -l32[0m
[0.632s] [34mcolcon.colcon_core.event_handler.log_command[0m [1;30mDEBUG[0m [32mInvoking command in '/home/pretend/code/build/hik_camera': CMAKE_PREFIX_PATH=${CMAKE_PREFIX_PATH}:/opt/ros/humble /usr/bin/cmake --build /home/pretend/code/build/hik_camera -- -j32 -l32[0m
[0.634s] [34mcolcon.colcon_core.event_handler.log_command[0m [1;30mDEBUG[0m [32mInvoking command in '/home/pretend/code/build/rm_rune_detect': CMAKE_PREFIX_PATH=${CMAKE_PREFIX_PATH}:/opt/ros/humble /usr/bin/cmake --build /home/pretend/code/build/rm_rune_detect -- -j32 -l32[0m
[0.640s] [34mcolcon.colcon_core.event_handler.log_command[0m [1;30mDEBUG[0m [32mInvoking command in '/home/pretend/code/build/video_trial_node': CMAKE_PREFIX_PATH=${CMAKE_PREFIX_PATH}:/opt/ros/humble /usr/bin/cmake --build /home/pretend/code/build/video_trial_node -- -j32 -l32[0m
[0.755s] [34mcolcon.colcon_core.event_handler.log_command[0m [1;30mDEBUG[0m [32mInvoked command in '/home/pretend/code/build/hik_camera' returned '0': CMAKE_PREFIX_PATH=${CMAKE_PREFIX_PATH}:/opt/ros/humble /usr/bin/cmake --build /home/pretend/code/build/hik_camera -- -j32 -l32[0m
[0.762s] [34mcolcon.colcon_core.event_handler.log_command[0m [1;30mDEBUG[0m [32mInvoking command in '/home/pretend/code/build/hik_camera': CMAKE_PREFIX_PATH=${CMAKE_PREFIX_PATH}:/opt/ros/humble /usr/bin/cmake --install /home/pretend/code/build/hik_camera[0m
[0.763s] [34mcolcon.colcon_core.event_handler.log_command[0m [1;30mDEBUG[0m [32mInvoked command in '/home/pretend/code/build/video_trial_node' returned '0': CMAKE_PREFIX_PATH=${CMAKE_PREFIX_PATH}:/opt/ros/humble /usr/bin/cmake --build /home/pretend/code/build/video_trial_node -- -j32 -l32[0m
[0.765s] [34mcolcon.colcon_core.event_handler.log_command[0m [1;30mDEBUG[0m [32mInvoking command in '/home/pretend/code/build/video_trial_node': CMAKE_PREFIX_PATH=${CMAKE_PREFIX_PATH}:/opt/ros/humble /usr/bin/cmake --install /home/pretend/code/build/video_trial_node[0m
[0.766s] [34mcolcon.colcon_core.event_handler.log_command[0m [1;30mDEBUG[0m [32mInvoked command in '/home/pretend/code/build/rm_rune_detect' returned '0': CMAKE_PREFIX_PATH=${CMAKE_PREFIX_PATH}:/opt/ros/humble /usr/bin/cmake --build /home/pretend/code/build/rm_rune_detect -- -j32 -l32[0m
[0.769s] [34mcolcon.colcon_core.event_handler.log_command[0m [1;30mDEBUG[0m [32mInvoking command in '/home/pretend/code/build/rm_rune_detect': CMAKE_PREFIX_PATH=${CMAKE_PREFIX_PATH}:/opt/ros/humble /usr/bin/cmake --install /home/pretend/code/build/rm_rune_detect[0m
[0.776s] [34mcolcon.colcon_core.environment[0m [1;30mLevel 1[0m create_environment_scripts_only(hik_camera)
[0.778s] [34mcolcon.colcon_core.event_handler.log_command[0m [1;30mDEBUG[0m [32mInvoked command in '/home/pretend/code/build/hik_camera' returned '0': CMAKE_PREFIX_PATH=${CMAKE_PREFIX_PATH}:/opt/ros/humble /usr/bin/cmake --install /home/pretend/code/build/hik_camera[0m
[0.786s] [34mcolcon.colcon_core.environment[0m [1;30mLevel 1[0m checking '/home/pretend/code/install/hik_camera' for CMake module files
[0.786s] [34mcolcon.colcon_core.environment[0m [1;30mLevel 1[0m checking '/home/pretend/code/install/hik_camera' for CMake config files
[0.787s] [34mcolcon.colcon_core.shell[0m [1;30mLevel 1[0m create_environment_hook('hik_camera', 'cmake_prefix_path')
[0.787s] [34mcolcon.colcon_core.shell[0m [1;30mINFO[0m Creating environment hook '/home/pretend/code/install/hik_camera/share/hik_camera/hook/cmake_prefix_path.ps1'
[0.788s] [34mcolcon.colcon_core.shell[0m [1;30mINFO[0m Creating environment descriptor '/home/pretend/code/install/hik_camera/share/hik_camera/hook/cmake_prefix_path.dsv'
[0.789s] [34mcolcon.colcon_core.shell[0m [1;30mINFO[0m Creating environment hook '/home/pretend/code/install/hik_camera/share/hik_camera/hook/cmake_prefix_path.sh'
[0.790s] [34mcolcon.colcon_core.environment[0m [1;30mLevel 1[0m checking '/home/pretend/code/install/hik_camera/lib'
[0.790s] [34mcolcon.colcon_core.shell[0m [1;30mLevel 1[0m create_environment_hook('hik_camera', 'ld_library_path_lib')
[0.790s] [34mcolcon.colcon_core.shell[0m [1;30mINFO[0m Creating environment hook '/home/pretend/code/install/hik_camera/share/hik_camera/hook/ld_library_path_lib.ps1'
[0.790s] [34mcolcon.colcon_core.shell[0m [1;30mINFO[0m Creating environment descriptor '/home/pretend/code/install/hik_camera/share/hik_camera/hook/ld_library_path_lib.dsv'
[0.790s] [34mcolcon.colcon_core.shell[0m [1;30mINFO[0m Creating environment hook '/home/pretend/code/install/hik_camera/share/hik_camera/hook/ld_library_path_lib.sh'
[0.790s] [34mcolcon.colcon_core.environment[0m [1;30mLevel 1[0m checking '/home/pretend/code/install/hik_camera/bin'
[0.790s] [34mcolcon.colcon_core.environment[0m [1;30mLevel 1[0m checking '/home/pretend/code/install/hik_camera/lib/pkgconfig/hik_camera.pc'
[0.791s] [34mcolcon.colcon_core.environment[0m [1;30mLevel 1[0m checking '/home/pretend/code/install/hik_camera/lib/python3.10/site-packages'
[0.791s] [34mcolcon.colcon_core.environment[0m [1;30mLevel 1[0m checking '/home/pretend/code/install/hik_camera/bin'
[0.791s] [34mcolcon.colcon_core.shell[0m [1;30mINFO[0m Creating package script '/home/pretend/code/install/hik_camera/share/hik_camera/package.ps1'
[0.791s] [34mcolcon.colcon_core.shell[0m [1;30mINFO[0m Creating package descriptor '/home/pretend/code/install/hik_camera/share/hik_camera/package.dsv'
[0.792s] [34mcolcon.colcon_core.shell[0m [1;30mINFO[0m Creating package script '/home/pretend/code/install/hik_camera/share/hik_camera/package.sh'
[0.792s] [34mcolcon.colcon_core.shell[0m [1;30mINFO[0m Creating package script '/home/pretend/code/install/hik_camera/share/hik_camera/package.bash'
[0.793s] [34mcolcon.colcon_core.shell[0m [1;30mINFO[0m Creating package script '/home/pretend/code/install/hik_camera/share/hik_camera/package.zsh'
[0.794s] [34mcolcon.colcon_core.environment[0m [1;30mLevel 1[0m create_file_with_runtime_dependencies(/home/pretend/code/install/hik_camera/share/colcon-core/packages/hik_camera)
[0.794s] [34mcolcon.colcon_core.environment[0m [1;30mLevel 1[0m create_environment_scripts_only(hik_camera)
[0.794s] [34mcolcon.colcon_core.environment[0m [1;30mLevel 1[0m checking '/home/pretend/code/install/hik_camera' for CMake module files
[0.794s] [34mcolcon.colcon_core.environment[0m [1;30mLevel 1[0m checking '/home/pretend/code/install/hik_camera' for CMake config files
[0.794s] [34mcolcon.colcon_core.shell[0m [1;30mLevel 1[0m create_environment_hook('hik_camera', 'cmake_prefix_path')
[0.795s] [34mcolcon.colcon_core.shell[0m [1;30mINFO[0m Creating environment hook '/home/pretend/code/install/hik_camera/share/hik_camera/hook/cmake_prefix_path.ps1'
[0.795s] [34mcolcon.colcon_core.shell[0m [1;30mINFO[0m Creating environment descriptor '/home/pretend/code/install/hik_camera/share/hik_camera/hook/cmake_prefix_path.dsv'
[0.795s] [34mcolcon.colcon_core.shell[0m [1;30mINFO[0m Creating environment hook '/home/pretend/code/install/hik_camera/share/hik_camera/hook/cmake_prefix_path.sh'
[0.795s] [34mcolcon.colcon_core.environment[0m [1;30mLevel 1[0m checking '/home/pretend/code/install/hik_camera/lib'
[0.795s] [34mcolcon.colcon_core.shell[0m [1;30mLevel 1[0m create_environment_hook('hik_camera', 'ld_library_path_lib')
[0.795s] [34mcolcon.colcon_core.shell[0m [1;30mINFO[0m Creating environment hook '/home/pretend/code/install/hik_camera/share/hik_camera/hook/ld_library_path_lib.ps1'
[0.795s] [34mcolcon.colcon_core.shell[0m [1;30mINFO[0m Creating environment descriptor '/home/pretend/code/install/hik_camera/share/hik_camera/hook/ld_library_path_lib.dsv'
[0.795s] [34mcolcon.colcon_core.shell[0m [1;30mINFO[0m Creating environment hook '/home/pretend/code/install/hik_camera/share/hik_camera/hook/ld_library_path_lib.sh'
[0.796s] [34mcolcon.colcon_core.environment[0m [1;30mLevel 1[0m checking '/home/pretend/code/install/hik_camera/bin'
[0.796s] [34mcolcon.colcon_core.environment[0m [1;30mLevel 1[0m checking '/home/pretend/code/install/hik_camera/lib/pkgconfig/hik_camera.pc'
[0.796s] [34mcolcon.colcon_core.environment[0m [1;30mLevel 1[0m checking '/home/pretend/code/install/hik_camera/lib/python3.10/site-packages'
[0.796s] [34mcolcon.colcon_core.environment[0m [1;30mLevel 1[0m checking '/home/pretend/code/install/hik_camera/bin'
[0.796s] [34mcolcon.colcon_core.shell[0m [1;30mINFO[0m Creating package script '/home/pretend/code/install/hik_camera/share/hik_camera/package.ps1'
[0.796s] [34mcolcon.colcon_core.shell[0m [1;30mINFO[0m Creating package descriptor '/home/pretend/code/install/hik_camera/share/hik_camera/package.dsv'
[0.797s] [34mcolcon.colcon_core.shell[0m [1;30mINFO[0m Creating package script '/home/pretend/code/install/hik_camera/share/hik_camera/package.sh'
[0.797s] [34mcolcon.colcon_core.shell[0m [1;30mINFO[0m Creating package script '/home/pretend/code/install/hik_camera/share/hik_camera/package.bash'
[0.797s] [34mcolcon.colcon_core.shell[0m [1;30mINFO[0m Creating package script '/home/pretend/code/install/hik_camera/share/hik_camera/package.zsh'
[0.797s] [34mcolcon.colcon_core.environment[0m [1;30mLevel 1[0m create_file_with_runtime_dependencies(/home/pretend/code/install/hik_camera/share/colcon-core/packages/hik_camera)
[0.797s] [34mcolcon.colcon_core.environment[0m [1;30mLevel 1[0m create_environment_scripts_only(video_trial_node)
[0.798s] [34mcolcon.colcon_core.environment[0m [1;30mLevel 1[0m checking '/home/pretend/code/install/video_trial_node' for CMake module files
[0.798s] [34mcolcon.colcon_core.environment[0m [1;30mLevel 1[0m checking '/home/pretend/code/install/video_trial_node' for CMake config files
[0.799s] [34mcolcon.colcon_core.event_handler.log_command[0m [1;30mDEBUG[0m [32mInvoked command in '/home/pretend/code/build/video_trial_node' returned '0': CMAKE_PREFIX_PATH=${CMAKE_PREFIX_PATH}:/opt/ros/humble /usr/bin/cmake --install /home/pretend/code/build/video_trial_node[0m
[0.799s] [34mcolcon.colcon_core.shell[0m [1;30mLevel 1[0m create_environment_hook('video_trial_node', 'cmake_prefix_path')
[0.799s] [34mcolcon.colcon_core.shell[0m [1;30mINFO[0m Creating environment hook '/home/pretend/code/install/video_trial_node/share/video_trial_node/hook/cmake_prefix_path.ps1'
[0.800s] [34mcolcon.colcon_core.shell[0m [1;30mINFO[0m Creating environment descriptor '/home/pretend/code/install/video_trial_node/share/video_trial_node/hook/cmake_prefix_path.dsv'
[0.800s] [34mcolcon.colcon_core.shell[0m [1;30mINFO[0m Creating environment hook '/home/pretend/code/install/video_trial_node/share/video_trial_node/hook/cmake_prefix_path.sh'
[0.801s] [34mcolcon.colcon_core.environment[0m [1;30mLevel 1[0m checking '/home/pretend/code/install/video_trial_node/lib'
[0.801s] [34mcolcon.colcon_core.shell[0m [1;30mLevel 1[0m create_environment_hook('video_trial_node', 'ld_library_path_lib')
[0.801s] [34mcolcon.colcon_core.shell[0m [1;30mINFO[0m Creating environment hook '/home/pretend/code/install/video_trial_node/share/video_trial_node/hook/ld_library_path_lib.ps1'
[0.801s] [34mcolcon.colcon_core.shell[0m [1;30mINFO[0m Creating environment descriptor '/home/pretend/code/install/video_trial_node/share/video_trial_node/hook/ld_library_path_lib.dsv'
[0.801s] [34mcolcon.colcon_core.shell[0m [1;30mINFO[0m Creating environment hook '/home/pretend/code/install/video_trial_node/share/video_trial_node/hook/ld_library_path_lib.sh'
[0.801s] [34mcolcon.colcon_core.environment[0m [1;30mLevel 1[0m checking '/home/pretend/code/install/video_trial_node/bin'
[0.801s] [34mcolcon.colcon_core.environment[0m [1;30mLevel 1[0m checking '/home/pretend/code/install/video_trial_node/lib/pkgconfig/video_trial_node.pc'
[0.801s] [34mcolcon.colcon_core.environment[0m [1;30mLevel 1[0m checking '/home/pretend/code/install/video_trial_node/lib/python3.10/site-packages'
[0.802s] [34mcolcon.colcon_core.environment[0m [1;30mLevel 1[0m checking '/home/pretend/code/install/video_trial_node/bin'
[0.802s] [34mcolcon.colcon_core.shell[0m [1;30mINFO[0m Creating package script '/home/pretend/code/install/video_trial_node/share/video_trial_node/package.ps1'
[0.802s] [34mcolcon.colcon_core.shell[0m [1;30mINFO[0m Creating package descriptor '/home/pretend/code/install/video_trial_node/share/video_trial_node/package.dsv'
[0.803s] [34mcolcon.colcon_core.shell[0m [1;30mINFO[0m Creating package script '/home/pretend/code/install/video_trial_node/share/video_trial_node/package.sh'
[0.803s] [34mcolcon.colcon_core.shell[0m [1;30mINFO[0m Creating package script '/home/pretend/code/install/video_trial_node/share/video_trial_node/package.bash'
[0.803s] [34mcolcon.colcon_core.shell[0m [1;30mINFO[0m Creating package script '/home/pretend/code/install/video_trial_node/share/video_trial_node/package.zsh'
[0.803s] [34mcolcon.colcon_core.environment[0m [1;30mLevel 1[0m create_file_with_runtime_dependencies(/home/pretend/code/install/video_trial_node/share/colcon-core/packages/video_trial_node)
[0.804s] [34mcolcon.colcon_core.environment[0m [1;30mLevel 1[0m create_environment_scripts_only(video_trial_node)
[0.804s] [34mcolcon.colcon_core.environment[0m [1;30mLevel 1[0m checking '/home/pretend/code/install/video_trial_node' for CMake module files
[0.804s] [34mcolcon.colcon_core.environment[0m [1;30mLevel 1[0m checking '/home/pretend/code/install/video_trial_node' for CMake config files
[0.804s] [34mcolcon.colcon_core.shell[0m [1;30mLevel 1[0m create_environment_hook('video_trial_node', 'cmake_prefix_path')
[0.804s] [34mcolcon.colcon_core.shell[0m [1;30mINFO[0m Creating environment hook '/home/pretend/code/install/video_trial_node/share/video_trial_node/hook/cmake_prefix_path.ps1'
[0.804s] [34mcolcon.colcon_core.shell[0m [1;30mINFO[0m Creating environment descriptor '/home/pretend/code/install/video_trial_node/share/video_trial_node/hook/cmake_prefix_path.dsv'
[0.804s] [34mcolcon.colcon_core.shell[0m [1;30mINFO[0m Creating environment hook '/home/pretend/code/install/video_trial_node/share/video_trial_node/hook/cmake_prefix_path.sh'
[0.805s] [34mcolcon.colcon_core.environment[0m [1;30mLevel 1[0m checking '/home/pretend/code/install/video_trial_node/lib'
[0.805s] [34mcolcon.colcon_core.shell[0m [1;30mLevel 1[0m create_environment_hook('video_trial_node', 'ld_library_path_lib')
[0.805s] [34mcolcon.colcon_core.shell[0m [1;30mINFO[0m Creating environment hook '/home/pretend/code/install/video_trial_node/share/video_trial_node/hook/ld_library_path_lib.ps1'
[0.805s] [34mcolcon.colcon_core.shell[0m [1;30mINFO[0m Creating environment descriptor '/home/pretend/code/install/video_trial_node/share/video_trial_node/hook/ld_library_path_lib.dsv'
[0.805s] [34mcolcon.colcon_core.shell[0m [1;30mINFO[0m Creating environment hook '/home/pretend/code/install/video_trial_node/share/video_trial_node/hook/ld_library_path_lib.sh'
[0.805s] [34mcolcon.colcon_core.environment[0m [1;30mLevel 1[0m checking '/home/pretend/code/install/video_trial_node/bin'
[0.805s] [34mcolcon.colcon_core.environment[0m [1;30mLevel 1[0m checking '/home/pretend/code/install/video_trial_node/lib/pkgconfig/video_trial_node.pc'
[0.805s] [34mcolcon.colcon_core.environment[0m [1;30mLevel 1[0m checking '/home/pretend/code/install/video_trial_node/lib/python3.10/site-packages'
[0.805s] [34mcolcon.colcon_core.environment[0m [1;30mLevel 1[0m checking '/home/pretend/code/install/video_trial_node/bin'
[0.806s] [34mcolcon.colcon_core.shell[0m [1;30mINFO[0m Creating package script '/home/pretend/code/install/video_trial_node/share/video_trial_node/package.ps1'
[0.806s] [34mcolcon.colcon_core.shell[0m [1;30mINFO[0m Creating package descriptor '/home/pretend/code/install/video_trial_node/share/video_trial_node/package.dsv'
[0.806s] [34mcolcon.colcon_core.shell[0m [1;30mINFO[0m Creating package script '/home/pretend/code/install/video_trial_node/share/video_trial_node/package.sh'
[0.806s] [34mcolcon.colcon_core.shell[0m [1;30mINFO[0m Creating package script '/home/pretend/code/install/video_trial_node/share/video_trial_node/package.bash'
[0.806s] [34mcolcon.colcon_core.shell[0m [1;30mINFO[0m Creating package script '/home/pretend/code/install/video_trial_node/share/video_trial_node/package.zsh'
[0.807s] [34mcolcon.colcon_core.environment[0m [1;30mLevel 1[0m create_file_with_runtime_dependencies(/home/pretend/code/install/video_trial_node/share/colcon-core/packages/video_trial_node)
[0.807s] [34mcolcon.colcon_core.environment[0m [1;30mLevel 1[0m create_environment_scripts_only(rm_rune_detect)
[0.808s] [34mcolcon.colcon_core.environment[0m [1;30mLevel 1[0m checking '/home/pretend/code/install/rm_rune_detect' for CMake module files
[0.808s] [34mcolcon.colcon_core.event_handler.log_command[0m [1;30mDEBUG[0m [32mInvoked command in '/home/pretend/code/build/rm_rune_detect' returned '0': CMAKE_PREFIX_PATH=${CMAKE_PREFIX_PATH}:/opt/ros/humble /usr/bin/cmake --install /home/pretend/code/build/rm_rune_detect[0m
[0.808s] [34mcolcon.colcon_core.environment[0m [1;30mLevel 1[0m checking '/home/pretend/code/install/rm_rune_detect' for CMake config files
[0.809s] [34mcolcon.colcon_core.shell[0m [1;30mLevel 1[0m create_environment_hook('rm_rune_detect', 'cmake_prefix_path')
[0.809s] [34mcolcon.colcon_core.shell[0m [1;30mINFO[0m Creating environment hook '/home/pretend/code/install/rm_rune_detect/share/rm_rune_detect/hook/cmake_prefix_path.ps1'
[0.810s] [34mcolcon.colcon_core.shell[0m [1;30mINFO[0m Creating environment descriptor '/home/pretend/code/install/rm_rune_detect/share/rm_rune_detect/hook/cmake_prefix_path.dsv'
[0.810s] [34mcolcon.colcon_core.shell[0m [1;30mINFO[0m Creating environment hook '/home/pretend/code/install/rm_rune_detect/share/rm_rune_detect/hook/cmake_prefix_path.sh'
[0.810s] [34mcolcon.colcon_core.environment[0m [1;30mLevel 1[0m checking '/home/pretend/code/install/rm_rune_detect/lib'
[0.810s] [34mcolcon.colcon_core.shell[0m [1;30mLevel 1[0m create_environment_hook('rm_rune_detect', 'ld_library_path_lib')
[0.810s] [34mcolcon.colcon_core.shell[0m [1;30mINFO[0m Creating environment hook '/home/pretend/code/install/rm_rune_detect/share/rm_rune_detect/hook/ld_library_path_lib.ps1'
[0.810s] [34mcolcon.colcon_core.shell[0m [1;30mINFO[0m Creating environment descriptor '/home/pretend/code/install/rm_rune_detect/share/rm_rune_detect/hook/ld_library_path_lib.dsv'
[0.810s] [34mcolcon.colcon_core.shell[0m [1;30mINFO[0m Creating environment hook '/home/pretend/code/install/rm_rune_detect/share/rm_rune_detect/hook/ld_library_path_lib.sh'
[0.811s] [34mcolcon.colcon_core.environment[0m [1;30mLevel 1[0m checking '/home/pretend/code/install/rm_rune_detect/bin'
[0.811s] [34mcolcon.colcon_core.environment[0m [1;30mLevel 1[0m checking '/home/pretend/code/install/rm_rune_detect/lib/pkgconfig/rm_rune_detect.pc'
[0.811s] [34mcolcon.colcon_core.environment[0m [1;30mLevel 1[0m checking '/home/pretend/code/install/rm_rune_detect/lib/python3.10/site-packages'
[0.811s] [34mcolcon.colcon_core.environment[0m [1;30mLevel 1[0m checking '/home/pretend/code/install/rm_rune_detect/bin'
[0.811s] [34mcolcon.colcon_core.shell[0m [1;30mINFO[0m Creating package script '/home/pretend/code/install/rm_rune_detect/share/rm_rune_detect/package.ps1'
[0.811s] [34mcolcon.colcon_core.shell[0m [1;30mINFO[0m Creating package descriptor '/home/pretend/code/install/rm_rune_detect/share/rm_rune_detect/package.dsv'
[0.811s] [34mcolcon.colcon_core.shell[0m [1;30mINFO[0m Creating package script '/home/pretend/code/install/rm_rune_detect/share/rm_rune_detect/package.sh'
[0.811s] [34mcolcon.colcon_core.shell[0m [1;30mINFO[0m Creating package script '/home/pretend/code/install/rm_rune_detect/share/rm_rune_detect/package.bash'
[0.812s] [34mcolcon.colcon_core.shell[0m [1;30mINFO[0m Creating package script '/home/pretend/code/install/rm_rune_detect/share/rm_rune_detect/package.zsh'
[0.812s] [34mcolcon.colcon_core.environment[0m [1;30mLevel 1[0m create_file_with_runtime_dependencies(/home/pretend/code/install/rm_rune_detect/share/colcon-core/packages/rm_rune_detect)
[0.812s] [34mcolcon.colcon_core.environment[0m [1;30mLevel 1[0m create_environment_scripts_only(rm_rune_detect)
[0.812s] [34mcolcon.colcon_core.environment[0m [1;30mLevel 1[0m checking '/home/pretend/code/install/rm_rune_detect' for CMake module files
[0.812s] [34mcolcon.colcon_core.environment[0m [1;30mLevel 1[0m checking '/home/pretend/code/install/rm_rune_detect' for CMake config files
[0.813s] [34mcolcon.colcon_core.shell[0m [1;30mLevel 1[0m create_environment_hook('rm_rune_detect', 'cmake_prefix_path')
[0.813s] [34mcolcon.colcon_core.shell[0m [1;30mINFO[0m Creating environment hook '/home/pretend/code/install/rm_rune_detect/share/rm_rune_detect/hook/cmake_prefix_path.ps1'
[0.813s] [34mcolcon.colcon_core.shell[0m [1;30mINFO[0m Creating environment descriptor '/home/pretend/code/install/rm_rune_detect/share/rm_rune_detect/hook/cmake_prefix_path.dsv'
[0.813s] [34mcolcon.colcon_core.shell[0m [1;30mINFO[0m Creating environment hook '/home/pretend/code/install/rm_rune_detect/share/rm_rune_detect/hook/cmake_prefix_path.sh'
[0.813s] [34mcolcon.colcon_core.environment[0m [1;30mLevel 1[0m checking '/home/pretend/code/install/rm_rune_detect/lib'
[0.813s] [34mcolcon.colcon_core.shell[0m [1;30mLevel 1[0m create_environment_hook('rm_rune_detect', 'ld_library_path_lib')
[0.813s] [34mcolcon.colcon_core.shell[0m [1;30mINFO[0m Creating environment hook '/home/pretend/code/install/rm_rune_detect/share/rm_rune_detect/hook/ld_library_path_lib.ps1'
[0.814s] [34mcolcon.colcon_core.shell[0m [1;30mINFO[0m Creating environment descriptor '/home/pretend/code/install/rm_rune_detect/share/rm_rune_detect/hook/ld_library_path_lib.dsv'
[0.814s] [34mcolcon.colcon_core.shell[0m [1;30mINFO[0m Creating environment hook '/home/pretend/code/install/rm_rune_detect/share/rm_rune_detect/hook/ld_library_path_lib.sh'
[0.814s] [34mcolcon.colcon_core.environment[0m [1;30mLevel 1[0m checking '/home/pretend/code/install/rm_rune_detect/bin'
[0.814s] [34mcolcon.colcon_core.environment[0m [1;30mLevel 1[0m checking '/home/pretend/code/install/rm_rune_detect/lib/pkgconfig/rm_rune_detect.pc'
[0.814s] [34mcolcon.colcon_core.environment[0m [1;30mLevel 1[0m checking '/home/pretend/code/install/rm_rune_detect/lib/python3.10/site-packages'
[0.814s] [34mcolcon.colcon_core.environment[0m [1;30mLevel 1[0m checking '/home/pretend/code/install/rm_rune_detect/bin'
[0.814s] [34mcolcon.colcon_core.shell[0m [1;30mINFO[0m Creating package script '/home/pretend/code/install/rm_rune_detect/share/rm_rune_detect/package.ps1'
[0.815s] [34mcolcon.colcon_core.shell[0m [1;30mINFO[0m Creating package descriptor '/home/pretend/code/install/rm_rune_detect/share/rm_rune_detect/package.dsv'
[0.815s] [34mcolcon.colcon_core.shell[0m [1;30mINFO[0m Creating package script '/home/pretend/code/install/rm_rune_detect/share/rm_rune_detect/package.sh'
[0.815s] [34mcolcon.colcon_core.shell[0m [1;30mINFO[0m Creating package script '/home/pretend/code/install/rm_rune_detect/share/rm_rune_detect/package.bash'
[0.815s] [34mcolcon.colcon_core.shell[0m [1;30mINFO[0m Creating package script '/home/pretend/code/install/rm_rune_detect/share/rm_rune_detect/package.zsh'
[0.815s] [34mcolcon.colcon_core.environment[0m [1;30mLevel 1[0m create_file_with_runtime_dependencies(/home/pretend/code/install/rm_rune_detect/share/colcon-core/packages/rm_rune_detect)
[0.872s] [34mcolcon.colcon_core.event_handler.log_command[0m [1;30mDEBUG[0m [32mInvoked command in '/home/pretend/code/build/rm_msgs' returned '0': CMAKE_PREFIX_PATH=${CMAKE_PREFIX_PATH}:/opt/ros/humble /usr/bin/cmake --build /home/pretend/code/build/rm_msgs -- -j32 -l32[0m
[0.875s] [34mcolcon.colcon_core.event_handler.log_command[0m [1;30mDEBUG[0m [32mInvoking command in '/home/pretend/code/build/rm_msgs': CMAKE_PREFIX_PATH=${CMAKE_PREFIX_PATH}:/opt/ros/humble /usr/bin/cmake --install /home/pretend/code/build/rm_msgs[0m
[0.915s] [34mcolcon.colcon_core.environment[0m [1;30mLevel 1[0m create_environment_scripts_only(rm_msgs)
[0.916s] [34mcolcon.colcon_core.environment[0m [1;30mLevel 1[0m checking '/home/pretend/code/install/rm_msgs' for CMake module files
[0.916s] [34mcolcon.colcon_core.event_handler.log_command[0m [1;30mDEBUG[0m [32mInvoked command in '/home/pretend/code/build/rm_msgs' returned '0': CMAKE_PREFIX_PATH=${CMAKE_PREFIX_PATH}:/opt/ros/humble /usr/bin/cmake --install /home/pretend/code/build/rm_msgs[0m
[0.916s] [34mcolcon.colcon_core.environment[0m [1;30mLevel 1[0m checking '/home/pretend/code/install/rm_msgs' for CMake config files
[0.916s] [34mcolcon.colcon_core.shell[0m [1;30mLevel 1[0m create_environment_hook('rm_msgs', 'cmake_prefix_path')
[0.917s] [34mcolcon.colcon_core.shell[0m [1;30mINFO[0m Creating environment hook '/home/pretend/code/install/rm_msgs/share/rm_msgs/hook/cmake_prefix_path.ps1'
[0.917s] [34mcolcon.colcon_core.shell[0m [1;30mINFO[0m Creating environment descriptor '/home/pretend/code/install/rm_msgs/share/rm_msgs/hook/cmake_prefix_path.dsv'
[0.917s] [34mcolcon.colcon_core.shell[0m [1;30mINFO[0m Creating environment hook '/home/pretend/code/install/rm_msgs/share/rm_msgs/hook/cmake_prefix_path.sh'
[0.917s] [34mcolcon.colcon_core.environment[0m [1;30mLevel 1[0m checking '/home/pretend/code/install/rm_msgs/lib'
[0.918s] [34mcolcon.colcon_core.shell[0m [1;30mLevel 1[0m create_environment_hook('rm_msgs', 'ld_library_path_lib')
[0.918s] [34mcolcon.colcon_core.shell[0m [1;30mINFO[0m Creating environment hook '/home/pretend/code/install/rm_msgs/share/rm_msgs/hook/ld_library_path_lib.ps1'
[0.918s] [34mcolcon.colcon_core.shell[0m [1;30mINFO[0m Creating environment descriptor '/home/pretend/code/install/rm_msgs/share/rm_msgs/hook/ld_library_path_lib.dsv'
[0.918s] [34mcolcon.colcon_core.shell[0m [1;30mINFO[0m Creating environment hook '/home/pretend/code/install/rm_msgs/share/rm_msgs/hook/ld_library_path_lib.sh'
[0.918s] [34mcolcon.colcon_core.environment[0m [1;30mLevel 1[0m checking '/home/pretend/code/install/rm_msgs/bin'
[0.918s] [34mcolcon.colcon_core.environment[0m [1;30mLevel 1[0m checking '/home/pretend/code/install/rm_msgs/lib/pkgconfig/rm_msgs.pc'
[0.918s] [34mcolcon.colcon_core.environment[0m [1;30mLevel 1[0m checking '/home/pretend/code/install/rm_msgs/lib/python3.10/site-packages'
[0.918s] [34mcolcon.colcon_core.environment[0m [1;30mLevel 1[0m checking '/home/pretend/code/install/rm_msgs/bin'
[0.918s] [34mcolcon.colcon_core.shell[0m [1;30mINFO[0m Creating package script '/home/pretend/code/install/rm_msgs/share/rm_msgs/package.ps1'
[0.919s] [34mcolcon.colcon_core.shell[0m [1;30mINFO[0m Creating package descriptor '/home/pretend/code/install/rm_msgs/share/rm_msgs/package.dsv'
[0.919s] [34mcolcon.colcon_core.shell[0m [1;30mINFO[0m Creating package script '/home/pretend/code/install/rm_msgs/share/rm_msgs/package.sh'
[0.919s] [34mcolcon.colcon_core.shell[0m [1;30mINFO[0m Creating package script '/home/pretend/code/install/rm_msgs/share/rm_msgs/package.bash'
[0.919s] [34mcolcon.colcon_core.shell[0m [1;30mINFO[0m Creating package script '/home/pretend/code/install/rm_msgs/share/rm_msgs/package.zsh'
[0.919s] [34mcolcon.colcon_core.environment[0m [1;30mLevel 1[0m create_file_with_runtime_dependencies(/home/pretend/code/install/rm_msgs/share/colcon-core/packages/rm_msgs)
[0.920s] [34mcolcon.colcon_core.environment[0m [1;30mLevel 1[0m create_environment_scripts_only(rm_msgs)
[0.920s] [34mcolcon.colcon_core.environment[0m [1;30mLevel 1[0m checking '/home/pretend/code/install/rm_msgs' for CMake module files
[0.920s] [34mcolcon.colcon_core.environment[0m [1;30mLevel 1[0m checking '/home/pretend/code/install/rm_msgs' for CMake config files
[0.920s] [34mcolcon.colcon_core.shell[0m [1;30mLevel 1[0m create_environment_hook('rm_msgs', 'cmake_prefix_path')
[0.920s] [34mcolcon.colcon_core.shell[0m [1;30mINFO[0m Creating environment hook '/home/pretend/code/install/rm_msgs/share/rm_msgs/hook/cmake_prefix_path.ps1'
[0.920s] [34mcolcon.colcon_core.shell[0m [1;30mINFO[0m Creating environment descriptor '/home/pretend/code/install/rm_msgs/share/rm_msgs/hook/cmake_prefix_path.dsv'
[0.920s] [34mcolcon.colcon_core.shell[0m [1;30mINFO[0m Creating environment hook '/home/pretend/code/install/rm_msgs/share/rm_msgs/hook/cmake_prefix_path.sh'
[0.921s] [34mcolcon.colcon_core.environment[0m [1;30mLevel 1[0m checking '/home/pretend/code/install/rm_msgs/lib'
[0.921s] [34mcolcon.colcon_core.shell[0m [1;30mLevel 1[0m create_environment_hook('rm_msgs', 'ld_library_path_lib')
[0.921s] [34mcolcon.colcon_core.shell[0m [1;30mINFO[0m Creating environment hook '/home/pretend/code/install/rm_msgs/share/rm_msgs/hook/ld_library_path_lib.ps1'
[0.921s] [34mcolcon.colcon_core.shell[0m [1;30mINFO[0m Creating environment descriptor '/home/pretend/code/install/rm_msgs/share/rm_msgs/hook/ld_library_path_lib.dsv'
[0.921s] [34mcolcon.colcon_core.shell[0m [1;30mINFO[0m Creating environment hook '/home/pretend/code/install/rm_msgs/share/rm_msgs/hook/ld_library_path_lib.sh'
[0.921s] [34mcolcon.colcon_core.environment[0m [1;30mLevel 1[0m checking '/home/pretend/code/install/rm_msgs/bin'
[0.921s] [34mcolcon.colcon_core.environment[0m [1;30mLevel 1[0m checking '/home/pretend/code/install/rm_msgs/lib/pkgconfig/rm_msgs.pc'
[0.921s] [34mcolcon.colcon_core.environment[0m [1;30mLevel 1[0m checking '/home/pretend/code/install/rm_msgs/lib/python3.10/site-packages'
[0.921s] [34mcolcon.colcon_core.environment[0m [1;30mLevel 1[0m checking '/home/pretend/code/install/rm_msgs/bin'
[0.922s] [34mcolcon.colcon_core.shell[0m [1;30mINFO[0m Creating package script '/home/pretend/code/install/rm_msgs/share/rm_msgs/package.ps1'
[0.922s] [34mcolcon.colcon_core.shell[0m [1;30mINFO[0m Creating package descriptor '/home/pretend/code/install/rm_msgs/share/rm_msgs/package.dsv'
[0.922s] [34mcolcon.colcon_core.shell[0m [1;30mINFO[0m Creating package script '/home/pretend/code/install/rm_msgs/share/rm_msgs/package.sh'
[0.922s] [34mcolcon.colcon_core.shell[0m [1;30mINFO[0m Creating package script '/home/pretend/code/install/rm_msgs/share/rm_msgs/package.bash'
[0.922s] [34mcolcon.colcon_core.shell[0m [1;30mINFO[0m Creating package script '/home/pretend/code/install/rm_msgs/share/rm_msgs/package.zsh'
[0.922s] [34mcolcon.colcon_core.environment[0m [1;30mLevel 1[0m create_file_with_runtime_dependencies(/home/pretend/code/install/rm_msgs/share/colcon-core/packages/rm_msgs)
[0.923s] [34mcolcon.colcon_ros.task.ament_cmake.build[0m [1;30mINFO[0m Building ROS package in '/home/pretend/code/src/rm_armor_detect' with build type 'ament_cmake'
[0.923s] [34mcolcon.colcon_cmake.task.cmake.build[0m [1;30mINFO[0m Building CMake package in '/home/pretend/code/src/rm_armor_detect'
[0.923s] [34mcolcon.colcon_core.shell[0m [1;30mINFO[0m Skip shell extension 'powershell' for command environment: Not usable outside of PowerShell
[0.923s] [34mcolcon.colcon_core.shell[0m [1;30mDEBUG[0m [32mSkip shell extension 'dsv' for command environment[0m
[0.925s] [34mcolcon.colcon_ros.task.ament_cmake.build[0m [1;30mINFO[0m Building ROS package in '/home/pretend/code/src/rm_armor_tracker' with build type 'ament_cmake'
[0.925s] [34mcolcon.colcon_cmake.task.cmake.build[0m [1;30mINFO[0m Building CMake package in '/home/pretend/code/src/rm_armor_tracker'
[0.925s] [34mcolcon.colcon_core.shell[0m [1;30mINFO[0m Skip shell extension 'powershell' for command environment: Not usable outside of PowerShell
[0.925s] [34mcolcon.colcon_core.shell[0m [1;30mDEBUG[0m [32mSkip shell extension 'dsv' for command environment[0m
[1.003s] [34mcolcon.colcon_core.event_handler.log_command[0m [1;30mDEBUG[0m [32mInvoking command in '/home/pretend/code/build/rm_armor_detect': CMAKE_PREFIX_PATH=/home/pretend/code/install/rm_msgs:/home/pretend/code/install/video_trial_node:/home/pretend/code/install/rm_rune_detect:/home/pretend/code/install/rm_armor_tracker:/home/pretend/code/install/rm_armor_detect:/home/pretend/code/install/hik_camera:/opt/ros/humble LD_LIBRARY_PATH=/home/pretend/code/install/rm_msgs/lib:/opt/intel/openvino_2025.0.0/runtime/3rdparty/tbb/lib:/opt/intel/openvino_2025.0.0/runtime/lib/intel64:/opt/MVS/lib/64:/opt/MVS/lib/32:/opt/MVS/lib/64:/opt/MVS/lib/32:/home/pretend/code/install/video_trial_node/lib:/home/pretend/code/install/rm_rune_detect/lib:/home/pretend/code/install/rm_armor_tracker/lib:/home/pretend/code/install/rm_armor_detect/lib:/home/pretend/code/install/hik_camera/lib:/opt/intel/openvino_2025.0.0/runtime/3rdparty/tbb/lib:/opt/intel/openvino_2025.0.0/runtime/lib/intel64:/opt/MVS/lib/64:/opt/MVS/lib/32:/opt/ros/humble/opt/rviz_ogre_vendor/lib:/opt/ros/humble/lib/x86_64-linux-gnu:/opt/ros/humble/lib:/opt/MVS/lib/64:/opt/MVS/lib/32:/opt/intel/openvino_2025/runtime/lib/intel64:/opt/intel/openvino_2025/runtime/lib/intel64 /usr/bin/cmake --build /home/pretend/code/build/rm_armor_detect -- -j32 -l32[0m
[1.005s] [34mcolcon.colcon_core.event_handler.log_command[0m [1;30mDEBUG[0m [32mInvoking command in '/home/pretend/code/build/rm_armor_tracker': CMAKE_PREFIX_PATH=/home/pretend/code/install/rm_msgs:/home/pretend/code/install/video_trial_node:/home/pretend/code/install/rm_rune_detect:/home/pretend/code/install/rm_armor_tracker:/home/pretend/code/install/rm_armor_detect:/home/pretend/code/install/hik_camera:/opt/ros/humble LD_LIBRARY_PATH=/home/pretend/code/install/rm_msgs/lib:/opt/intel/openvino_2025.0.0/runtime/3rdparty/tbb/lib:/opt/intel/openvino_2025.0.0/runtime/lib/intel64:/opt/MVS/lib/64:/opt/MVS/lib/32:/opt/MVS/lib/64:/opt/MVS/lib/32:/home/pretend/code/install/video_trial_node/lib:/home/pretend/code/install/rm_rune_detect/lib:/home/pretend/code/install/rm_armor_tracker/lib:/home/pretend/code/install/rm_armor_detect/lib:/home/pretend/code/install/hik_camera/lib:/opt/intel/openvino_2025.0.0/runtime/3rdparty/tbb/lib:/opt/intel/openvino_2025.0.0/runtime/lib/intel64:/opt/MVS/lib/64:/opt/MVS/lib/32:/opt/ros/humble/opt/rviz_ogre_vendor/lib:/opt/ros/humble/lib/x86_64-linux-gnu:/opt/ros/humble/lib:/opt/MVS/lib/64:/opt/MVS/lib/32:/opt/intel/openvino_2025/runtime/lib/intel64:/opt/intel/openvino_2025/runtime/lib/intel64 /usr/bin/cmake --build /home/pretend/code/build/rm_armor_tracker -- -j32 -l32[0m
[1.060s] [34mcolcon.colcon_core.event_handler.log_command[0m [1;30mDEBUG[0m [32mInvoked command in '/home/pretend/code/build/rm_armor_tracker' returned '0': CMAKE_PREFIX_PATH=/home/pretend/code/install/rm_msgs:/home/pretend/code/install/video_trial_node:/home/pretend/code/install/rm_rune_detect:/home/pretend/code/install/rm_armor_tracker:/home/pretend/code/install/rm_armor_detect:/home/pretend/code/install/hik_camera:/opt/ros/humble LD_LIBRARY_PATH=/home/pretend/code/install/rm_msgs/lib:/opt/intel/openvino_2025.0.0/runtime/3rdparty/tbb/lib:/opt/intel/openvino_2025.0.0/runtime/lib/intel64:/opt/MVS/lib/64:/opt/MVS/lib/32:/opt/MVS/lib/64:/opt/MVS/lib/32:/home/pretend/code/install/video_trial_node/lib:/home/pretend/code/install/rm_rune_detect/lib:/home/pretend/code/install/rm_armor_tracker/lib:/home/pretend/code/install/rm_armor_detect/lib:/home/pretend/code/install/hik_camera/lib:/opt/intel/openvino_2025.0.0/runtime/3rdparty/tbb/lib:/opt/intel/openvino_2025.0.0/runtime/lib/intel64:/opt/MVS/lib/64:/opt/MVS/lib/32:/opt/ros/humble/opt/rviz_ogre_vendor/lib:/opt/ros/humble/lib/x86_64-linux-gnu:/opt/ros/humble/lib:/opt/MVS/lib/64:/opt/MVS/lib/32:/opt/intel/openvino_2025/runtime/lib/intel64:/opt/intel/openvino_2025/runtime/lib/intel64 /usr/bin/cmake --build /home/pretend/code/build/rm_armor_tracker -- -j32 -l32[0m
[1.062s] [34mcolcon.colcon_core.event_handler.log_command[0m [1;30mDEBUG[0m [32mInvoking command in '/home/pretend/code/build/rm_armor_tracker': CMAKE_PREFIX_PATH=/home/pretend/code/install/rm_msgs:/home/pretend/code/install/video_trial_node:/home/pretend/code/install/rm_rune_detect:/home/pretend/code/install/rm_armor_tracker:/home/pretend/code/install/rm_armor_detect:/home/pretend/code/install/hik_camera:/opt/ros/humble LD_LIBRARY_PATH=/home/pretend/code/install/rm_msgs/lib:/opt/intel/openvino_2025.0.0/runtime/3rdparty/tbb/lib:/opt/intel/openvino_2025.0.0/runtime/lib/intel64:/opt/MVS/lib/64:/opt/MVS/lib/32:/opt/MVS/lib/64:/opt/MVS/lib/32:/home/pretend/code/install/video_trial_node/lib:/home/pretend/code/install/rm_rune_detect/lib:/home/pretend/code/install/rm_armor_tracker/lib:/home/pretend/code/install/rm_armor_detect/lib:/home/pretend/code/install/hik_camera/lib:/opt/intel/openvino_2025.0.0/runtime/3rdparty/tbb/lib:/opt/intel/openvino_2025.0.0/runtime/lib/intel64:/opt/MVS/lib/64:/opt/MVS/lib/32:/opt/ros/humble/opt/rviz_ogre_vendor/lib:/opt/ros/humble/lib/x86_64-linux-gnu:/opt/ros/humble/lib:/opt/MVS/lib/64:/opt/MVS/lib/32:/opt/intel/openvino_2025/runtime/lib/intel64:/opt/intel/openvino_2025/runtime/lib/intel64 /usr/bin/cmake --install /home/pretend/code/build/rm_armor_tracker[0m
[1.063s] [34mcolcon.colcon_core.event_handler.log_command[0m [1;30mDEBUG[0m [32mInvoked command in '/home/pretend/code/build/rm_armor_detect' returned '0': CMAKE_PREFIX_PATH=/home/pretend/code/install/rm_msgs:/home/pretend/code/install/video_trial_node:/home/pretend/code/install/rm_rune_detect:/home/pretend/code/install/rm_armor_tracker:/home/pretend/code/install/rm_armor_detect:/home/pretend/code/install/hik_camera:/opt/ros/humble LD_LIBRARY_PATH=/home/pretend/code/install/rm_msgs/lib:/opt/intel/openvino_2025.0.0/runtime/3rdparty/tbb/lib:/opt/intel/openvino_2025.0.0/runtime/lib/intel64:/opt/MVS/lib/64:/opt/MVS/lib/32:/opt/MVS/lib/64:/opt/MVS/lib/32:/home/pretend/code/install/video_trial_node/lib:/home/pretend/code/install/rm_rune_detect/lib:/home/pretend/code/install/rm_armor_tracker/lib:/home/pretend/code/install/rm_armor_detect/lib:/home/pretend/code/install/hik_camera/lib:/opt/intel/openvino_2025.0.0/runtime/3rdparty/tbb/lib:/opt/intel/openvino_2025.0.0/runtime/lib/intel64:/opt/MVS/lib/64:/opt/MVS/lib/32:/opt/ros/humble/opt/rviz_ogre_vendor/lib:/opt/ros/humble/lib/x86_64-linux-gnu:/opt/ros/humble/lib:/opt/MVS/lib/64:/opt/MVS/lib/32:/opt/intel/openvino_2025/runtime/lib/intel64:/opt/intel/openvino_2025/runtime/lib/intel64 /usr/bin/cmake --build /home/pretend/code/build/rm_armor_detect -- -j32 -l32[0m
[1.065s] [34mcolcon.colcon_core.event_handler.log_command[0m [1;30mDEBUG[0m [32mInvoking command in '/home/pretend/code/build/rm_armor_detect': CMAKE_PREFIX_PATH=/home/pretend/code/install/rm_msgs:/home/pretend/code/install/video_trial_node:/home/pretend/code/install/rm_rune_detect:/home/pretend/code/install/rm_armor_tracker:/home/pretend/code/install/rm_armor_detect:/home/pretend/code/install/hik_camera:/opt/ros/humble LD_LIBRARY_PATH=/home/pretend/code/install/rm_msgs/lib:/opt/intel/openvino_2025.0.0/runtime/3rdparty/tbb/lib:/opt/intel/openvino_2025.0.0/runtime/lib/intel64:/opt/MVS/lib/64:/opt/MVS/lib/32:/opt/MVS/lib/64:/opt/MVS/lib/32:/home/pretend/code/install/video_trial_node/lib:/home/pretend/code/install/rm_rune_detect/lib:/home/pretend/code/install/rm_armor_tracker/lib:/home/pretend/code/install/rm_armor_detect/lib:/home/pretend/code/install/hik_camera/lib:/opt/intel/openvino_2025.0.0/runtime/3rdparty/tbb/lib:/opt/intel/openvino_2025.0.0/runtime/lib/intel64:/opt/MVS/lib/64:/opt/MVS/lib/32:/opt/ros/humble/opt/rviz_ogre_vendor/lib:/opt/ros/humble/lib/x86_64-linux-gnu:/opt/ros/humble/lib:/opt/MVS/lib/64:/opt/MVS/lib/32:/opt/intel/openvino_2025/runtime/lib/intel64:/opt/intel/openvino_2025/runtime/lib/intel64 /usr/bin/cmake --install /home/pretend/code/build/rm_armor_detect[0m
[1.076s] [34mcolcon.colcon_core.environment[0m [1;30mLevel 1[0m create_environment_scripts_only(rm_armor_detect)
[1.076s] [34mcolcon.colcon_core.environment[0m [1;30mLevel 1[0m checking '/home/pretend/code/install/rm_armor_detect' for CMake module files
[1.077s] [34mcolcon.colcon_core.event_handler.log_command[0m [1;30mDEBUG[0m [32mInvoked command in '/home/pretend/code/build/rm_armor_detect' returned '0': CMAKE_PREFIX_PATH=/home/pretend/code/install/rm_msgs:/home/pretend/code/install/video_trial_node:/home/pretend/code/install/rm_rune_detect:/home/pretend/code/install/rm_armor_tracker:/home/pretend/code/install/rm_armor_detect:/home/pretend/code/install/hik_camera:/opt/ros/humble LD_LIBRARY_PATH=/home/pretend/code/install/rm_msgs/lib:/opt/intel/openvino_2025.0.0/runtime/3rdparty/tbb/lib:/opt/intel/openvino_2025.0.0/runtime/lib/intel64:/opt/MVS/lib/64:/opt/MVS/lib/32:/opt/MVS/lib/64:/opt/MVS/lib/32:/home/pretend/code/install/video_trial_node/lib:/home/pretend/code/install/rm_rune_detect/lib:/home/pretend/code/install/rm_armor_tracker/lib:/home/pretend/code/install/rm_armor_detect/lib:/home/pretend/code/install/hik_camera/lib:/opt/intel/openvino_2025.0.0/runtime/3rdparty/tbb/lib:/opt/intel/openvino_2025.0.0/runtime/lib/intel64:/opt/MVS/lib/64:/opt/MVS/lib/32:/opt/ros/humble/opt/rviz_ogre_vendor/lib:/opt/ros/humble/lib/x86_64-linux-gnu:/opt/ros/humble/lib:/opt/MVS/lib/64:/opt/MVS/lib/32:/opt/intel/openvino_2025/runtime/lib/intel64:/opt/intel/openvino_2025/runtime/lib/intel64 /usr/bin/cmake --install /home/pretend/code/build/rm_armor_detect[0m
[1.077s] [34mcolcon.colcon_core.environment[0m [1;30mLevel 1[0m checking '/home/pretend/code/install/rm_armor_detect' for CMake config files
[1.078s] [34mcolcon.colcon_core.shell[0m [1;30mLevel 1[0m create_environment_hook('rm_armor_detect', 'cmake_prefix_path')
[1.079s] [34mcolcon.colcon_core.shell[0m [1;30mINFO[0m Creating environment hook '/home/pretend/code/install/rm_armor_detect/share/rm_armor_detect/hook/cmake_prefix_path.ps1'
[1.079s] [34mcolcon.colcon_core.shell[0m [1;30mINFO[0m Creating environment descriptor '/home/pretend/code/install/rm_armor_detect/share/rm_armor_detect/hook/cmake_prefix_path.dsv'
[1.079s] [34mcolcon.colcon_core.shell[0m [1;30mINFO[0m Creating environment hook '/home/pretend/code/install/rm_armor_detect/share/rm_armor_detect/hook/cmake_prefix_path.sh'
[1.080s] [34mcolcon.colcon_core.environment[0m [1;30mLevel 1[0m checking '/home/pretend/code/install/rm_armor_detect/lib'
[1.080s] [34mcolcon.colcon_core.shell[0m [1;30mLevel 1[0m create_environment_hook('rm_armor_detect', 'ld_library_path_lib')
[1.080s] [34mcolcon.colcon_core.shell[0m [1;30mINFO[0m Creating environment hook '/home/pretend/code/install/rm_armor_detect/share/rm_armor_detect/hook/ld_library_path_lib.ps1'
[1.080s] [34mcolcon.colcon_core.shell[0m [1;30mINFO[0m Creating environment descriptor '/home/pretend/code/install/rm_armor_detect/share/rm_armor_detect/hook/ld_library_path_lib.dsv'
[1.080s] [34mcolcon.colcon_core.shell[0m [1;30mINFO[0m Creating environment hook '/home/pretend/code/install/rm_armor_detect/share/rm_armor_detect/hook/ld_library_path_lib.sh'
[1.080s] [34mcolcon.colcon_core.environment[0m [1;30mLevel 1[0m checking '/home/pretend/code/install/rm_armor_detect/bin'
[1.080s] [34mcolcon.colcon_core.environment[0m [1;30mLevel 1[0m checking '/home/pretend/code/install/rm_armor_detect/lib/pkgconfig/rm_armor_detect.pc'
[1.080s] [34mcolcon.colcon_core.environment[0m [1;30mLevel 1[0m checking '/home/pretend/code/install/rm_armor_detect/lib/python3.10/site-packages'
[1.081s] [34mcolcon.colcon_core.environment[0m [1;30mLevel 1[0m checking '/home/pretend/code/install/rm_armor_detect/bin'
[1.081s] [34mcolcon.colcon_core.shell[0m [1;30mINFO[0m Creating package script '/home/pretend/code/install/rm_armor_detect/share/rm_armor_detect/package.ps1'
[1.081s] [34mcolcon.colcon_core.shell[0m [1;30mINFO[0m Creating package descriptor '/home/pretend/code/install/rm_armor_detect/share/rm_armor_detect/package.dsv'
[1.081s] [34mcolcon.colcon_core.shell[0m [1;30mINFO[0m Creating package script '/home/pretend/code/install/rm_armor_detect/share/rm_armor_detect/package.sh'
[1.081s] [34mcolcon.colcon_core.shell[0m [1;30mINFO[0m Creating package script '/home/pretend/code/install/rm_armor_detect/share/rm_armor_detect/package.bash'
[1.081s] [34mcolcon.colcon_core.shell[0m [1;30mINFO[0m Creating package script '/home/pretend/code/install/rm_armor_detect/share/rm_armor_detect/package.zsh'
[1.081s] [34mcolcon.colcon_core.environment[0m [1;30mLevel 1[0m create_file_with_runtime_dependencies(/home/pretend/code/install/rm_armor_detect/share/colcon-core/packages/rm_armor_detect)
[1.082s] [34mcolcon.colcon_core.environment[0m [1;30mLevel 1[0m create_environment_scripts_only(rm_armor_detect)
[1.082s] [34mcolcon.colcon_core.environment[0m [1;30mLevel 1[0m checking '/home/pretend/code/install/rm_armor_detect' for CMake module files
[1.082s] [34mcolcon.colcon_core.environment[0m [1;30mLevel 1[0m checking '/home/pretend/code/install/rm_armor_detect' for CMake config files
[1.082s] [34mcolcon.colcon_core.shell[0m [1;30mLevel 1[0m create_environment_hook('rm_armor_detect', 'cmake_prefix_path')
[1.082s] [34mcolcon.colcon_core.shell[0m [1;30mINFO[0m Creating environment hook '/home/pretend/code/install/rm_armor_detect/share/rm_armor_detect/hook/cmake_prefix_path.ps1'
[1.082s] [34mcolcon.colcon_core.shell[0m [1;30mINFO[0m Creating environment descriptor '/home/pretend/code/install/rm_armor_detect/share/rm_armor_detect/hook/cmake_prefix_path.dsv'
[1.082s] [34mcolcon.colcon_core.shell[0m [1;30mINFO[0m Creating environment hook '/home/pretend/code/install/rm_armor_detect/share/rm_armor_detect/hook/cmake_prefix_path.sh'
[1.083s] [34mcolcon.colcon_core.environment[0m [1;30mLevel 1[0m checking '/home/pretend/code/install/rm_armor_detect/lib'
[1.083s] [34mcolcon.colcon_core.shell[0m [1;30mLevel 1[0m create_environment_hook('rm_armor_detect', 'ld_library_path_lib')
[1.083s] [34mcolcon.colcon_core.shell[0m [1;30mINFO[0m Creating environment hook '/home/pretend/code/install/rm_armor_detect/share/rm_armor_detect/hook/ld_library_path_lib.ps1'
[1.083s] [34mcolcon.colcon_core.shell[0m [1;30mINFO[0m Creating environment descriptor '/home/pretend/code/install/rm_armor_detect/share/rm_armor_detect/hook/ld_library_path_lib.dsv'
[1.083s] [34mcolcon.colcon_core.shell[0m [1;30mINFO[0m Creating environment hook '/home/pretend/code/install/rm_armor_detect/share/rm_armor_detect/hook/ld_library_path_lib.sh'
[1.083s] [34mcolcon.colcon_core.environment[0m [1;30mLevel 1[0m checking '/home/pretend/code/install/rm_armor_detect/bin'
[1.083s] [34mcolcon.colcon_core.environment[0m [1;30mLevel 1[0m checking '/home/pretend/code/install/rm_armor_detect/lib/pkgconfig/rm_armor_detect.pc'
[1.083s] [34mcolcon.colcon_core.environment[0m [1;30mLevel 1[0m checking '/home/pretend/code/install/rm_armor_detect/lib/python3.10/site-packages'
[1.083s] [34mcolcon.colcon_core.environment[0m [1;30mLevel 1[0m checking '/home/pretend/code/install/rm_armor_detect/bin'
[1.084s] [34mcolcon.colcon_core.shell[0m [1;30mINFO[0m Creating package script '/home/pretend/code/install/rm_armor_detect/share/rm_armor_detect/package.ps1'
[1.084s] [34mcolcon.colcon_core.shell[0m [1;30mINFO[0m Creating package descriptor '/home/pretend/code/install/rm_armor_detect/share/rm_armor_detect/package.dsv'
[1.084s] [34mcolcon.colcon_core.shell[0m [1;30mINFO[0m Creating package script '/home/pretend/code/install/rm_armor_detect/share/rm_armor_detect/package.sh'
[1.084s] [34mcolcon.colcon_core.shell[0m [1;30mINFO[0m Creating package script '/home/pretend/code/install/rm_armor_detect/share/rm_armor_detect/package.bash'
[1.084s] [34mcolcon.colcon_core.shell[0m [1;30mINFO[0m Creating package script '/home/pretend/code/install/rm_armor_detect/share/rm_armor_detect/package.zsh'
[1.084s] [34mcolcon.colcon_core.environment[0m [1;30mLevel 1[0m create_file_with_runtime_dependencies(/home/pretend/code/install/rm_armor_detect/share/colcon-core/packages/rm_armor_detect)
[1.085s] [34mcolcon.colcon_core.environment[0m [1;30mLevel 1[0m create_environment_scripts_only(rm_armor_tracker)
[1.085s] [34mcolcon.colcon_core.environment[0m [1;30mLevel 1[0m checking '/home/pretend/code/install/rm_armor_tracker' for CMake module files
[1.086s] [34mcolcon.colcon_core.event_handler.log_command[0m [1;30mDEBUG[0m [32mInvoked command in '/home/pretend/code/build/rm_armor_tracker' returned '0': CMAKE_PREFIX_PATH=/home/pretend/code/install/rm_msgs:/home/pretend/code/install/video_trial_node:/home/pretend/code/install/rm_rune_detect:/home/pretend/code/install/rm_armor_tracker:/home/pretend/code/install/rm_armor_detect:/home/pretend/code/install/hik_camera:/opt/ros/humble LD_LIBRARY_PATH=/home/pretend/code/install/rm_msgs/lib:/opt/intel/openvino_2025.0.0/runtime/3rdparty/tbb/lib:/opt/intel/openvino_2025.0.0/runtime/lib/intel64:/opt/MVS/lib/64:/opt/MVS/lib/32:/opt/MVS/lib/64:/opt/MVS/lib/32:/home/pretend/code/install/video_trial_node/lib:/home/pretend/code/install/rm_rune_detect/lib:/home/pretend/code/install/rm_armor_tracker/lib:/home/pretend/code/install/rm_armor_detect/lib:/home/pretend/code/install/hik_camera/lib:/opt/intel/openvino_2025.0.0/runtime/3rdparty/tbb/lib:/opt/intel/openvino_2025.0.0/runtime/lib/intel64:/opt/MVS/lib/64:/opt/MVS/lib/32:/opt/ros/humble/opt/rviz_ogre_vendor/lib:/opt/ros/humble/lib/x86_64-linux-gnu:/opt/ros/humble/lib:/opt/MVS/lib/64:/opt/MVS/lib/32:/opt/intel/openvino_2025/runtime/lib/intel64:/opt/intel/openvino_2025/runtime/lib/intel64 /usr/bin/cmake --install /home/pretend/code/build/rm_armor_tracker[0m
[1.086s] [34mcolcon.colcon_core.environment[0m [1;30mLevel 1[0m checking '/home/pretend/code/install/rm_armor_tracker' for CMake config files
[1.086s] [34mcolcon.colcon_core.shell[0m [1;30mLevel 1[0m create_environment_hook('rm_armor_tracker', 'cmake_prefix_path')
[1.086s] [34mcolcon.colcon_core.shell[0m [1;30mINFO[0m Creating environment hook '/home/pretend/code/install/rm_armor_tracker/share/rm_armor_tracker/hook/cmake_prefix_path.ps1'
[1.087s] [34mcolcon.colcon_core.shell[0m [1;30mINFO[0m Creating environment descriptor '/home/pretend/code/install/rm_armor_tracker/share/rm_armor_tracker/hook/cmake_prefix_path.dsv'
[1.087s] [34mcolcon.colcon_core.shell[0m [1;30mINFO[0m Creating environment hook '/home/pretend/code/install/rm_armor_tracker/share/rm_armor_tracker/hook/cmake_prefix_path.sh'
[1.087s] [34mcolcon.colcon_core.environment[0m [1;30mLevel 1[0m checking '/home/pretend/code/install/rm_armor_tracker/lib'
[1.087s] [34mcolcon.colcon_core.shell[0m [1;30mLevel 1[0m create_environment_hook('rm_armor_tracker', 'ld_library_path_lib')
[1.087s] [34mcolcon.colcon_core.shell[0m [1;30mINFO[0m Creating environment hook '/home/pretend/code/install/rm_armor_tracker/share/rm_armor_tracker/hook/ld_library_path_lib.ps1'
[1.088s] [34mcolcon.colcon_core.shell[0m [1;30mINFO[0m Creating environment descriptor '/home/pretend/code/install/rm_armor_tracker/share/rm_armor_tracker/hook/ld_library_path_lib.dsv'
[1.088s] [34mcolcon.colcon_core.shell[0m [1;30mINFO[0m Creating environment hook '/home/pretend/code/install/rm_armor_tracker/share/rm_armor_tracker/hook/ld_library_path_lib.sh'
[1.088s] [34mcolcon.colcon_core.environment[0m [1;30mLevel 1[0m checking '/home/pretend/code/install/rm_armor_tracker/bin'
[1.088s] [34mcolcon.colcon_core.environment[0m [1;30mLevel 1[0m checking '/home/pretend/code/install/rm_armor_tracker/lib/pkgconfig/rm_armor_tracker.pc'
[1.088s] [34mcolcon.colcon_core.environment[0m [1;30mLevel 1[0m checking '/home/pretend/code/install/rm_armor_tracker/lib/python3.10/site-packages'
[1.088s] [34mcolcon.colcon_core.environment[0m [1;30mLevel 1[0m checking '/home/pretend/code/install/rm_armor_tracker/bin'
[1.088s] [34mcolcon.colcon_core.shell[0m [1;30mINFO[0m Creating package script '/home/pretend/code/install/rm_armor_tracker/share/rm_armor_tracker/package.ps1'
[1.088s] [34mcolcon.colcon_core.shell[0m [1;30mINFO[0m Creating package descriptor '/home/pretend/code/install/rm_armor_tracker/share/rm_armor_tracker/package.dsv'
[1.089s] [34mcolcon.colcon_core.shell[0m [1;30mINFO[0m Creating package script '/home/pretend/code/install/rm_armor_tracker/share/rm_armor_tracker/package.sh'
[1.089s] [34mcolcon.colcon_core.shell[0m [1;30mINFO[0m Creating package script '/home/pretend/code/install/rm_armor_tracker/share/rm_armor_tracker/package.bash'
[1.089s] [34mcolcon.colcon_core.shell[0m [1;30mINFO[0m Creating package script '/home/pretend/code/install/rm_armor_tracker/share/rm_armor_tracker/package.zsh'
[1.089s] [34mcolcon.colcon_core.environment[0m [1;30mLevel 1[0m create_file_with_runtime_dependencies(/home/pretend/code/install/rm_armor_tracker/share/colcon-core/packages/rm_armor_tracker)
[1.089s] [34mcolcon.colcon_core.environment[0m [1;30mLevel 1[0m create_environment_scripts_only(rm_armor_tracker)
[1.089s] [34mcolcon.colcon_core.environment[0m [1;30mLevel 1[0m checking '/home/pretend/code/install/rm_armor_tracker' for CMake module files
[1.089s] [34mcolcon.colcon_core.environment[0m [1;30mLevel 1[0m checking '/home/pretend/code/install/rm_armor_tracker' for CMake config files
[1.090s] [34mcolcon.colcon_core.shell[0m [1;30mLevel 1[0m create_environment_hook('rm_armor_tracker', 'cmake_prefix_path')
[1.090s] [34mcolcon.colcon_core.shell[0m [1;30mINFO[0m Creating environment hook '/home/pretend/code/install/rm_armor_tracker/share/rm_armor_tracker/hook/cmake_prefix_path.ps1'
[1.090s] [34mcolcon.colcon_core.shell[0m [1;30mINFO[0m Creating environment descriptor '/home/pretend/code/install/rm_armor_tracker/share/rm_armor_tracker/hook/cmake_prefix_path.dsv'
[1.090s] [34mcolcon.colcon_core.shell[0m [1;30mINFO[0m Creating environment hook '/home/pretend/code/install/rm_armor_tracker/share/rm_armor_tracker/hook/cmake_prefix_path.sh'
[1.090s] [34mcolcon.colcon_core.environment[0m [1;30mLevel 1[0m checking '/home/pretend/code/install/rm_armor_tracker/lib'
[1.090s] [34mcolcon.colcon_core.shell[0m [1;30mLevel 1[0m create_environment_hook('rm_armor_tracker', 'ld_library_path_lib')
[1.090s] [34mcolcon.colcon_core.shell[0m [1;30mINFO[0m Creating environment hook '/home/pretend/code/install/rm_armor_tracker/share/rm_armor_tracker/hook/ld_library_path_lib.ps1'
[1.091s] [34mcolcon.colcon_core.shell[0m [1;30mINFO[0m Creating environment descriptor '/home/pretend/code/install/rm_armor_tracker/share/rm_armor_tracker/hook/ld_library_path_lib.dsv'
[1.091s] [34mcolcon.colcon_core.shell[0m [1;30mINFO[0m Creating environment hook '/home/pretend/code/install/rm_armor_tracker/share/rm_armor_tracker/hook/ld_library_path_lib.sh'
[1.091s] [34mcolcon.colcon_core.environment[0m [1;30mLevel 1[0m checking '/home/pretend/code/install/rm_armor_tracker/bin'
[1.091s] [34mcolcon.colcon_core.environment[0m [1;30mLevel 1[0m checking '/home/pretend/code/install/rm_armor_tracker/lib/pkgconfig/rm_armor_tracker.pc'
[1.091s] [34mcolcon.colcon_core.environment[0m [1;30mLevel 1[0m checking '/home/pretend/code/install/rm_armor_tracker/lib/python3.10/site-packages'
[1.091s] [34mcolcon.colcon_core.environment[0m [1;30mLevel 1[0m checking '/home/pretend/code/install/rm_armor_tracker/bin'
[1.091s] [34mcolcon.colcon_core.shell[0m [1;30mINFO[0m Creating package script '/home/pretend/code/install/rm_armor_tracker/share/rm_armor_tracker/package.ps1'
[1.092s] [34mcolcon.colcon_core.shell[0m [1;30mINFO[0m Creating package descriptor '/home/pretend/code/install/rm_armor_tracker/share/rm_armor_tracker/package.dsv'
[1.092s] [34mcolcon.colcon_core.shell[0m [1;30mINFO[0m Creating package script '/home/pretend/code/install/rm_armor_tracker/share/rm_armor_tracker/package.sh'
[1.092s] [34mcolcon.colcon_core.shell[0m [1;30mINFO[0m Creating package script '/home/pretend/code/install/rm_armor_tracker/share/rm_armor_tracker/package.bash'
[1.092s] [34mcolcon.colcon_core.shell[0m [1;30mINFO[0m Creating package script '/home/pretend/code/install/rm_armor_tracker/share/rm_armor_tracker/package.zsh'
[1.092s] [34mcolcon.colcon_core.environment[0m [1;30mLevel 1[0m create_file_with_runtime_dependencies(/home/pretend/code/install/rm_armor_tracker/share/colcon-core/packages/rm_armor_tracker)
[1.093s] [34mcolcon.colcon_parallel_executor.executor.parallel[0m [1;30mDEBUG[0m [32mclosing loop[0m
[1.093s] [34mcolcon.colcon_parallel_executor.executor.parallel[0m [1;30mDEBUG[0m [32mloop closed[0m
[1.093s] [34mcolcon.colcon_parallel_executor.executor.parallel[0m [1;30mDEBUG[0m [32mrun_until_complete finished with '0'[0m
[1.093s] [34mcolcon.colcon_core.event_reactor[0m [1;30mDEBUG[0m [32mjoining thread[0m
[1.102s] [34mcolcon.colcon_core.plugin_system[0m [1;30mINFO[0m Skipping extension 'colcon_notification.desktop_notification.terminal_notifier': Not used on non-Darwin systems
[1.102s] [34mcolcon.colcon_core.plugin_system[0m [1;30mINFO[0m Skipping extension 'colcon_notification.desktop_notification.win32': Not used on non-Windows systems
[1.102s] [34mcolcon.colcon_notification.desktop_notification[0m [1;30mINFO[0m Sending desktop notification using 'notify2'
[1.277s] [34mcolcon.colcon_core.event_reactor[0m [1;30mDEBUG[0m [32mjoined thread[0m
[1.277s] [34mcolcon.colcon_core.shell[0m [1;30mINFO[0m Creating prefix script '/home/pretend/code/install/local_setup.ps1'
[1.278s] [34mcolcon.colcon_core.shell[0m [1;30mINFO[0m Creating prefix util module '/home/pretend/code/install/_local_setup_util_ps1.py'
[1.279s] [34mcolcon.colcon_core.shell[0m [1;30mINFO[0m Creating prefix chain script '/home/pretend/code/install/setup.ps1'
[1.280s] [34mcolcon.colcon_core.shell[0m [1;30mINFO[0m Creating prefix script '/home/pretend/code/install/local_setup.sh'
[1.280s] [34mcolcon.colcon_core.shell[0m [1;30mINFO[0m Creating prefix util module '/home/pretend/code/install/_local_setup_util_sh.py'
[1.281s] [34mcolcon.colcon_core.shell[0m [1;30mINFO[0m Creating prefix chain script '/home/pretend/code/install/setup.sh'
[1.281s] [34mcolcon.colcon_core.shell[0m [1;30mINFO[0m Creating prefix script '/home/pretend/code/install/local_setup.bash'
[1.282s] [34mcolcon.colcon_core.shell[0m [1;30mINFO[0m Creating prefix chain script '/home/pretend/code/install/setup.bash'
[1.283s] [34mcolcon.colcon_core.shell[0m [1;30mINFO[0m Creating prefix script '/home/pretend/code/install/local_setup.zsh'
[1.283s] [34mcolcon.colcon_core.shell[0m [1;30mINFO[0m Creating prefix chain script '/home/pretend/code/install/setup.zsh'
