[0.023s] Invoking command in '/home/pretend/code/build/rm_msgs': CMAKE_PREFIX_PATH=${CMAKE_PREFIX_PATH}:/opt/ros/humble /usr/bin/cmake --build /home/pretend/code/build/rm_msgs -- -j32 -l32
[0.068s] [  9%] Built target rm_msgs__rosidl_generator_c
[0.070s] [ 12%] Built target rm_msgs__cpp
[0.079s] [ 12%] Built target ament_cmake_python_copy_rm_msgs
[0.091s] [ 22%] Built target rm_msgs__rosidl_typesupport_fastrtps_c
[0.093s] [ 32%] Built target rm_msgs__rosidl_typesupport_introspection_c
[0.093s] [ 41%] Built target rm_msgs__rosidl_typesupport_fastrtps_cpp
[0.095s] [ 51%] Built target rm_msgs__rosidl_typesupport_c
[0.096s] [ 70%] Built target rm_msgs__rosidl_typesupport_introspection_cpp
[0.096s] [ 70%] Built target rm_msgs__rosidl_typesupport_cpp
[0.117s] [ 70%] Built target rm_msgs
[0.145s] [ 74%] Built target rm_msgs__py
[0.158s] [ 80%] Built target rm_msgs__rosidl_generator_py
[0.179s] [ 87%] Built target rm_msgs__rosidl_typesupport_introspection_c__pyext
[0.179s] [ 93%] Built target rm_msgs__rosidl_typesupport_fastrtps_c__pyext
[0.179s] [100%] Built target rm_msgs__rosidl_typesupport_c__pyext
[0.300s] running egg_info
[0.301s] writing rm_msgs.egg-info/PKG-INFO
[0.301s] writing dependency_links to rm_msgs.egg-info/dependency_links.txt
[0.301s] writing top-level names to rm_msgs.egg-info/top_level.txt
[0.303s] reading manifest file 'rm_msgs.egg-info/SOURCES.txt'
[0.303s] writing manifest file 'rm_msgs.egg-info/SOURCES.txt'
[0.324s] [100%] Built target ament_cmake_python_build_rm_msgs_egg
[0.332s] Invoked command in '/home/pretend/code/build/rm_msgs' returned '0': CMAKE_PREFIX_PATH=${CMAKE_PREFIX_PATH}:/opt/ros/humble /usr/bin/cmake --build /home/pretend/code/build/rm_msgs -- -j32 -l32
[0.334s] Invoking command in '/home/pretend/code/build/rm_msgs': CMAKE_PREFIX_PATH=${CMAKE_PREFIX_PATH}:/opt/ros/humble /usr/bin/cmake --install /home/pretend/code/build/rm_msgs
[0.343s] -- Install configuration: ""
[0.344s] -- Up-to-date: /home/pretend/code/install/rm_msgs/share/ament_index/resource_index/rosidl_interfaces/rm_msgs
[0.344s] -- Up-to-date: /home/pretend/code/install/rm_msgs/include/rm_msgs/rm_msgs
[0.344s] -- Up-to-date: /home/pretend/code/install/rm_msgs/include/rm_msgs/rm_msgs/msg
[0.344s] -- Up-to-date: /home/pretend/code/install/rm_msgs/include/rm_msgs/rm_msgs/msg/rosidl_generator_c__visibility_control.h
[0.344s] -- Up-to-date: /home/pretend/code/install/rm_msgs/include/rm_msgs/rm_msgs/msg/armor.h
[0.345s] -- Up-to-date: /home/pretend/code/install/rm_msgs/include/rm_msgs/rm_msgs/msg/detail
[0.345s] -- Up-to-date: /home/pretend/code/install/rm_msgs/include/rm_msgs/rm_msgs/msg/detail/armor__functions.c
[0.345s] -- Up-to-date: /home/pretend/code/install/rm_msgs/include/rm_msgs/rm_msgs/msg/detail/armor__functions.h
[0.345s] -- Up-to-date: /home/pretend/code/install/rm_msgs/include/rm_msgs/rm_msgs/msg/detail/armor__type_support.h
[0.345s] -- Up-to-date: /home/pretend/code/install/rm_msgs/include/rm_msgs/rm_msgs/msg/detail/armor__struct.h
[0.346s] -- Up-to-date: /home/pretend/code/install/rm_msgs/share/rm_msgs/environment/library_path.sh
[0.346s] -- Up-to-date: /home/pretend/code/install/rm_msgs/share/rm_msgs/environment/library_path.dsv
[0.346s] -- Up-to-date: /home/pretend/code/install/rm_msgs/lib/librm_msgs__rosidl_generator_c.so
[0.346s] -- Up-to-date: /home/pretend/code/install/rm_msgs/include/rm_msgs/rm_msgs
[0.346s] -- Up-to-date: /home/pretend/code/install/rm_msgs/include/rm_msgs/rm_msgs/msg
[0.346s] -- Up-to-date: /home/pretend/code/install/rm_msgs/include/rm_msgs/rm_msgs/msg/rosidl_typesupport_fastrtps_c__visibility_control.h
[0.346s] -- Up-to-date: /home/pretend/code/install/rm_msgs/include/rm_msgs/rm_msgs/msg/detail
[0.346s] -- Up-to-date: /home/pretend/code/install/rm_msgs/include/rm_msgs/rm_msgs/msg/detail/armor__rosidl_typesupport_fastrtps_c.h
[0.346s] -- Up-to-date: /home/pretend/code/install/rm_msgs/lib/librm_msgs__rosidl_typesupport_fastrtps_c.so
[0.347s] -- Up-to-date: /home/pretend/code/install/rm_msgs/include/rm_msgs/rm_msgs
[0.347s] -- Up-to-date: /home/pretend/code/install/rm_msgs/include/rm_msgs/rm_msgs/msg
[0.347s] -- Up-to-date: /home/pretend/code/install/rm_msgs/include/rm_msgs/rm_msgs/msg/rosidl_generator_cpp__visibility_control.hpp
[0.347s] -- Up-to-date: /home/pretend/code/install/rm_msgs/include/rm_msgs/rm_msgs/msg/armor.hpp
[0.347s] -- Up-to-date: /home/pretend/code/install/rm_msgs/include/rm_msgs/rm_msgs/msg/detail
[0.348s] -- Up-to-date: /home/pretend/code/install/rm_msgs/include/rm_msgs/rm_msgs/msg/detail/armor__traits.hpp
[0.348s] -- Up-to-date: /home/pretend/code/install/rm_msgs/include/rm_msgs/rm_msgs/msg/detail/armor__type_support.hpp
[0.348s] -- Up-to-date: /home/pretend/code/install/rm_msgs/include/rm_msgs/rm_msgs/msg/detail/armor__builder.hpp
[0.348s] -- Up-to-date: /home/pretend/code/install/rm_msgs/include/rm_msgs/rm_msgs/msg/detail/armor__struct.hpp
[0.348s] -- Up-to-date: /home/pretend/code/install/rm_msgs/include/rm_msgs/rm_msgs
[0.348s] -- Up-to-date: /home/pretend/code/install/rm_msgs/include/rm_msgs/rm_msgs/msg
[0.348s] -- Up-to-date: /home/pretend/code/install/rm_msgs/include/rm_msgs/rm_msgs/msg/rosidl_typesupport_fastrtps_cpp__visibility_control.h
[0.348s] -- Up-to-date: /home/pretend/code/install/rm_msgs/include/rm_msgs/rm_msgs/msg/detail
[0.349s] -- Up-to-date: /home/pretend/code/install/rm_msgs/include/rm_msgs/rm_msgs/msg/detail/dds_fastrtps
[0.349s] -- Up-to-date: /home/pretend/code/install/rm_msgs/include/rm_msgs/rm_msgs/msg/detail/armor__rosidl_typesupport_fastrtps_cpp.hpp
[0.349s] -- Up-to-date: /home/pretend/code/install/rm_msgs/lib/librm_msgs__rosidl_typesupport_fastrtps_cpp.so
[0.349s] -- Up-to-date: /home/pretend/code/install/rm_msgs/include/rm_msgs/rm_msgs
[0.349s] -- Up-to-date: /home/pretend/code/install/rm_msgs/include/rm_msgs/rm_msgs/msg
[0.349s] -- Up-to-date: /home/pretend/code/install/rm_msgs/include/rm_msgs/rm_msgs/msg/rosidl_typesupport_introspection_c__visibility_control.h
[0.349s] -- Up-to-date: /home/pretend/code/install/rm_msgs/include/rm_msgs/rm_msgs/msg/detail
[0.349s] -- Up-to-date: /home/pretend/code/install/rm_msgs/include/rm_msgs/rm_msgs/msg/detail/armor__rosidl_typesupport_introspection_c.h
[0.349s] -- Up-to-date: /home/pretend/code/install/rm_msgs/include/rm_msgs/rm_msgs/msg/detail/armor__type_support.c
[0.349s] -- Up-to-date: /home/pretend/code/install/rm_msgs/lib/librm_msgs__rosidl_typesupport_introspection_c.so
[0.349s] -- Up-to-date: /home/pretend/code/install/rm_msgs/lib/librm_msgs__rosidl_typesupport_c.so
[0.349s] -- Up-to-date: /home/pretend/code/install/rm_msgs/include/rm_msgs/rm_msgs
[0.349s] -- Up-to-date: /home/pretend/code/install/rm_msgs/include/rm_msgs/rm_msgs/msg
[0.349s] -- Up-to-date: /home/pretend/code/install/rm_msgs/include/rm_msgs/rm_msgs/msg/detail
[0.349s] -- Up-to-date: /home/pretend/code/install/rm_msgs/include/rm_msgs/rm_msgs/msg/detail/armor__type_support.cpp
[0.349s] -- Up-to-date: /home/pretend/code/install/rm_msgs/include/rm_msgs/rm_msgs/msg/detail/armor__rosidl_typesupport_introspection_cpp.hpp
[0.349s] -- Up-to-date: /home/pretend/code/install/rm_msgs/lib/librm_msgs__rosidl_typesupport_introspection_cpp.so
[0.349s] -- Up-to-date: /home/pretend/code/install/rm_msgs/lib/librm_msgs__rosidl_typesupport_cpp.so
[0.349s] -- Up-to-date: /home/pretend/code/install/rm_msgs/share/rm_msgs/environment/pythonpath.sh
[0.349s] -- Up-to-date: /home/pretend/code/install/rm_msgs/share/rm_msgs/environment/pythonpath.dsv
[0.349s] -- Up-to-date: /home/pretend/code/install/rm_msgs/local/lib/python3.10/dist-packages/rm_msgs-0.0.0-py3.10.egg-info
[0.349s] -- Installing: /home/pretend/code/install/rm_msgs/local/lib/python3.10/dist-packages/rm_msgs-0.0.0-py3.10.egg-info/SOURCES.txt
[0.349s] -- Installing: /home/pretend/code/install/rm_msgs/local/lib/python3.10/dist-packages/rm_msgs-0.0.0-py3.10.egg-info/top_level.txt
[0.349s] -- Installing: /home/pretend/code/install/rm_msgs/local/lib/python3.10/dist-packages/rm_msgs-0.0.0-py3.10.egg-info/dependency_links.txt
[0.349s] -- Installing: /home/pretend/code/install/rm_msgs/local/lib/python3.10/dist-packages/rm_msgs-0.0.0-py3.10.egg-info/PKG-INFO
[0.350s] -- Up-to-date: /home/pretend/code/install/rm_msgs/local/lib/python3.10/dist-packages/rm_msgs
[0.350s] -- Up-to-date: /home/pretend/code/install/rm_msgs/local/lib/python3.10/dist-packages/rm_msgs/rm_msgs_s__rosidl_typesupport_fastrtps_c.cpython-310-x86_64-linux-gnu.so
[0.350s] -- Up-to-date: /home/pretend/code/install/rm_msgs/local/lib/python3.10/dist-packages/rm_msgs/librm_msgs__rosidl_generator_py.so
[0.350s] -- Up-to-date: /home/pretend/code/install/rm_msgs/local/lib/python3.10/dist-packages/rm_msgs/msg
[0.350s] -- Up-to-date: /home/pretend/code/install/rm_msgs/local/lib/python3.10/dist-packages/rm_msgs/msg/_armor_s.c
[0.350s] -- Up-to-date: /home/pretend/code/install/rm_msgs/local/lib/python3.10/dist-packages/rm_msgs/msg/_armor.py
[0.350s] -- Up-to-date: /home/pretend/code/install/rm_msgs/local/lib/python3.10/dist-packages/rm_msgs/msg/__init__.py
[0.350s] -- Up-to-date: /home/pretend/code/install/rm_msgs/local/lib/python3.10/dist-packages/rm_msgs/_rm_msgs_s.ep.rosidl_typesupport_c.c
[0.350s] -- Up-to-date: /home/pretend/code/install/rm_msgs/local/lib/python3.10/dist-packages/rm_msgs/rm_msgs_s__rosidl_typesupport_c.cpython-310-x86_64-linux-gnu.so
[0.350s] -- Up-to-date: /home/pretend/code/install/rm_msgs/local/lib/python3.10/dist-packages/rm_msgs/_rm_msgs_s.ep.rosidl_typesupport_fastrtps_c.c
[0.350s] -- Up-to-date: /home/pretend/code/install/rm_msgs/local/lib/python3.10/dist-packages/rm_msgs/rm_msgs_s__rosidl_typesupport_introspection_c.cpython-310-x86_64-linux-gnu.so
[0.350s] -- Up-to-date: /home/pretend/code/install/rm_msgs/local/lib/python3.10/dist-packages/rm_msgs/__init__.py
[0.350s] -- Up-to-date: /home/pretend/code/install/rm_msgs/local/lib/python3.10/dist-packages/rm_msgs/_rm_msgs_s.ep.rosidl_typesupport_introspection_c.c
[0.372s] Listing '/home/pretend/code/install/rm_msgs/local/lib/python3.10/dist-packages/rm_msgs'...
[0.372s] Listing '/home/pretend/code/install/rm_msgs/local/lib/python3.10/dist-packages/rm_msgs/msg'...
[0.375s] -- Up-to-date: /home/pretend/code/install/rm_msgs/local/lib/python3.10/dist-packages/rm_msgs/rm_msgs_s__rosidl_typesupport_fastrtps_c.cpython-310-x86_64-linux-gnu.so
[0.375s] -- Up-to-date: /home/pretend/code/install/rm_msgs/local/lib/python3.10/dist-packages/rm_msgs/rm_msgs_s__rosidl_typesupport_introspection_c.cpython-310-x86_64-linux-gnu.so
[0.375s] -- Up-to-date: /home/pretend/code/install/rm_msgs/local/lib/python3.10/dist-packages/rm_msgs/rm_msgs_s__rosidl_typesupport_c.cpython-310-x86_64-linux-gnu.so
[0.376s] -- Up-to-date: /home/pretend/code/install/rm_msgs/lib/librm_msgs__rosidl_generator_py.so
[0.376s] -- Up-to-date: /home/pretend/code/install/rm_msgs/share/rm_msgs/msg/Armor.idl
[0.376s] -- Up-to-date: /home/pretend/code/install/rm_msgs/share/rm_msgs/msg/Armor.msg
[0.376s] -- Up-to-date: /home/pretend/code/install/rm_msgs/share/ament_index/resource_index/package_run_dependencies/rm_msgs
[0.376s] -- Up-to-date: /home/pretend/code/install/rm_msgs/share/ament_index/resource_index/parent_prefix_path/rm_msgs
[0.376s] -- Up-to-date: /home/pretend/code/install/rm_msgs/share/rm_msgs/environment/ament_prefix_path.sh
[0.376s] -- Up-to-date: /home/pretend/code/install/rm_msgs/share/rm_msgs/environment/ament_prefix_path.dsv
[0.376s] -- Up-to-date: /home/pretend/code/install/rm_msgs/share/rm_msgs/environment/path.sh
[0.377s] -- Up-to-date: /home/pretend/code/install/rm_msgs/share/rm_msgs/environment/path.dsv
[0.377s] -- Up-to-date: /home/pretend/code/install/rm_msgs/share/rm_msgs/local_setup.bash
[0.377s] -- Up-to-date: /home/pretend/code/install/rm_msgs/share/rm_msgs/local_setup.sh
[0.377s] -- Up-to-date: /home/pretend/code/install/rm_msgs/share/rm_msgs/local_setup.zsh
[0.377s] -- Up-to-date: /home/pretend/code/install/rm_msgs/share/rm_msgs/local_setup.dsv
[0.377s] -- Installing: /home/pretend/code/install/rm_msgs/share/rm_msgs/package.dsv
[0.377s] -- Up-to-date: /home/pretend/code/install/rm_msgs/share/ament_index/resource_index/packages/rm_msgs
[0.377s] -- Up-to-date: /home/pretend/code/install/rm_msgs/share/rm_msgs/cmake/export_rm_msgs__rosidl_generator_cExport.cmake
[0.377s] -- Up-to-date: /home/pretend/code/install/rm_msgs/share/rm_msgs/cmake/export_rm_msgs__rosidl_generator_cExport-noconfig.cmake
[0.378s] -- Up-to-date: /home/pretend/code/install/rm_msgs/share/rm_msgs/cmake/export_rm_msgs__rosidl_typesupport_fastrtps_cExport.cmake
[0.378s] -- Up-to-date: /home/pretend/code/install/rm_msgs/share/rm_msgs/cmake/export_rm_msgs__rosidl_typesupport_fastrtps_cExport-noconfig.cmake
[0.378s] -- Up-to-date: /home/pretend/code/install/rm_msgs/share/rm_msgs/cmake/export_rm_msgs__rosidl_generator_cppExport.cmake
[0.378s] -- Up-to-date: /home/pretend/code/install/rm_msgs/share/rm_msgs/cmake/export_rm_msgs__rosidl_typesupport_fastrtps_cppExport.cmake
[0.378s] -- Up-to-date: /home/pretend/code/install/rm_msgs/share/rm_msgs/cmake/export_rm_msgs__rosidl_typesupport_fastrtps_cppExport-noconfig.cmake
[0.378s] -- Up-to-date: /home/pretend/code/install/rm_msgs/share/rm_msgs/cmake/rm_msgs__rosidl_typesupport_introspection_cExport.cmake
[0.378s] -- Up-to-date: /home/pretend/code/install/rm_msgs/share/rm_msgs/cmake/rm_msgs__rosidl_typesupport_introspection_cExport-noconfig.cmake
[0.378s] -- Up-to-date: /home/pretend/code/install/rm_msgs/share/rm_msgs/cmake/rm_msgs__rosidl_typesupport_cExport.cmake
[0.379s] -- Up-to-date: /home/pretend/code/install/rm_msgs/share/rm_msgs/cmake/rm_msgs__rosidl_typesupport_cExport-noconfig.cmake
[0.379s] -- Up-to-date: /home/pretend/code/install/rm_msgs/share/rm_msgs/cmake/rm_msgs__rosidl_typesupport_introspection_cppExport.cmake
[0.379s] -- Up-to-date: /home/pretend/code/install/rm_msgs/share/rm_msgs/cmake/rm_msgs__rosidl_typesupport_introspection_cppExport-noconfig.cmake
[0.379s] -- Up-to-date: /home/pretend/code/install/rm_msgs/share/rm_msgs/cmake/rm_msgs__rosidl_typesupport_cppExport.cmake
[0.379s] -- Up-to-date: /home/pretend/code/install/rm_msgs/share/rm_msgs/cmake/rm_msgs__rosidl_typesupport_cppExport-noconfig.cmake
[0.380s] -- Up-to-date: /home/pretend/code/install/rm_msgs/share/rm_msgs/cmake/export_rm_msgs__rosidl_generator_pyExport.cmake
[0.380s] -- Up-to-date: /home/pretend/code/install/rm_msgs/share/rm_msgs/cmake/export_rm_msgs__rosidl_generator_pyExport-noconfig.cmake
[0.380s] -- Up-to-date: /home/pretend/code/install/rm_msgs/share/rm_msgs/cmake/rosidl_cmake-extras.cmake
[0.380s] -- Up-to-date: /home/pretend/code/install/rm_msgs/share/rm_msgs/cmake/ament_cmake_export_dependencies-extras.cmake
[0.381s] -- Up-to-date: /home/pretend/code/install/rm_msgs/share/rm_msgs/cmake/ament_cmake_export_include_directories-extras.cmake
[0.382s] -- Up-to-date: /home/pretend/code/install/rm_msgs/share/rm_msgs/cmake/ament_cmake_export_libraries-extras.cmake
[0.382s] -- Up-to-date: /home/pretend/code/install/rm_msgs/share/rm_msgs/cmake/ament_cmake_export_targets-extras.cmake
[0.382s] -- Up-to-date: /home/pretend/code/install/rm_msgs/share/rm_msgs/cmake/rosidl_cmake_export_typesupport_targets-extras.cmake
[0.382s] -- Up-to-date: /home/pretend/code/install/rm_msgs/share/rm_msgs/cmake/rosidl_cmake_export_typesupport_libraries-extras.cmake
[0.382s] -- Up-to-date: /home/pretend/code/install/rm_msgs/share/rm_msgs/cmake/rm_msgsConfig.cmake
[0.383s] -- Up-to-date: /home/pretend/code/install/rm_msgs/share/rm_msgs/cmake/rm_msgsConfig-version.cmake
[0.383s] -- Up-to-date: /home/pretend/code/install/rm_msgs/share/rm_msgs/package.xml
[0.383s] Invoked command in '/home/pretend/code/build/rm_msgs' returned '0': CMAKE_PREFIX_PATH=${CMAKE_PREFIX_PATH}:/opt/ros/humble /usr/bin/cmake --install /home/pretend/code/build/rm_msgs
