[0.092s] Invoking command in '/home/pretend/code/build/rm_armor_tracker': CMAKE_PREFIX_PATH=/home/pretend/code/install/rm_msgs:/home/pretend/code/install/video_trial_node:/home/pretend/code/install/rm_rune_detect:/home/pretend/code/install/rm_armor_tracker:/home/pretend/code/install/rm_armor_detect:/home/pretend/code/install/hik_camera:/opt/ros/humble LD_LIBRARY_PATH=/home/pretend/code/install/rm_msgs/lib:/opt/intel/openvino_2025.0.0/runtime/3rdparty/tbb/lib:/opt/intel/openvino_2025.0.0/runtime/lib/intel64:/opt/MVS/lib/64:/opt/MVS/lib/32:/opt/MVS/lib/64:/opt/MVS/lib/32:/home/pretend/code/install/video_trial_node/lib:/home/pretend/code/install/rm_rune_detect/lib:/home/pretend/code/install/rm_armor_tracker/lib:/home/pretend/code/install/rm_armor_detect/lib:/home/pretend/code/install/hik_camera/lib:/opt/intel/openvino_2025.0.0/runtime/3rdparty/tbb/lib:/opt/intel/openvino_2025.0.0/runtime/lib/intel64:/opt/MVS/lib/64:/opt/MVS/lib/32:/opt/ros/humble/opt/rviz_ogre_vendor/lib:/opt/ros/humble/lib/x86_64-linux-gnu:/opt/ros/humble/lib:/opt/MVS/lib/64:/opt/MVS/lib/32:/opt/intel/openvino_2025/runtime/lib/intel64:/opt/intel/openvino_2025/runtime/lib/intel64 /usr/bin/cmake --build /home/pretend/code/build/rm_armor_tracker -- -j32 -l32
[0.109s] -- Found ament_cmake: 1.3.11 (/opt/ros/humble/share/ament_cmake/cmake)
[0.189s] -- Found rclcpp: 16.0.12 (/opt/ros/humble/share/rclcpp/cmake)
[0.314s] -- Found rosidl_generator_c: 3.1.6 (/opt/ros/humble/share/rosidl_generator_c/cmake)
[0.316s] -- Found rosidl_adapter: 3.1.6 (/opt/ros/humble/share/rosidl_adapter/cmake)
[0.323s] -- Found rosidl_generator_cpp: 3.1.6 (/opt/ros/humble/share/rosidl_generator_cpp/cmake)
[0.332s] -- Using all available rosidl_typesupport_c: rosidl_typesupport_fastrtps_c;rosidl_typesupport_introspection_c
[0.342s] -- Using all available rosidl_typesupport_cpp: rosidl_typesupport_fastrtps_cpp;rosidl_typesupport_introspection_cpp
[0.371s] -- Found rmw_implementation_cmake: 6.1.2 (/opt/ros/humble/share/rmw_implementation_cmake/cmake)
[0.373s] -- Found rmw_fastrtps_cpp: 6.2.7 (/opt/ros/humble/share/rmw_fastrtps_cpp/cmake)
[2.551s] -- Using RMW implementation 'rmw_fastrtps_cpp' as default
[2.592s] -- Found rclcpp_components: 16.0.12 (/opt/ros/humble/share/rclcpp_components/cmake)
[2.608s] -- Found geometry_msgs: 4.8.0 (/opt/ros/humble/share/geometry_msgs/cmake)
[2.618s] -- Found rm_msgs: 0.0.0 (/home/pretend/code/install/rm_msgs/share/rm_msgs/cmake)
[2.629s] -- Found ament_lint_auto: 0.12.12 (/opt/ros/humble/share/ament_lint_auto/cmake)
[2.671s] -- Added test 'cppcheck' to perform static code analysis on C / C++ code
[2.671s] -- Configured cppcheck include dirs: /home/pretend/code/src/rm_armor_tracker/include
[2.671s] -- Configured cppcheck exclude dirs and/or files: 
[2.672s] -- Added test 'lint_cmake' to check CMake code style
[2.672s] -- Added test 'uncrustify' to check C / C++ code style
[2.672s] -- Configured uncrustify additional arguments: 
[2.673s] -- Added test 'xmllint' to check XML markup files
[2.674s] -- Configuring done
[2.687s] -- Generating done
[2.691s] -- Build files have been written to: /home/pretend/code/build/rm_armor_tracker
[2.703s] [35m[1mConsolidate compiler generated dependencies of target armor_tracker_node[0m
[2.703s] [35m[1mConsolidate compiler generated dependencies of target armor_tracker_component[0m
[2.710s] [ 33%] Built target armor_tracker_node
[2.710s] [ 50%] [32mBuilding CXX object CMakeFiles/armor_tracker_component.dir/src/armor_tracker_node.cpp.o[0m
[3.973s] In file included from [01m[K/opt/ros/humble/include/rclcpp/rclcpp/logging.hpp:24[m[K,
[3.973s]                  from [01m[K/opt/ros/humble/include/rclcpp/rclcpp/client.hpp:40[m[K,
[3.973s]                  from [01m[K/opt/ros/humble/include/rclcpp/rclcpp/callback_group.hpp:24[m[K,
[3.973s]                  from [01m[K/opt/ros/humble/include/rclcpp/rclcpp/any_executable.hpp:20[m[K,
[3.973s]                  from [01m[K/opt/ros/humble/include/rclcpp/rclcpp/memory_strategy.hpp:25[m[K,
[3.974s]                  from [01m[K/opt/ros/humble/include/rclcpp/rclcpp/memory_strategies.hpp:18[m[K,
[3.974s]                  from [01m[K/opt/ros/humble/include/rclcpp/rclcpp/executor_options.hpp:20[m[K,
[3.974s]                  from [01m[K/opt/ros/humble/include/rclcpp/rclcpp/executor.hpp:37[m[K,
[3.974s]                  from [01m[K/opt/ros/humble/include/rclcpp/rclcpp/executors/multi_threaded_executor.hpp:25[m[K,
[3.974s]                  from [01m[K/opt/ros/humble/include/rclcpp/rclcpp/executors.hpp:21[m[K,
[3.974s]                  from [01m[K/opt/ros/humble/include/rclcpp/rclcpp/rclcpp.hpp:155[m[K,
[3.974s]                  from [01m[K/home/pretend/code/src/rm_armor_tracker/include/rm_armor_tracker/armor_tracker_node.hpp:3[m[K,
[3.974s]                  from [01m[K/home/pretend/code/src/rm_armor_tracker/src/armor_tracker_node.cpp:1[m[K:
[3.974s] [01m[K/home/pretend/code/src/rm_armor_tracker/src/armor_tracker_node.cpp:[m[K In member function ‘[01m[Kvoid rm_armor_tracker::ArmorTrackerNode::parse_armor_message(const ConstSharedPtr&)[m[K’:
[3.974s] [01m[K/home/pretend/code/src/rm_armor_tracker/src/armor_tracker_node.cpp:73:15:[m[K [01;35m[Kwarning: [m[Kformat ‘[01m[K%ld[m[K’ expects argument of type ‘[01m[Klong int[m[K’, but argument 5 has type ‘[01m[Kbuiltin_interfaces::msg::Time_<std::allocator<void> >::_sec_type[m[K’ {aka ‘[01m[Kint[m[K’} [[01;35m[K]8;;https://gcc.gnu.org/onlinedocs/gcc/Warning-Options.html#index-Wformat=-Wformat=]8;;[m[K]
[3.974s]    73 |               [01;35m[K"  - 时间戳: %ld.%09ld"[m[K, [32m[Ktimestamp.sec[m[K, timestamp.nanosec);
[3.974s]       |               [01;35m[K^~~~~~~~~~~~~~~~~~~~~~~[m[K  [32m[K~~~~~~~~~~~~~[m[K
[3.974s]       |                                                  [32m[K|[m[K
[3.974s]       |                                                  [32m[Kbuiltin_interfaces::msg::Time_<std::allocator<void> >::_sec_type {aka int}[m[K
[3.974s] [01m[K/home/pretend/code/src/rm_armor_tracker/src/armor_tracker_node.cpp:73:30:[m[K [01;36m[Knote: [m[Kformat string is defined here
[3.974s]    73 |               "  - 时间戳: [01;36m[K%ld[m[K.%09ld", timestamp.sec, timestamp.nanosec);
[3.974s]       |                            [01;36m[K~~^[m[K
[3.974s]       |                              [01;36m[K|[m[K
[3.974s]       |                              [01;36m[Klong int[m[K
[3.974s]       |                            [32m[K%d[m[K
[3.974s] In file included from [01m[K/opt/ros/humble/include/rclcpp/rclcpp/logging.hpp:24[m[K,
[3.974s]                  from [01m[K/opt/ros/humble/include/rclcpp/rclcpp/client.hpp:40[m[K,
[3.974s]                  from [01m[K/opt/ros/humble/include/rclcpp/rclcpp/callback_group.hpp:24[m[K,
[3.974s]                  from [01m[K/opt/ros/humble/include/rclcpp/rclcpp/any_executable.hpp:20[m[K,
[3.974s]                  from [01m[K/opt/ros/humble/include/rclcpp/rclcpp/memory_strategy.hpp:25[m[K,
[3.974s]                  from [01m[K/opt/ros/humble/include/rclcpp/rclcpp/memory_strategies.hpp:18[m[K,
[3.974s]                  from [01m[K/opt/ros/humble/include/rclcpp/rclcpp/executor_options.hpp:20[m[K,
[3.974s]                  from [01m[K/opt/ros/humble/include/rclcpp/rclcpp/executor.hpp:37[m[K,
[3.974s]                  from [01m[K/opt/ros/humble/include/rclcpp/rclcpp/executors/multi_threaded_executor.hpp:25[m[K,
[3.974s]                  from [01m[K/opt/ros/humble/include/rclcpp/rclcpp/executors.hpp:21[m[K,
[3.974s]                  from [01m[K/opt/ros/humble/include/rclcpp/rclcpp/rclcpp.hpp:155[m[K,
[3.974s]                  from [01m[K/home/pretend/code/src/rm_armor_tracker/include/rm_armor_tracker/armor_tracker_node.hpp:3[m[K,
[3.974s]                  from [01m[K/home/pretend/code/src/rm_armor_tracker/src/armor_tracker_node.cpp:1[m[K:
[3.974s] [01m[K/home/pretend/code/src/rm_armor_tracker/src/armor_tracker_node.cpp:73:15:[m[K [01;35m[Kwarning: [m[Kformat ‘[01m[K%ld[m[K’ expects argument of type ‘[01m[Klong int[m[K’, but argument 6 has type ‘[01m[Kbuiltin_interfaces::msg::Time_<std::allocator<void> >::_nanosec_type[m[K’ {aka ‘[01m[Kunsigned int[m[K’} [[01;35m[K]8;;https://gcc.gnu.org/onlinedocs/gcc/Warning-Options.html#index-Wformat=-Wformat=]8;;[m[K]
[3.974s]    73 |               [01;35m[K"  - 时间戳: %ld.%09ld"[m[K, timestamp.sec, [32m[Ktimestamp.nanosec[m[K);
[3.974s]       |               [01;35m[K^~~~~~~~~~~~~~~~~~~~~~~[m[K                 [32m[K~~~~~~~~~~~~~~~~~[m[K
[3.974s]       |                                                                 [32m[K|[m[K
[3.974s]       |                                                                 [32m[Kbuiltin_interfaces::msg::Time_<std::allocator<void> >::_nanosec_type {aka unsigned int}[m[K
[3.974s] [01m[K/home/pretend/code/src/rm_armor_tracker/src/armor_tracker_node.cpp:73:36:[m[K [01;36m[Knote: [m[Kformat string is defined here
[3.974s]    73 |               "  - 时间戳: %ld.[01;36m[K%09ld[m[K", timestamp.sec, timestamp.nanosec);
[3.975s]       |                                [01;36m[K~~~~^[m[K
[3.975s]       |                                    [01;36m[K|[m[K
[3.975s]       |                                    [01;36m[Klong int[m[K
[3.975s]       |                                [32m[K%09d[m[K
[6.925s] [ 66%] [32m[1mLinking CXX shared library libarmor_tracker_component.so[0m
[7.223s] [ 66%] Built target armor_tracker_component
[7.229s] [35m[1mConsolidate compiler generated dependencies of target armor_tracker_main[0m
[7.236s] [ 83%] [32mBuilding CXX object CMakeFiles/armor_tracker_main.dir/src/armor_tracker_main.cpp.o[0m
[8.505s] [100%] [32m[1mLinking CXX executable armor_tracker_main[0m
[8.722s] [100%] Built target armor_tracker_main
[8.727s] Invoked command in '/home/pretend/code/build/rm_armor_tracker' returned '0': CMAKE_PREFIX_PATH=/home/pretend/code/install/rm_msgs:/home/pretend/code/install/video_trial_node:/home/pretend/code/install/rm_rune_detect:/home/pretend/code/install/rm_armor_tracker:/home/pretend/code/install/rm_armor_detect:/home/pretend/code/install/hik_camera:/opt/ros/humble LD_LIBRARY_PATH=/home/pretend/code/install/rm_msgs/lib:/opt/intel/openvino_2025.0.0/runtime/3rdparty/tbb/lib:/opt/intel/openvino_2025.0.0/runtime/lib/intel64:/opt/MVS/lib/64:/opt/MVS/lib/32:/opt/MVS/lib/64:/opt/MVS/lib/32:/home/pretend/code/install/video_trial_node/lib:/home/pretend/code/install/rm_rune_detect/lib:/home/pretend/code/install/rm_armor_tracker/lib:/home/pretend/code/install/rm_armor_detect/lib:/home/pretend/code/install/hik_camera/lib:/opt/intel/openvino_2025.0.0/runtime/3rdparty/tbb/lib:/opt/intel/openvino_2025.0.0/runtime/lib/intel64:/opt/MVS/lib/64:/opt/MVS/lib/32:/opt/ros/humble/opt/rviz_ogre_vendor/lib:/opt/ros/humble/lib/x86_64-linux-gnu:/opt/ros/humble/lib:/opt/MVS/lib/64:/opt/MVS/lib/32:/opt/intel/openvino_2025/runtime/lib/intel64:/opt/intel/openvino_2025/runtime/lib/intel64 /usr/bin/cmake --build /home/pretend/code/build/rm_armor_tracker -- -j32 -l32
[8.728s] Invoking command in '/home/pretend/code/build/rm_armor_tracker': CMAKE_PREFIX_PATH=/home/pretend/code/install/rm_msgs:/home/pretend/code/install/video_trial_node:/home/pretend/code/install/rm_rune_detect:/home/pretend/code/install/rm_armor_tracker:/home/pretend/code/install/rm_armor_detect:/home/pretend/code/install/hik_camera:/opt/ros/humble LD_LIBRARY_PATH=/home/pretend/code/install/rm_msgs/lib:/opt/intel/openvino_2025.0.0/runtime/3rdparty/tbb/lib:/opt/intel/openvino_2025.0.0/runtime/lib/intel64:/opt/MVS/lib/64:/opt/MVS/lib/32:/opt/MVS/lib/64:/opt/MVS/lib/32:/home/pretend/code/install/video_trial_node/lib:/home/pretend/code/install/rm_rune_detect/lib:/home/pretend/code/install/rm_armor_tracker/lib:/home/pretend/code/install/rm_armor_detect/lib:/home/pretend/code/install/hik_camera/lib:/opt/intel/openvino_2025.0.0/runtime/3rdparty/tbb/lib:/opt/intel/openvino_2025.0.0/runtime/lib/intel64:/opt/MVS/lib/64:/opt/MVS/lib/32:/opt/ros/humble/opt/rviz_ogre_vendor/lib:/opt/ros/humble/lib/x86_64-linux-gnu:/opt/ros/humble/lib:/opt/MVS/lib/64:/opt/MVS/lib/32:/opt/intel/openvino_2025/runtime/lib/intel64:/opt/intel/openvino_2025/runtime/lib/intel64 /usr/bin/cmake --install /home/pretend/code/build/rm_armor_tracker
[8.732s] -- Install configuration: ""
[8.732s] -- Up-to-date: /home/pretend/code/install/rm_armor_tracker/lib/rm_armor_tracker/armor_tracker_node
[8.733s] -- Up-to-date: /home/pretend/code/install/rm_armor_tracker/include/
[8.733s] -- Up-to-date: /home/pretend/code/install/rm_armor_tracker/include//rm_armor_tracker
[8.733s] -- Installing: /home/pretend/code/install/rm_armor_tracker/include//rm_armor_tracker/armor_tracker_node.hpp
[8.733s] -- Installing: /home/pretend/code/install/rm_armor_tracker/lib/libarmor_tracker_component.so
[8.736s] -- Set runtime path of "/home/pretend/code/install/rm_armor_tracker/lib/libarmor_tracker_component.so" to ""
[8.737s] -- Installing: /home/pretend/code/install/rm_armor_tracker/lib/rm_armor_tracker/armor_tracker_main
[8.737s] -- Set runtime path of "/home/pretend/code/install/rm_armor_tracker/lib/rm_armor_tracker/armor_tracker_main" to ""
[8.737s] -- Installing: /home/pretend/code/install/rm_armor_tracker/share/ament_index/resource_index/package_run_dependencies/rm_armor_tracker
[8.737s] -- Installing: /home/pretend/code/install/rm_armor_tracker/share/ament_index/resource_index/parent_prefix_path/rm_armor_tracker
[8.738s] -- Up-to-date: /home/pretend/code/install/rm_armor_tracker/share/rm_armor_tracker/environment/ament_prefix_path.sh
[8.738s] -- Installing: /home/pretend/code/install/rm_armor_tracker/share/rm_armor_tracker/environment/ament_prefix_path.dsv
[8.738s] -- Up-to-date: /home/pretend/code/install/rm_armor_tracker/share/rm_armor_tracker/environment/path.sh
[8.738s] -- Installing: /home/pretend/code/install/rm_armor_tracker/share/rm_armor_tracker/environment/path.dsv
[8.738s] -- Up-to-date: /home/pretend/code/install/rm_armor_tracker/share/rm_armor_tracker/local_setup.bash
[8.738s] -- Up-to-date: /home/pretend/code/install/rm_armor_tracker/share/rm_armor_tracker/local_setup.sh
[8.738s] -- Up-to-date: /home/pretend/code/install/rm_armor_tracker/share/rm_armor_tracker/local_setup.zsh
[8.738s] -- Installing: /home/pretend/code/install/rm_armor_tracker/share/rm_armor_tracker/local_setup.dsv
[8.739s] -- Installing: /home/pretend/code/install/rm_armor_tracker/share/rm_armor_tracker/package.dsv
[8.739s] -- Up-to-date: /home/pretend/code/install/rm_armor_tracker/share/ament_index/resource_index/packages/rm_armor_tracker
[8.739s] -- Up-to-date: /home/pretend/code/install/rm_armor_tracker/share/ament_index/resource_index/rclcpp_components/rm_armor_tracker
[8.739s] -- Up-to-date: /home/pretend/code/install/rm_armor_tracker/share/rm_armor_tracker/cmake/rm_armor_trackerConfig.cmake
[8.739s] -- Up-to-date: /home/pretend/code/install/rm_armor_tracker/share/rm_armor_tracker/cmake/rm_armor_trackerConfig-version.cmake
[8.739s] -- Installing: /home/pretend/code/install/rm_armor_tracker/share/rm_armor_tracker/package.xml
[8.740s] Invoked command in '/home/pretend/code/build/rm_armor_tracker' returned '0': CMAKE_PREFIX_PATH=/home/pretend/code/install/rm_msgs:/home/pretend/code/install/video_trial_node:/home/pretend/code/install/rm_rune_detect:/home/pretend/code/install/rm_armor_tracker:/home/pretend/code/install/rm_armor_detect:/home/pretend/code/install/hik_camera:/opt/ros/humble LD_LIBRARY_PATH=/home/pretend/code/install/rm_msgs/lib:/opt/intel/openvino_2025.0.0/runtime/3rdparty/tbb/lib:/opt/intel/openvino_2025.0.0/runtime/lib/intel64:/opt/MVS/lib/64:/opt/MVS/lib/32:/opt/MVS/lib/64:/opt/MVS/lib/32:/home/pretend/code/install/video_trial_node/lib:/home/pretend/code/install/rm_rune_detect/lib:/home/pretend/code/install/rm_armor_tracker/lib:/home/pretend/code/install/rm_armor_detect/lib:/home/pretend/code/install/hik_camera/lib:/opt/intel/openvino_2025.0.0/runtime/3rdparty/tbb/lib:/opt/intel/openvino_2025.0.0/runtime/lib/intel64:/opt/MVS/lib/64:/opt/MVS/lib/32:/opt/ros/humble/opt/rviz_ogre_vendor/lib:/opt/ros/humble/lib/x86_64-linux-gnu:/opt/ros/humble/lib:/opt/MVS/lib/64:/opt/MVS/lib/32:/opt/intel/openvino_2025/runtime/lib/intel64:/opt/intel/openvino_2025/runtime/lib/intel64 /usr/bin/cmake --install /home/pretend/code/build/rm_armor_tracker
