[0.012s] Invoking command in '/home/pretend/code/build/rm_rune_detect': CMAKE_PREFIX_PATH=${CMAKE_PREFIX_PATH}:/opt/ros/humble /usr/bin/cmake --build /home/pretend/code/build/rm_rune_detect -- -j32 -l32
[0.059s] [35m[1mConsolidate compiler generated dependencies of target rune_detect_node[0m
[0.059s] [35m[1mConsolidate compiler generated dependencies of target rm_rune_detect[0m
[0.070s] [ 22%] [32mBuilding CXX object CMakeFiles/rm_rune_detect.dir/src/preprocess.cpp.o[0m
[0.070s] [ 22%] [32mBuilding CXX object CMakeFiles/rm_rune_detect.dir/src/rune_detect_node.cpp.o[0m
[0.072s] [ 33%] [32mBuilding CXX object CMakeFiles/rune_detect_node.dir/src/rune_detect_node.cpp.o[0m
[0.072s] [ 44%] [32mBuilding CXX object CMakeFiles/rune_detect_node.dir/src/preprocess.cpp.o[0m
[7.325s] [ 55%] [32m[1mLinking CXX shared library librm_rune_detect.so[0m
[7.327s] [ 66%] [32m[1mLinking CXX executable rune_detect_node[0m
[8.285s] [ 77%] Built target rm_rune_detect
[8.508s] [100%] Built target rune_detect_node
[8.514s] Invoked command in '/home/pretend/code/build/rm_rune_detect' returned '0': CMAKE_PREFIX_PATH=${CMAKE_PREFIX_PATH}:/opt/ros/humble /usr/bin/cmake --build /home/pretend/code/build/rm_rune_detect -- -j32 -l32
[8.517s] Invoking command in '/home/pretend/code/build/rm_rune_detect': CMAKE_PREFIX_PATH=${CMAKE_PREFIX_PATH}:/opt/ros/humble /usr/bin/cmake --install /home/pretend/code/build/rm_rune_detect
[8.520s] -- Install configuration: ""
[8.521s] -- Execute custom install script
[8.521s] -- Up-to-date symlink: /home/pretend/code/install/rm_rune_detect/lib/rm_rune_detect/rune_detect_node
[8.522s] -- Up-to-date symlink: /home/pretend/code/install/rm_rune_detect/lib/librm_rune_detect.so
[8.522s] -- Up-to-date symlink: /home/pretend/code/install/rm_rune_detect/include//rm_rune_detect/common_types.hpp
[8.522s] -- Up-to-date symlink: /home/pretend/code/install/rm_rune_detect/include//rm_rune_detect/openvino_detect.hpp
[8.522s] -- Up-to-date symlink: /home/pretend/code/install/rm_rune_detect/include//rm_rune_detect/preprocess.hpp
[8.523s] -- Up-to-date symlink: /home/pretend/code/install/rm_rune_detect/include//rm_rune_detect/rune_detect_node.hpp
[8.523s] -- Up-to-date symlink: /home/pretend/code/install/rm_rune_detect/share/rm_rune_detect/models/rune_detect_320.onnx
[8.524s] -- Up-to-date symlink: /home/pretend/code/install/rm_rune_detect/share/rm_rune_detect/launch/rune_detect.launch.py
[8.524s] -- Up-to-date symlink: /home/pretend/code/install/rm_rune_detect/share/ament_index/resource_index/package_run_dependencies/rm_rune_detect
[8.524s] -- Up-to-date symlink: /home/pretend/code/install/rm_rune_detect/share/ament_index/resource_index/parent_prefix_path/rm_rune_detect
[8.524s] -- Up-to-date symlink: /home/pretend/code/install/rm_rune_detect/share/rm_rune_detect/environment/ament_prefix_path.sh
[8.524s] -- Up-to-date symlink: /home/pretend/code/install/rm_rune_detect/share/rm_rune_detect/environment/ament_prefix_path.dsv
[8.525s] -- Up-to-date symlink: /home/pretend/code/install/rm_rune_detect/share/rm_rune_detect/environment/path.sh
[8.525s] -- Up-to-date symlink: /home/pretend/code/install/rm_rune_detect/share/rm_rune_detect/environment/path.dsv
[8.525s] -- Up-to-date symlink: /home/pretend/code/install/rm_rune_detect/share/rm_rune_detect/local_setup.bash
[8.525s] -- Up-to-date symlink: /home/pretend/code/install/rm_rune_detect/share/rm_rune_detect/local_setup.sh
[8.525s] -- Up-to-date symlink: /home/pretend/code/install/rm_rune_detect/share/rm_rune_detect/local_setup.zsh
[8.526s] -- Up-to-date symlink: /home/pretend/code/install/rm_rune_detect/share/rm_rune_detect/local_setup.dsv
[8.526s] -- Symlinking: /home/pretend/code/install/rm_rune_detect/share/rm_rune_detect/package.dsv
[8.529s] -- Up-to-date symlink: /home/pretend/code/install/rm_rune_detect/share/ament_index/resource_index/packages/rm_rune_detect
[8.530s] -- Up-to-date symlink: /home/pretend/code/install/rm_rune_detect/share/ament_index/resource_index/rclcpp_components/rm_rune_detect
[8.530s] -- Up-to-date symlink: /home/pretend/code/install/rm_rune_detect/share/rm_rune_detect/cmake/rm_rune_detectConfig.cmake
[8.530s] -- Up-to-date symlink: /home/pretend/code/install/rm_rune_detect/share/rm_rune_detect/cmake/rm_rune_detectConfig-version.cmake
[8.530s] -- Up-to-date symlink: /home/pretend/code/install/rm_rune_detect/share/rm_rune_detect/package.xml
[8.531s] Invoked command in '/home/pretend/code/build/rm_rune_detect' returned '0': CMAKE_PREFIX_PATH=${CMAKE_PREFIX_PATH}:/opt/ros/humble /usr/bin/cmake --install /home/pretend/code/build/rm_rune_detect
