[0.008s] Invoking command in '/home/pretend/code/build/rm_rune_detect': CMAKE_PREFIX_PATH=${CMAKE_PREFIX_PATH}:/opt/ros/humble /usr/bin/cmake --build /home/pretend/code/build/rm_rune_detect -- -j32 -l32
[0.027s] [35m[1mConsolidate compiler generated dependencies of target rune_detect_node[0m
[0.028s] [35m[1mConsolidate compiler generated dependencies of target rm_rune_detect[0m
[0.040s] [ 55%] Built target rune_detect_node
[0.040s] [100%] Built target rm_rune_detect
[0.047s] Invoked command in '/home/pretend/code/build/rm_rune_detect' returned '0': CMAKE_PREFIX_PATH=${CMAKE_PREFIX_PATH}:/opt/ros/humble /usr/bin/cmake --build /home/pretend/code/build/rm_rune_detect -- -j32 -l32
[0.049s] Invoking command in '/home/pretend/code/build/rm_rune_detect': CMAKE_PREFIX_PATH=${CMAKE_PREFIX_PATH}:/opt/ros/humble /usr/bin/cmake --install /home/pretend/code/build/rm_rune_detect
[0.055s] -- Install configuration: ""
[0.055s] -- Up-to-date: /home/pretend/code/install/rm_rune_detect/lib/rm_rune_detect/rune_detect_node
[0.056s] -- Up-to-date: /home/pretend/code/install/rm_rune_detect/lib/librm_rune_detect.so
[0.056s] -- Up-to-date: /home/pretend/code/install/rm_rune_detect/include/
[0.056s] -- Up-to-date: /home/pretend/code/install/rm_rune_detect/include//rm_rune_detect
[0.056s] -- Up-to-date: /home/pretend/code/install/rm_rune_detect/include//rm_rune_detect/common_types.hpp
[0.056s] -- Up-to-date: /home/pretend/code/install/rm_rune_detect/include//rm_rune_detect/onnxruntime_detect.hpp
[0.056s] -- Up-to-date: /home/pretend/code/install/rm_rune_detect/include//rm_rune_detect/preprocess.hpp
[0.056s] -- Up-to-date: /home/pretend/code/install/rm_rune_detect/include//rm_rune_detect/openvino_detect.hpp
[0.056s] -- Up-to-date: /home/pretend/code/install/rm_rune_detect/include//rm_rune_detect/rune_detect_node.hpp
[0.056s] -- Up-to-date: /home/pretend/code/install/rm_rune_detect/share/rm_rune_detect/models
[0.056s] -- Up-to-date: /home/pretend/code/install/rm_rune_detect/share/rm_rune_detect/models/rune_detect_320.onnx
[0.056s] -- Up-to-date: /home/pretend/code/install/rm_rune_detect/share/rm_rune_detect/launch
[0.056s] -- Up-to-date: /home/pretend/code/install/rm_rune_detect/share/rm_rune_detect/launch/rune_detect.launch.py
[0.056s] -- Up-to-date: /home/pretend/code/install/rm_rune_detect/share/ament_index/resource_index/package_run_dependencies/rm_rune_detect
[0.056s] -- Up-to-date: /home/pretend/code/install/rm_rune_detect/share/ament_index/resource_index/parent_prefix_path/rm_rune_detect
[0.056s] -- Up-to-date: /home/pretend/code/install/rm_rune_detect/share/rm_rune_detect/environment/ament_prefix_path.sh
[0.057s] -- Up-to-date: /home/pretend/code/install/rm_rune_detect/share/rm_rune_detect/environment/ament_prefix_path.dsv
[0.057s] -- Up-to-date: /home/pretend/code/install/rm_rune_detect/share/rm_rune_detect/environment/path.sh
[0.057s] -- Up-to-date: /home/pretend/code/install/rm_rune_detect/share/rm_rune_detect/environment/path.dsv
[0.057s] -- Up-to-date: /home/pretend/code/install/rm_rune_detect/share/rm_rune_detect/local_setup.bash
[0.057s] -- Up-to-date: /home/pretend/code/install/rm_rune_detect/share/rm_rune_detect/local_setup.sh
[0.057s] -- Up-to-date: /home/pretend/code/install/rm_rune_detect/share/rm_rune_detect/local_setup.zsh
[0.057s] -- Up-to-date: /home/pretend/code/install/rm_rune_detect/share/rm_rune_detect/local_setup.dsv
[0.057s] -- Installing: /home/pretend/code/install/rm_rune_detect/share/rm_rune_detect/package.dsv
[0.057s] -- Up-to-date: /home/pretend/code/install/rm_rune_detect/share/ament_index/resource_index/packages/rm_rune_detect
[0.057s] -- Up-to-date: /home/pretend/code/install/rm_rune_detect/share/ament_index/resource_index/rclcpp_components/rm_rune_detect
[0.058s] -- Up-to-date: /home/pretend/code/install/rm_rune_detect/share/rm_rune_detect/cmake/rm_rune_detectConfig.cmake
[0.058s] -- Up-to-date: /home/pretend/code/install/rm_rune_detect/share/rm_rune_detect/cmake/rm_rune_detectConfig-version.cmake
[0.058s] -- Up-to-date: /home/pretend/code/install/rm_rune_detect/share/rm_rune_detect/package.xml
[0.083s] Invoked command in '/home/pretend/code/build/rm_rune_detect' returned '0': CMAKE_PREFIX_PATH=${CMAKE_PREFIX_PATH}:/opt/ros/humble /usr/bin/cmake --install /home/pretend/code/build/rm_rune_detect
