[0.019s] Invoking command in '/home/pretend/code/build/rm_armor_detect': CMAKE_PREFIX_PATH=${CMAKE_PREFIX_PATH}:/opt/ros/humble /usr/bin/cmake --build /home/pretend/code/build/rm_armor_detect -- -j32 -l32
[0.050s] [35m[1mConsolidate compiler generated dependencies of target video_subscriber_component[0m
[0.059s] [ 33%] Built target video_subscriber_node
[0.065s] [ 50%] [32mBuilding CXX object CMakeFiles/video_subscriber_component.dir/src/video_subscriber_node.cpp.o[0m
[2.059s] [01m[K/home/pretend/code/src/rm_armor_detect/src/video_subscriber_node.cpp:[m[K In member function ‘[01m[Kvoid rm_armor_detect::VideoSubscriberNode::display_thread_func()[m[K’:
[2.059s] [01m[K/home/pretend/code/src/rm_armor_detect/src/video_subscriber_node.cpp:139:16:[m[K [01;35m[Kwarning: [m[Kunused variable ‘[01m[Kalpha[m[K’ [[01;35m[K]8;;https://gcc.gnu.org/onlinedocs/gcc/Warning-Options.html#index-Wunused-variable-Wunused-variable]8;;[m[K]
[2.059s]   139 |         double [01;35m[Kalpha[m[K = 1.0;  // 保持对比度不变
[2.060s]       |                [01;35m[K^~~~~[m[K
[8.231s] [ 66%] [32m[1mLinking CXX shared library libvideo_subscriber_component.so[0m
[8.711s] [ 66%] Built target video_subscriber_component
[8.719s] [35m[1mConsolidate compiler generated dependencies of target video_subscriber_main[0m
[8.729s] [ 83%] [32m[1mLinking CXX executable video_subscriber_main[0m
[9.380s] [100%] Built target video_subscriber_main
[9.388s] Invoked command in '/home/pretend/code/build/rm_armor_detect' returned '0': CMAKE_PREFIX_PATH=${CMAKE_PREFIX_PATH}:/opt/ros/humble /usr/bin/cmake --build /home/pretend/code/build/rm_armor_detect -- -j32 -l32
[9.390s] Invoking command in '/home/pretend/code/build/rm_armor_detect': CMAKE_PREFIX_PATH=${CMAKE_PREFIX_PATH}:/opt/ros/humble /usr/bin/cmake --install /home/pretend/code/build/rm_armor_detect
[9.394s] -- Install configuration: "Release"
[9.395s] -- Execute custom install script
[9.395s] -- Up-to-date symlink: /home/pretend/code/install/rm_armor_detect/lib/rm_armor_detect/video_subscriber_node
[9.395s] -- Up-to-date symlink: /home/pretend/code/install/rm_armor_detect/include//rm_armor_detect/video_subscriber_node.hpp
[9.395s] -- Up-to-date symlink: /home/pretend/code/install/rm_armor_detect/lib/libvideo_subscriber_component.so
[9.395s] -- Up-to-date symlink: /home/pretend/code/install/rm_armor_detect/lib/rm_armor_detect/video_subscriber_main
[9.395s] -- Up-to-date symlink: /home/pretend/code/install/rm_armor_detect/share/ament_index/resource_index/package_run_dependencies/rm_armor_detect
[9.396s] -- Up-to-date symlink: /home/pretend/code/install/rm_armor_detect/share/ament_index/resource_index/parent_prefix_path/rm_armor_detect
[9.396s] -- Up-to-date symlink: /home/pretend/code/install/rm_armor_detect/share/rm_armor_detect/environment/ament_prefix_path.sh
[9.396s] -- Up-to-date symlink: /home/pretend/code/install/rm_armor_detect/share/rm_armor_detect/environment/ament_prefix_path.dsv
[9.396s] -- Up-to-date symlink: /home/pretend/code/install/rm_armor_detect/share/rm_armor_detect/environment/path.sh
[9.396s] -- Up-to-date symlink: /home/pretend/code/install/rm_armor_detect/share/rm_armor_detect/environment/path.dsv
[9.396s] -- Up-to-date symlink: /home/pretend/code/install/rm_armor_detect/share/rm_armor_detect/local_setup.bash
[9.396s] -- Up-to-date symlink: /home/pretend/code/install/rm_armor_detect/share/rm_armor_detect/local_setup.sh
[9.396s] -- Up-to-date symlink: /home/pretend/code/install/rm_armor_detect/share/rm_armor_detect/local_setup.zsh
[9.396s] -- Up-to-date symlink: /home/pretend/code/install/rm_armor_detect/share/rm_armor_detect/local_setup.dsv
[9.396s] -- Symlinking: /home/pretend/code/install/rm_armor_detect/share/rm_armor_detect/package.dsv
[9.402s] -- Up-to-date symlink: /home/pretend/code/install/rm_armor_detect/share/ament_index/resource_index/packages/rm_armor_detect
[9.402s] -- Up-to-date symlink: /home/pretend/code/install/rm_armor_detect/share/ament_index/resource_index/rclcpp_components/rm_armor_detect
[9.402s] -- Up-to-date symlink: /home/pretend/code/install/rm_armor_detect/share/rm_armor_detect/cmake/rm_armor_detectConfig.cmake
[9.402s] -- Up-to-date symlink: /home/pretend/code/install/rm_armor_detect/share/rm_armor_detect/cmake/rm_armor_detectConfig-version.cmake
[9.402s] -- Up-to-date symlink: /home/pretend/code/install/rm_armor_detect/share/rm_armor_detect/package.xml
[9.403s] Invoked command in '/home/pretend/code/build/rm_armor_detect' returned '0': CMAKE_PREFIX_PATH=${CMAKE_PREFIX_PATH}:/opt/ros/humble /usr/bin/cmake --install /home/pretend/code/build/rm_armor_detect
