[0.007s] Invoking command in '/home/pretend/code/build/rm_armor_detect': CMAKE_PREFIX_PATH=${CMAKE_PREFIX_PATH}:/opt/ros/humble /usr/bin/cmake --build /home/pretend/code/build/rm_armor_detect -- -j32 -l32
[0.033s] [35m[1mConsolidate compiler generated dependencies of target rm_armor_detect[0m
[0.034s] [35m[1mConsolidate compiler generated dependencies of target armor_detect_node[0m
[0.046s] [ 20%] [32mBuilding CXX object CMakeFiles/rm_armor_detect.dir/src/armor_detect_node.cpp.o[0m
[0.048s] [ 40%] [32mBuilding CXX object CMakeFiles/armor_detect_node.dir/src/armor_detect_main.cpp.o[0m
[0.049s] [ 60%] [32mBuilding CXX object CMakeFiles/armor_detect_node.dir/src/armor_detect_node.cpp.o[0m
[11.005s] [ 80%] [32m[1mLinking CXX executable armor_detect_node[0m
[11.195s] [100%] [32m[1mLinking CXX shared library librm_armor_detect.so[0m
[11.560s] [100%] Built target rm_armor_detect
[11.621s] [100%] Built target armor_detect_node
[11.629s] Invoked command in '/home/pretend/code/build/rm_armor_detect' returned '0': CMAKE_PREFIX_PATH=${CMAKE_PREFIX_PATH}:/opt/ros/humble /usr/bin/cmake --build /home/pretend/code/build/rm_armor_detect -- -j32 -l32
[11.636s] Invoking command in '/home/pretend/code/build/rm_armor_detect': CMAKE_PREFIX_PATH=${CMAKE_PREFIX_PATH}:/opt/ros/humble /usr/bin/cmake --install /home/pretend/code/build/rm_armor_detect
[11.640s] -- Install configuration: "Release"
[11.640s] -- Execute custom install script
[11.641s] -- Up-to-date symlink: /home/pretend/code/install/rm_armor_detect/lib/rm_armor_detect/armor_detect_node
[11.641s] -- Up-to-date symlink: /home/pretend/code/install/rm_armor_detect/lib/librm_armor_detect.so
[11.641s] -- Up-to-date symlink: /home/pretend/code/install/rm_armor_detect/include//rm_armor_detect/armor_detect_node.hpp
[11.641s] -- Up-to-date symlink: /home/pretend/code/install/rm_armor_detect/share/rm_armor_detect/models/armor.onnx
[11.641s] -- Up-to-date symlink: /home/pretend/code/install/rm_armor_detect/share/rm_armor_detect/models/armor_yolov8.onnx
[11.641s] -- Up-to-date symlink: /home/pretend/code/install/rm_armor_detect/share/rm_armor_detect/launch/armor_detect.launch.py
[11.641s] -- Up-to-date symlink: /home/pretend/code/install/rm_armor_detect/share/ament_index/resource_index/package_run_dependencies/rm_armor_detect
[11.642s] -- Up-to-date symlink: /home/pretend/code/install/rm_armor_detect/share/ament_index/resource_index/parent_prefix_path/rm_armor_detect
[11.642s] -- Up-to-date symlink: /home/pretend/code/install/rm_armor_detect/share/rm_armor_detect/environment/ament_prefix_path.sh
[11.642s] -- Up-to-date symlink: /home/pretend/code/install/rm_armor_detect/share/rm_armor_detect/environment/ament_prefix_path.dsv
[11.642s] -- Up-to-date symlink: /home/pretend/code/install/rm_armor_detect/share/rm_armor_detect/environment/path.sh
[11.642s] -- Up-to-date symlink: /home/pretend/code/install/rm_armor_detect/share/rm_armor_detect/environment/path.dsv
[11.642s] -- Up-to-date symlink: /home/pretend/code/install/rm_armor_detect/share/rm_armor_detect/local_setup.bash
[11.642s] -- Up-to-date symlink: /home/pretend/code/install/rm_armor_detect/share/rm_armor_detect/local_setup.sh
[11.642s] -- Up-to-date symlink: /home/pretend/code/install/rm_armor_detect/share/rm_armor_detect/local_setup.zsh
[11.643s] -- Up-to-date symlink: /home/pretend/code/install/rm_armor_detect/share/rm_armor_detect/local_setup.dsv
[11.643s] -- Symlinking: /home/pretend/code/install/rm_armor_detect/share/rm_armor_detect/package.dsv
[11.648s] -- Up-to-date symlink: /home/pretend/code/install/rm_armor_detect/share/ament_index/resource_index/packages/rm_armor_detect
[11.648s] -- Up-to-date symlink: /home/pretend/code/install/rm_armor_detect/share/ament_index/resource_index/rclcpp_components/rm_armor_detect
[11.648s] -- Up-to-date symlink: /home/pretend/code/install/rm_armor_detect/share/rm_armor_detect/cmake/rm_armor_detectConfig.cmake
[11.648s] -- Up-to-date symlink: /home/pretend/code/install/rm_armor_detect/share/rm_armor_detect/cmake/rm_armor_detectConfig-version.cmake
[11.649s] -- Up-to-date symlink: /home/pretend/code/install/rm_armor_detect/share/rm_armor_detect/package.xml
[11.650s] Invoked command in '/home/pretend/code/build/rm_armor_detect' returned '0': CMAKE_PREFIX_PATH=${CMAKE_PREFIX_PATH}:/opt/ros/humble /usr/bin/cmake --install /home/pretend/code/build/rm_armor_detect
