[0.012s] Invoking command in '/home/pretend/code/build/rm_armor_detect': CMAKE_PREFIX_PATH=${CMAKE_PREFIX_PATH}:/opt/ros/humble /usr/bin/cmake --build /home/pretend/code/build/rm_armor_detect -- -j32 -l32
[0.036s] [35m[1mConsolidate compiler generated dependencies of target video_subscriber_component[0m
[0.039s] [ 20%] Built target video_subscriber_node
[0.047s] [ 30%] [32mBuilding CXX object CMakeFiles/video_subscriber_component.dir/src/video_subscriber_node.cpp.o[0m
[5.474s] [ 40%] [32m[1mLinking CXX shared library libvideo_subscriber_component.so[0m
[5.849s] [ 80%] Built target video_subscriber_component
[5.861s] [ 90%] [32m[1mLinking CXX executable video_subscriber_main[0m
[6.202s] [100%] Built target video_subscriber_main
[6.207s] Invoked command in '/home/pretend/code/build/rm_armor_detect' returned '0': CMAKE_PREFIX_PATH=${CMAKE_PREFIX_PATH}:/opt/ros/humble /usr/bin/cmake --build /home/pretend/code/build/rm_armor_detect -- -j32 -l32
[6.208s] Invoking command in '/home/pretend/code/build/rm_armor_detect': CMAKE_PREFIX_PATH=${CMAKE_PREFIX_PATH}:/opt/ros/humble /usr/bin/cmake --install /home/pretend/code/build/rm_armor_detect
[6.211s] -- Install configuration: ""
[6.211s] -- Up-to-date: /home/pretend/code/install/rm_armor_detect/lib/rm_armor_detect/video_subscriber_node
[6.212s] -- Up-to-date: /home/pretend/code/install/rm_armor_detect/include/
[6.212s] -- Up-to-date: /home/pretend/code/install/rm_armor_detect/include//rm_armor_detect
[6.212s] -- Up-to-date: /home/pretend/code/install/rm_armor_detect/include//rm_armor_detect/video_subscriber_node.hpp
[6.212s] -- Up-to-date: /home/pretend/code/install/rm_armor_detect/include//rm_armor_detect/number_classifier.hpp
[6.212s] -- Up-to-date: /home/pretend/code/install/rm_armor_detect/include//rm_armor_detect/armor_types.hpp
[6.212s] -- Up-to-date: /home/pretend/code/install/rm_armor_detect/include//rm_armor_detect/car_detector.hpp
[6.212s] -- Up-to-date: /home/pretend/code/install/rm_armor_detect/include//rm_armor_detect/simple_lights_detector.hpp
[6.212s] -- Up-to-date: /home/pretend/code/install/rm_armor_detect/include//rm_armor_detect/openvino_armor_detector.hpp
[6.212s] -- Installing: /home/pretend/code/install/rm_armor_detect/lib/libvideo_subscriber_component.so
[6.215s] -- Set runtime path of "/home/pretend/code/install/rm_armor_detect/lib/libvideo_subscriber_component.so" to ""
[6.215s] -- Installing: /home/pretend/code/install/rm_armor_detect/lib/rm_armor_detect/video_subscriber_main
[6.216s] -- Set runtime path of "/home/pretend/code/install/rm_armor_detect/lib/rm_armor_detect/video_subscriber_main" to ""
[6.216s] -- Up-to-date: /home/pretend/code/install/rm_armor_detect/share/rm_armor_detect/models/
[6.216s] -- Up-to-date: /home/pretend/code/install/rm_armor_detect/share/rm_armor_detect/models//number
[6.216s] -- Up-to-date: /home/pretend/code/install/rm_armor_detect/share/rm_armor_detect/models//number/mlp.onnx
[6.216s] -- Up-to-date: /home/pretend/code/install/rm_armor_detect/share/rm_armor_detect/models//number/label.txt
[6.216s] -- Up-to-date: /home/pretend/code/install/rm_armor_detect/share/rm_armor_detect/models//car
[6.216s] -- Up-to-date: /home/pretend/code/install/rm_armor_detect/share/rm_armor_detect/models//car/car.onnx
[6.216s] -- Up-to-date: /home/pretend/code/install/rm_armor_detect/share/rm_armor_detect/models//armor
[6.216s] -- Up-to-date: /home/pretend/code/install/rm_armor_detect/share/rm_armor_detect/models//armor/armor.onnx
[6.216s] -- Up-to-date: /home/pretend/code/install/rm_armor_detect/share/ament_index/resource_index/package_run_dependencies/rm_armor_detect
[6.216s] -- Up-to-date: /home/pretend/code/install/rm_armor_detect/share/ament_index/resource_index/parent_prefix_path/rm_armor_detect
[6.216s] -- Up-to-date: /home/pretend/code/install/rm_armor_detect/share/rm_armor_detect/environment/ament_prefix_path.sh
[6.216s] -- Up-to-date: /home/pretend/code/install/rm_armor_detect/share/rm_armor_detect/environment/ament_prefix_path.dsv
[6.216s] -- Up-to-date: /home/pretend/code/install/rm_armor_detect/share/rm_armor_detect/environment/path.sh
[6.216s] -- Up-to-date: /home/pretend/code/install/rm_armor_detect/share/rm_armor_detect/environment/path.dsv
[6.216s] -- Up-to-date: /home/pretend/code/install/rm_armor_detect/share/rm_armor_detect/local_setup.bash
[6.216s] -- Up-to-date: /home/pretend/code/install/rm_armor_detect/share/rm_armor_detect/local_setup.sh
[6.216s] -- Up-to-date: /home/pretend/code/install/rm_armor_detect/share/rm_armor_detect/local_setup.zsh
[6.216s] -- Up-to-date: /home/pretend/code/install/rm_armor_detect/share/rm_armor_detect/local_setup.dsv
[6.216s] -- Installing: /home/pretend/code/install/rm_armor_detect/share/rm_armor_detect/package.dsv
[6.216s] -- Up-to-date: /home/pretend/code/install/rm_armor_detect/share/ament_index/resource_index/packages/rm_armor_detect
[6.216s] -- Up-to-date: /home/pretend/code/install/rm_armor_detect/share/ament_index/resource_index/rclcpp_components/rm_armor_detect
[6.216s] -- Up-to-date: /home/pretend/code/install/rm_armor_detect/share/rm_armor_detect/cmake/rm_armor_detectConfig.cmake
[6.216s] -- Up-to-date: /home/pretend/code/install/rm_armor_detect/share/rm_armor_detect/cmake/rm_armor_detectConfig-version.cmake
[6.217s] -- Up-to-date: /home/pretend/code/install/rm_armor_detect/share/rm_armor_detect/package.xml
[6.218s] Invoked command in '/home/pretend/code/build/rm_armor_detect' returned '0': CMAKE_PREFIX_PATH=${CMAKE_PREFIX_PATH}:/opt/ros/humble /usr/bin/cmake --install /home/pretend/code/build/rm_armor_detect
