[0.019s] Invoking command in '/home/pretend/code/build/rm_armor_detector': CMAKE_PREFIX_PATH=${CMAKE_PREFIX_PATH}:/opt/ros/humble /usr/bin/cmake /home/pretend/code/src/armor_detect参考代码 -DCMAKE_INSTALL_PREFIX=/home/pretend/code/install/rm_armor_detector
[0.323s] -- The C compiler identification is GNU 11.4.0
[1.594s] -- The CXX compiler identification is GNU 11.4.0
[2.551s] -- Detecting C compiler ABI info
[2.824s] -- Detecting C compiler ABI info - done
[2.828s] -- Check for working C compiler: /usr/bin/cc - skipped
[2.828s] -- Detecting C compile features
[2.828s] -- Detecting C compile features - done
[2.830s] -- Detecting CXX compiler ABI info
[3.112s] -- Detecting CXX compiler ABI info - done
[3.116s] -- Check for working CXX compiler: /usr/bin/c++ - skipped
[3.116s] -- Detecting CXX compile features
[3.117s] -- Detecting CXX compile features - done
[3.121s] -- Found ament_cmake_auto: 1.3.11 (/opt/ros/humble/share/ament_cmake_auto/cmake)
[3.219s] -- Found Python3: /usr/bin/python3 (found version "3.10.12") found components: Interpreter 
[3.628s] -- Found rosidl_generator_c: 3.1.6 (/opt/ros/humble/share/rosidl_generator_c/cmake)
[3.631s] -- Found rosidl_adapter: 3.1.6 (/opt/ros/humble/share/rosidl_adapter/cmake)
[3.635s] -- Found rosidl_generator_cpp: 3.1.6 (/opt/ros/humble/share/rosidl_generator_cpp/cmake)
[3.643s] -- Using all available rosidl_typesupport_c: rosidl_typesupport_fastrtps_c;rosidl_typesupport_introspection_c
[3.654s] -- Using all available rosidl_typesupport_cpp: rosidl_typesupport_fastrtps_cpp;rosidl_typesupport_introspection_cpp
[3.682s] -- Found rmw_implementation_cmake: 6.1.2 (/opt/ros/humble/share/rmw_implementation_cmake/cmake)
[3.683s] -- Found rmw_fastrtps_cpp: 6.2.7 (/opt/ros/humble/share/rmw_fastrtps_cpp/cmake)
[7.431s] -- Found OpenSSL: /usr/lib/x86_64-linux-gnu/libcrypto.so (found version "3.0.2")  
[11.330s] -- Found FastRTPS: /opt/ros/humble/include  
[18.577s] -- Using RMW implementation 'rmw_fastrtps_cpp' as default
[18.582s] -- Looking for pthread.h
[18.877s] -- Looking for pthread.h - found
[18.877s] -- Performing Test CMAKE_HAVE_LIBC_PTHREAD
[19.170s] -- Performing Test CMAKE_HAVE_LIBC_PTHREAD - Success
[19.170s] -- Found Threads: TRUE  
[19.499s] -- Found eigen3_cmake_module: 0.1.1 (/opt/ros/humble/share/eigen3_cmake_module/cmake)
[19.501s] -- Found Eigen3: TRUE (found version "3.4.0") 
[19.501s] -- Ensuring Eigen3 include directory is part of orocos-kdl CMake target
[27.457s] -- Found ament_lint_auto: 0.12.12 (/opt/ros/humble/share/ament_lint_auto/cmake)
[27.468s] -- Added test 'cppcheck' to perform static code analysis on C / C++ code
[27.468s] -- Configured cppcheck include dirs: /home/pretend/code/src/armor_detect参考代码/include;/home/pretend/code/src/armor_detect参考代码/include/rm_armor_detector/detector_node
[27.468s] -- Configured cppcheck exclude dirs and/or files: 
[27.469s] -- Added test 'lint_cmake' to check CMake code style
[27.470s] -- Added test 'uncrustify' to check C / C++ code style
[27.470s] -- Configured uncrustify additional arguments: 
[27.471s] -- Added test 'xmllint' to check XML markup files
[27.476s] -- Configuring done
[27.491s] -- Generating done
[27.496s] -- Build files have been written to: /home/pretend/code/build/rm_armor_detector
[27.507s] Invoked command in '/home/pretend/code/build/rm_armor_detector' returned '0': CMAKE_PREFIX_PATH=${CMAKE_PREFIX_PATH}:/opt/ros/humble /usr/bin/cmake /home/pretend/code/src/armor_detect参考代码 -DCMAKE_INSTALL_PREFIX=/home/pretend/code/install/rm_armor_detector
[27.509s] Invoking command in '/home/pretend/code/build/rm_armor_detector': CMAKE_PREFIX_PATH=${CMAKE_PREFIX_PATH}:/opt/ros/humble /usr/bin/cmake --build /home/pretend/code/build/rm_armor_detector -- -j32 -l32
[27.542s] [ 25%] [32mBuilding CXX object CMakeFiles/rm_armor_detector.dir/src/detector_node/detector_node.cpp.o[0m
[27.543s] [ 25%] [32mBuilding CXX object CMakeFiles/rm_armor_detector.dir/src/detector_node/lights_detector.cpp.o[0m
[27.543s] [ 37%] [32mBuilding CXX object CMakeFiles/rm_armor_detector.dir/src/detector_node/number_classifier.cpp.o[0m
[27.543s] [ 50%] [32mBuilding CXX object CMakeFiles/rm_armor_detector.dir/src/detector_node/projection_yaw.cpp.o[0m
[27.543s] [ 62%] [32mBuilding CXX object CMakeFiles/rm_armor_detector_node.dir/rclcpp_components/node_main_rm_armor_detector_node.cpp.o[0m
[27.545s] [ 75%] [32mBuilding CXX object CMakeFiles/rm_armor_detector.dir/src/detector_node/pnp_solver.cpp.o[0m
[27.839s] In file included from [01m[K/home/pretend/code/src/armor_detect参考代码/src/detector_node/detector_node.cpp:1[m[K:
[27.839s] [01m[K/home/pretend/code/src/armor_detect参考代码/include/rm_armor_detector/detector_node/detector_node.hpp:20:10:[m[K [01;31m[Kfatal error: [m[Krm_msgs/msg/armor.hpp: 没有那个文件或目录
[27.839s]    20 | #include [01;31m[K"rm_msgs/msg/armor.hpp"[m[K
[27.839s]       |          [01;31m[K^~~~~~~~~~~~~~~~~~~~~~~[m[K
[27.839s] compilation terminated.
[27.840s] gmake[2]: *** [CMakeFiles/rm_armor_detector.dir/build.make:76：CMakeFiles/rm_armor_detector.dir/src/detector_node/detector_node.cpp.o] 错误 1
[27.840s] gmake[2]: *** 正在等待未完成的任务....
[30.117s] [ 87%] [32m[1mLinking CXX executable rm_armor_detector_node[0m
[30.488s] [ 87%] Built target rm_armor_detector_node
[31.251s] gmake[1]: *** [CMakeFiles/Makefile2:139：CMakeFiles/rm_armor_detector.dir/all] 错误 2
[31.251s] gmake: *** [Makefile:146：all] 错误 2
[31.252s] Invoked command in '/home/pretend/code/build/rm_armor_detector' returned '2': CMAKE_PREFIX_PATH=${CMAKE_PREFIX_PATH}:/opt/ros/humble /usr/bin/cmake --build /home/pretend/code/build/rm_armor_detector -- -j32 -l32
