[0.017s] Invoking command in '/home/pretend/code/build/rm_armor_detect': CMAKE_PREFIX_PATH=${CMAKE_PREFIX_PATH}:/opt/ros/humble /usr/bin/cmake --build /home/pretend/code/build/rm_armor_detect -- -j32 -l32
[0.043s] -- Found ament_cmake: 1.3.11 (/opt/ros/humble/share/ament_cmake/cmake)
[0.144s] -- Found rclcpp: 16.0.12 (/opt/ros/humble/share/rclcpp/cmake)
[0.352s] -- Found rosidl_generator_c: 3.1.6 (/opt/ros/humble/share/rosidl_generator_c/cmake)
[0.353s] -- Found rosidl_adapter: 3.1.6 (/opt/ros/humble/share/rosidl_adapter/cmake)
[0.358s] -- Found rosidl_generator_cpp: 3.1.6 (/opt/ros/humble/share/rosidl_generator_cpp/cmake)
[0.366s] -- Using all available rosidl_typesupport_c: rosidl_typesupport_fastrtps_c;rosidl_typesupport_introspection_c
[0.374s] -- Using all available rosidl_typesupport_cpp: rosidl_typesupport_fastrtps_cpp;rosidl_typesupport_introspection_cpp
[0.393s] -- Found rmw_implementation_cmake: 6.1.2 (/opt/ros/humble/share/rmw_implementation_cmake/cmake)
[0.394s] -- Found rmw_fastrtps_cpp: 6.2.7 (/opt/ros/humble/share/rmw_fastrtps_cpp/cmake)
[6.921s] -- Using RMW implementation 'rmw_fastrtps_cpp' as default
[6.973s] -- Found rclcpp_components: 16.0.12 (/opt/ros/humble/share/rclcpp_components/cmake)
[6.994s] -- Found sensor_msgs: 4.8.0 (/opt/ros/humble/share/sensor_msgs/cmake)
[7.022s] -- Found cv_bridge: 3.2.1 (/opt/ros/humble/share/cv_bridge/cmake)
[7.031s] -- Found image_transport: 3.1.11 (/opt/ros/humble/share/image_transport/cmake)
[11.523s] -- Found ament_lint_auto: 0.12.12 (/opt/ros/humble/share/ament_lint_auto/cmake)
[11.578s] -- Added test 'cppcheck' to perform static code analysis on C / C++ code
[11.578s] -- Configured cppcheck include dirs: /home/pretend/code/src/rm_armor_detect/include
[11.578s] -- Configured cppcheck exclude dirs and/or files: 
[11.578s] -- Added test 'lint_cmake' to check CMake code style
[11.579s] -- Added test 'uncrustify' to check C / C++ code style
[11.579s] -- Configured uncrustify additional arguments: 
[11.579s] -- Added test 'xmllint' to check XML markup files
[11.582s] -- Configuring done
[11.610s] -- Generating done
[11.618s] -- Build files have been written to: /home/pretend/code/build/rm_armor_detect
[11.639s] [35m[1mConsolidate compiler generated dependencies of target video_subscriber_node[0m
[11.643s] [35m[1mConsolidate compiler generated dependencies of target video_subscriber_component[0m
[11.650s] [ 18%] Built target video_subscriber_node
[11.662s] [ 27%] [32mBuilding CXX object CMakeFiles/video_subscriber_component.dir/src/video_subscriber_node.cpp.o[0m
[11.662s] [ 36%] [32mBuilding CXX object CMakeFiles/video_subscriber_component.dir/src/car_detector.cpp.o[0m
[11.663s] [ 45%] [32mBuilding CXX object CMakeFiles/video_subscriber_component.dir/src/lights_detector.cpp.o[0m
[11.663s] [ 54%] [32mBuilding CXX object CMakeFiles/video_subscriber_component.dir/src/openvino_armor_detector.cpp.o[0m
[11.664s] [ 63%] [32mBuilding CXX object CMakeFiles/video_subscriber_component.dir/src/pnp_solver.cpp.o[0m
[11.666s] [ 72%] [32mBuilding CXX object CMakeFiles/video_subscriber_component.dir/src/number_classifier.cpp.o[0m
[16.023s] [01m[K/home/pretend/code/src/rm_armor_detect/src/video_subscriber_node.cpp:[m[K In member function ‘[01m[Kvoid rm_armor_detect::VideoSubscriberNode::publish_armor_detections(const std::vector<rm_armor_detect::Armor>&, const Header&)[m[K’:
[16.023s] [01m[K/home/pretend/code/src/rm_armor_detect/src/video_subscriber_node.cpp:661:117:[m[K [01;35m[Kwarning: [m[Kunused parameter ‘[01m[Kheader[m[K’ [[01;35m[K]8;;https://gcc.gnu.org/onlinedocs/gcc/Warning-Options.html#index-Wunused-parameter-Wunused-parameter]8;;[m[K]
[16.023s]   661 | riberNode::publish_armor_detections(const std::vector<Armor> & armors, [01;35m[Kconst std_msgs::msg::Header & header[m[K)
[16.023s]       |                                                                        [01;35m[K~~~~~~~~~~~~~~~~~~~~~~~~~~~~~~^~~~~~[m[K
[16.023s] 
[16.024s] [01m[K/home/pretend/code/src/rm_armor_detect/src/video_subscriber_node.cpp:[m[K In member function ‘[01m[Kvoid rm_armor_detect::VideoSubscriberNode::publish_armor_detections_neural(const std::vector<rm_armor_detect::ArmorDetection>&, const Header&)[m[K’:
[16.024s] [01m[K/home/pretend/code/src/rm_armor_detect/src/video_subscriber_node.cpp:706:137:[m[K [01;35m[Kwarning: [m[Kunused parameter ‘[01m[Kheader[m[K’ [[01;35m[K]8;;https://gcc.gnu.org/onlinedocs/gcc/Warning-Options.html#index-Wunused-parameter-Wunused-parameter]8;;[m[K]
[16.024s]   706 | rmor_detections_neural(const std::vector<ArmorDetection> & detections, [01;35m[Kconst std_msgs::msg::Header & header[m[K)
[16.024s]       |                                                                        [01;35m[K~~~~~~~~~~~~~~~~~~~~~~~~~~~~~~^~~~~~[m[K
[16.024s] 
[21.903s] [ 81%] [32m[1mLinking CXX shared library libvideo_subscriber_component.so[0m
[22.899s] [ 81%] Built target video_subscriber_component
[22.907s] [35m[1mConsolidate compiler generated dependencies of target video_subscriber_main[0m
[22.923s] [ 90%] [32mBuilding CXX object CMakeFiles/video_subscriber_main.dir/src/video_subscriber_main.cpp.o[0m
[26.930s] [100%] [32m[1mLinking CXX executable video_subscriber_main[0m
[27.728s] [100%] Built target video_subscriber_main
[27.736s] Invoked command in '/home/pretend/code/build/rm_armor_detect' returned '0': CMAKE_PREFIX_PATH=${CMAKE_PREFIX_PATH}:/opt/ros/humble /usr/bin/cmake --build /home/pretend/code/build/rm_armor_detect -- -j32 -l32
[27.738s] Invoking command in '/home/pretend/code/build/rm_armor_detect': CMAKE_PREFIX_PATH=${CMAKE_PREFIX_PATH}:/opt/ros/humble /usr/bin/cmake --install /home/pretend/code/build/rm_armor_detect
[27.743s] -- Install configuration: ""
[27.744s] -- Up-to-date: /home/pretend/code/install/rm_armor_detect/lib/rm_armor_detect/video_subscriber_node
[27.745s] -- Up-to-date: /home/pretend/code/install/rm_armor_detect/include/
[27.745s] -- Up-to-date: /home/pretend/code/install/rm_armor_detect/include//rm_armor_detect
[27.745s] -- Installing: /home/pretend/code/install/rm_armor_detect/include//rm_armor_detect/video_subscriber_node.hpp
[27.745s] -- Up-to-date: /home/pretend/code/install/rm_armor_detect/include//rm_armor_detect/number_classifier.hpp
[27.745s] -- Up-to-date: /home/pretend/code/install/rm_armor_detect/include//rm_armor_detect/armor_types.hpp
[27.745s] -- Up-to-date: /home/pretend/code/install/rm_armor_detect/include//rm_armor_detect/car_detector.hpp
[27.745s] -- Up-to-date: /home/pretend/code/install/rm_armor_detect/include//rm_armor_detect/simple_lights_detector.hpp
[27.745s] -- Up-to-date: /home/pretend/code/install/rm_armor_detect/include//rm_armor_detect/pnp_solver.hpp
[27.745s] -- Up-to-date: /home/pretend/code/install/rm_armor_detect/include//rm_armor_detect/openvino_armor_detector.hpp
[27.746s] -- Installing: /home/pretend/code/install/rm_armor_detect/lib/libvideo_subscriber_component.so
[27.751s] -- Set runtime path of "/home/pretend/code/install/rm_armor_detect/lib/libvideo_subscriber_component.so" to ""
[27.752s] -- Installing: /home/pretend/code/install/rm_armor_detect/lib/rm_armor_detect/video_subscriber_main
[27.753s] -- Set runtime path of "/home/pretend/code/install/rm_armor_detect/lib/rm_armor_detect/video_subscriber_main" to ""
[27.753s] -- Up-to-date: /home/pretend/code/install/rm_armor_detect/share/rm_armor_detect/models/
[27.753s] -- Up-to-date: /home/pretend/code/install/rm_armor_detect/share/rm_armor_detect/models//number
[27.754s] -- Up-to-date: /home/pretend/code/install/rm_armor_detect/share/rm_armor_detect/models//number/mlp.onnx
[27.754s] -- Up-to-date: /home/pretend/code/install/rm_armor_detect/share/rm_armor_detect/models//number/label.txt
[27.754s] -- Up-to-date: /home/pretend/code/install/rm_armor_detect/share/rm_armor_detect/models//car
[27.754s] -- Up-to-date: /home/pretend/code/install/rm_armor_detect/share/rm_armor_detect/models//car/car.onnx
[27.754s] -- Up-to-date: /home/pretend/code/install/rm_armor_detect/share/rm_armor_detect/models//armor
[27.754s] -- Up-to-date: /home/pretend/code/install/rm_armor_detect/share/rm_armor_detect/models//armor/armor.onnx
[27.754s] -- Installing: /home/pretend/code/install/rm_armor_detect/share/ament_index/resource_index/package_run_dependencies/rm_armor_detect
[27.755s] -- Up-to-date: /home/pretend/code/install/rm_armor_detect/share/ament_index/resource_index/parent_prefix_path/rm_armor_detect
[27.755s] -- Up-to-date: /home/pretend/code/install/rm_armor_detect/share/rm_armor_detect/environment/ament_prefix_path.sh
[27.756s] -- Installing: /home/pretend/code/install/rm_armor_detect/share/rm_armor_detect/environment/ament_prefix_path.dsv
[27.756s] -- Up-to-date: /home/pretend/code/install/rm_armor_detect/share/rm_armor_detect/environment/path.sh
[27.756s] -- Installing: /home/pretend/code/install/rm_armor_detect/share/rm_armor_detect/environment/path.dsv
[27.756s] -- Up-to-date: /home/pretend/code/install/rm_armor_detect/share/rm_armor_detect/local_setup.bash
[27.756s] -- Up-to-date: /home/pretend/code/install/rm_armor_detect/share/rm_armor_detect/local_setup.sh
[27.756s] -- Up-to-date: /home/pretend/code/install/rm_armor_detect/share/rm_armor_detect/local_setup.zsh
[27.756s] -- Installing: /home/pretend/code/install/rm_armor_detect/share/rm_armor_detect/local_setup.dsv
[27.756s] -- Installing: /home/pretend/code/install/rm_armor_detect/share/rm_armor_detect/package.dsv
[27.756s] -- Up-to-date: /home/pretend/code/install/rm_armor_detect/share/ament_index/resource_index/packages/rm_armor_detect
[27.757s] -- Up-to-date: /home/pretend/code/install/rm_armor_detect/share/ament_index/resource_index/rclcpp_components/rm_armor_detect
[27.757s] -- Up-to-date: /home/pretend/code/install/rm_armor_detect/share/rm_armor_detect/cmake/rm_armor_detectConfig.cmake
[27.757s] -- Up-to-date: /home/pretend/code/install/rm_armor_detect/share/rm_armor_detect/cmake/rm_armor_detectConfig-version.cmake
[27.757s] -- Installing: /home/pretend/code/install/rm_armor_detect/share/rm_armor_detect/package.xml
[27.759s] Invoked command in '/home/pretend/code/build/rm_armor_detect' returned '0': CMAKE_PREFIX_PATH=${CMAKE_PREFIX_PATH}:/opt/ros/humble /usr/bin/cmake --install /home/pretend/code/build/rm_armor_detect
