[0.016s] Invoking command in '/home/pretend/code/build/hik_camera': CMAKE_PREFIX_PATH=${CMAKE_PREFIX_PATH}:/opt/ros/humble /usr/bin/cmake /home/pretend/code/src/ros2-hik-camera-main -DCMAKE_INSTALL_PREFIX=/home/pretend/code/install/hik_camera
[0.160s] -- The C compiler identification is GNU 11.4.0
[1.318s] -- The CXX compiler identification is GNU 11.4.0
[2.529s] -- Detecting C compiler ABI info
[2.764s] -- Detecting C compiler ABI info - done
[2.767s] -- Check for working C compiler: /usr/bin/cc - skipped
[2.767s] -- Detecting C compile features
[2.768s] -- Detecting C compile features - done
[2.769s] -- Detecting CXX compiler ABI info
[2.969s] -- Detecting CXX compiler ABI info - done
[2.972s] -- Check for working CXX compiler: /usr/bin/c++ - skipped
[2.972s] -- Detecting CXX compile features
[2.973s] -- Detecting CXX compile features - done
[2.975s] -- Found ament_cmake_auto: 1.3.11 (/opt/ros/humble/share/ament_cmake_auto/cmake)
[3.047s] -- Found Python3: /usr/bin/python3 (found version "3.10.12") found components: Interpreter 
[3.475s] -- Found rosidl_generator_c: 3.1.6 (/opt/ros/humble/share/rosidl_generator_c/cmake)
[3.477s] -- Found rosidl_adapter: 3.1.6 (/opt/ros/humble/share/rosidl_adapter/cmake)
[3.480s] -- Found rosidl_generator_cpp: 3.1.6 (/opt/ros/humble/share/rosidl_generator_cpp/cmake)
[3.486s] -- Using all available rosidl_typesupport_c: rosidl_typesupport_fastrtps_c;rosidl_typesupport_introspection_c
[3.494s] -- Using all available rosidl_typesupport_cpp: rosidl_typesupport_fastrtps_cpp;rosidl_typesupport_introspection_cpp
[3.513s] -- Found rmw_implementation_cmake: 6.1.2 (/opt/ros/humble/share/rmw_implementation_cmake/cmake)
[3.515s] -- Found rmw_fastrtps_cpp: 6.2.7 (/opt/ros/humble/share/rmw_fastrtps_cpp/cmake)
[4.552s] -- Found OpenSSL: /usr/lib/x86_64-linux-gnu/libcrypto.so (found version "3.0.2")  
[5.616s] -- Found FastRTPS: /opt/ros/humble/include  
[9.290s] -- Using RMW implementation 'rmw_fastrtps_cpp' as default
[9.299s] -- Looking for pthread.h
[9.600s] -- Looking for pthread.h - found
[9.600s] -- Performing Test CMAKE_HAVE_LIBC_PTHREAD
[9.746s] -- Performing Test CMAKE_HAVE_LIBC_PTHREAD - Success
[9.747s] -- Found Threads: TRUE  
[16.574s] -- Found ament_lint_auto: 0.12.12 (/opt/ros/humble/share/ament_lint_auto/cmake)
[16.585s] -- Added test 'cppcheck' to perform static code analysis on C / C++ code
[16.586s] -- Configured cppcheck include dirs: /home/pretend/code/src/ros2-hik-camera-main/hikSDK/include
[16.586s] -- Configured cppcheck exclude dirs and/or files: 
[16.586s] -- Added test 'flake8' to check Python code syntax and style conventions
[16.586s] -- Added test 'lint_cmake' to check CMake code style
[16.587s] -- Added test 'pep257' to check Python code against some of the docstring style conventions in PEP 257
[16.587s] -- Added test 'xmllint' to check XML markup files
[16.589s] -- Configuring done
[16.599s] -- Generating done
[16.602s] -- Build files have been written to: /home/pretend/code/build/hik_camera
[16.609s] Invoked command in '/home/pretend/code/build/hik_camera' returned '0': CMAKE_PREFIX_PATH=${CMAKE_PREFIX_PATH}:/opt/ros/humble /usr/bin/cmake /home/pretend/code/src/ros2-hik-camera-main -DCMAKE_INSTALL_PREFIX=/home/pretend/code/install/hik_camera
[16.610s] Invoking command in '/home/pretend/code/build/hik_camera': CMAKE_PREFIX_PATH=${CMAKE_PREFIX_PATH}:/opt/ros/humble /usr/bin/cmake --build /home/pretend/code/build/hik_camera -- -j32 -l32
[16.638s] [ 25%] [32mBuilding CXX object CMakeFiles/hik_camera.dir/src/hik_camera_node.cpp.o[0m
[16.640s] [ 50%] [32mBuilding CXX object CMakeFiles/hik_camera_node.dir/rclcpp_components/node_main_hik_camera_node.cpp.o[0m
[18.637s] [ 75%] [32m[1mLinking CXX executable hik_camera_node[0m
[18.853s] [100%] [32m[1mLinking CXX shared library libhik_camera.so[0m
[18.917s] [100%] Built target hik_camera_node
[19.177s] [100%] Built target hik_camera
[19.187s] Invoked command in '/home/pretend/code/build/hik_camera' returned '0': CMAKE_PREFIX_PATH=${CMAKE_PREFIX_PATH}:/opt/ros/humble /usr/bin/cmake --build /home/pretend/code/build/hik_camera -- -j32 -l32
[19.188s] Invoking command in '/home/pretend/code/build/hik_camera': CMAKE_PREFIX_PATH=${CMAKE_PREFIX_PATH}:/opt/ros/humble /usr/bin/cmake --install /home/pretend/code/build/hik_camera
[19.192s] -- Install configuration: ""
[19.192s] -- Installing: /home/pretend/code/install/hik_camera/lib
[19.192s] -- Installing: /home/pretend/code/install/hik_camera/lib/libMvCameraControl.so
[19.203s] -- Installing: /home/pretend/code/install/hik_camera/lib/libMediaProcess.so
[19.208s] -- Installing: /home/pretend/code/install/hik_camera/lib/libMvUsb3vTL.so
[19.218s] -- Installing: /home/pretend/code/install/hik_camera/lib/libMVRender.so
[19.219s] -- Installing: /home/pretend/code/install/hik_camera/lib/libFormatConversion.so
[19.220s] -- Installing: /home/pretend/code/install/hik_camera/lib/hik_camera/hik_camera_node
[19.221s] -- Set runtime path of "/home/pretend/code/install/hik_camera/lib/hik_camera/hik_camera_node" to ""
[19.221s] -- Installing: /home/pretend/code/install/hik_camera/share/hik_camera/environment/library_path.sh
[19.221s] -- Installing: /home/pretend/code/install/hik_camera/share/hik_camera/environment/library_path.dsv
[19.221s] -- Installing: /home/pretend/code/install/hik_camera/lib/libhik_camera.so
[19.221s] -- Set runtime path of "/home/pretend/code/install/hik_camera/lib/libhik_camera.so" to ""
[19.221s] -- Installing: /home/pretend/code/install/hik_camera/share/hik_camera/config
[19.222s] -- Installing: /home/pretend/code/install/hik_camera/share/hik_camera/config/camera_info_example.yaml
[19.222s] -- Installing: /home/pretend/code/install/hik_camera/share/hik_camera/config/camera_params_example.yaml
[19.222s] -- Installing: /home/pretend/code/install/hik_camera/share/hik_camera/launch
[19.222s] -- Installing: /home/pretend/code/install/hik_camera/share/hik_camera/launch/hik_camera.launch.py
[19.222s] -- Installing: /home/pretend/code/install/hik_camera/share/ament_index/resource_index/package_run_dependencies/hik_camera
[19.223s] -- Installing: /home/pretend/code/install/hik_camera/share/ament_index/resource_index/parent_prefix_path/hik_camera
[19.223s] -- Installing: /home/pretend/code/install/hik_camera/share/hik_camera/environment/ament_prefix_path.sh
[19.223s] -- Installing: /home/pretend/code/install/hik_camera/share/hik_camera/environment/ament_prefix_path.dsv
[19.223s] -- Installing: /home/pretend/code/install/hik_camera/share/hik_camera/environment/path.sh
[19.223s] -- Installing: /home/pretend/code/install/hik_camera/share/hik_camera/environment/path.dsv
[19.223s] -- Installing: /home/pretend/code/install/hik_camera/share/hik_camera/local_setup.bash
[19.223s] -- Installing: /home/pretend/code/install/hik_camera/share/hik_camera/local_setup.sh
[19.223s] -- Installing: /home/pretend/code/install/hik_camera/share/hik_camera/local_setup.zsh
[19.223s] -- Installing: /home/pretend/code/install/hik_camera/share/hik_camera/local_setup.dsv
[19.223s] -- Installing: /home/pretend/code/install/hik_camera/share/hik_camera/package.dsv
[19.223s] -- Installing: /home/pretend/code/install/hik_camera/share/ament_index/resource_index/packages/hik_camera
[19.223s] -- Installing: /home/pretend/code/install/hik_camera/share/ament_index/resource_index/rclcpp_components/hik_camera
[19.223s] -- Installing: /home/pretend/code/install/hik_camera/share/hik_camera/cmake/ament_cmake_export_dependencies-extras.cmake
[19.223s] -- Installing: /home/pretend/code/install/hik_camera/share/hik_camera/cmake/ament_cmake_export_libraries-extras.cmake
[19.223s] -- Installing: /home/pretend/code/install/hik_camera/share/hik_camera/cmake/hik_cameraConfig.cmake
[19.223s] -- Installing: /home/pretend/code/install/hik_camera/share/hik_camera/cmake/hik_cameraConfig-version.cmake
[19.223s] -- Installing: /home/pretend/code/install/hik_camera/share/hik_camera/package.xml
[19.225s] Invoked command in '/home/pretend/code/build/hik_camera' returned '0': CMAKE_PREFIX_PATH=${CMAKE_PREFIX_PATH}:/opt/ros/humble /usr/bin/cmake --install /home/pretend/code/build/hik_camera
