[0.009s] Invoking command in '/home/pretend/code/build/rm_rune_detect': CMAKE_PREFIX_PATH=${CMAKE_PREFIX_PATH}:/opt/ros/humble /usr/bin/cmake /home/pretend/code/src/rm_rune_detect -DCMAKE_INSTALL_PREFIX=/home/pretend/code/install/rm_rune_detect
[0.329s] -- The C compiler identification is GNU 11.4.0
[2.001s] -- The CXX compiler identification is GNU 11.4.0
[3.637s] -- Detecting C compiler ABI info
[3.946s] -- Detecting C compiler ABI info - done
[3.950s] -- Check for working C compiler: /usr/bin/cc - skipped
[3.951s] -- Detecting C compile features
[3.952s] -- Detecting C compile features - done
[3.954s] -- Detecting CXX compiler ABI info
[4.276s] -- Detecting CXX compiler ABI info - done
[4.280s] -- Check for working CXX compiler: /usr/bin/c++ - skipped
[4.280s] -- Detecting CXX compile features
[4.280s] -- Detecting CXX compile features - done
[4.288s] -- Found ament_cmake: 1.3.11 (/opt/ros/humble/share/ament_cmake/cmake)
[4.364s] -- Found Python3: /usr/bin/python3 (found version "3.10.12") found components: Interpreter 
[4.421s] -- Found rclcpp: 16.0.12 (/opt/ros/humble/share/rclcpp/cmake)
[4.953s] -- Found rosidl_generator_c: 3.1.6 (/opt/ros/humble/share/rosidl_generator_c/cmake)
[4.956s] -- Found rosidl_adapter: 3.1.6 (/opt/ros/humble/share/rosidl_adapter/cmake)
[4.963s] -- Found rosidl_generator_cpp: 3.1.6 (/opt/ros/humble/share/rosidl_generator_cpp/cmake)
[4.975s] -- Using all available rosidl_typesupport_c: rosidl_typesupport_fastrtps_c;rosidl_typesupport_introspection_c
[4.987s] -- Using all available rosidl_typesupport_cpp: rosidl_typesupport_fastrtps_cpp;rosidl_typesupport_introspection_cpp
[5.021s] -- Found rmw_implementation_cmake: 6.1.2 (/opt/ros/humble/share/rmw_implementation_cmake/cmake)
[5.023s] -- Found rmw_fastrtps_cpp: 6.2.7 (/opt/ros/humble/share/rmw_fastrtps_cpp/cmake)
[10.165s] -- Found OpenSSL: /usr/lib/x86_64-linux-gnu/libcrypto.so (found version "3.0.2")  
[15.874s] -- Found FastRTPS: /opt/ros/humble/include  
[25.908s] -- Using RMW implementation 'rmw_fastrtps_cpp' as default
[25.916s] -- Looking for pthread.h
[26.374s] -- Looking for pthread.h - found
[26.374s] -- Performing Test CMAKE_HAVE_LIBC_PTHREAD
[26.667s] -- Performing Test CMAKE_HAVE_LIBC_PTHREAD - Success
[26.668s] -- Found Threads: TRUE  
[26.707s] -- Found rclcpp_components: 16.0.12 (/opt/ros/humble/share/rclcpp_components/cmake)
[26.727s] -- Found sensor_msgs: 4.8.0 (/opt/ros/humble/share/sensor_msgs/cmake)
[26.750s] -- Found cv_bridge: 3.2.1 (/opt/ros/humble/share/cv_bridge/cmake)
[26.758s] -- Found image_transport: 3.1.11 (/opt/ros/humble/share/image_transport/cmake)
[31.947s] -- Found OpenCV: /usr (found version "4.5.4") 
[31.952s] -- Found ament_lint_auto: 0.12.12 (/opt/ros/humble/share/ament_lint_auto/cmake)
[31.996s] -- Added test 'cppcheck' to perform static code analysis on C / C++ code
[31.996s] -- Configured cppcheck include dirs: /home/pretend/code/src/rm_rune_detect/include
[31.997s] -- Configured cppcheck exclude dirs and/or files: 
[31.997s] -- Added test 'flake8' to check Python code syntax and style conventions
[31.997s] -- Added test 'lint_cmake' to check CMake code style
[31.998s] -- Added test 'pep257' to check Python code against some of the docstring style conventions in PEP 257
[31.998s] -- Added test 'uncrustify' to check C / C++ code style
[31.998s] -- Configured uncrustify additional arguments: 
[31.999s] -- Added test 'xmllint' to check XML markup files
[32.000s] -- Configuring done
[32.010s] -- Generating done
[32.014s] -- Build files have been written to: /home/pretend/code/build/rm_rune_detect
[32.020s] Invoked command in '/home/pretend/code/build/rm_rune_detect' returned '0': CMAKE_PREFIX_PATH=${CMAKE_PREFIX_PATH}:/opt/ros/humble /usr/bin/cmake /home/pretend/code/src/rm_rune_detect -DCMAKE_INSTALL_PREFIX=/home/pretend/code/install/rm_rune_detect
[32.021s] Invoking command in '/home/pretend/code/build/rm_rune_detect': CMAKE_PREFIX_PATH=${CMAKE_PREFIX_PATH}:/opt/ros/humble /usr/bin/cmake --build /home/pretend/code/build/rm_rune_detect -- -j32 -l32
[32.044s] [ 22%] [32mBuilding CXX object CMakeFiles/rm_rune_detect.dir/src/openvino_detect.cpp.o[0m
[32.045s] [ 33%] [32mBuilding CXX object CMakeFiles/rm_rune_detect.dir/src/rune_detect_node.cpp.o[0m
[32.045s] [ 33%] [32mBuilding CXX object CMakeFiles/rm_rune_detect.dir/src/preprocess.cpp.o[0m
[32.045s] [ 44%] [32mBuilding CXX object CMakeFiles/rune_detect_node.dir/src/openvino_detect.cpp.o[0m
[32.045s] [ 55%] [32mBuilding CXX object CMakeFiles/rune_detect_node.dir/src/preprocess.cpp.o[0m
[32.046s] [ 66%] [32mBuilding CXX object CMakeFiles/rune_detect_node.dir/src/rune_detect_main.cpp.o[0m
[32.046s] [ 77%] [32mBuilding CXX object CMakeFiles/rune_detect_node.dir/src/rune_detect_node.cpp.o[0m
[33.488s] [01m[K/home/pretend/code/src/rm_rune_detect/src/openvino_detect.cpp:[m[K In member function ‘[01m[Kstd::vector<rm_rune_detect::Detection> rm_rune_detect::OpenvinoDetect::postprocess(const cv::Mat&)[m[K’:
[33.488s] [01m[K/home/pretend/code/src/rm_rune_detect/src/openvino_detect.cpp:105:67:[m[K [01;35m[Kwarning: [m[Kunused parameter ‘[01m[Kframe[m[K’ [[01;35m[K]8;;https://gcc.gnu.org/onlinedocs/gcc/Warning-Options.html#index-Wunused-parameter-Wunused-parameter]8;;[m[K]
[33.488s]   105 | std::vector<Detection> OpenvinoDetect::postprocess([01;35m[Kconst cv::Mat &frame[m[K) {
[33.488s]       |                                                    [01;35m[K~~~~~~~~~~~~~~~^~~~~[m[K
[33.497s] [01m[K/home/pretend/code/src/rm_rune_detect/src/openvino_detect.cpp:[m[K In member function ‘[01m[Kstd::vector<rm_rune_detect::Detection> rm_rune_detect::OpenvinoDetect::postprocess(const cv::Mat&)[m[K’:
[33.497s] [01m[K/home/pretend/code/src/rm_rune_detect/src/openvino_detect.cpp:105:67:[m[K [01;35m[Kwarning: [m[Kunused parameter ‘[01m[Kframe[m[K’ [[01;35m[K]8;;https://gcc.gnu.org/onlinedocs/gcc/Warning-Options.html#index-Wunused-parameter-Wunused-parameter]8;;[m[K]
[33.497s]   105 | std::vector<Detection> OpenvinoDetect::postprocess([01;35m[Kconst cv::Mat &frame[m[K) {
[33.497s]       |                                                    [01;35m[K~~~~~~~~~~~~~~~^~~~~[m[K
[40.126s] [ 88%] [32m[1mLinking CXX shared library librm_rune_detect.so[0m
[40.126s] [100%] [32m[1mLinking CXX executable rune_detect_node[0m
[41.033s] [100%] Built target rm_rune_detect
[41.252s] [100%] Built target rune_detect_node
[41.257s] Invoked command in '/home/pretend/code/build/rm_rune_detect' returned '0': CMAKE_PREFIX_PATH=${CMAKE_PREFIX_PATH}:/opt/ros/humble /usr/bin/cmake --build /home/pretend/code/build/rm_rune_detect -- -j32 -l32
[41.262s] Invoking command in '/home/pretend/code/build/rm_rune_detect': CMAKE_PREFIX_PATH=${CMAKE_PREFIX_PATH}:/opt/ros/humble /usr/bin/cmake --install /home/pretend/code/build/rm_rune_detect
[41.265s] -- Install configuration: ""
[41.265s] -- Installing: /home/pretend/code/install/rm_rune_detect/lib/rm_rune_detect/rune_detect_node
[41.268s] -- Set runtime path of "/home/pretend/code/install/rm_rune_detect/lib/rm_rune_detect/rune_detect_node" to ""
[41.268s] -- Installing: /home/pretend/code/install/rm_rune_detect/lib/librm_rune_detect.so
[41.272s] -- Set runtime path of "/home/pretend/code/install/rm_rune_detect/lib/librm_rune_detect.so" to ""
[41.272s] -- Installing: /home/pretend/code/install/rm_rune_detect/include/
[41.272s] -- Installing: /home/pretend/code/install/rm_rune_detect/include//rm_rune_detect
[41.272s] -- Installing: /home/pretend/code/install/rm_rune_detect/include//rm_rune_detect/common_types.hpp
[41.272s] -- Installing: /home/pretend/code/install/rm_rune_detect/include//rm_rune_detect/onnxruntime_detect.hpp
[41.272s] -- Installing: /home/pretend/code/install/rm_rune_detect/include//rm_rune_detect/preprocess.hpp
[41.272s] -- Installing: /home/pretend/code/install/rm_rune_detect/include//rm_rune_detect/openvino_detect.hpp
[41.273s] -- Installing: /home/pretend/code/install/rm_rune_detect/include//rm_rune_detect/rune_detect_node.hpp
[41.273s] -- Installing: /home/pretend/code/install/rm_rune_detect/share/rm_rune_detect/models
[41.273s] -- Installing: /home/pretend/code/install/rm_rune_detect/share/rm_rune_detect/models/rune_detect_320.onnx
[41.287s] -- Installing: /home/pretend/code/install/rm_rune_detect/share/rm_rune_detect/launch
[41.287s] -- Installing: /home/pretend/code/install/rm_rune_detect/share/rm_rune_detect/launch/rune_detect.launch.py
[41.288s] -- Installing: /home/pretend/code/install/rm_rune_detect/share/ament_index/resource_index/package_run_dependencies/rm_rune_detect
[41.288s] -- Installing: /home/pretend/code/install/rm_rune_detect/share/ament_index/resource_index/parent_prefix_path/rm_rune_detect
[41.288s] -- Installing: /home/pretend/code/install/rm_rune_detect/share/rm_rune_detect/environment/ament_prefix_path.sh
[41.288s] -- Installing: /home/pretend/code/install/rm_rune_detect/share/rm_rune_detect/environment/ament_prefix_path.dsv
[41.288s] -- Installing: /home/pretend/code/install/rm_rune_detect/share/rm_rune_detect/environment/path.sh
[41.289s] -- Installing: /home/pretend/code/install/rm_rune_detect/share/rm_rune_detect/environment/path.dsv
[41.289s] -- Installing: /home/pretend/code/install/rm_rune_detect/share/rm_rune_detect/local_setup.bash
[41.289s] -- Installing: /home/pretend/code/install/rm_rune_detect/share/rm_rune_detect/local_setup.sh
[41.289s] -- Installing: /home/pretend/code/install/rm_rune_detect/share/rm_rune_detect/local_setup.zsh
[41.289s] -- Installing: /home/pretend/code/install/rm_rune_detect/share/rm_rune_detect/local_setup.dsv
[41.289s] -- Installing: /home/pretend/code/install/rm_rune_detect/share/rm_rune_detect/package.dsv
[41.289s] -- Installing: /home/pretend/code/install/rm_rune_detect/share/ament_index/resource_index/packages/rm_rune_detect
[41.289s] -- Installing: /home/pretend/code/install/rm_rune_detect/share/ament_index/resource_index/rclcpp_components/rm_rune_detect
[41.289s] -- Installing: /home/pretend/code/install/rm_rune_detect/share/rm_rune_detect/cmake/rm_rune_detectConfig.cmake
[41.289s] -- Installing: /home/pretend/code/install/rm_rune_detect/share/rm_rune_detect/cmake/rm_rune_detectConfig-version.cmake
[41.289s] -- Installing: /home/pretend/code/install/rm_rune_detect/share/rm_rune_detect/package.xml
[41.290s] Invoked command in '/home/pretend/code/build/rm_rune_detect' returned '0': CMAKE_PREFIX_PATH=${CMAKE_PREFIX_PATH}:/opt/ros/humble /usr/bin/cmake --install /home/pretend/code/build/rm_rune_detect
