[0.007s] Invoking command in '/home/pretend/code/build/video_trial_node': CMAKE_PREFIX_PATH=/opt/ros/humble /usr/bin/cmake /home/pretend/code/src/video_trial_node -DCMAKE_INSTALL_PREFIX=/home/pretend/code/install/video_trial_node
[0.710s] -- The C compiler identification is GNU 11.4.0
[2.323s] -- The CXX compiler identification is GNU 11.4.0
[3.803s] -- Detecting C compiler ABI info
[4.160s] -- Detecting C compiler ABI info - done
[4.163s] -- Check for working C compiler: /usr/bin/cc - skipped
[4.165s] -- Detecting C compile features
[4.166s] -- Detecting C compile features - done
[4.168s] -- Detecting CXX compiler ABI info
[4.482s] -- Detecting CXX compiler ABI info - done
[4.486s] -- Check for working CXX compiler: /usr/bin/c++ - skipped
[4.486s] -- Detecting CXX compile features
[4.486s] -- Detecting CXX compile features - done
[4.493s] -- Found ament_cmake: 1.3.11 (/opt/ros/humble/share/ament_cmake/cmake)
[4.567s] -- Found Python3: /usr/bin/python3 (found version "3.10.12") found components: Interpreter 
[4.624s] -- Found rclcpp: 16.0.12 (/opt/ros/humble/share/rclcpp/cmake)
[5.333s] -- Found rosidl_generator_c: 3.1.6 (/opt/ros/humble/share/rosidl_generator_c/cmake)
[5.337s] -- Found rosidl_adapter: 3.1.6 (/opt/ros/humble/share/rosidl_adapter/cmake)
[5.343s] -- Found rosidl_generator_cpp: 3.1.6 (/opt/ros/humble/share/rosidl_generator_cpp/cmake)
[5.354s] -- Using all available rosidl_typesupport_c: rosidl_typesupport_fastrtps_c;rosidl_typesupport_introspection_c
[5.368s] -- Using all available rosidl_typesupport_cpp: rosidl_typesupport_fastrtps_cpp;rosidl_typesupport_introspection_cpp
[5.401s] -- Found rmw_implementation_cmake: 6.1.2 (/opt/ros/humble/share/rmw_implementation_cmake/cmake)
[5.403s] -- Found rmw_fastrtps_cpp: 6.2.7 (/opt/ros/humble/share/rmw_fastrtps_cpp/cmake)
[10.311s] -- Found OpenSSL: /usr/lib/x86_64-linux-gnu/libcrypto.so (found version "3.0.2")  
[17.182s] -- Found FastRTPS: /opt/ros/humble/include  
[26.850s] -- Using RMW implementation 'rmw_fastrtps_cpp' as default
[26.859s] -- Looking for pthread.h
[27.373s] -- Looking for pthread.h - found
[27.374s] -- Performing Test CMAKE_HAVE_LIBC_PTHREAD
[27.741s] -- Performing Test CMAKE_HAVE_LIBC_PTHREAD - Success
[27.741s] -- Found Threads: TRUE  
[27.796s] -- Found rclcpp_components: 16.0.12 (/opt/ros/humble/share/rclcpp_components/cmake)
[27.816s] -- Found sensor_msgs: 4.8.0 (/opt/ros/humble/share/sensor_msgs/cmake)
[27.840s] -- Found cv_bridge: 3.2.1 (/opt/ros/humble/share/cv_bridge/cmake)
[27.848s] -- Found image_transport: 3.1.11 (/opt/ros/humble/share/image_transport/cmake)
[32.546s] -- Found camera_info_manager: 3.1.11 (/opt/ros/humble/share/camera_info_manager/cmake)
[32.555s] -- Found OpenCV: /usr (found version "4.5.4") 
[32.556s] -- Found ament_lint_auto: 0.12.12 (/opt/ros/humble/share/ament_lint_auto/cmake)
[32.603s] -- Added test 'cppcheck' to perform static code analysis on C / C++ code
[32.604s] -- Configured cppcheck include dirs: /home/pretend/code/src/video_trial_node/include
[32.604s] -- Configured cppcheck exclude dirs and/or files: 
[32.604s] -- Added test 'flake8' to check Python code syntax and style conventions
[32.605s] -- Added test 'lint_cmake' to check CMake code style
[32.606s] -- Added test 'pep257' to check Python code against some of the docstring style conventions in PEP 257
[32.606s] -- Added test 'uncrustify' to check C / C++ code style
[32.606s] -- Configured uncrustify additional arguments: 
[32.607s] -- Added test 'xmllint' to check XML markup files
[32.608s] -- Configuring done
[32.618s] -- Generating done
[32.621s] -- Build files have been written to: /home/pretend/code/build/video_trial_node
[32.627s] Invoked command in '/home/pretend/code/build/video_trial_node' returned '0': CMAKE_PREFIX_PATH=/opt/ros/humble /usr/bin/cmake /home/pretend/code/src/video_trial_node -DCMAKE_INSTALL_PREFIX=/home/pretend/code/install/video_trial_node
[32.628s] Invoking command in '/home/pretend/code/build/video_trial_node': CMAKE_PREFIX_PATH=/opt/ros/humble /usr/bin/cmake --build /home/pretend/code/build/video_trial_node -- -j32 -l32
[32.650s] [ 20%] [32mBuilding CXX object CMakeFiles/video_publisher_node.dir/src/video_publisher_main.cpp.o[0m
[32.650s] [ 40%] [32mBuilding CXX object CMakeFiles/video_publisher_node.dir/src/video_publisher_node.cpp.o[0m
[32.650s] [ 60%] [32mBuilding CXX object CMakeFiles/video_trial_node.dir/src/video_publisher_node.cpp.o[0m
[35.435s] [ 80%] [32m[1mLinking CXX executable video_publisher_node[0m
[35.439s] [100%] [32m[1mLinking CXX shared library libvideo_trial_node.so[0m
[35.829s] [100%] Built target video_trial_node
[36.132s] [100%] Built target video_publisher_node
[36.138s] Invoked command in '/home/pretend/code/build/video_trial_node' returned '0': CMAKE_PREFIX_PATH=/opt/ros/humble /usr/bin/cmake --build /home/pretend/code/build/video_trial_node -- -j32 -l32
[36.143s] Invoking command in '/home/pretend/code/build/video_trial_node': CMAKE_PREFIX_PATH=/opt/ros/humble /usr/bin/cmake --install /home/pretend/code/build/video_trial_node
[36.146s] -- Install configuration: ""
[36.146s] -- Installing: /home/pretend/code/install/video_trial_node/lib/video_trial_node/video_publisher_node
[36.146s] -- Set runtime path of "/home/pretend/code/install/video_trial_node/lib/video_trial_node/video_publisher_node" to ""
[36.146s] -- Installing: /home/pretend/code/install/video_trial_node/lib/libvideo_trial_node.so
[36.146s] -- Set runtime path of "/home/pretend/code/install/video_trial_node/lib/libvideo_trial_node.so" to ""
[36.147s] -- Installing: /home/pretend/code/install/video_trial_node/include/
[36.147s] -- Installing: /home/pretend/code/install/video_trial_node/include//video_trial_node
[36.147s] -- Installing: /home/pretend/code/install/video_trial_node/include//video_trial_node/video_publisher_node.hpp
[36.147s] -- Installing: /home/pretend/code/install/video_trial_node/share/video_trial_node/launch
[36.147s] -- Installing: /home/pretend/code/install/video_trial_node/share/video_trial_node/launch/video_publisher.launch.py
[36.147s] -- Installing: /home/pretend/code/install/video_trial_node/share/ament_index/resource_index/package_run_dependencies/video_trial_node
[36.147s] -- Installing: /home/pretend/code/install/video_trial_node/share/ament_index/resource_index/parent_prefix_path/video_trial_node
[36.147s] -- Installing: /home/pretend/code/install/video_trial_node/share/video_trial_node/environment/ament_prefix_path.sh
[36.147s] -- Installing: /home/pretend/code/install/video_trial_node/share/video_trial_node/environment/ament_prefix_path.dsv
[36.147s] -- Installing: /home/pretend/code/install/video_trial_node/share/video_trial_node/environment/path.sh
[36.148s] -- Installing: /home/pretend/code/install/video_trial_node/share/video_trial_node/environment/path.dsv
[36.148s] -- Installing: /home/pretend/code/install/video_trial_node/share/video_trial_node/local_setup.bash
[36.148s] -- Installing: /home/pretend/code/install/video_trial_node/share/video_trial_node/local_setup.sh
[36.148s] -- Installing: /home/pretend/code/install/video_trial_node/share/video_trial_node/local_setup.zsh
[36.148s] -- Installing: /home/pretend/code/install/video_trial_node/share/video_trial_node/local_setup.dsv
[36.148s] -- Installing: /home/pretend/code/install/video_trial_node/share/video_trial_node/package.dsv
[36.148s] -- Installing: /home/pretend/code/install/video_trial_node/share/ament_index/resource_index/packages/video_trial_node
[36.148s] -- Installing: /home/pretend/code/install/video_trial_node/share/ament_index/resource_index/rclcpp_components/video_trial_node
[36.148s] -- Installing: /home/pretend/code/install/video_trial_node/share/video_trial_node/cmake/video_trial_nodeConfig.cmake
[36.148s] -- Installing: /home/pretend/code/install/video_trial_node/share/video_trial_node/cmake/video_trial_nodeConfig-version.cmake
[36.148s] -- Installing: /home/pretend/code/install/video_trial_node/share/video_trial_node/package.xml
[36.149s] Invoked command in '/home/pretend/code/build/video_trial_node' returned '0': CMAKE_PREFIX_PATH=/opt/ros/humble /usr/bin/cmake --install /home/pretend/code/build/video_trial_node
