[0.011s] Invoking command in '/home/pretend/code/build/rm_msgs': CMAKE_PREFIX_PATH=${CMAKE_PREFIX_PATH}:/opt/ros/humble /usr/bin/cmake --build /home/pretend/code/build/rm_msgs -- -j32 -l32
[0.039s] [  3%] Built target rm_msgs__cpp
[0.041s] [ 12%] Built target rm_msgs__rosidl_generator_c
[0.046s] [ 12%] Built target ament_cmake_python_copy_rm_msgs
[0.054s] [ 22%] Built target rm_msgs__rosidl_typesupport_cpp
[0.055s] [ 32%] Built target rm_msgs__rosidl_typesupport_fastrtps_cpp
[0.056s] [ 41%] Built target rm_msgs__rosidl_typesupport_introspection_cpp
[0.056s] [ 51%] Built target rm_msgs__rosidl_typesupport_introspection_c
[0.057s] [ 61%] Built target rm_msgs__rosidl_typesupport_fastrtps_c
[0.058s] [ 70%] Built target rm_msgs__rosidl_typesupport_c
[0.075s] [ 70%] Built target rm_msgs
[0.082s] [ 74%] Built target rm_msgs__py
[0.093s] [ 80%] Built target rm_msgs__rosidl_generator_py
[0.107s] [ 87%] Built target rm_msgs__rosidl_typesupport_fastrtps_c__pyext
[0.108s] [ 93%] Built target rm_msgs__rosidl_typesupport_introspection_c__pyext
[0.109s] [100%] Built target rm_msgs__rosidl_typesupport_c__pyext
[0.176s] running egg_info
[0.177s] writing rm_msgs.egg-info/PKG-INFO
[0.177s] writing dependency_links to rm_msgs.egg-info/dependency_links.txt
[0.177s] writing top-level names to rm_msgs.egg-info/top_level.txt
[0.178s] reading manifest file 'rm_msgs.egg-info/SOURCES.txt'
[0.178s] writing manifest file 'rm_msgs.egg-info/SOURCES.txt'
[0.192s] [100%] Built target ament_cmake_python_build_rm_msgs_egg
[0.197s] Invoked command in '/home/pretend/code/build/rm_msgs' returned '0': CMAKE_PREFIX_PATH=${CMAKE_PREFIX_PATH}:/opt/ros/humble /usr/bin/cmake --build /home/pretend/code/build/rm_msgs -- -j32 -l32
[0.198s] Invoking command in '/home/pretend/code/build/rm_msgs': CMAKE_PREFIX_PATH=${CMAKE_PREFIX_PATH}:/opt/ros/humble /usr/bin/cmake --install /home/pretend/code/build/rm_msgs
[0.202s] -- Install configuration: ""
[0.202s] -- Up-to-date: /home/pretend/code/install/rm_msgs/share/ament_index/resource_index/rosidl_interfaces/rm_msgs
[0.202s] -- Up-to-date: /home/pretend/code/install/rm_msgs/include/rm_msgs/rm_msgs
[0.202s] -- Up-to-date: /home/pretend/code/install/rm_msgs/include/rm_msgs/rm_msgs/msg
[0.202s] -- Up-to-date: /home/pretend/code/install/rm_msgs/include/rm_msgs/rm_msgs/msg/rosidl_generator_c__visibility_control.h
[0.202s] -- Up-to-date: /home/pretend/code/install/rm_msgs/include/rm_msgs/rm_msgs/msg/armor.h
[0.202s] -- Up-to-date: /home/pretend/code/install/rm_msgs/include/rm_msgs/rm_msgs/msg/detail
[0.202s] -- Up-to-date: /home/pretend/code/install/rm_msgs/include/rm_msgs/rm_msgs/msg/detail/armor__functions.c
[0.202s] -- Up-to-date: /home/pretend/code/install/rm_msgs/include/rm_msgs/rm_msgs/msg/detail/armor__functions.h
[0.202s] -- Up-to-date: /home/pretend/code/install/rm_msgs/include/rm_msgs/rm_msgs/msg/detail/armor__type_support.h
[0.202s] -- Up-to-date: /home/pretend/code/install/rm_msgs/include/rm_msgs/rm_msgs/msg/detail/armor__struct.h
[0.202s] -- Up-to-date: /home/pretend/code/install/rm_msgs/share/rm_msgs/environment/library_path.sh
[0.202s] -- Up-to-date: /home/pretend/code/install/rm_msgs/share/rm_msgs/environment/library_path.dsv
[0.203s] -- Up-to-date: /home/pretend/code/install/rm_msgs/lib/librm_msgs__rosidl_generator_c.so
[0.203s] -- Up-to-date: /home/pretend/code/install/rm_msgs/include/rm_msgs/rm_msgs
[0.203s] -- Up-to-date: /home/pretend/code/install/rm_msgs/include/rm_msgs/rm_msgs/msg
[0.203s] -- Up-to-date: /home/pretend/code/install/rm_msgs/include/rm_msgs/rm_msgs/msg/rosidl_typesupport_fastrtps_c__visibility_control.h
[0.203s] -- Up-to-date: /home/pretend/code/install/rm_msgs/include/rm_msgs/rm_msgs/msg/detail
[0.203s] -- Up-to-date: /home/pretend/code/install/rm_msgs/include/rm_msgs/rm_msgs/msg/detail/armor__rosidl_typesupport_fastrtps_c.h
[0.203s] -- Up-to-date: /home/pretend/code/install/rm_msgs/lib/librm_msgs__rosidl_typesupport_fastrtps_c.so
[0.203s] -- Up-to-date: /home/pretend/code/install/rm_msgs/include/rm_msgs/rm_msgs
[0.203s] -- Up-to-date: /home/pretend/code/install/rm_msgs/include/rm_msgs/rm_msgs/msg
[0.203s] -- Up-to-date: /home/pretend/code/install/rm_msgs/include/rm_msgs/rm_msgs/msg/rosidl_generator_cpp__visibility_control.hpp
[0.203s] -- Up-to-date: /home/pretend/code/install/rm_msgs/include/rm_msgs/rm_msgs/msg/armor.hpp
[0.203s] -- Up-to-date: /home/pretend/code/install/rm_msgs/include/rm_msgs/rm_msgs/msg/detail
[0.203s] -- Up-to-date: /home/pretend/code/install/rm_msgs/include/rm_msgs/rm_msgs/msg/detail/armor__traits.hpp
[0.203s] -- Up-to-date: /home/pretend/code/install/rm_msgs/include/rm_msgs/rm_msgs/msg/detail/armor__type_support.hpp
[0.203s] -- Up-to-date: /home/pretend/code/install/rm_msgs/include/rm_msgs/rm_msgs/msg/detail/armor__builder.hpp
[0.203s] -- Up-to-date: /home/pretend/code/install/rm_msgs/include/rm_msgs/rm_msgs/msg/detail/armor__struct.hpp
[0.203s] -- Up-to-date: /home/pretend/code/install/rm_msgs/include/rm_msgs/rm_msgs
[0.203s] -- Up-to-date: /home/pretend/code/install/rm_msgs/include/rm_msgs/rm_msgs/msg
[0.203s] -- Up-to-date: /home/pretend/code/install/rm_msgs/include/rm_msgs/rm_msgs/msg/rosidl_typesupport_fastrtps_cpp__visibility_control.h
[0.203s] -- Up-to-date: /home/pretend/code/install/rm_msgs/include/rm_msgs/rm_msgs/msg/detail
[0.203s] -- Up-to-date: /home/pretend/code/install/rm_msgs/include/rm_msgs/rm_msgs/msg/detail/dds_fastrtps
[0.203s] -- Up-to-date: /home/pretend/code/install/rm_msgs/include/rm_msgs/rm_msgs/msg/detail/armor__rosidl_typesupport_fastrtps_cpp.hpp
[0.203s] -- Up-to-date: /home/pretend/code/install/rm_msgs/lib/librm_msgs__rosidl_typesupport_fastrtps_cpp.so
[0.203s] -- Up-to-date: /home/pretend/code/install/rm_msgs/include/rm_msgs/rm_msgs
[0.203s] -- Up-to-date: /home/pretend/code/install/rm_msgs/include/rm_msgs/rm_msgs/msg
[0.203s] -- Up-to-date: /home/pretend/code/install/rm_msgs/include/rm_msgs/rm_msgs/msg/rosidl_typesupport_introspection_c__visibility_control.h
[0.204s] -- Up-to-date: /home/pretend/code/install/rm_msgs/include/rm_msgs/rm_msgs/msg/detail
[0.204s] -- Up-to-date: /home/pretend/code/install/rm_msgs/include/rm_msgs/rm_msgs/msg/detail/armor__rosidl_typesupport_introspection_c.h
[0.204s] -- Up-to-date: /home/pretend/code/install/rm_msgs/include/rm_msgs/rm_msgs/msg/detail/armor__type_support.c
[0.204s] -- Up-to-date: /home/pretend/code/install/rm_msgs/lib/librm_msgs__rosidl_typesupport_introspection_c.so
[0.204s] -- Up-to-date: /home/pretend/code/install/rm_msgs/lib/librm_msgs__rosidl_typesupport_c.so
[0.204s] -- Up-to-date: /home/pretend/code/install/rm_msgs/include/rm_msgs/rm_msgs
[0.204s] -- Up-to-date: /home/pretend/code/install/rm_msgs/include/rm_msgs/rm_msgs/msg
[0.204s] -- Up-to-date: /home/pretend/code/install/rm_msgs/include/rm_msgs/rm_msgs/msg/detail
[0.204s] -- Up-to-date: /home/pretend/code/install/rm_msgs/include/rm_msgs/rm_msgs/msg/detail/armor__type_support.cpp
[0.204s] -- Up-to-date: /home/pretend/code/install/rm_msgs/include/rm_msgs/rm_msgs/msg/detail/armor__rosidl_typesupport_introspection_cpp.hpp
[0.204s] -- Up-to-date: /home/pretend/code/install/rm_msgs/lib/librm_msgs__rosidl_typesupport_introspection_cpp.so
[0.204s] -- Up-to-date: /home/pretend/code/install/rm_msgs/lib/librm_msgs__rosidl_typesupport_cpp.so
[0.204s] -- Up-to-date: /home/pretend/code/install/rm_msgs/share/rm_msgs/environment/pythonpath.sh
[0.204s] -- Up-to-date: /home/pretend/code/install/rm_msgs/share/rm_msgs/environment/pythonpath.dsv
[0.204s] -- Up-to-date: /home/pretend/code/install/rm_msgs/local/lib/python3.10/dist-packages/rm_msgs-0.0.0-py3.10.egg-info
[0.204s] -- Installing: /home/pretend/code/install/rm_msgs/local/lib/python3.10/dist-packages/rm_msgs-0.0.0-py3.10.egg-info/SOURCES.txt
[0.204s] -- Installing: /home/pretend/code/install/rm_msgs/local/lib/python3.10/dist-packages/rm_msgs-0.0.0-py3.10.egg-info/top_level.txt
[0.204s] -- Installing: /home/pretend/code/install/rm_msgs/local/lib/python3.10/dist-packages/rm_msgs-0.0.0-py3.10.egg-info/dependency_links.txt
[0.204s] -- Installing: /home/pretend/code/install/rm_msgs/local/lib/python3.10/dist-packages/rm_msgs-0.0.0-py3.10.egg-info/PKG-INFO
[0.204s] -- Up-to-date: /home/pretend/code/install/rm_msgs/local/lib/python3.10/dist-packages/rm_msgs
[0.204s] -- Up-to-date: /home/pretend/code/install/rm_msgs/local/lib/python3.10/dist-packages/rm_msgs/rm_msgs_s__rosidl_typesupport_fastrtps_c.cpython-310-x86_64-linux-gnu.so
[0.204s] -- Up-to-date: /home/pretend/code/install/rm_msgs/local/lib/python3.10/dist-packages/rm_msgs/librm_msgs__rosidl_generator_py.so
[0.204s] -- Up-to-date: /home/pretend/code/install/rm_msgs/local/lib/python3.10/dist-packages/rm_msgs/msg
[0.204s] -- Up-to-date: /home/pretend/code/install/rm_msgs/local/lib/python3.10/dist-packages/rm_msgs/msg/_armor_s.c
[0.204s] -- Up-to-date: /home/pretend/code/install/rm_msgs/local/lib/python3.10/dist-packages/rm_msgs/msg/_armor.py
[0.204s] -- Up-to-date: /home/pretend/code/install/rm_msgs/local/lib/python3.10/dist-packages/rm_msgs/msg/__init__.py
[0.204s] -- Up-to-date: /home/pretend/code/install/rm_msgs/local/lib/python3.10/dist-packages/rm_msgs/_rm_msgs_s.ep.rosidl_typesupport_c.c
[0.204s] -- Up-to-date: /home/pretend/code/install/rm_msgs/local/lib/python3.10/dist-packages/rm_msgs/rm_msgs_s__rosidl_typesupport_c.cpython-310-x86_64-linux-gnu.so
[0.204s] -- Up-to-date: /home/pretend/code/install/rm_msgs/local/lib/python3.10/dist-packages/rm_msgs/_rm_msgs_s.ep.rosidl_typesupport_fastrtps_c.c
[0.204s] -- Up-to-date: /home/pretend/code/install/rm_msgs/local/lib/python3.10/dist-packages/rm_msgs/rm_msgs_s__rosidl_typesupport_introspection_c.cpython-310-x86_64-linux-gnu.so
[0.204s] -- Up-to-date: /home/pretend/code/install/rm_msgs/local/lib/python3.10/dist-packages/rm_msgs/__init__.py
[0.204s] -- Up-to-date: /home/pretend/code/install/rm_msgs/local/lib/python3.10/dist-packages/rm_msgs/_rm_msgs_s.ep.rosidl_typesupport_introspection_c.c
[0.220s] Listing '/home/pretend/code/install/rm_msgs/local/lib/python3.10/dist-packages/rm_msgs'...
[0.220s] Listing '/home/pretend/code/install/rm_msgs/local/lib/python3.10/dist-packages/rm_msgs/msg'...
[0.222s] -- Up-to-date: /home/pretend/code/install/rm_msgs/local/lib/python3.10/dist-packages/rm_msgs/rm_msgs_s__rosidl_typesupport_fastrtps_c.cpython-310-x86_64-linux-gnu.so
[0.222s] -- Up-to-date: /home/pretend/code/install/rm_msgs/local/lib/python3.10/dist-packages/rm_msgs/rm_msgs_s__rosidl_typesupport_introspection_c.cpython-310-x86_64-linux-gnu.so
[0.222s] -- Up-to-date: /home/pretend/code/install/rm_msgs/local/lib/python3.10/dist-packages/rm_msgs/rm_msgs_s__rosidl_typesupport_c.cpython-310-x86_64-linux-gnu.so
[0.222s] -- Up-to-date: /home/pretend/code/install/rm_msgs/lib/librm_msgs__rosidl_generator_py.so
[0.222s] -- Up-to-date: /home/pretend/code/install/rm_msgs/share/rm_msgs/msg/Armor.idl
[0.222s] -- Up-to-date: /home/pretend/code/install/rm_msgs/share/rm_msgs/msg/Armor.msg
[0.222s] -- Up-to-date: /home/pretend/code/install/rm_msgs/share/ament_index/resource_index/package_run_dependencies/rm_msgs
[0.222s] -- Up-to-date: /home/pretend/code/install/rm_msgs/share/ament_index/resource_index/parent_prefix_path/rm_msgs
[0.222s] -- Up-to-date: /home/pretend/code/install/rm_msgs/share/rm_msgs/environment/ament_prefix_path.sh
[0.223s] -- Up-to-date: /home/pretend/code/install/rm_msgs/share/rm_msgs/environment/ament_prefix_path.dsv
[0.223s] -- Up-to-date: /home/pretend/code/install/rm_msgs/share/rm_msgs/environment/path.sh
[0.223s] -- Up-to-date: /home/pretend/code/install/rm_msgs/share/rm_msgs/environment/path.dsv
[0.223s] -- Up-to-date: /home/pretend/code/install/rm_msgs/share/rm_msgs/local_setup.bash
[0.223s] -- Up-to-date: /home/pretend/code/install/rm_msgs/share/rm_msgs/local_setup.sh
[0.223s] -- Up-to-date: /home/pretend/code/install/rm_msgs/share/rm_msgs/local_setup.zsh
[0.223s] -- Up-to-date: /home/pretend/code/install/rm_msgs/share/rm_msgs/local_setup.dsv
[0.223s] -- Installing: /home/pretend/code/install/rm_msgs/share/rm_msgs/package.dsv
[0.223s] -- Up-to-date: /home/pretend/code/install/rm_msgs/share/ament_index/resource_index/packages/rm_msgs
[0.223s] -- Up-to-date: /home/pretend/code/install/rm_msgs/share/rm_msgs/cmake/export_rm_msgs__rosidl_generator_cExport.cmake
[0.223s] -- Up-to-date: /home/pretend/code/install/rm_msgs/share/rm_msgs/cmake/export_rm_msgs__rosidl_generator_cExport-noconfig.cmake
[0.223s] -- Up-to-date: /home/pretend/code/install/rm_msgs/share/rm_msgs/cmake/export_rm_msgs__rosidl_typesupport_fastrtps_cExport.cmake
[0.223s] -- Up-to-date: /home/pretend/code/install/rm_msgs/share/rm_msgs/cmake/export_rm_msgs__rosidl_typesupport_fastrtps_cExport-noconfig.cmake
[0.223s] -- Up-to-date: /home/pretend/code/install/rm_msgs/share/rm_msgs/cmake/export_rm_msgs__rosidl_generator_cppExport.cmake
[0.223s] -- Up-to-date: /home/pretend/code/install/rm_msgs/share/rm_msgs/cmake/export_rm_msgs__rosidl_typesupport_fastrtps_cppExport.cmake
[0.223s] -- Up-to-date: /home/pretend/code/install/rm_msgs/share/rm_msgs/cmake/export_rm_msgs__rosidl_typesupport_fastrtps_cppExport-noconfig.cmake
[0.223s] -- Up-to-date: /home/pretend/code/install/rm_msgs/share/rm_msgs/cmake/rm_msgs__rosidl_typesupport_introspection_cExport.cmake
[0.223s] -- Up-to-date: /home/pretend/code/install/rm_msgs/share/rm_msgs/cmake/rm_msgs__rosidl_typesupport_introspection_cExport-noconfig.cmake
[0.224s] -- Up-to-date: /home/pretend/code/install/rm_msgs/share/rm_msgs/cmake/rm_msgs__rosidl_typesupport_cExport.cmake
[0.224s] -- Up-to-date: /home/pretend/code/install/rm_msgs/share/rm_msgs/cmake/rm_msgs__rosidl_typesupport_cExport-noconfig.cmake
[0.224s] -- Up-to-date: /home/pretend/code/install/rm_msgs/share/rm_msgs/cmake/rm_msgs__rosidl_typesupport_introspection_cppExport.cmake
[0.224s] -- Up-to-date: /home/pretend/code/install/rm_msgs/share/rm_msgs/cmake/rm_msgs__rosidl_typesupport_introspection_cppExport-noconfig.cmake
[0.224s] -- Up-to-date: /home/pretend/code/install/rm_msgs/share/rm_msgs/cmake/rm_msgs__rosidl_typesupport_cppExport.cmake
[0.224s] -- Up-to-date: /home/pretend/code/install/rm_msgs/share/rm_msgs/cmake/rm_msgs__rosidl_typesupport_cppExport-noconfig.cmake
[0.224s] -- Up-to-date: /home/pretend/code/install/rm_msgs/share/rm_msgs/cmake/export_rm_msgs__rosidl_generator_pyExport.cmake
[0.224s] -- Up-to-date: /home/pretend/code/install/rm_msgs/share/rm_msgs/cmake/export_rm_msgs__rosidl_generator_pyExport-noconfig.cmake
[0.224s] -- Up-to-date: /home/pretend/code/install/rm_msgs/share/rm_msgs/cmake/rosidl_cmake-extras.cmake
[0.224s] -- Up-to-date: /home/pretend/code/install/rm_msgs/share/rm_msgs/cmake/ament_cmake_export_dependencies-extras.cmake
[0.224s] -- Up-to-date: /home/pretend/code/install/rm_msgs/share/rm_msgs/cmake/ament_cmake_export_include_directories-extras.cmake
[0.224s] -- Up-to-date: /home/pretend/code/install/rm_msgs/share/rm_msgs/cmake/ament_cmake_export_libraries-extras.cmake
[0.224s] -- Up-to-date: /home/pretend/code/install/rm_msgs/share/rm_msgs/cmake/ament_cmake_export_targets-extras.cmake
[0.224s] -- Up-to-date: /home/pretend/code/install/rm_msgs/share/rm_msgs/cmake/rosidl_cmake_export_typesupport_targets-extras.cmake
[0.224s] -- Up-to-date: /home/pretend/code/install/rm_msgs/share/rm_msgs/cmake/rosidl_cmake_export_typesupport_libraries-extras.cmake
[0.224s] -- Up-to-date: /home/pretend/code/install/rm_msgs/share/rm_msgs/cmake/rm_msgsConfig.cmake
[0.224s] -- Up-to-date: /home/pretend/code/install/rm_msgs/share/rm_msgs/cmake/rm_msgsConfig-version.cmake
[0.224s] -- Up-to-date: /home/pretend/code/install/rm_msgs/share/rm_msgs/package.xml
[0.225s] Invoked command in '/home/pretend/code/build/rm_msgs' returned '0': CMAKE_PREFIX_PATH=${CMAKE_PREFIX_PATH}:/opt/ros/humble /usr/bin/cmake --install /home/pretend/code/build/rm_msgs
