[0.362s] Invoking command in '/home/pretend/code/build/rm_armor_tracker': CMAKE_PREFIX_PATH=/home/pretend/code/install/rm_msgs:/home/pretend/code/install/video_trial_node:/home/pretend/code/install/rm_rune_detect:/home/pretend/code/install/rm_armor_tracker:/home/pretend/code/install/rm_armor_detect:/home/pretend/code/install/hik_camera:/opt/ros/humble LD_LIBRARY_PATH=/home/pretend/code/install/rm_msgs/lib:/opt/intel/openvino_2025.0.0/runtime/3rdparty/tbb/lib:/opt/intel/openvino_2025.0.0/runtime/lib/intel64:/opt/MVS/lib/64:/opt/MVS/lib/32:/opt/MVS/lib/64:/opt/MVS/lib/32:/home/pretend/code/install/video_trial_node/lib:/home/pretend/code/install/rm_rune_detect/lib:/home/pretend/code/install/rm_armor_tracker/lib:/home/pretend/code/install/rm_armor_detect/lib:/home/pretend/code/install/hik_camera/lib:/opt/intel/openvino_2025.0.0/runtime/3rdparty/tbb/lib:/opt/intel/openvino_2025.0.0/runtime/lib/intel64:/opt/MVS/lib/64:/opt/MVS/lib/32:/opt/ros/humble/opt/rviz_ogre_vendor/lib:/opt/ros/humble/lib/x86_64-linux-gnu:/opt/ros/humble/lib:/opt/MVS/lib/64:/opt/MVS/lib/32:/opt/intel/openvino_2025/runtime/lib/intel64:/opt/intel/openvino_2025/runtime/lib/intel64 /usr/bin/cmake /home/pretend/code/src/rm_armor_tracker -DAMENT_CMAKE_SYMLINK_INSTALL=1 -DCMAKE_INSTALL_PREFIX=/home/pretend/code/install/rm_armor_tracker
[0.375s] -- Found ament_cmake: 1.3.11 (/opt/ros/humble/share/ament_cmake/cmake)
[0.463s] -- Override CMake install command with custom implementation using symlinks instead of copying resources
[0.467s] -- Found rclcpp: 16.0.12 (/opt/ros/humble/share/rclcpp/cmake)
[0.965s] -- Found rosidl_generator_c: 3.1.6 (/opt/ros/humble/share/rosidl_generator_c/cmake)
[0.967s] -- Found rosidl_adapter: 3.1.6 (/opt/ros/humble/share/rosidl_adapter/cmake)
[0.971s] -- Found rosidl_generator_cpp: 3.1.6 (/opt/ros/humble/share/rosidl_generator_cpp/cmake)
[0.978s] -- Using all available rosidl_typesupport_c: rosidl_typesupport_fastrtps_c;rosidl_typesupport_introspection_c
[0.985s] -- Using all available rosidl_typesupport_cpp: rosidl_typesupport_fastrtps_cpp;rosidl_typesupport_introspection_cpp
[1.007s] -- Found rmw_implementation_cmake: 6.1.2 (/opt/ros/humble/share/rmw_implementation_cmake/cmake)
[1.008s] -- Found rmw_fastrtps_cpp: 6.2.7 (/opt/ros/humble/share/rmw_fastrtps_cpp/cmake)
[22.554s] -- Using RMW implementation 'rmw_fastrtps_cpp' as default
[22.590s] -- Found rclcpp_components: 16.0.12 (/opt/ros/humble/share/rclcpp_components/cmake)
[22.604s] -- Found rm_msgs: 0.0.0 (/home/pretend/code/install/rm_msgs/share/rm_msgs/cmake)
[22.627s] -- Found ament_lint_auto: 0.12.12 (/opt/ros/humble/share/ament_lint_auto/cmake)
[22.679s] -- Added test 'copyright' to check source files copyright and LICENSE
[22.680s] -- Added test 'cppcheck' to perform static code analysis on C / C++ code
[22.680s] -- Configured cppcheck include dirs: $<BUILD_INTERFACE:/home/pretend/code/src/rm_armor_tracker/include>
[22.680s] -- Configured cppcheck exclude dirs and/or files: 
[22.681s] -- Added test 'cpplint' to check C / C++ code against the Google style
[22.681s] -- Configured cpplint exclude dirs and/or files: 
[22.681s] -- Added test 'lint_cmake' to check CMake code style
[22.682s] -- Added test 'uncrustify' to check C / C++ code style
[22.682s] -- Configured uncrustify additional arguments: 
[22.682s] -- Added test 'xmllint' to check XML markup files
[22.682s] -- Configuring done
[22.692s] -- Generating done
[22.697s] -- Build files have been written to: /home/pretend/code/build/rm_armor_tracker
[22.703s] Invoked command in '/home/pretend/code/build/rm_armor_tracker' returned '0': CMAKE_PREFIX_PATH=/home/pretend/code/install/rm_msgs:/home/pretend/code/install/video_trial_node:/home/pretend/code/install/rm_rune_detect:/home/pretend/code/install/rm_armor_tracker:/home/pretend/code/install/rm_armor_detect:/home/pretend/code/install/hik_camera:/opt/ros/humble LD_LIBRARY_PATH=/home/pretend/code/install/rm_msgs/lib:/opt/intel/openvino_2025.0.0/runtime/3rdparty/tbb/lib:/opt/intel/openvino_2025.0.0/runtime/lib/intel64:/opt/MVS/lib/64:/opt/MVS/lib/32:/opt/MVS/lib/64:/opt/MVS/lib/32:/home/pretend/code/install/video_trial_node/lib:/home/pretend/code/install/rm_rune_detect/lib:/home/pretend/code/install/rm_armor_tracker/lib:/home/pretend/code/install/rm_armor_detect/lib:/home/pretend/code/install/hik_camera/lib:/opt/intel/openvino_2025.0.0/runtime/3rdparty/tbb/lib:/opt/intel/openvino_2025.0.0/runtime/lib/intel64:/opt/MVS/lib/64:/opt/MVS/lib/32:/opt/ros/humble/opt/rviz_ogre_vendor/lib:/opt/ros/humble/lib/x86_64-linux-gnu:/opt/ros/humble/lib:/opt/MVS/lib/64:/opt/MVS/lib/32:/opt/intel/openvino_2025/runtime/lib/intel64:/opt/intel/openvino_2025/runtime/lib/intel64 /usr/bin/cmake /home/pretend/code/src/rm_armor_tracker -DAMENT_CMAKE_SYMLINK_INSTALL=1 -DCMAKE_INSTALL_PREFIX=/home/pretend/code/install/rm_armor_tracker
[22.706s] Invoking command in '/home/pretend/code/build/rm_armor_tracker': CMAKE_PREFIX_PATH=/home/pretend/code/install/rm_msgs:/home/pretend/code/install/video_trial_node:/home/pretend/code/install/rm_rune_detect:/home/pretend/code/install/rm_armor_tracker:/home/pretend/code/install/rm_armor_detect:/home/pretend/code/install/hik_camera:/opt/ros/humble LD_LIBRARY_PATH=/home/pretend/code/install/rm_msgs/lib:/opt/intel/openvino_2025.0.0/runtime/3rdparty/tbb/lib:/opt/intel/openvino_2025.0.0/runtime/lib/intel64:/opt/MVS/lib/64:/opt/MVS/lib/32:/opt/MVS/lib/64:/opt/MVS/lib/32:/home/pretend/code/install/video_trial_node/lib:/home/pretend/code/install/rm_rune_detect/lib:/home/pretend/code/install/rm_armor_tracker/lib:/home/pretend/code/install/rm_armor_detect/lib:/home/pretend/code/install/hik_camera/lib:/opt/intel/openvino_2025.0.0/runtime/3rdparty/tbb/lib:/opt/intel/openvino_2025.0.0/runtime/lib/intel64:/opt/MVS/lib/64:/opt/MVS/lib/32:/opt/ros/humble/opt/rviz_ogre_vendor/lib:/opt/ros/humble/lib/x86_64-linux-gnu:/opt/ros/humble/lib:/opt/MVS/lib/64:/opt/MVS/lib/32:/opt/intel/openvino_2025/runtime/lib/intel64:/opt/intel/openvino_2025/runtime/lib/intel64 /usr/bin/cmake --build /home/pretend/code/build/rm_armor_tracker -- -j32 -l32
[22.735s] [35m[1mConsolidate compiler generated dependencies of target armor_tracker_node[0m
[22.736s] [35m[1mConsolidate compiler generated dependencies of target armor_tracker_component[0m
[22.748s] [ 40%] Built target armor_tracker_node
[22.751s] [100%] Built target armor_tracker_component
[22.762s] Invoked command in '/home/pretend/code/build/rm_armor_tracker' returned '0': CMAKE_PREFIX_PATH=/home/pretend/code/install/rm_msgs:/home/pretend/code/install/video_trial_node:/home/pretend/code/install/rm_rune_detect:/home/pretend/code/install/rm_armor_tracker:/home/pretend/code/install/rm_armor_detect:/home/pretend/code/install/hik_camera:/opt/ros/humble LD_LIBRARY_PATH=/home/pretend/code/install/rm_msgs/lib:/opt/intel/openvino_2025.0.0/runtime/3rdparty/tbb/lib:/opt/intel/openvino_2025.0.0/runtime/lib/intel64:/opt/MVS/lib/64:/opt/MVS/lib/32:/opt/MVS/lib/64:/opt/MVS/lib/32:/home/pretend/code/install/video_trial_node/lib:/home/pretend/code/install/rm_rune_detect/lib:/home/pretend/code/install/rm_armor_tracker/lib:/home/pretend/code/install/rm_armor_detect/lib:/home/pretend/code/install/hik_camera/lib:/opt/intel/openvino_2025.0.0/runtime/3rdparty/tbb/lib:/opt/intel/openvino_2025.0.0/runtime/lib/intel64:/opt/MVS/lib/64:/opt/MVS/lib/32:/opt/ros/humble/opt/rviz_ogre_vendor/lib:/opt/ros/humble/lib/x86_64-linux-gnu:/opt/ros/humble/lib:/opt/MVS/lib/64:/opt/MVS/lib/32:/opt/intel/openvino_2025/runtime/lib/intel64:/opt/intel/openvino_2025/runtime/lib/intel64 /usr/bin/cmake --build /home/pretend/code/build/rm_armor_tracker -- -j32 -l32
[22.770s] Invoking command in '/home/pretend/code/build/rm_armor_tracker': CMAKE_PREFIX_PATH=/home/pretend/code/install/rm_msgs:/home/pretend/code/install/video_trial_node:/home/pretend/code/install/rm_rune_detect:/home/pretend/code/install/rm_armor_tracker:/home/pretend/code/install/rm_armor_detect:/home/pretend/code/install/hik_camera:/opt/ros/humble LD_LIBRARY_PATH=/home/pretend/code/install/rm_msgs/lib:/opt/intel/openvino_2025.0.0/runtime/3rdparty/tbb/lib:/opt/intel/openvino_2025.0.0/runtime/lib/intel64:/opt/MVS/lib/64:/opt/MVS/lib/32:/opt/MVS/lib/64:/opt/MVS/lib/32:/home/pretend/code/install/video_trial_node/lib:/home/pretend/code/install/rm_rune_detect/lib:/home/pretend/code/install/rm_armor_tracker/lib:/home/pretend/code/install/rm_armor_detect/lib:/home/pretend/code/install/hik_camera/lib:/opt/intel/openvino_2025.0.0/runtime/3rdparty/tbb/lib:/opt/intel/openvino_2025.0.0/runtime/lib/intel64:/opt/MVS/lib/64:/opt/MVS/lib/32:/opt/ros/humble/opt/rviz_ogre_vendor/lib:/opt/ros/humble/lib/x86_64-linux-gnu:/opt/ros/humble/lib:/opt/MVS/lib/64:/opt/MVS/lib/32:/opt/intel/openvino_2025/runtime/lib/intel64:/opt/intel/openvino_2025/runtime/lib/intel64 /usr/bin/cmake --install /home/pretend/code/build/rm_armor_tracker
[22.775s] -- Install configuration: "Release"
[22.775s] -- Execute custom install script
[22.776s] -- Up-to-date symlink: /home/pretend/code/install/rm_armor_tracker/lib/rm_armor_tracker/armor_tracker_node
[22.776s] -- Up-to-date symlink: /home/pretend/code/install/rm_armor_tracker/lib/libarmor_tracker_component.so
[22.776s] -- Up-to-date symlink: /home/pretend/code/install/rm_armor_tracker/include/rm_armor_tracker/armor_tracker_node.hpp
[22.776s] -- Up-to-date symlink: /home/pretend/code/install/rm_armor_tracker/include/rm_armor_tracker/single_armor_tracker.hpp
[22.776s] -- Up-to-date symlink: /home/pretend/code/install/rm_armor_tracker/share/ament_index/resource_index/package_run_dependencies/rm_armor_tracker
[22.776s] -- Up-to-date symlink: /home/pretend/code/install/rm_armor_tracker/share/ament_index/resource_index/parent_prefix_path/rm_armor_tracker
[22.777s] -- Up-to-date symlink: /home/pretend/code/install/rm_armor_tracker/share/rm_armor_tracker/environment/ament_prefix_path.sh
[22.777s] -- Up-to-date symlink: /home/pretend/code/install/rm_armor_tracker/share/rm_armor_tracker/environment/ament_prefix_path.dsv
[22.777s] -- Up-to-date symlink: /home/pretend/code/install/rm_armor_tracker/share/rm_armor_tracker/environment/path.sh
[22.777s] -- Up-to-date symlink: /home/pretend/code/install/rm_armor_tracker/share/rm_armor_tracker/environment/path.dsv
[22.777s] -- Up-to-date symlink: /home/pretend/code/install/rm_armor_tracker/share/rm_armor_tracker/local_setup.bash
[22.777s] -- Up-to-date symlink: /home/pretend/code/install/rm_armor_tracker/share/rm_armor_tracker/local_setup.sh
[22.777s] -- Up-to-date symlink: /home/pretend/code/install/rm_armor_tracker/share/rm_armor_tracker/local_setup.zsh
[22.777s] -- Up-to-date symlink: /home/pretend/code/install/rm_armor_tracker/share/rm_armor_tracker/local_setup.dsv
[22.777s] -- Symlinking: /home/pretend/code/install/rm_armor_tracker/share/rm_armor_tracker/package.dsv
[22.783s] -- Up-to-date symlink: /home/pretend/code/install/rm_armor_tracker/share/ament_index/resource_index/packages/rm_armor_tracker
[22.783s] -- Up-to-date symlink: /home/pretend/code/install/rm_armor_tracker/share/ament_index/resource_index/rclcpp_components/rm_armor_tracker
[22.783s] -- Up-to-date symlink: /home/pretend/code/install/rm_armor_tracker/share/rm_armor_tracker/cmake/rm_armor_trackerConfig.cmake
[22.783s] -- Up-to-date symlink: /home/pretend/code/install/rm_armor_tracker/share/rm_armor_tracker/cmake/rm_armor_trackerConfig-version.cmake
[22.783s] -- Up-to-date symlink: /home/pretend/code/install/rm_armor_tracker/share/rm_armor_tracker/package.xml
[22.785s] Invoked command in '/home/pretend/code/build/rm_armor_tracker' returned '0': CMAKE_PREFIX_PATH=/home/pretend/code/install/rm_msgs:/home/pretend/code/install/video_trial_node:/home/pretend/code/install/rm_rune_detect:/home/pretend/code/install/rm_armor_tracker:/home/pretend/code/install/rm_armor_detect:/home/pretend/code/install/hik_camera:/opt/ros/humble LD_LIBRARY_PATH=/home/pretend/code/install/rm_msgs/lib:/opt/intel/openvino_2025.0.0/runtime/3rdparty/tbb/lib:/opt/intel/openvino_2025.0.0/runtime/lib/intel64:/opt/MVS/lib/64:/opt/MVS/lib/32:/opt/MVS/lib/64:/opt/MVS/lib/32:/home/pretend/code/install/video_trial_node/lib:/home/pretend/code/install/rm_rune_detect/lib:/home/pretend/code/install/rm_armor_tracker/lib:/home/pretend/code/install/rm_armor_detect/lib:/home/pretend/code/install/hik_camera/lib:/opt/intel/openvino_2025.0.0/runtime/3rdparty/tbb/lib:/opt/intel/openvino_2025.0.0/runtime/lib/intel64:/opt/MVS/lib/64:/opt/MVS/lib/32:/opt/ros/humble/opt/rviz_ogre_vendor/lib:/opt/ros/humble/lib/x86_64-linux-gnu:/opt/ros/humble/lib:/opt/MVS/lib/64:/opt/MVS/lib/32:/opt/intel/openvino_2025/runtime/lib/intel64:/opt/intel/openvino_2025/runtime/lib/intel64 /usr/bin/cmake --install /home/pretend/code/build/rm_armor_tracker
