[0.005s] Invoking command in '/home/pretend/code/build/rm_rune_detect': CMAKE_PREFIX_PATH=/opt/ros/humble /usr/bin/cmake --build /home/pretend/code/build/rm_rune_detect -- -j32 -l32
[0.034s] [ 11%] Building CXX object CMakeFiles/rm_rune_detect.dir/src/rune_detect_node.cpp.o
[0.034s] [ 22%] Building CXX object CMakeFiles/rune_detect_node.dir/src/rune_detect_node.cpp.o
[7.709s] [ 33%] Linking CXX shared library librm_rune_detect.so
[7.743s] [ 44%] Linking CXX executable rune_detect_node
[8.607s] [ 66%] Built target rm_rune_detect
[8.801s] [100%] Built target rune_detect_node
[8.806s] Invoked command in '/home/pretend/code/build/rm_rune_detect' returned '0': CMAKE_PREFIX_PATH=/opt/ros/humble /usr/bin/cmake --build /home/pretend/code/build/rm_rune_detect -- -j32 -l32
[8.811s] Invoking command in '/home/pretend/code/build/rm_rune_detect': CMAKE_PREFIX_PATH=/opt/ros/humble /usr/bin/cmake --install /home/pretend/code/build/rm_rune_detect
[8.814s] -- Install configuration: ""
[8.815s] -- Execute custom install script
[8.815s] -- Up-to-date symlink: /home/pretend/code/install/rm_rune_detect/lib/rm_rune_detect/rune_detect_node
[8.815s] -- Up-to-date symlink: /home/pretend/code/install/rm_rune_detect/lib/librm_rune_detect.so
[8.815s] -- Up-to-date symlink: /home/pretend/code/install/rm_rune_detect/include//rm_rune_detect/common_types.hpp
[8.815s] -- Up-to-date symlink: /home/pretend/code/install/rm_rune_detect/include//rm_rune_detect/openvino_detect.hpp
[8.815s] -- Up-to-date symlink: /home/pretend/code/install/rm_rune_detect/include//rm_rune_detect/preprocess.hpp
[8.815s] -- Up-to-date symlink: /home/pretend/code/install/rm_rune_detect/include//rm_rune_detect/rune_detect_node.hpp
[8.816s] -- Up-to-date symlink: /home/pretend/code/install/rm_rune_detect/share/rm_rune_detect/models/rune_detect_320.onnx
[8.816s] -- Up-to-date symlink: /home/pretend/code/install/rm_rune_detect/share/rm_rune_detect/launch/rune_detect.launch.py
[8.816s] -- Up-to-date symlink: /home/pretend/code/install/rm_rune_detect/share/ament_index/resource_index/package_run_dependencies/rm_rune_detect
[8.816s] -- Up-to-date symlink: /home/pretend/code/install/rm_rune_detect/share/ament_index/resource_index/parent_prefix_path/rm_rune_detect
[8.816s] -- Up-to-date symlink: /home/pretend/code/install/rm_rune_detect/share/rm_rune_detect/environment/ament_prefix_path.sh
[8.816s] -- Up-to-date symlink: /home/pretend/code/install/rm_rune_detect/share/rm_rune_detect/environment/ament_prefix_path.dsv
[8.816s] -- Up-to-date symlink: /home/pretend/code/install/rm_rune_detect/share/rm_rune_detect/environment/path.sh
[8.816s] -- Up-to-date symlink: /home/pretend/code/install/rm_rune_detect/share/rm_rune_detect/environment/path.dsv
[8.816s] -- Up-to-date symlink: /home/pretend/code/install/rm_rune_detect/share/rm_rune_detect/local_setup.bash
[8.816s] -- Up-to-date symlink: /home/pretend/code/install/rm_rune_detect/share/rm_rune_detect/local_setup.sh
[8.816s] -- Up-to-date symlink: /home/pretend/code/install/rm_rune_detect/share/rm_rune_detect/local_setup.zsh
[8.816s] -- Up-to-date symlink: /home/pretend/code/install/rm_rune_detect/share/rm_rune_detect/local_setup.dsv
[8.816s] -- Symlinking: /home/pretend/code/install/rm_rune_detect/share/rm_rune_detect/package.dsv
[8.820s] -- Up-to-date symlink: /home/pretend/code/install/rm_rune_detect/share/ament_index/resource_index/packages/rm_rune_detect
[8.820s] -- Up-to-date symlink: /home/pretend/code/install/rm_rune_detect/share/ament_index/resource_index/rclcpp_components/rm_rune_detect
[8.820s] -- Up-to-date symlink: /home/pretend/code/install/rm_rune_detect/share/rm_rune_detect/cmake/rm_rune_detectConfig.cmake
[8.820s] -- Up-to-date symlink: /home/pretend/code/install/rm_rune_detect/share/rm_rune_detect/cmake/rm_rune_detectConfig-version.cmake
[8.820s] -- Up-to-date symlink: /home/pretend/code/install/rm_rune_detect/share/rm_rune_detect/package.xml
[8.821s] Invoked command in '/home/pretend/code/build/rm_rune_detect' returned '0': CMAKE_PREFIX_PATH=/opt/ros/humble /usr/bin/cmake --install /home/pretend/code/build/rm_rune_detect
