[0.017s] Invoking command in '/home/pretend/code/build/rm_armor_tracker': CMAKE_PREFIX_PATH=${CMAKE_PREFIX_PATH}:/opt/ros/humble /usr/bin/cmake --build /home/pretend/code/build/rm_armor_tracker -- -j32 -l32
[0.040s] -- Found ament_cmake: 1.3.11 (/opt/ros/humble/share/ament_cmake/cmake)
[0.132s] -- Found rclcpp: 16.0.12 (/opt/ros/humble/share/rclcpp/cmake)
[0.349s] -- Found rosidl_generator_c: 3.1.6 (/opt/ros/humble/share/rosidl_generator_c/cmake)
[0.351s] -- Found rosidl_adapter: 3.1.6 (/opt/ros/humble/share/rosidl_adapter/cmake)
[0.357s] -- Found rosidl_generator_cpp: 3.1.6 (/opt/ros/humble/share/rosidl_generator_cpp/cmake)
[0.365s] -- Using all available rosidl_typesupport_c: rosidl_typesupport_fastrtps_c;rosidl_typesupport_introspection_c
[0.374s] -- Using all available rosidl_typesupport_cpp: rosidl_typesupport_fastrtps_cpp;rosidl_typesupport_introspection_cpp
[0.394s] -- Found rmw_implementation_cmake: 6.1.2 (/opt/ros/humble/share/rmw_implementation_cmake/cmake)
[0.395s] -- Found rmw_fastrtps_cpp: 6.2.7 (/opt/ros/humble/share/rmw_fastrtps_cpp/cmake)
[6.918s] -- Using RMW implementation 'rmw_fastrtps_cpp' as default
[6.971s] -- Found rclcpp_components: 16.0.12 (/opt/ros/humble/share/rclcpp_components/cmake)
[6.992s] -- Found geometry_msgs: 4.8.0 (/opt/ros/humble/share/geometry_msgs/cmake)
[7.008s] -- Found ament_lint_auto: 0.12.12 (/opt/ros/humble/share/ament_lint_auto/cmake)
[7.081s] -- Added test 'cppcheck' to perform static code analysis on C / C++ code
[7.081s] -- Configured cppcheck include dirs: /home/pretend/code/src/rm_armor_tracker/include
[7.081s] -- Configured cppcheck exclude dirs and/or files: 
[7.082s] -- Added test 'lint_cmake' to check CMake code style
[7.083s] -- Added test 'uncrustify' to check C / C++ code style
[7.083s] -- Configured uncrustify additional arguments: 
[7.083s] -- Added test 'xmllint' to check XML markup files
[7.085s] -- Configuring done
[7.098s] -- Generating done
[7.102s] -- Build files have been written to: /home/pretend/code/build/rm_armor_tracker
[7.139s] [ 16%] [32mBuilding CXX object CMakeFiles/armor_tracker_component.dir/src/armor_tracker_node.cpp.o[0m
[7.139s] [ 33%] [32mBuilding CXX object CMakeFiles/armor_tracker_node.dir/rclcpp_components/node_main_armor_tracker_node.cpp.o[0m
[9.782s] [ 50%] [32m[1mLinking CXX executable armor_tracker_node[0m
[10.146s] [ 50%] Built target armor_tracker_node
[14.106s] [ 66%] [32m[1mLinking CXX shared library libarmor_tracker_component.so[0m
[14.798s] [ 66%] Built target armor_tracker_component
[14.814s] [ 83%] [32mBuilding CXX object CMakeFiles/armor_tracker_main.dir/src/armor_tracker_main.cpp.o[0m
[17.043s] [100%] [32m[1mLinking CXX executable armor_tracker_main[0m
[17.434s] [100%] Built target armor_tracker_main
[17.445s] Invoked command in '/home/pretend/code/build/rm_armor_tracker' returned '0': CMAKE_PREFIX_PATH=${CMAKE_PREFIX_PATH}:/opt/ros/humble /usr/bin/cmake --build /home/pretend/code/build/rm_armor_tracker -- -j32 -l32
[17.447s] Invoking command in '/home/pretend/code/build/rm_armor_tracker': CMAKE_PREFIX_PATH=${CMAKE_PREFIX_PATH}:/opt/ros/humble /usr/bin/cmake --install /home/pretend/code/build/rm_armor_tracker
[17.452s] -- Install configuration: ""
[17.452s] -- Installing: /home/pretend/code/install/rm_armor_tracker/lib/rm_armor_tracker/armor_tracker_node
[17.453s] -- Set runtime path of "/home/pretend/code/install/rm_armor_tracker/lib/rm_armor_tracker/armor_tracker_node" to ""
[17.453s] -- Installing: /home/pretend/code/install/rm_armor_tracker/include/
[17.453s] -- Installing: /home/pretend/code/install/rm_armor_tracker/include//rm_armor_tracker
[17.453s] -- Installing: /home/pretend/code/install/rm_armor_tracker/include//rm_armor_tracker/armor_tracker_node.hpp
[17.453s] -- Installing: /home/pretend/code/install/rm_armor_tracker/lib/libarmor_tracker_component.so
[17.456s] -- Set runtime path of "/home/pretend/code/install/rm_armor_tracker/lib/libarmor_tracker_component.so" to ""
[17.456s] -- Installing: /home/pretend/code/install/rm_armor_tracker/lib/rm_armor_tracker/armor_tracker_main
[17.457s] -- Set runtime path of "/home/pretend/code/install/rm_armor_tracker/lib/rm_armor_tracker/armor_tracker_main" to ""
[17.457s] -- Installing: /home/pretend/code/install/rm_armor_tracker/share/ament_index/resource_index/package_run_dependencies/rm_armor_tracker
[17.459s] -- Installing: /home/pretend/code/install/rm_armor_tracker/share/ament_index/resource_index/parent_prefix_path/rm_armor_tracker
[17.459s] -- Up-to-date: /home/pretend/code/install/rm_armor_tracker/share/rm_armor_tracker/environment/ament_prefix_path.sh
[17.459s] -- Installing: /home/pretend/code/install/rm_armor_tracker/share/rm_armor_tracker/environment/ament_prefix_path.dsv
[17.459s] -- Up-to-date: /home/pretend/code/install/rm_armor_tracker/share/rm_armor_tracker/environment/path.sh
[17.459s] -- Installing: /home/pretend/code/install/rm_armor_tracker/share/rm_armor_tracker/environment/path.dsv
[17.460s] -- Up-to-date: /home/pretend/code/install/rm_armor_tracker/share/rm_armor_tracker/local_setup.bash
[17.460s] -- Up-to-date: /home/pretend/code/install/rm_armor_tracker/share/rm_armor_tracker/local_setup.sh
[17.460s] -- Up-to-date: /home/pretend/code/install/rm_armor_tracker/share/rm_armor_tracker/local_setup.zsh
[17.460s] -- Installing: /home/pretend/code/install/rm_armor_tracker/share/rm_armor_tracker/local_setup.dsv
[17.460s] -- Installing: /home/pretend/code/install/rm_armor_tracker/share/rm_armor_tracker/package.dsv
[17.460s] -- Up-to-date: /home/pretend/code/install/rm_armor_tracker/share/ament_index/resource_index/packages/rm_armor_tracker
[17.460s] -- Installing: /home/pretend/code/install/rm_armor_tracker/share/ament_index/resource_index/rclcpp_components/rm_armor_tracker
[17.461s] -- Up-to-date: /home/pretend/code/install/rm_armor_tracker/share/rm_armor_tracker/cmake/rm_armor_trackerConfig.cmake
[17.461s] -- Up-to-date: /home/pretend/code/install/rm_armor_tracker/share/rm_armor_tracker/cmake/rm_armor_trackerConfig-version.cmake
[17.461s] -- Installing: /home/pretend/code/install/rm_armor_tracker/share/rm_armor_tracker/package.xml
[17.462s] Invoked command in '/home/pretend/code/build/rm_armor_tracker' returned '0': CMAKE_PREFIX_PATH=${CMAKE_PREFIX_PATH}:/opt/ros/humble /usr/bin/cmake --install /home/pretend/code/build/rm_armor_tracker
