[0.006s] Invoking command in '/home/pretend/code/build/rm_rune_detect': CMAKE_PREFIX_PATH=${CMAKE_PREFIX_PATH}:/opt/ros/humble /usr/bin/cmake --build /home/pretend/code/build/rm_rune_detect -- -j32 -l32
[0.037s] [ 33%] [32mBuilding CXX object CMakeFiles/rm_rune_detect.dir/src/openvino_detect.cpp.o[0m
[0.037s] [ 33%] [32mBuilding CXX object CMakeFiles/rm_rune_detect.dir/src/rune_detect_node.cpp.o[0m
[0.037s] [ 33%] [32mBuilding CXX object CMakeFiles/rune_detect_node.dir/src/rune_detect_main.cpp.o[0m
[0.037s] [ 44%] [32mBuilding CXX object CMakeFiles/rune_detect_node.dir/src/openvino_detect.cpp.o[0m
[0.037s] [ 55%] [32mBuilding CXX object CMakeFiles/rune_detect_node.dir/src/rune_detect_node.cpp.o[0m
[7.837s] [ 66%] [32m[1mLinking CXX executable rune_detect_node[0m
[7.847s] [ 77%] [32m[1mLinking CXX shared library librm_rune_detect.so[0m
[8.642s] [ 88%] Built target rm_rune_detect
[8.777s] [100%] Built target rune_detect_node
[8.783s] Invoked command in '/home/pretend/code/build/rm_rune_detect' returned '0': CMAKE_PREFIX_PATH=${CMAKE_PREFIX_PATH}:/opt/ros/humble /usr/bin/cmake --build /home/pretend/code/build/rm_rune_detect -- -j32 -l32
[8.789s] Invoking command in '/home/pretend/code/build/rm_rune_detect': CMAKE_PREFIX_PATH=${CMAKE_PREFIX_PATH}:/opt/ros/humble /usr/bin/cmake --install /home/pretend/code/build/rm_rune_detect
[8.792s] -- Install configuration: ""
[8.792s] -- Installing: /home/pretend/code/install/rm_rune_detect/lib/rm_rune_detect/rune_detect_node
[8.796s] -- Set runtime path of "/home/pretend/code/install/rm_rune_detect/lib/rm_rune_detect/rune_detect_node" to ""
[8.796s] -- Installing: /home/pretend/code/install/rm_rune_detect/lib/librm_rune_detect.so
[8.804s] -- Set runtime path of "/home/pretend/code/install/rm_rune_detect/lib/librm_rune_detect.so" to ""
[8.804s] -- Up-to-date: /home/pretend/code/install/rm_rune_detect/include/
[8.804s] -- Up-to-date: /home/pretend/code/install/rm_rune_detect/include//rm_rune_detect
[8.804s] -- Up-to-date: /home/pretend/code/install/rm_rune_detect/include//rm_rune_detect/common_types.hpp
[8.804s] -- Up-to-date: /home/pretend/code/install/rm_rune_detect/include//rm_rune_detect/onnxruntime_detect.hpp
[8.804s] -- Up-to-date: /home/pretend/code/install/rm_rune_detect/include//rm_rune_detect/preprocess.hpp
[8.804s] -- Installing: /home/pretend/code/install/rm_rune_detect/include//rm_rune_detect/openvino_detect.hpp
[8.804s] -- Up-to-date: /home/pretend/code/install/rm_rune_detect/include//rm_rune_detect/rune_detect_node.hpp
[8.804s] -- Up-to-date: /home/pretend/code/install/rm_rune_detect/share/rm_rune_detect/models
[8.804s] -- Up-to-date: /home/pretend/code/install/rm_rune_detect/share/rm_rune_detect/models/rune_detect_320.onnx
[8.804s] -- Up-to-date: /home/pretend/code/install/rm_rune_detect/share/rm_rune_detect/launch
[8.804s] -- Up-to-date: /home/pretend/code/install/rm_rune_detect/share/rm_rune_detect/launch/rune_detect.launch.py
[8.804s] -- Up-to-date: /home/pretend/code/install/rm_rune_detect/share/ament_index/resource_index/package_run_dependencies/rm_rune_detect
[8.804s] -- Up-to-date: /home/pretend/code/install/rm_rune_detect/share/ament_index/resource_index/parent_prefix_path/rm_rune_detect
[8.804s] -- Up-to-date: /home/pretend/code/install/rm_rune_detect/share/rm_rune_detect/environment/ament_prefix_path.sh
[8.804s] -- Up-to-date: /home/pretend/code/install/rm_rune_detect/share/rm_rune_detect/environment/ament_prefix_path.dsv
[8.804s] -- Up-to-date: /home/pretend/code/install/rm_rune_detect/share/rm_rune_detect/environment/path.sh
[8.804s] -- Up-to-date: /home/pretend/code/install/rm_rune_detect/share/rm_rune_detect/environment/path.dsv
[8.804s] -- Up-to-date: /home/pretend/code/install/rm_rune_detect/share/rm_rune_detect/local_setup.bash
[8.805s] -- Up-to-date: /home/pretend/code/install/rm_rune_detect/share/rm_rune_detect/local_setup.sh
[8.805s] -- Up-to-date: /home/pretend/code/install/rm_rune_detect/share/rm_rune_detect/local_setup.zsh
[8.805s] -- Up-to-date: /home/pretend/code/install/rm_rune_detect/share/rm_rune_detect/local_setup.dsv
[8.805s] -- Installing: /home/pretend/code/install/rm_rune_detect/share/rm_rune_detect/package.dsv
[8.805s] -- Up-to-date: /home/pretend/code/install/rm_rune_detect/share/ament_index/resource_index/packages/rm_rune_detect
[8.805s] -- Up-to-date: /home/pretend/code/install/rm_rune_detect/share/ament_index/resource_index/rclcpp_components/rm_rune_detect
[8.805s] -- Up-to-date: /home/pretend/code/install/rm_rune_detect/share/rm_rune_detect/cmake/rm_rune_detectConfig.cmake
[8.805s] -- Up-to-date: /home/pretend/code/install/rm_rune_detect/share/rm_rune_detect/cmake/rm_rune_detectConfig-version.cmake
[8.805s] -- Up-to-date: /home/pretend/code/install/rm_rune_detect/share/rm_rune_detect/package.xml
[8.806s] Invoked command in '/home/pretend/code/build/rm_rune_detect' returned '0': CMAKE_PREFIX_PATH=${CMAKE_PREFIX_PATH}:/opt/ros/humble /usr/bin/cmake --install /home/pretend/code/build/rm_rune_detect
