[0.028s] Invoking command in '/home/pretend/code/build/rm_armor_tracker': CMAKE_PREFIX_PATH=${CMAKE_PREFIX_PATH}:/opt/ros/humble /usr/bin/cmake --build /home/pretend/code/build/rm_armor_tracker -- -j32 -l32
[0.064s] Invoked command in '/home/pretend/code/build/rm_armor_tracker' returned '0': CMAKE_PREFIX_PATH=${CMAKE_PREFIX_PATH}:/opt/ros/humble /usr/bin/cmake --build /home/pretend/code/build/rm_armor_tracker -- -j32 -l32
[0.072s] Invoking command in '/home/pretend/code/build/rm_armor_tracker': CMAKE_PREFIX_PATH=${CMAKE_PREFIX_PATH}:/opt/ros/humble /usr/bin/cmake --install /home/pretend/code/build/rm_armor_tracker
[0.079s] -- Install configuration: ""
[0.079s] -- Up-to-date: /home/pretend/code/install/rm_armor_tracker/share/ament_index/resource_index/package_run_dependencies/rm_armor_tracker
[0.080s] -- Up-to-date: /home/pretend/code/install/rm_armor_tracker/share/ament_index/resource_index/parent_prefix_path/rm_armor_tracker
[0.080s] -- Up-to-date: /home/pretend/code/install/rm_armor_tracker/share/rm_armor_tracker/environment/ament_prefix_path.sh
[0.080s] -- Up-to-date: /home/pretend/code/install/rm_armor_tracker/share/rm_armor_tracker/environment/ament_prefix_path.dsv
[0.080s] -- Up-to-date: /home/pretend/code/install/rm_armor_tracker/share/rm_armor_tracker/environment/path.sh
[0.080s] -- Up-to-date: /home/pretend/code/install/rm_armor_tracker/share/rm_armor_tracker/environment/path.dsv
[0.081s] -- Up-to-date: /home/pretend/code/install/rm_armor_tracker/share/rm_armor_tracker/local_setup.bash
[0.081s] -- Up-to-date: /home/pretend/code/install/rm_armor_tracker/share/rm_armor_tracker/local_setup.sh
[0.082s] -- Up-to-date: /home/pretend/code/install/rm_armor_tracker/share/rm_armor_tracker/local_setup.zsh
[0.083s] -- Up-to-date: /home/pretend/code/install/rm_armor_tracker/share/rm_armor_tracker/local_setup.dsv
[0.084s] -- Installing: /home/pretend/code/install/rm_armor_tracker/share/rm_armor_tracker/package.dsv
[0.084s] -- Up-to-date: /home/pretend/code/install/rm_armor_tracker/share/ament_index/resource_index/packages/rm_armor_tracker
[0.085s] -- Up-to-date: /home/pretend/code/install/rm_armor_tracker/share/rm_armor_tracker/cmake/rm_armor_trackerConfig.cmake
[0.085s] -- Up-to-date: /home/pretend/code/install/rm_armor_tracker/share/rm_armor_tracker/cmake/rm_armor_trackerConfig-version.cmake
[0.086s] -- Up-to-date: /home/pretend/code/install/rm_armor_tracker/share/rm_armor_tracker/package.xml
[0.087s] Invoked command in '/home/pretend/code/build/rm_armor_tracker' returned '0': CMAKE_PREFIX_PATH=${CMAKE_PREFIX_PATH}:/opt/ros/humble /usr/bin/cmake --install /home/pretend/code/build/rm_armor_tracker
