[0.007s] Invoking command in '/home/pretend/code/build/rm_armor_detect': CMAKE_PREFIX_PATH=/opt/ros/humble /usr/bin/cmake --build /home/pretend/code/build/rm_armor_detect -- -j32 -l32
[0.032s] [35m[1mConsolidate compiler generated dependencies of target armor_detect_main[0m
[0.033s] [35m[1mConsolidate compiler generated dependencies of target armor_detect_component[0m
[0.040s] [ 28%] Built target armor_detect
[0.045s] [ 57%] Built target armor_detect_component
[0.046s] [100%] Built target armor_detect_main
[0.053s] Invoked command in '/home/pretend/code/build/rm_armor_detect' returned '0': CMAKE_PREFIX_PATH=/opt/ros/humble /usr/bin/cmake --build /home/pretend/code/build/rm_armor_detect -- -j32 -l32
[0.059s] Invoking command in '/home/pretend/code/build/rm_armor_detect': CMAKE_PREFIX_PATH=/opt/ros/humble /usr/bin/cmake --install /home/pretend/code/build/rm_armor_detect
[0.063s] -- Install configuration: "Release"
[0.063s] -- Up-to-date: /home/pretend/code/install/rm_armor_detect/lib/rm_armor_detect/armor_detect
[0.063s] -- Up-to-date: /home/pretend/code/install/rm_armor_detect/include
[0.063s] -- Up-to-date: /home/pretend/code/install/rm_armor_detect/include/rm_armor_detect
[0.063s] -- Up-to-date: /home/pretend/code/install/rm_armor_detect/include/rm_armor_detect/armor_detect_node.hpp
[0.063s] -- Up-to-date: /home/pretend/code/install/rm_armor_detect/lib/libarmor_detect_component.so
[0.063s] -- Up-to-date: /home/pretend/code/install/rm_armor_detect/lib/rm_armor_detect/armor_detect_main
[0.063s] -- Up-to-date: /home/pretend/code/install/rm_armor_detect/lib/rm_armor_detect/armor_detect
[0.064s] -- Up-to-date: /home/pretend/code/install/rm_armor_detect/share/rm_armor_detect/launch
[0.064s] -- Up-to-date: /home/pretend/code/install/rm_armor_detect/share/rm_armor_detect/launch/armor_detect.launch.py
[0.064s] -- Up-to-date: /home/pretend/code/install/rm_armor_detect/share/rm_armor_detect/models
[0.064s] -- Up-to-date: /home/pretend/code/install/rm_armor_detect/share/rm_armor_detect/models/armor.onnx
[0.064s] -- Up-to-date: /home/pretend/code/install/rm_armor_detect/lib/rm_armor_detect/run_armor_detect.sh
[0.064s] -- Up-to-date: /home/pretend/code/install/rm_armor_detect/share/rm_armor_detect/environment/library_path.sh
[0.064s] -- Up-to-date: /home/pretend/code/install/rm_armor_detect/share/rm_armor_detect/environment/library_path.dsv
[0.064s] -- Up-to-date: /home/pretend/code/install/rm_armor_detect/share/ament_index/resource_index/package_run_dependencies/rm_armor_detect
[0.064s] -- Up-to-date: /home/pretend/code/install/rm_armor_detect/share/ament_index/resource_index/parent_prefix_path/rm_armor_detect
[0.064s] -- Up-to-date: /home/pretend/code/install/rm_armor_detect/share/rm_armor_detect/environment/ament_prefix_path.sh
[0.064s] -- Up-to-date: /home/pretend/code/install/rm_armor_detect/share/rm_armor_detect/environment/ament_prefix_path.dsv
[0.064s] -- Up-to-date: /home/pretend/code/install/rm_armor_detect/share/rm_armor_detect/environment/path.sh
[0.065s] -- Up-to-date: /home/pretend/code/install/rm_armor_detect/share/rm_armor_detect/environment/path.dsv
[0.065s] -- Up-to-date: /home/pretend/code/install/rm_armor_detect/share/rm_armor_detect/local_setup.bash
[0.065s] -- Up-to-date: /home/pretend/code/install/rm_armor_detect/share/rm_armor_detect/local_setup.sh
[0.065s] -- Up-to-date: /home/pretend/code/install/rm_armor_detect/share/rm_armor_detect/local_setup.zsh
[0.065s] -- Up-to-date: /home/pretend/code/install/rm_armor_detect/share/rm_armor_detect/local_setup.dsv
[0.065s] -- Installing: /home/pretend/code/install/rm_armor_detect/share/rm_armor_detect/package.dsv
[0.065s] -- Up-to-date: /home/pretend/code/install/rm_armor_detect/share/ament_index/resource_index/packages/rm_armor_detect
[0.065s] -- Up-to-date: /home/pretend/code/install/rm_armor_detect/share/ament_index/resource_index/rclcpp_components/rm_armor_detect
[0.065s] -- Up-to-date: /home/pretend/code/install/rm_armor_detect/share/rm_armor_detect/cmake/export_rm_armor_detectExport.cmake
[0.065s] -- Up-to-date: /home/pretend/code/install/rm_armor_detect/share/rm_armor_detect/cmake/export_rm_armor_detectExport-release.cmake
[0.065s] -- Up-to-date: /home/pretend/code/install/rm_armor_detect/share/rm_armor_detect/cmake/ament_cmake_export_include_directories-extras.cmake
[0.066s] -- Up-to-date: /home/pretend/code/install/rm_armor_detect/share/rm_armor_detect/cmake/ament_cmake_export_libraries-extras.cmake
[0.066s] -- Up-to-date: /home/pretend/code/install/rm_armor_detect/share/rm_armor_detect/cmake/ament_cmake_export_targets-extras.cmake
[0.066s] -- Up-to-date: /home/pretend/code/install/rm_armor_detect/share/rm_armor_detect/cmake/ament_cmake_export_dependencies-extras.cmake
[0.066s] -- Up-to-date: /home/pretend/code/install/rm_armor_detect/share/rm_armor_detect/cmake/rm_armor_detectConfig.cmake
[0.066s] -- Up-to-date: /home/pretend/code/install/rm_armor_detect/share/rm_armor_detect/cmake/rm_armor_detectConfig-version.cmake
[0.066s] -- Up-to-date: /home/pretend/code/install/rm_armor_detect/share/rm_armor_detect/package.xml
[0.067s] Invoked command in '/home/pretend/code/build/rm_armor_detect' returned '0': CMAKE_PREFIX_PATH=/opt/ros/humble /usr/bin/cmake --install /home/pretend/code/build/rm_armor_detect
