[0.018s] Invoking command in '/home/pretend/code/build/video_trial_node': CMAKE_PREFIX_PATH=${CMAKE_PREFIX_PATH}:/opt/ros/humble /usr/bin/cmake /home/pretend/code/src/video_trial_node -DCMAKE_INSTALL_PREFIX=/home/pretend/code/install/video_trial_node
[0.149s] -- The C compiler identification is GNU 11.4.0
[1.555s] -- The CXX compiler identification is GNU 11.4.0
[2.713s] -- Detecting C compiler ABI info
[2.883s] -- Detecting C compiler ABI info - done
[2.887s] -- Check for working C compiler: /usr/bin/cc - skipped
[2.887s] -- Detecting C compile features
[2.887s] -- Detecting C compile features - done
[2.888s] -- Detecting CXX compiler ABI info
[3.070s] -- Detecting CXX compiler ABI info - done
[3.074s] -- Check for working CXX compiler: /usr/bin/c++ - skipped
[3.074s] -- Detecting CXX compile features
[3.074s] -- Detecting CXX compile features - done
[3.075s] -- Found ament_cmake: 1.3.11 (/opt/ros/humble/share/ament_cmake/cmake)
[3.147s] -- Found Python3: /usr/bin/python3 (found version "3.10.12") found components: Interpreter 
[3.186s] -- Found rclcpp: 16.0.12 (/opt/ros/humble/share/rclcpp/cmake)
[3.497s] -- Found rosidl_generator_c: 3.1.6 (/opt/ros/humble/share/rosidl_generator_c/cmake)
[3.499s] -- Found rosidl_adapter: 3.1.6 (/opt/ros/humble/share/rosidl_adapter/cmake)
[3.503s] -- Found rosidl_generator_cpp: 3.1.6 (/opt/ros/humble/share/rosidl_generator_cpp/cmake)
[3.510s] -- Using all available rosidl_typesupport_c: rosidl_typesupport_fastrtps_c;rosidl_typesupport_introspection_c
[3.517s] -- Using all available rosidl_typesupport_cpp: rosidl_typesupport_fastrtps_cpp;rosidl_typesupport_introspection_cpp
[3.536s] -- Found rmw_implementation_cmake: 6.1.2 (/opt/ros/humble/share/rmw_implementation_cmake/cmake)
[3.537s] -- Found rmw_fastrtps_cpp: 6.2.7 (/opt/ros/humble/share/rmw_fastrtps_cpp/cmake)
[5.441s] -- Found OpenSSL: /usr/lib/x86_64-linux-gnu/libcrypto.so (found version "3.0.2")  
[6.373s] -- Found FastRTPS: /opt/ros/humble/include  
[9.671s] -- Using RMW implementation 'rmw_fastrtps_cpp' as default
[9.674s] -- Looking for pthread.h
[9.911s] -- Looking for pthread.h - found
[9.911s] -- Performing Test CMAKE_HAVE_LIBC_PTHREAD
[10.291s] -- Performing Test CMAKE_HAVE_LIBC_PTHREAD - Success
[10.291s] -- Found Threads: TRUE  
[10.316s] -- Found rclcpp_components: 16.0.12 (/opt/ros/humble/share/rclcpp_components/cmake)
[10.329s] -- Found sensor_msgs: 4.8.0 (/opt/ros/humble/share/sensor_msgs/cmake)
[10.346s] -- Found cv_bridge: 3.2.1 (/opt/ros/humble/share/cv_bridge/cmake)
[10.354s] -- Found image_transport: 3.1.11 (/opt/ros/humble/share/image_transport/cmake)
[14.531s] -- Found camera_info_manager: 3.1.11 (/opt/ros/humble/share/camera_info_manager/cmake)
[14.541s] -- Found OpenCV: /usr (found version "4.5.4") 
[14.542s] -- Found ament_lint_auto: 0.12.12 (/opt/ros/humble/share/ament_lint_auto/cmake)
[14.581s] -- Added test 'cppcheck' to perform static code analysis on C / C++ code
[14.581s] -- Configured cppcheck include dirs: /home/pretend/code/src/video_trial_node/include
[14.581s] -- Configured cppcheck exclude dirs and/or files: 
[14.581s] -- Added test 'flake8' to check Python code syntax and style conventions
[14.582s] -- Added test 'lint_cmake' to check CMake code style
[14.582s] -- Added test 'pep257' to check Python code against some of the docstring style conventions in PEP 257
[14.583s] -- Added test 'uncrustify' to check C / C++ code style
[14.583s] -- Configured uncrustify additional arguments: 
[14.583s] -- Added test 'xmllint' to check XML markup files
[14.584s] -- Configuring done
[14.595s] -- Generating done
[14.598s] -- Build files have been written to: /home/pretend/code/build/video_trial_node
[14.604s] Invoked command in '/home/pretend/code/build/video_trial_node' returned '0': CMAKE_PREFIX_PATH=${CMAKE_PREFIX_PATH}:/opt/ros/humble /usr/bin/cmake /home/pretend/code/src/video_trial_node -DCMAKE_INSTALL_PREFIX=/home/pretend/code/install/video_trial_node
[14.605s] Invoking command in '/home/pretend/code/build/video_trial_node': CMAKE_PREFIX_PATH=${CMAKE_PREFIX_PATH}:/opt/ros/humble /usr/bin/cmake --build /home/pretend/code/build/video_trial_node -- -j32 -l32
[14.626s] [ 20%] [32mBuilding CXX object CMakeFiles/video_trial_node.dir/src/video_publisher_node.cpp.o[0m
[14.626s] [ 40%] [32mBuilding CXX object CMakeFiles/video_publisher_node.dir/src/video_publisher_main.cpp.o[0m
[14.627s] [ 60%] [32mBuilding CXX object CMakeFiles/video_publisher_node.dir/src/video_publisher_node.cpp.o[0m
[17.764s] [ 80%] [32m[1mLinking CXX shared library libvideo_trial_node.so[0m
[17.766s] [100%] [32m[1mLinking CXX executable video_publisher_node[0m
[18.135s] [100%] Built target video_trial_node
[18.714s] [100%] Built target video_publisher_node
[18.721s] Invoked command in '/home/pretend/code/build/video_trial_node' returned '0': CMAKE_PREFIX_PATH=${CMAKE_PREFIX_PATH}:/opt/ros/humble /usr/bin/cmake --build /home/pretend/code/build/video_trial_node -- -j32 -l32
[18.723s] Invoking command in '/home/pretend/code/build/video_trial_node': CMAKE_PREFIX_PATH=${CMAKE_PREFIX_PATH}:/opt/ros/humble /usr/bin/cmake --install /home/pretend/code/build/video_trial_node
[18.729s] -- Install configuration: ""
[18.730s] -- Installing: /home/pretend/code/install/video_trial_node/lib/video_trial_node/video_publisher_node
[18.730s] -- Set runtime path of "/home/pretend/code/install/video_trial_node/lib/video_trial_node/video_publisher_node" to ""
[18.731s] -- Installing: /home/pretend/code/install/video_trial_node/lib/libvideo_trial_node.so
[18.731s] -- Set runtime path of "/home/pretend/code/install/video_trial_node/lib/libvideo_trial_node.so" to ""
[18.731s] -- Installing: /home/pretend/code/install/video_trial_node/include/
[18.731s] -- Installing: /home/pretend/code/install/video_trial_node/include//video_trial_node
[18.732s] -- Installing: /home/pretend/code/install/video_trial_node/include//video_trial_node/video_publisher_node.hpp
[18.732s] -- Installing: /home/pretend/code/install/video_trial_node/share/video_trial_node/launch
[18.732s] -- Installing: /home/pretend/code/install/video_trial_node/share/video_trial_node/launch/video_publisher.launch.py
[18.732s] -- Installing: /home/pretend/code/install/video_trial_node/share/ament_index/resource_index/package_run_dependencies/video_trial_node
[18.732s] -- Installing: /home/pretend/code/install/video_trial_node/share/ament_index/resource_index/parent_prefix_path/video_trial_node
[18.733s] -- Installing: /home/pretend/code/install/video_trial_node/share/video_trial_node/environment/ament_prefix_path.sh
[18.733s] -- Installing: /home/pretend/code/install/video_trial_node/share/video_trial_node/environment/ament_prefix_path.dsv
[18.733s] -- Installing: /home/pretend/code/install/video_trial_node/share/video_trial_node/environment/path.sh
[18.733s] -- Installing: /home/pretend/code/install/video_trial_node/share/video_trial_node/environment/path.dsv
[18.734s] -- Installing: /home/pretend/code/install/video_trial_node/share/video_trial_node/local_setup.bash
[18.734s] -- Installing: /home/pretend/code/install/video_trial_node/share/video_trial_node/local_setup.sh
[18.734s] -- Installing: /home/pretend/code/install/video_trial_node/share/video_trial_node/local_setup.zsh
[18.734s] -- Installing: /home/pretend/code/install/video_trial_node/share/video_trial_node/local_setup.dsv
[18.734s] -- Installing: /home/pretend/code/install/video_trial_node/share/video_trial_node/package.dsv
[18.734s] -- Installing: /home/pretend/code/install/video_trial_node/share/ament_index/resource_index/packages/video_trial_node
[18.734s] -- Installing: /home/pretend/code/install/video_trial_node/share/ament_index/resource_index/rclcpp_components/video_trial_node
[18.734s] -- Installing: /home/pretend/code/install/video_trial_node/share/video_trial_node/cmake/video_trial_nodeConfig.cmake
[18.735s] -- Installing: /home/pretend/code/install/video_trial_node/share/video_trial_node/cmake/video_trial_nodeConfig-version.cmake
[18.735s] -- Installing: /home/pretend/code/install/video_trial_node/share/video_trial_node/package.xml
[18.737s] Invoked command in '/home/pretend/code/build/video_trial_node' returned '0': CMAKE_PREFIX_PATH=${CMAKE_PREFIX_PATH}:/opt/ros/humble /usr/bin/cmake --install /home/pretend/code/build/video_trial_node
