[0.008s] Invoking command in '/home/pretend/code/build/rm_rune_detect': CMAKE_PREFIX_PATH=${CMAKE_PREFIX_PATH}:/opt/ros/humble /usr/bin/cmake /home/pretend/code/src/rm_rune_detect -DCMAKE_BUILD_TYPE=Release -DCMAKE_INSTALL_PREFIX=/home/pretend/code/install/rm_rune_detect
[0.022s] -- Found ament_cmake: 1.3.11 (/opt/ros/humble/share/ament_cmake/cmake)
[0.104s] -- Override CMake install command with custom implementation using symlinks instead of copying resources
[0.109s] -- Found rclcpp: 16.0.12 (/opt/ros/humble/share/rclcpp/cmake)
[0.320s] -- Found rosidl_generator_c: 3.1.6 (/opt/ros/humble/share/rosidl_generator_c/cmake)
[0.322s] -- Found rosidl_adapter: 3.1.6 (/opt/ros/humble/share/rosidl_adapter/cmake)
[0.326s] -- Found rosidl_generator_cpp: 3.1.6 (/opt/ros/humble/share/rosidl_generator_cpp/cmake)
[0.331s] -- Using all available rosidl_typesupport_c: rosidl_typesupport_fastrtps_c;rosidl_typesupport_introspection_c
[0.340s] -- Using all available rosidl_typesupport_cpp: rosidl_typesupport_fastrtps_cpp;rosidl_typesupport_introspection_cpp
[0.359s] -- Found rmw_implementation_cmake: 6.1.2 (/opt/ros/humble/share/rmw_implementation_cmake/cmake)
[0.360s] -- Found rmw_fastrtps_cpp: 6.2.7 (/opt/ros/humble/share/rmw_fastrtps_cpp/cmake)
[11.259s] -- Using RMW implementation 'rmw_fastrtps_cpp' as default
[11.286s] -- Found rclcpp_components: 16.0.12 (/opt/ros/humble/share/rclcpp_components/cmake)
[11.296s] -- Found sensor_msgs: 4.8.0 (/opt/ros/humble/share/sensor_msgs/cmake)
[11.314s] -- Found cv_bridge: 3.2.1 (/opt/ros/humble/share/cv_bridge/cmake)
[11.319s] -- Found image_transport: 3.1.11 (/opt/ros/humble/share/image_transport/cmake)
[14.080s] -- Found ament_lint_auto: 0.12.12 (/opt/ros/humble/share/ament_lint_auto/cmake)
[14.125s] -- Added test 'cppcheck' to perform static code analysis on C / C++ code
[14.125s] -- Configured cppcheck include dirs: /home/pretend/code/src/rm_rune_detect/include
[14.125s] -- Configured cppcheck exclude dirs and/or files: 
[14.125s] -- Added test 'flake8' to check Python code syntax and style conventions
[14.125s] -- Added test 'lint_cmake' to check CMake code style
[14.126s] -- Added test 'pep257' to check Python code against some of the docstring style conventions in PEP 257
[14.126s] -- Added test 'uncrustify' to check C / C++ code style
[14.126s] -- Configured uncrustify additional arguments: 
[14.126s] -- Added test 'xmllint' to check XML markup files
[14.127s] -- Configuring done
[14.141s] -- Generating done
[14.145s] -- Build files have been written to: /home/pretend/code/build/rm_rune_detect
[14.153s] Invoked command in '/home/pretend/code/build/rm_rune_detect' returned '0': CMAKE_PREFIX_PATH=${CMAKE_PREFIX_PATH}:/opt/ros/humble /usr/bin/cmake /home/pretend/code/src/rm_rune_detect -DCMAKE_BUILD_TYPE=Release -DCMAKE_INSTALL_PREFIX=/home/pretend/code/install/rm_rune_detect
[14.154s] Invoking command in '/home/pretend/code/build/rm_rune_detect': CMAKE_PREFIX_PATH=${CMAKE_PREFIX_PATH}:/opt/ros/humble /usr/bin/cmake --build /home/pretend/code/build/rm_rune_detect -- -j32 -l32
[14.181s] [35m[1mConsolidate compiler generated dependencies of target rm_rune_detect[0m
[14.181s] [35m[1mConsolidate compiler generated dependencies of target rune_detect_node[0m
[14.196s] [ 44%] Built target rm_rune_detect
[14.197s] [100%] Built target rune_detect_node
[14.204s] Invoked command in '/home/pretend/code/build/rm_rune_detect' returned '0': CMAKE_PREFIX_PATH=${CMAKE_PREFIX_PATH}:/opt/ros/humble /usr/bin/cmake --build /home/pretend/code/build/rm_rune_detect -- -j32 -l32
[14.211s] Invoking command in '/home/pretend/code/build/rm_rune_detect': CMAKE_PREFIX_PATH=${CMAKE_PREFIX_PATH}:/opt/ros/humble /usr/bin/cmake --install /home/pretend/code/build/rm_rune_detect
[14.215s] -- Install configuration: "Release"
[14.215s] -- Execute custom install script
[14.215s] -- Up-to-date symlink: /home/pretend/code/install/rm_rune_detect/lib/rm_rune_detect/rune_detect_node
[14.215s] -- Up-to-date symlink: /home/pretend/code/install/rm_rune_detect/lib/librm_rune_detect.so
[14.216s] -- Up-to-date symlink: /home/pretend/code/install/rm_rune_detect/include//rm_rune_detect/common_types.hpp
[14.216s] -- Up-to-date symlink: /home/pretend/code/install/rm_rune_detect/include//rm_rune_detect/openvino_detect.hpp
[14.216s] -- Up-to-date symlink: /home/pretend/code/install/rm_rune_detect/include//rm_rune_detect/preprocess.hpp
[14.216s] -- Up-to-date symlink: /home/pretend/code/install/rm_rune_detect/include//rm_rune_detect/rune_detect_node.hpp
[14.216s] -- Up-to-date symlink: /home/pretend/code/install/rm_rune_detect/share/rm_rune_detect/models/rune_detect_320.onnx
[14.216s] -- Up-to-date symlink: /home/pretend/code/install/rm_rune_detect/share/rm_rune_detect/launch/rune_detect.launch.py
[14.216s] -- Up-to-date symlink: /home/pretend/code/install/rm_rune_detect/share/ament_index/resource_index/package_run_dependencies/rm_rune_detect
[14.216s] -- Up-to-date symlink: /home/pretend/code/install/rm_rune_detect/share/ament_index/resource_index/parent_prefix_path/rm_rune_detect
[14.216s] -- Up-to-date symlink: /home/pretend/code/install/rm_rune_detect/share/rm_rune_detect/environment/ament_prefix_path.sh
[14.216s] -- Up-to-date symlink: /home/pretend/code/install/rm_rune_detect/share/rm_rune_detect/environment/ament_prefix_path.dsv
[14.217s] -- Up-to-date symlink: /home/pretend/code/install/rm_rune_detect/share/rm_rune_detect/environment/path.sh
[14.217s] -- Up-to-date symlink: /home/pretend/code/install/rm_rune_detect/share/rm_rune_detect/environment/path.dsv
[14.217s] -- Up-to-date symlink: /home/pretend/code/install/rm_rune_detect/share/rm_rune_detect/local_setup.bash
[14.217s] -- Up-to-date symlink: /home/pretend/code/install/rm_rune_detect/share/rm_rune_detect/local_setup.sh
[14.217s] -- Up-to-date symlink: /home/pretend/code/install/rm_rune_detect/share/rm_rune_detect/local_setup.zsh
[14.217s] -- Up-to-date symlink: /home/pretend/code/install/rm_rune_detect/share/rm_rune_detect/local_setup.dsv
[14.217s] -- Symlinking: /home/pretend/code/install/rm_rune_detect/share/rm_rune_detect/package.dsv
[14.222s] -- Up-to-date symlink: /home/pretend/code/install/rm_rune_detect/share/ament_index/resource_index/packages/rm_rune_detect
[14.222s] -- Up-to-date symlink: /home/pretend/code/install/rm_rune_detect/share/ament_index/resource_index/rclcpp_components/rm_rune_detect
[14.222s] -- Up-to-date symlink: /home/pretend/code/install/rm_rune_detect/share/rm_rune_detect/cmake/rm_rune_detectConfig.cmake
[14.222s] -- Up-to-date symlink: /home/pretend/code/install/rm_rune_detect/share/rm_rune_detect/cmake/rm_rune_detectConfig-version.cmake
[14.222s] -- Up-to-date symlink: /home/pretend/code/install/rm_rune_detect/share/rm_rune_detect/package.xml
[14.224s] Invoked command in '/home/pretend/code/build/rm_rune_detect' returned '0': CMAKE_PREFIX_PATH=${CMAKE_PREFIX_PATH}:/opt/ros/humble /usr/bin/cmake --install /home/pretend/code/build/rm_rune_detect
