[ 20%] [32mBuilding CXX object CMakeFiles/video_trial_node.dir/src/video_publisher_node.cpp.o[0m
[ 40%] [32mBuilding CXX object CMakeFiles/video_publisher_node.dir/src/video_publisher_node.cpp.o[0m
[ 80%] [32m[1mLinking CXX shared library libvideo_trial_node.so[0m
[ 80%] [32m[1mLinking CXX executable video_publisher_node[0m
[ 80%] Built target video_trial_node
[100%] Built target video_publisher_node
-- Install configuration: ""
-- Installing: /home/pretend/code/install/video_trial_node/lib/video_trial_node/video_publisher_node
-- Set runtime path of "/home/pretend/code/install/video_trial_node/lib/video_trial_node/video_publisher_node" to ""
-- Installing: /home/pretend/code/install/video_trial_node/lib/libvideo_trial_node.so
-- Set runtime path of "/home/pretend/code/install/video_trial_node/lib/libvideo_trial_node.so" to ""
-- Up-to-date: /home/pretend/code/install/video_trial_node/include/
-- Up-to-date: /home/pretend/code/install/video_trial_node/include//video_trial_node
-- Up-to-date: /home/pretend/code/install/video_trial_node/include//video_trial_node/video_publisher_node.hpp
-- Up-to-date: /home/pretend/code/install/video_trial_node/share/video_trial_node/launch
-- Up-to-date: /home/pretend/code/install/video_trial_node/share/video_trial_node/launch/video_publisher.launch.py
-- Up-to-date: /home/pretend/code/install/video_trial_node/share/ament_index/resource_index/package_run_dependencies/video_trial_node
-- Up-to-date: /home/pretend/code/install/video_trial_node/share/ament_index/resource_index/parent_prefix_path/video_trial_node
-- Up-to-date: /home/pretend/code/install/video_trial_node/share/video_trial_node/environment/ament_prefix_path.sh
-- Up-to-date: /home/pretend/code/install/video_trial_node/share/video_trial_node/environment/ament_prefix_path.dsv
-- Up-to-date: /home/pretend/code/install/video_trial_node/share/video_trial_node/environment/path.sh
-- Up-to-date: /home/pretend/code/install/video_trial_node/share/video_trial_node/environment/path.dsv
-- Up-to-date: /home/pretend/code/install/video_trial_node/share/video_trial_node/local_setup.bash
-- Up-to-date: /home/pretend/code/install/video_trial_node/share/video_trial_node/local_setup.sh
-- Up-to-date: /home/pretend/code/install/video_trial_node/share/video_trial_node/local_setup.zsh
-- Up-to-date: /home/pretend/code/install/video_trial_node/share/video_trial_node/local_setup.dsv
-- Installing: /home/pretend/code/install/video_trial_node/share/video_trial_node/package.dsv
-- Up-to-date: /home/pretend/code/install/video_trial_node/share/ament_index/resource_index/packages/video_trial_node
-- Up-to-date: /home/pretend/code/install/video_trial_node/share/ament_index/resource_index/rclcpp_components/video_trial_node
-- Up-to-date: /home/pretend/code/install/video_trial_node/share/video_trial_node/cmake/video_trial_nodeConfig.cmake
-- Up-to-date: /home/pretend/code/install/video_trial_node/share/video_trial_node/cmake/video_trial_nodeConfig-version.cmake
-- Up-to-date: /home/pretend/code/install/video_trial_node/share/video_trial_node/package.xml
