-- Found ament_cmake: 1.3.11 (/opt/ros/humble/share/ament_cmake/cmake)
-- Override CMake install command with custom implementation using symlinks instead of copying resources
-- Found rclcpp: 16.0.12 (/opt/ros/humble/share/rclcpp/cmake)
-- Found rosidl_generator_c: 3.1.6 (/opt/ros/humble/share/rosidl_generator_c/cmake)
-- Found rosidl_adapter: 3.1.6 (/opt/ros/humble/share/rosidl_adapter/cmake)
-- Found rosidl_generator_cpp: 3.1.6 (/opt/ros/humble/share/rosidl_generator_cpp/cmake)
-- Using all available rosidl_typesupport_c: rosidl_typesupport_fastrtps_c;rosidl_typesupport_introspection_c
-- Using all available rosidl_typesupport_cpp: rosidl_typesupport_fastrtps_cpp;rosidl_typesupport_introspection_cpp
-- Found rmw_implementation_cmake: 6.1.2 (/opt/ros/humble/share/rmw_implementation_cmake/cmake)
-- Found rmw_fastrtps_cpp: 6.2.7 (/opt/ros/humble/share/rmw_fastrtps_cpp/cmake)
-- Using RMW implementation 'rmw_fastrtps_cpp' as default
-- Found rclcpp_components: 16.0.12 (/opt/ros/humble/share/rclcpp_components/cmake)
-- Found sensor_msgs: 4.8.0 (/opt/ros/humble/share/sensor_msgs/cmake)
-- Found cv_bridge: 3.2.1 (/opt/ros/humble/share/cv_bridge/cmake)
-- Found image_transport: 3.1.11 (/opt/ros/humble/share/image_transport/cmake)
-- Found ament_lint_auto: 0.12.12 (/opt/ros/humble/share/ament_lint_auto/cmake)
-- Added test 'cppcheck' to perform static code analysis on C / C++ code
-- Configured cppcheck include dirs: /home/pretend/code/src/rm_armor_detect/include
-- Configured cppcheck exclude dirs and/or files: 
-- Added test 'lint_cmake' to check CMake code style
-- Added test 'uncrustify' to check C / C++ code style
-- Configured uncrustify additional arguments: 
-- Added test 'xmllint' to check XML markup files
-- Configuring done
-- Generating done
-- Build files have been written to: /home/pretend/code/build/rm_armor_detect
[35m[1mConsolidate compiler generated dependencies of target video_subscriber_component[0m
[35m[1mConsolidate compiler generated dependencies of target video_subscriber_node[0m
[ 14%] [32mBuilding CXX object CMakeFiles/video_subscriber_node.dir/rclcpp_components/node_main_video_subscriber_node.cpp.o[0m
[ 28%] [32mBuilding CXX object CMakeFiles/video_subscriber_component.dir/src/car_detector.cpp.o[0m
[ 42%] [32mBuilding CXX object CMakeFiles/video_subscriber_component.dir/src/video_subscriber_node.cpp.o[0m
[ 57%] [32m[1mLinking CXX executable video_subscriber_node[0m
[ 57%] Built target video_subscriber_node
[01m[K/home/pretend/code/src/rm_armor_detect/src/video_subscriber_node.cpp:[m[K In member function ‘[01m[Kvoid rm_armor_detect::VideoSubscriberNode::display_thread_func()[m[K’:
[01m[K/home/pretend/code/src/rm_armor_detect/src/video_subscriber_node.cpp:159:16:[m[K [01;35m[Kwarning: [m[Kunused variable ‘[01m[Kalpha[m[K’ [[01;35m[K]8;;https://gcc.gnu.org/onlinedocs/gcc/Warning-Options.html#index-Wunused-variable-Wunused-variable]8;;[m[K]
  159 |         double [01;35m[Kalpha[m[K = 1.0;  // 保持对比度不变
      |                [01;35m[K^~~~~[m[K
[ 71%] [32m[1mLinking CXX shared library libvideo_subscriber_component.so[0m
[ 71%] Built target video_subscriber_component
[35m[1mConsolidate compiler generated dependencies of target video_subscriber_main[0m
[ 85%] [32mBuilding CXX object CMakeFiles/video_subscriber_main.dir/src/video_subscriber_main.cpp.o[0m
[100%] [32m[1mLinking CXX executable video_subscriber_main[0m
[100%] Built target video_subscriber_main
-- Install configuration: "Release"
-- Execute custom install script
-- Up-to-date symlink: /home/pretend/code/install/rm_armor_detect/lib/rm_armor_detect/video_subscriber_node
-- Symlinking: /home/pretend/code/install/rm_armor_detect/include//rm_armor_detect/car_detector.hpp
-- Up-to-date symlink: /home/pretend/code/install/rm_armor_detect/include//rm_armor_detect/video_subscriber_node.hpp
-- Up-to-date symlink: /home/pretend/code/install/rm_armor_detect/lib/libvideo_subscriber_component.so
-- Up-to-date symlink: /home/pretend/code/install/rm_armor_detect/lib/rm_armor_detect/video_subscriber_main
-- Symlinking: /home/pretend/code/install/rm_armor_detect/share/rm_armor_detect/models//car/car.onnx
-- Symlinking: /home/pretend/code/install/rm_armor_detect/share/rm_armor_detect/models//number/label.txt
-- Symlinking: /home/pretend/code/install/rm_armor_detect/share/rm_armor_detect/models//number/mlp.onnx
-- Up-to-date symlink: /home/pretend/code/install/rm_armor_detect/share/ament_index/resource_index/package_run_dependencies/rm_armor_detect
-- Up-to-date symlink: /home/pretend/code/install/rm_armor_detect/share/ament_index/resource_index/parent_prefix_path/rm_armor_detect
-- Up-to-date symlink: /home/pretend/code/install/rm_armor_detect/share/rm_armor_detect/environment/ament_prefix_path.sh
-- Up-to-date symlink: /home/pretend/code/install/rm_armor_detect/share/rm_armor_detect/environment/ament_prefix_path.dsv
-- Up-to-date symlink: /home/pretend/code/install/rm_armor_detect/share/rm_armor_detect/environment/path.sh
-- Up-to-date symlink: /home/pretend/code/install/rm_armor_detect/share/rm_armor_detect/environment/path.dsv
-- Up-to-date symlink: /home/pretend/code/install/rm_armor_detect/share/rm_armor_detect/local_setup.bash
-- Up-to-date symlink: /home/pretend/code/install/rm_armor_detect/share/rm_armor_detect/local_setup.sh
-- Up-to-date symlink: /home/pretend/code/install/rm_armor_detect/share/rm_armor_detect/local_setup.zsh
-- Up-to-date symlink: /home/pretend/code/install/rm_armor_detect/share/rm_armor_detect/local_setup.dsv
-- Symlinking: /home/pretend/code/install/rm_armor_detect/share/rm_armor_detect/package.dsv
-- Up-to-date symlink: /home/pretend/code/install/rm_armor_detect/share/ament_index/resource_index/packages/rm_armor_detect
-- Up-to-date symlink: /home/pretend/code/install/rm_armor_detect/share/ament_index/resource_index/rclcpp_components/rm_armor_detect
-- Up-to-date symlink: /home/pretend/code/install/rm_armor_detect/share/rm_armor_detect/cmake/rm_armor_detectConfig.cmake
-- Up-to-date symlink: /home/pretend/code/install/rm_armor_detect/share/rm_armor_detect/cmake/rm_armor_detectConfig-version.cmake
-- Up-to-date symlink: /home/pretend/code/install/rm_armor_detect/share/rm_armor_detect/package.xml
