[0.071s] DEBUG:colcon:Command line arguments: ['/usr/bin/colcon', 'build']
[0.071s] DEBUG:colcon:Parsed command line arguments: Namespace(log_base=None, log_level=None, verb_name='build', build_base='build', install_base='install', merge_install=False, symlink_install=False, test_result_base=None, continue_on_error=False, executor='parallel', parallel_workers=32, event_handlers=None, ignore_user_meta=False, metas=['./colcon.meta'], base_paths=['.'], packages_ignore=None, packages_ignore_regex=None, paths=None, packages_up_to=None, packages_up_to_regex=None, packages_above=None, packages_above_and_dependencies=None, packages_above_depth=None, packages_select_by_dep=None, packages_skip_by_dep=None, packages_skip_up_to=None, packages_select_build_failed=False, packages_skip_build_finished=False, packages_select_test_failures=False, packages_skip_test_passed=False, packages_select=None, packages_skip=None, packages_select_regex=None, packages_skip_regex=None, packages_start=None, packages_end=None, allow_overriding=[], cmake_args=None, cmake_target=None, cmake_target_skip_unavailable=False, cmake_clean_cache=False, cmake_clean_first=False, cmake_force_configure=False, ament_cmake_args=None, catkin_cmake_args=None, catkin_skip_building_tests=False, verb_parser=<colcon_defaults.argument_parser.defaults.DefaultArgumentsDecorator object at 0x7f857ac47e50>, verb_extension=<colcon_core.verb.build.BuildVerb object at 0x7f857ac47520>, main=<bound method BuildVerb.main of <colcon_core.verb.build.BuildVerb object at 0x7f857ac47520>>)
[0.166s] Level 1:colcon.colcon_core.package_discovery:discover_packages(colcon_meta) check parameters
[0.166s] Level 1:colcon.colcon_core.package_discovery:discover_packages(recursive) check parameters
[0.166s] Level 1:colcon.colcon_core.package_discovery:discover_packages(ignore) check parameters
[0.166s] Level 1:colcon.colcon_core.package_discovery:discover_packages(path) check parameters
[0.166s] Level 1:colcon.colcon_core.package_discovery:discover_packages(colcon_meta) discover
[0.166s] Level 1:colcon.colcon_core.package_discovery:discover_packages(recursive) discover
[0.166s] INFO:colcon.colcon_core.package_discovery:Crawling recursively for packages in '/home/pretend/code'
[0.166s] Level 1:colcon.colcon_core.package_identification:_identify(.) by extensions ['ignore', 'ignore_ament_install']
[0.166s] Level 1:colcon.colcon_core.package_identification:_identify(.) by extension 'ignore'
[0.166s] Level 1:colcon.colcon_core.package_identification:_identify(.) by extension 'ignore_ament_install'
[0.166s] Level 1:colcon.colcon_core.package_identification:_identify(.) by extensions ['colcon_pkg']
[0.166s] Level 1:colcon.colcon_core.package_identification:_identify(.) by extension 'colcon_pkg'
[0.166s] Level 1:colcon.colcon_core.package_identification:_identify(.) by extensions ['colcon_meta']
[0.166s] Level 1:colcon.colcon_core.package_identification:_identify(.) by extension 'colcon_meta'
[0.166s] Level 1:colcon.colcon_core.package_identification:_identify(.) by extensions ['ros']
[0.166s] Level 1:colcon.colcon_core.package_identification:_identify(.) by extension 'ros'
[0.174s] Level 1:colcon.colcon_core.package_identification:_identify(.) by extensions ['cmake', 'python']
[0.174s] Level 1:colcon.colcon_core.package_identification:_identify(.) by extension 'cmake'
[0.174s] Level 1:colcon.colcon_core.package_identification:_identify(.) by extension 'python'
[0.174s] Level 1:colcon.colcon_core.package_identification:_identify(.) by extensions ['python_setup_py']
[0.174s] Level 1:colcon.colcon_core.package_identification:_identify(.) by extension 'python_setup_py'
[0.174s] Level 1:colcon.colcon_core.package_identification:_identify(build) by extensions ['ignore', 'ignore_ament_install']
[0.174s] Level 1:colcon.colcon_core.package_identification:_identify(build) by extension 'ignore'
[0.174s] Level 1:colcon.colcon_core.package_identification:_identify(build) ignored
[0.174s] Level 1:colcon.colcon_core.package_identification:_identify(install) by extensions ['ignore', 'ignore_ament_install']
[0.175s] Level 1:colcon.colcon_core.package_identification:_identify(install) by extension 'ignore'
[0.175s] Level 1:colcon.colcon_core.package_identification:_identify(install) ignored
[0.175s] Level 1:colcon.colcon_core.package_identification:_identify(log) by extensions ['ignore', 'ignore_ament_install']
[0.175s] Level 1:colcon.colcon_core.package_identification:_identify(log) by extension 'ignore'
[0.175s] Level 1:colcon.colcon_core.package_identification:_identify(log) ignored
[0.175s] Level 1:colcon.colcon_core.package_identification:_identify(src) by extensions ['ignore', 'ignore_ament_install']
[0.175s] Level 1:colcon.colcon_core.package_identification:_identify(src) by extension 'ignore'
[0.175s] Level 1:colcon.colcon_core.package_identification:_identify(src) by extension 'ignore_ament_install'
[0.175s] Level 1:colcon.colcon_core.package_identification:_identify(src) by extensions ['colcon_pkg']
[0.175s] Level 1:colcon.colcon_core.package_identification:_identify(src) by extension 'colcon_pkg'
[0.175s] Level 1:colcon.colcon_core.package_identification:_identify(src) by extensions ['colcon_meta']
[0.175s] Level 1:colcon.colcon_core.package_identification:_identify(src) by extension 'colcon_meta'
[0.175s] Level 1:colcon.colcon_core.package_identification:_identify(src) by extensions ['ros']
[0.175s] Level 1:colcon.colcon_core.package_identification:_identify(src) by extension 'ros'
[0.175s] Level 1:colcon.colcon_core.package_identification:_identify(src) by extensions ['cmake', 'python']
[0.175s] Level 1:colcon.colcon_core.package_identification:_identify(src) by extension 'cmake'
[0.175s] Level 1:colcon.colcon_core.package_identification:_identify(src) by extension 'python'
[0.175s] Level 1:colcon.colcon_core.package_identification:_identify(src) by extensions ['python_setup_py']
[0.175s] Level 1:colcon.colcon_core.package_identification:_identify(src) by extension 'python_setup_py'
[0.175s] Level 1:colcon.colcon_core.package_identification:_identify(src/rm_armor_detect) by extensions ['ignore', 'ignore_ament_install']
[0.175s] Level 1:colcon.colcon_core.package_identification:_identify(src/rm_armor_detect) by extension 'ignore'
[0.175s] Level 1:colcon.colcon_core.package_identification:_identify(src/rm_armor_detect) by extension 'ignore_ament_install'
[0.175s] Level 1:colcon.colcon_core.package_identification:_identify(src/rm_armor_detect) by extensions ['colcon_pkg']
[0.175s] Level 1:colcon.colcon_core.package_identification:_identify(src/rm_armor_detect) by extension 'colcon_pkg'
[0.175s] Level 1:colcon.colcon_core.package_identification:_identify(src/rm_armor_detect) by extensions ['colcon_meta']
[0.175s] Level 1:colcon.colcon_core.package_identification:_identify(src/rm_armor_detect) by extension 'colcon_meta'
[0.175s] Level 1:colcon.colcon_core.package_identification:_identify(src/rm_armor_detect) by extensions ['ros']
[0.175s] Level 1:colcon.colcon_core.package_identification:_identify(src/rm_armor_detect) by extension 'ros'
[0.177s] DEBUG:colcon.colcon_core.package_identification:Package 'src/rm_armor_detect' with type 'ros.ament_cmake' and name 'rm_armor_detect'
[0.178s] Level 1:colcon.colcon_core.package_identification:_identify(src/rm_armor_tracker) by extensions ['ignore', 'ignore_ament_install']
[0.178s] Level 1:colcon.colcon_core.package_identification:_identify(src/rm_armor_tracker) by extension 'ignore'
[0.178s] Level 1:colcon.colcon_core.package_identification:_identify(src/rm_armor_tracker) by extension 'ignore_ament_install'
[0.178s] Level 1:colcon.colcon_core.package_identification:_identify(src/rm_armor_tracker) by extensions ['colcon_pkg']
[0.178s] Level 1:colcon.colcon_core.package_identification:_identify(src/rm_armor_tracker) by extension 'colcon_pkg'
[0.178s] Level 1:colcon.colcon_core.package_identification:_identify(src/rm_armor_tracker) by extensions ['colcon_meta']
[0.178s] Level 1:colcon.colcon_core.package_identification:_identify(src/rm_armor_tracker) by extension 'colcon_meta'
[0.178s] Level 1:colcon.colcon_core.package_identification:_identify(src/rm_armor_tracker) by extensions ['ros']
[0.178s] Level 1:colcon.colcon_core.package_identification:_identify(src/rm_armor_tracker) by extension 'ros'
[0.178s] DEBUG:colcon.colcon_core.package_identification:Package 'src/rm_armor_tracker' with type 'ros.ament_cmake' and name 'rm_armor_tracker'
[0.178s] Level 1:colcon.colcon_core.package_identification:_identify(src/rm_rune_detect) by extensions ['ignore', 'ignore_ament_install']
[0.178s] Level 1:colcon.colcon_core.package_identification:_identify(src/rm_rune_detect) by extension 'ignore'
[0.178s] Level 1:colcon.colcon_core.package_identification:_identify(src/rm_rune_detect) by extension 'ignore_ament_install'
[0.178s] Level 1:colcon.colcon_core.package_identification:_identify(src/rm_rune_detect) by extensions ['colcon_pkg']
[0.179s] Level 1:colcon.colcon_core.package_identification:_identify(src/rm_rune_detect) by extension 'colcon_pkg'
[0.179s] Level 1:colcon.colcon_core.package_identification:_identify(src/rm_rune_detect) by extensions ['colcon_meta']
[0.179s] Level 1:colcon.colcon_core.package_identification:_identify(src/rm_rune_detect) by extension 'colcon_meta'
[0.179s] Level 1:colcon.colcon_core.package_identification:_identify(src/rm_rune_detect) by extensions ['ros']
[0.179s] Level 1:colcon.colcon_core.package_identification:_identify(src/rm_rune_detect) by extension 'ros'
[0.179s] DEBUG:colcon.colcon_core.package_identification:Package 'src/rm_rune_detect' with type 'ros.ament_cmake' and name 'rm_rune_detect'
[0.179s] Level 1:colcon.colcon_core.package_identification:_identify(src/ros2-hik-camera-main) by extensions ['ignore', 'ignore_ament_install']
[0.180s] Level 1:colcon.colcon_core.package_identification:_identify(src/ros2-hik-camera-main) by extension 'ignore'
[0.180s] Level 1:colcon.colcon_core.package_identification:_identify(src/ros2-hik-camera-main) by extension 'ignore_ament_install'
[0.180s] Level 1:colcon.colcon_core.package_identification:_identify(src/ros2-hik-camera-main) by extensions ['colcon_pkg']
[0.180s] Level 1:colcon.colcon_core.package_identification:_identify(src/ros2-hik-camera-main) by extension 'colcon_pkg'
[0.180s] Level 1:colcon.colcon_core.package_identification:_identify(src/ros2-hik-camera-main) by extensions ['colcon_meta']
[0.180s] Level 1:colcon.colcon_core.package_identification:_identify(src/ros2-hik-camera-main) by extension 'colcon_meta'
[0.180s] Level 1:colcon.colcon_core.package_identification:_identify(src/ros2-hik-camera-main) by extensions ['ros']
[0.180s] Level 1:colcon.colcon_core.package_identification:_identify(src/ros2-hik-camera-main) by extension 'ros'
[0.180s] DEBUG:colcon.colcon_core.package_identification:Package 'src/ros2-hik-camera-main' with type 'ros.ament_cmake' and name 'hik_camera'
[0.181s] Level 1:colcon.colcon_core.package_identification:_identify(src/video_trial_node) by extensions ['ignore', 'ignore_ament_install']
[0.181s] Level 1:colcon.colcon_core.package_identification:_identify(src/video_trial_node) by extension 'ignore'
[0.181s] Level 1:colcon.colcon_core.package_identification:_identify(src/video_trial_node) by extension 'ignore_ament_install'
[0.181s] Level 1:colcon.colcon_core.package_identification:_identify(src/video_trial_node) by extensions ['colcon_pkg']
[0.181s] Level 1:colcon.colcon_core.package_identification:_identify(src/video_trial_node) by extension 'colcon_pkg'
[0.181s] Level 1:colcon.colcon_core.package_identification:_identify(src/video_trial_node) by extensions ['colcon_meta']
[0.181s] Level 1:colcon.colcon_core.package_identification:_identify(src/video_trial_node) by extension 'colcon_meta'
[0.181s] Level 1:colcon.colcon_core.package_identification:_identify(src/video_trial_node) by extensions ['ros']
[0.181s] Level 1:colcon.colcon_core.package_identification:_identify(src/video_trial_node) by extension 'ros'
[0.182s] DEBUG:colcon.colcon_core.package_identification:Package 'src/video_trial_node' with type 'ros.ament_cmake' and name 'video_trial_node'
[0.182s] Level 1:colcon.colcon_core.package_discovery:discover_packages(recursive) using defaults
[0.182s] Level 1:colcon.colcon_core.package_discovery:discover_packages(ignore) discover
[0.182s] Level 1:colcon.colcon_core.package_discovery:discover_packages(ignore) using defaults
[0.182s] Level 1:colcon.colcon_core.package_discovery:discover_packages(path) discover
[0.182s] Level 1:colcon.colcon_core.package_discovery:discover_packages(path) using defaults
[0.198s] Level 1:colcon.colcon_core.package_discovery:discover_packages(prefix_path) check parameters
[0.198s] Level 1:colcon.colcon_core.package_discovery:discover_packages(prefix_path) discover
[0.207s] DEBUG:colcon.colcon_installed_package_information.package_discovery:Found 263 installed packages in /opt/ros/humble
[0.208s] Level 1:colcon.colcon_core.package_discovery:discover_packages(prefix_path) using defaults
[0.229s] Level 5:colcon.colcon_core.verb:set package 'hik_camera' build argument 'cmake_args' from command line to 'None'
[0.229s] Level 5:colcon.colcon_core.verb:set package 'hik_camera' build argument 'cmake_target' from command line to 'None'
[0.229s] Level 5:colcon.colcon_core.verb:set package 'hik_camera' build argument 'cmake_target_skip_unavailable' from command line to 'False'
[0.229s] Level 5:colcon.colcon_core.verb:set package 'hik_camera' build argument 'cmake_clean_cache' from command line to 'False'
[0.229s] Level 5:colcon.colcon_core.verb:set package 'hik_camera' build argument 'cmake_clean_first' from command line to 'False'
[0.229s] Level 5:colcon.colcon_core.verb:set package 'hik_camera' build argument 'cmake_force_configure' from command line to 'False'
[0.229s] Level 5:colcon.colcon_core.verb:set package 'hik_camera' build argument 'ament_cmake_args' from command line to 'None'
[0.229s] Level 5:colcon.colcon_core.verb:set package 'hik_camera' build argument 'catkin_cmake_args' from command line to 'None'
[0.229s] Level 5:colcon.colcon_core.verb:set package 'hik_camera' build argument 'catkin_skip_building_tests' from command line to 'False'
[0.229s] DEBUG:colcon.colcon_core.verb:Building package 'hik_camera' with the following arguments: {'ament_cmake_args': None, 'build_base': '/home/pretend/code/build/hik_camera', 'catkin_cmake_args': None, 'catkin_skip_building_tests': False, 'cmake_args': None, 'cmake_clean_cache': False, 'cmake_clean_first': False, 'cmake_force_configure': False, 'cmake_target': None, 'cmake_target_skip_unavailable': False, 'install_base': '/home/pretend/code/install/hik_camera', 'merge_install': False, 'path': '/home/pretend/code/src/ros2-hik-camera-main', 'symlink_install': False, 'test_result_base': None}
[0.229s] Level 5:colcon.colcon_core.verb:set package 'rm_armor_detect' build argument 'cmake_args' from command line to 'None'
[0.229s] Level 5:colcon.colcon_core.verb:set package 'rm_armor_detect' build argument 'cmake_target' from command line to 'None'
[0.229s] Level 5:colcon.colcon_core.verb:set package 'rm_armor_detect' build argument 'cmake_target_skip_unavailable' from command line to 'False'
[0.229s] Level 5:colcon.colcon_core.verb:set package 'rm_armor_detect' build argument 'cmake_clean_cache' from command line to 'False'
[0.229s] Level 5:colcon.colcon_core.verb:set package 'rm_armor_detect' build argument 'cmake_clean_first' from command line to 'False'
[0.229s] Level 5:colcon.colcon_core.verb:set package 'rm_armor_detect' build argument 'cmake_force_configure' from command line to 'False'
[0.229s] Level 5:colcon.colcon_core.verb:set package 'rm_armor_detect' build argument 'ament_cmake_args' from command line to 'None'
[0.229s] Level 5:colcon.colcon_core.verb:set package 'rm_armor_detect' build argument 'catkin_cmake_args' from command line to 'None'
[0.229s] Level 5:colcon.colcon_core.verb:set package 'rm_armor_detect' build argument 'catkin_skip_building_tests' from command line to 'False'
[0.229s] DEBUG:colcon.colcon_core.verb:Building package 'rm_armor_detect' with the following arguments: {'ament_cmake_args': None, 'build_base': '/home/pretend/code/build/rm_armor_detect', 'catkin_cmake_args': None, 'catkin_skip_building_tests': False, 'cmake_args': None, 'cmake_clean_cache': False, 'cmake_clean_first': False, 'cmake_force_configure': False, 'cmake_target': None, 'cmake_target_skip_unavailable': False, 'install_base': '/home/pretend/code/install/rm_armor_detect', 'merge_install': False, 'path': '/home/pretend/code/src/rm_armor_detect', 'symlink_install': False, 'test_result_base': None}
[0.229s] Level 5:colcon.colcon_core.verb:set package 'rm_armor_tracker' build argument 'cmake_args' from command line to 'None'
[0.229s] Level 5:colcon.colcon_core.verb:set package 'rm_armor_tracker' build argument 'cmake_target' from command line to 'None'
[0.229s] Level 5:colcon.colcon_core.verb:set package 'rm_armor_tracker' build argument 'cmake_target_skip_unavailable' from command line to 'False'
[0.229s] Level 5:colcon.colcon_core.verb:set package 'rm_armor_tracker' build argument 'cmake_clean_cache' from command line to 'False'
[0.229s] Level 5:colcon.colcon_core.verb:set package 'rm_armor_tracker' build argument 'cmake_clean_first' from command line to 'False'
[0.229s] Level 5:colcon.colcon_core.verb:set package 'rm_armor_tracker' build argument 'cmake_force_configure' from command line to 'False'
[0.229s] Level 5:colcon.colcon_core.verb:set package 'rm_armor_tracker' build argument 'ament_cmake_args' from command line to 'None'
[0.229s] Level 5:colcon.colcon_core.verb:set package 'rm_armor_tracker' build argument 'catkin_cmake_args' from command line to 'None'
[0.229s] Level 5:colcon.colcon_core.verb:set package 'rm_armor_tracker' build argument 'catkin_skip_building_tests' from command line to 'False'
[0.229s] DEBUG:colcon.colcon_core.verb:Building package 'rm_armor_tracker' with the following arguments: {'ament_cmake_args': None, 'build_base': '/home/pretend/code/build/rm_armor_tracker', 'catkin_cmake_args': None, 'catkin_skip_building_tests': False, 'cmake_args': None, 'cmake_clean_cache': False, 'cmake_clean_first': False, 'cmake_force_configure': False, 'cmake_target': None, 'cmake_target_skip_unavailable': False, 'install_base': '/home/pretend/code/install/rm_armor_tracker', 'merge_install': False, 'path': '/home/pretend/code/src/rm_armor_tracker', 'symlink_install': False, 'test_result_base': None}
[0.230s] Level 5:colcon.colcon_core.verb:set package 'rm_rune_detect' build argument 'cmake_args' from command line to 'None'
[0.230s] Level 5:colcon.colcon_core.verb:set package 'rm_rune_detect' build argument 'cmake_target' from command line to 'None'
[0.230s] Level 5:colcon.colcon_core.verb:set package 'rm_rune_detect' build argument 'cmake_target_skip_unavailable' from command line to 'False'
[0.230s] Level 5:colcon.colcon_core.verb:set package 'rm_rune_detect' build argument 'cmake_clean_cache' from command line to 'False'
[0.230s] Level 5:colcon.colcon_core.verb:set package 'rm_rune_detect' build argument 'cmake_clean_first' from command line to 'False'
[0.230s] Level 5:colcon.colcon_core.verb:set package 'rm_rune_detect' build argument 'cmake_force_configure' from command line to 'False'
[0.230s] Level 5:colcon.colcon_core.verb:set package 'rm_rune_detect' build argument 'ament_cmake_args' from command line to 'None'
[0.230s] Level 5:colcon.colcon_core.verb:set package 'rm_rune_detect' build argument 'catkin_cmake_args' from command line to 'None'
[0.230s] Level 5:colcon.colcon_core.verb:set package 'rm_rune_detect' build argument 'catkin_skip_building_tests' from command line to 'False'
[0.230s] DEBUG:colcon.colcon_core.verb:Building package 'rm_rune_detect' with the following arguments: {'ament_cmake_args': None, 'build_base': '/home/pretend/code/build/rm_rune_detect', 'catkin_cmake_args': None, 'catkin_skip_building_tests': False, 'cmake_args': None, 'cmake_clean_cache': False, 'cmake_clean_first': False, 'cmake_force_configure': False, 'cmake_target': None, 'cmake_target_skip_unavailable': False, 'install_base': '/home/pretend/code/install/rm_rune_detect', 'merge_install': False, 'path': '/home/pretend/code/src/rm_rune_detect', 'symlink_install': False, 'test_result_base': None}
[0.230s] Level 5:colcon.colcon_core.verb:set package 'video_trial_node' build argument 'cmake_args' from command line to 'None'
[0.230s] Level 5:colcon.colcon_core.verb:set package 'video_trial_node' build argument 'cmake_target' from command line to 'None'
[0.230s] Level 5:colcon.colcon_core.verb:set package 'video_trial_node' build argument 'cmake_target_skip_unavailable' from command line to 'False'
[0.230s] Level 5:colcon.colcon_core.verb:set package 'video_trial_node' build argument 'cmake_clean_cache' from command line to 'False'
[0.230s] Level 5:colcon.colcon_core.verb:set package 'video_trial_node' build argument 'cmake_clean_first' from command line to 'False'
[0.230s] Level 5:colcon.colcon_core.verb:set package 'video_trial_node' build argument 'cmake_force_configure' from command line to 'False'
[0.230s] Level 5:colcon.colcon_core.verb:set package 'video_trial_node' build argument 'ament_cmake_args' from command line to 'None'
[0.230s] Level 5:colcon.colcon_core.verb:set package 'video_trial_node' build argument 'catkin_cmake_args' from command line to 'None'
[0.230s] Level 5:colcon.colcon_core.verb:set package 'video_trial_node' build argument 'catkin_skip_building_tests' from command line to 'False'
[0.230s] DEBUG:colcon.colcon_core.verb:Building package 'video_trial_node' with the following arguments: {'ament_cmake_args': None, 'build_base': '/home/pretend/code/build/video_trial_node', 'catkin_cmake_args': None, 'catkin_skip_building_tests': False, 'cmake_args': None, 'cmake_clean_cache': False, 'cmake_clean_first': False, 'cmake_force_configure': False, 'cmake_target': None, 'cmake_target_skip_unavailable': False, 'install_base': '/home/pretend/code/install/video_trial_node', 'merge_install': False, 'path': '/home/pretend/code/src/video_trial_node', 'symlink_install': False, 'test_result_base': None}
[0.230s] INFO:colcon.colcon_core.executor:Executing jobs using 'parallel' executor
[0.231s] DEBUG:colcon.colcon_parallel_executor.executor.parallel:run_until_complete
[0.231s] INFO:colcon.colcon_ros.task.ament_cmake.build:Building ROS package in '/home/pretend/code/src/ros2-hik-camera-main' with build type 'ament_cmake'
[0.231s] INFO:colcon.colcon_cmake.task.cmake.build:Building CMake package in '/home/pretend/code/src/ros2-hik-camera-main'
[0.233s] INFO:colcon.colcon_core.plugin_system:Skipping extension 'colcon_core.shell.bat': Not used on non-Windows systems
[0.233s] INFO:colcon.colcon_core.shell:Skip shell extension 'powershell' for command environment: Not usable outside of PowerShell
[0.233s] DEBUG:colcon.colcon_core.shell:Skip shell extension 'dsv' for command environment
[0.235s] INFO:colcon.colcon_ros.task.ament_cmake.build:Building ROS package in '/home/pretend/code/src/rm_armor_detect' with build type 'ament_cmake'
[0.235s] INFO:colcon.colcon_cmake.task.cmake.build:Building CMake package in '/home/pretend/code/src/rm_armor_detect'
[0.235s] INFO:colcon.colcon_core.shell:Skip shell extension 'powershell' for command environment: Not usable outside of PowerShell
[0.235s] DEBUG:colcon.colcon_core.shell:Skip shell extension 'dsv' for command environment
[0.237s] INFO:colcon.colcon_ros.task.ament_cmake.build:Building ROS package in '/home/pretend/code/src/rm_armor_tracker' with build type 'ament_cmake'
[0.237s] INFO:colcon.colcon_cmake.task.cmake.build:Building CMake package in '/home/pretend/code/src/rm_armor_tracker'
[0.237s] INFO:colcon.colcon_core.shell:Skip shell extension 'powershell' for command environment: Not usable outside of PowerShell
[0.237s] DEBUG:colcon.colcon_core.shell:Skip shell extension 'dsv' for command environment
[0.239s] INFO:colcon.colcon_ros.task.ament_cmake.build:Building ROS package in '/home/pretend/code/src/rm_rune_detect' with build type 'ament_cmake'
[0.239s] INFO:colcon.colcon_cmake.task.cmake.build:Building CMake package in '/home/pretend/code/src/rm_rune_detect'
[0.239s] INFO:colcon.colcon_core.shell:Skip shell extension 'powershell' for command environment: Not usable outside of PowerShell
[0.239s] DEBUG:colcon.colcon_core.shell:Skip shell extension 'dsv' for command environment
[0.241s] INFO:colcon.colcon_ros.task.ament_cmake.build:Building ROS package in '/home/pretend/code/src/video_trial_node' with build type 'ament_cmake'
[0.241s] INFO:colcon.colcon_cmake.task.cmake.build:Building CMake package in '/home/pretend/code/src/video_trial_node'
[0.242s] INFO:colcon.colcon_core.shell:Skip shell extension 'powershell' for command environment: Not usable outside of PowerShell
[0.242s] DEBUG:colcon.colcon_core.shell:Skip shell extension 'dsv' for command environment
[0.248s] DEBUG:colcon.colcon_core.event_handler.log_command:Invoking command in '/home/pretend/code/build/hik_camera': CMAKE_PREFIX_PATH=/opt/ros/humble /usr/bin/cmake --build /home/pretend/code/build/hik_camera -- -j32 -l32
[0.250s] DEBUG:colcon.colcon_core.event_handler.log_command:Invoking command in '/home/pretend/code/build/rm_armor_detect': CMAKE_PREFIX_PATH=/opt/ros/humble /usr/bin/cmake /home/pretend/code/src/rm_armor_detect -DCMAKE_INSTALL_PREFIX=/home/pretend/code/install/rm_armor_detect
[0.257s] DEBUG:colcon.colcon_core.event_handler.log_command:Invoking command in '/home/pretend/code/build/rm_armor_tracker': CMAKE_PREFIX_PATH=/opt/ros/humble /usr/bin/cmake --build /home/pretend/code/build/rm_armor_tracker -- -j32 -l32
[0.260s] DEBUG:colcon.colcon_core.event_handler.log_command:Invoking command in '/home/pretend/code/build/rm_rune_detect': CMAKE_PREFIX_PATH=/opt/ros/humble /usr/bin/cmake --build /home/pretend/code/build/rm_rune_detect -- -j32 -l32
[0.264s] DEBUG:colcon.colcon_core.event_handler.log_command:Invoking command in '/home/pretend/code/build/video_trial_node': CMAKE_PREFIX_PATH=/opt/ros/humble /usr/bin/cmake --build /home/pretend/code/build/video_trial_node -- -j32 -l32
[0.279s] DEBUG:colcon.colcon_core.event_handler.log_command:Invoked command in '/home/pretend/code/build/rm_armor_tracker' returned '0': CMAKE_PREFIX_PATH=/opt/ros/humble /usr/bin/cmake --build /home/pretend/code/build/rm_armor_tracker -- -j32 -l32
[0.294s] DEBUG:colcon.colcon_core.event_handler.log_command:Invoking command in '/home/pretend/code/build/rm_armor_tracker': CMAKE_PREFIX_PATH=/opt/ros/humble /usr/bin/cmake --install /home/pretend/code/build/rm_armor_tracker
[0.304s] DEBUG:colcon.colcon_core.event_handler.log_command:Invoked command in '/home/pretend/code/build/hik_camera' returned '0': CMAKE_PREFIX_PATH=/opt/ros/humble /usr/bin/cmake --build /home/pretend/code/build/hik_camera -- -j32 -l32
[0.307s] DEBUG:colcon.colcon_core.event_handler.log_command:Invoking command in '/home/pretend/code/build/hik_camera': CMAKE_PREFIX_PATH=/opt/ros/humble /usr/bin/cmake --install /home/pretend/code/build/hik_camera
[0.310s] Level 1:colcon.colcon_core.environment:create_environment_scripts_only(rm_armor_tracker)
[0.311s] DEBUG:colcon.colcon_core.event_handler.log_command:Invoked command in '/home/pretend/code/build/rm_armor_tracker' returned '0': CMAKE_PREFIX_PATH=/opt/ros/humble /usr/bin/cmake --install /home/pretend/code/build/rm_armor_tracker
[0.318s] Level 1:colcon.colcon_core.environment:checking '/home/pretend/code/install/rm_armor_tracker' for CMake module files
[0.320s] Level 1:colcon.colcon_core.environment:checking '/home/pretend/code/install/rm_armor_tracker' for CMake config files
[0.321s] Level 1:colcon.colcon_core.shell:create_environment_hook('rm_armor_tracker', 'cmake_prefix_path')
[0.322s] INFO:colcon.colcon_core.shell:Creating environment hook '/home/pretend/code/install/rm_armor_tracker/share/rm_armor_tracker/hook/cmake_prefix_path.ps1'
[0.323s] INFO:colcon.colcon_core.shell:Creating environment descriptor '/home/pretend/code/install/rm_armor_tracker/share/rm_armor_tracker/hook/cmake_prefix_path.dsv'
[0.323s] INFO:colcon.colcon_core.shell:Creating environment hook '/home/pretend/code/install/rm_armor_tracker/share/rm_armor_tracker/hook/cmake_prefix_path.sh'
[0.323s] Level 1:colcon.colcon_core.environment:checking '/home/pretend/code/install/rm_armor_tracker/bin'
[0.324s] Level 1:colcon.colcon_core.environment:checking '/home/pretend/code/install/rm_armor_tracker/lib/pkgconfig/rm_armor_tracker.pc'
[0.324s] Level 1:colcon.colcon_core.environment:checking '/home/pretend/code/install/rm_armor_tracker/lib/python3.10/site-packages'
[0.324s] Level 1:colcon.colcon_core.environment:checking '/home/pretend/code/install/rm_armor_tracker/bin'
[0.324s] INFO:colcon.colcon_core.shell:Creating package script '/home/pretend/code/install/rm_armor_tracker/share/rm_armor_tracker/package.ps1'
[0.325s] INFO:colcon.colcon_core.shell:Creating package descriptor '/home/pretend/code/install/rm_armor_tracker/share/rm_armor_tracker/package.dsv'
[0.325s] INFO:colcon.colcon_core.shell:Creating package script '/home/pretend/code/install/rm_armor_tracker/share/rm_armor_tracker/package.sh'
[0.325s] INFO:colcon.colcon_core.shell:Creating package script '/home/pretend/code/install/rm_armor_tracker/share/rm_armor_tracker/package.bash'
[0.326s] INFO:colcon.colcon_core.shell:Creating package script '/home/pretend/code/install/rm_armor_tracker/share/rm_armor_tracker/package.zsh'
[0.326s] Level 1:colcon.colcon_core.environment:create_file_with_runtime_dependencies(/home/pretend/code/install/rm_armor_tracker/share/colcon-core/packages/rm_armor_tracker)
[0.327s] Level 1:colcon.colcon_core.environment:create_environment_scripts_only(rm_armor_tracker)
[0.327s] Level 1:colcon.colcon_core.environment:checking '/home/pretend/code/install/rm_armor_tracker' for CMake module files
[0.327s] Level 1:colcon.colcon_core.environment:checking '/home/pretend/code/install/rm_armor_tracker' for CMake config files
[0.327s] Level 1:colcon.colcon_core.shell:create_environment_hook('rm_armor_tracker', 'cmake_prefix_path')
[0.327s] INFO:colcon.colcon_core.shell:Creating environment hook '/home/pretend/code/install/rm_armor_tracker/share/rm_armor_tracker/hook/cmake_prefix_path.ps1'
[0.327s] INFO:colcon.colcon_core.shell:Creating environment descriptor '/home/pretend/code/install/rm_armor_tracker/share/rm_armor_tracker/hook/cmake_prefix_path.dsv'
[0.328s] INFO:colcon.colcon_core.shell:Creating environment hook '/home/pretend/code/install/rm_armor_tracker/share/rm_armor_tracker/hook/cmake_prefix_path.sh'
[0.328s] Level 1:colcon.colcon_core.environment:checking '/home/pretend/code/install/rm_armor_tracker/bin'
[0.328s] Level 1:colcon.colcon_core.environment:checking '/home/pretend/code/install/rm_armor_tracker/lib/pkgconfig/rm_armor_tracker.pc'
[0.328s] Level 1:colcon.colcon_core.environment:checking '/home/pretend/code/install/rm_armor_tracker/lib/python3.10/site-packages'
[0.328s] Level 1:colcon.colcon_core.environment:checking '/home/pretend/code/install/rm_armor_tracker/bin'
[0.328s] INFO:colcon.colcon_core.shell:Creating package script '/home/pretend/code/install/rm_armor_tracker/share/rm_armor_tracker/package.ps1'
[0.329s] INFO:colcon.colcon_core.shell:Creating package descriptor '/home/pretend/code/install/rm_armor_tracker/share/rm_armor_tracker/package.dsv'
[0.329s] INFO:colcon.colcon_core.shell:Creating package script '/home/pretend/code/install/rm_armor_tracker/share/rm_armor_tracker/package.sh'
[0.329s] INFO:colcon.colcon_core.shell:Creating package script '/home/pretend/code/install/rm_armor_tracker/share/rm_armor_tracker/package.bash'
[0.330s] INFO:colcon.colcon_core.shell:Creating package script '/home/pretend/code/install/rm_armor_tracker/share/rm_armor_tracker/package.zsh'
[0.330s] Level 1:colcon.colcon_core.environment:create_file_with_runtime_dependencies(/home/pretend/code/install/rm_armor_tracker/share/colcon-core/packages/rm_armor_tracker)
[0.332s] Level 1:colcon.colcon_core.environment:create_environment_scripts_only(hik_camera)
[0.332s] Level 1:colcon.colcon_core.environment:checking '/home/pretend/code/install/hik_camera' for CMake module files
[0.333s] DEBUG:colcon.colcon_core.event_handler.log_command:Invoked command in '/home/pretend/code/build/hik_camera' returned '0': CMAKE_PREFIX_PATH=/opt/ros/humble /usr/bin/cmake --install /home/pretend/code/build/hik_camera
[0.333s] Level 1:colcon.colcon_core.environment:checking '/home/pretend/code/install/hik_camera' for CMake config files
[0.333s] Level 1:colcon.colcon_core.shell:create_environment_hook('hik_camera', 'cmake_prefix_path')
[0.334s] INFO:colcon.colcon_core.shell:Creating environment hook '/home/pretend/code/install/hik_camera/share/hik_camera/hook/cmake_prefix_path.ps1'
[0.334s] INFO:colcon.colcon_core.shell:Creating environment descriptor '/home/pretend/code/install/hik_camera/share/hik_camera/hook/cmake_prefix_path.dsv'
[0.334s] INFO:colcon.colcon_core.shell:Creating environment hook '/home/pretend/code/install/hik_camera/share/hik_camera/hook/cmake_prefix_path.sh'
[0.335s] Level 1:colcon.colcon_core.environment:checking '/home/pretend/code/install/hik_camera/lib'
[0.335s] Level 1:colcon.colcon_core.shell:create_environment_hook('hik_camera', 'ld_library_path_lib')
[0.335s] INFO:colcon.colcon_core.shell:Creating environment hook '/home/pretend/code/install/hik_camera/share/hik_camera/hook/ld_library_path_lib.ps1'
[0.335s] INFO:colcon.colcon_core.shell:Creating environment descriptor '/home/pretend/code/install/hik_camera/share/hik_camera/hook/ld_library_path_lib.dsv'
[0.336s] INFO:colcon.colcon_core.shell:Creating environment hook '/home/pretend/code/install/hik_camera/share/hik_camera/hook/ld_library_path_lib.sh'
[0.336s] Level 1:colcon.colcon_core.environment:checking '/home/pretend/code/install/hik_camera/bin'
[0.336s] Level 1:colcon.colcon_core.environment:checking '/home/pretend/code/install/hik_camera/lib/pkgconfig/hik_camera.pc'
[0.336s] Level 1:colcon.colcon_core.environment:checking '/home/pretend/code/install/hik_camera/lib/python3.10/site-packages'
[0.336s] Level 1:colcon.colcon_core.environment:checking '/home/pretend/code/install/hik_camera/bin'
[0.336s] INFO:colcon.colcon_core.shell:Creating package script '/home/pretend/code/install/hik_camera/share/hik_camera/package.ps1'
[0.337s] INFO:colcon.colcon_core.shell:Creating package descriptor '/home/pretend/code/install/hik_camera/share/hik_camera/package.dsv'
[0.337s] INFO:colcon.colcon_core.shell:Creating package script '/home/pretend/code/install/hik_camera/share/hik_camera/package.sh'
[0.337s] INFO:colcon.colcon_core.shell:Creating package script '/home/pretend/code/install/hik_camera/share/hik_camera/package.bash'
[0.337s] INFO:colcon.colcon_core.shell:Creating package script '/home/pretend/code/install/hik_camera/share/hik_camera/package.zsh'
[0.338s] Level 1:colcon.colcon_core.environment:create_file_with_runtime_dependencies(/home/pretend/code/install/hik_camera/share/colcon-core/packages/hik_camera)
[0.338s] Level 1:colcon.colcon_core.environment:create_environment_scripts_only(hik_camera)
[0.338s] Level 1:colcon.colcon_core.environment:checking '/home/pretend/code/install/hik_camera' for CMake module files
[0.338s] Level 1:colcon.colcon_core.environment:checking '/home/pretend/code/install/hik_camera' for CMake config files
[0.339s] Level 1:colcon.colcon_core.shell:create_environment_hook('hik_camera', 'cmake_prefix_path')
[0.339s] INFO:colcon.colcon_core.shell:Creating environment hook '/home/pretend/code/install/hik_camera/share/hik_camera/hook/cmake_prefix_path.ps1'
[0.339s] INFO:colcon.colcon_core.shell:Creating environment descriptor '/home/pretend/code/install/hik_camera/share/hik_camera/hook/cmake_prefix_path.dsv'
[0.339s] INFO:colcon.colcon_core.shell:Creating environment hook '/home/pretend/code/install/hik_camera/share/hik_camera/hook/cmake_prefix_path.sh'
[0.339s] Level 1:colcon.colcon_core.environment:checking '/home/pretend/code/install/hik_camera/lib'
[0.339s] Level 1:colcon.colcon_core.shell:create_environment_hook('hik_camera', 'ld_library_path_lib')
[0.340s] INFO:colcon.colcon_core.shell:Creating environment hook '/home/pretend/code/install/hik_camera/share/hik_camera/hook/ld_library_path_lib.ps1'
[0.340s] INFO:colcon.colcon_core.shell:Creating environment descriptor '/home/pretend/code/install/hik_camera/share/hik_camera/hook/ld_library_path_lib.dsv'
[0.340s] INFO:colcon.colcon_core.shell:Creating environment hook '/home/pretend/code/install/hik_camera/share/hik_camera/hook/ld_library_path_lib.sh'
[0.340s] Level 1:colcon.colcon_core.environment:checking '/home/pretend/code/install/hik_camera/bin'
[0.340s] Level 1:colcon.colcon_core.environment:checking '/home/pretend/code/install/hik_camera/lib/pkgconfig/hik_camera.pc'
[0.340s] Level 1:colcon.colcon_core.environment:checking '/home/pretend/code/install/hik_camera/lib/python3.10/site-packages'
[0.340s] Level 1:colcon.colcon_core.environment:checking '/home/pretend/code/install/hik_camera/bin'
[0.341s] INFO:colcon.colcon_core.shell:Creating package script '/home/pretend/code/install/hik_camera/share/hik_camera/package.ps1'
[0.341s] INFO:colcon.colcon_core.shell:Creating package descriptor '/home/pretend/code/install/hik_camera/share/hik_camera/package.dsv'
[0.342s] INFO:colcon.colcon_core.shell:Creating package script '/home/pretend/code/install/hik_camera/share/hik_camera/package.sh'
[0.342s] INFO:colcon.colcon_core.shell:Creating package script '/home/pretend/code/install/hik_camera/share/hik_camera/package.bash'
[0.342s] INFO:colcon.colcon_core.shell:Creating package script '/home/pretend/code/install/hik_camera/share/hik_camera/package.zsh'
[0.343s] Level 1:colcon.colcon_core.environment:create_file_with_runtime_dependencies(/home/pretend/code/install/hik_camera/share/colcon-core/packages/hik_camera)
[0.344s] DEBUG:colcon.colcon_core.event_handler.log_command:Invoked command in '/home/pretend/code/build/video_trial_node' returned '0': CMAKE_PREFIX_PATH=/opt/ros/humble /usr/bin/cmake --build /home/pretend/code/build/video_trial_node -- -j32 -l32
[0.345s] DEBUG:colcon.colcon_core.event_handler.log_command:Invoking command in '/home/pretend/code/build/video_trial_node': CMAKE_PREFIX_PATH=/opt/ros/humble /usr/bin/cmake --install /home/pretend/code/build/video_trial_node
[0.346s] DEBUG:colcon.colcon_core.event_handler.log_command:Invoked command in '/home/pretend/code/build/rm_rune_detect' returned '0': CMAKE_PREFIX_PATH=/opt/ros/humble /usr/bin/cmake --build /home/pretend/code/build/rm_rune_detect -- -j32 -l32
[0.346s] DEBUG:colcon.colcon_core.event_handler.log_command:Invoking command in '/home/pretend/code/build/rm_rune_detect': CMAKE_PREFIX_PATH=/opt/ros/humble /usr/bin/cmake --install /home/pretend/code/build/rm_rune_detect
[0.357s] Level 1:colcon.colcon_core.environment:create_environment_scripts_only(video_trial_node)
[0.357s] Level 1:colcon.colcon_core.environment:checking '/home/pretend/code/install/video_trial_node' for CMake module files
[0.357s] DEBUG:colcon.colcon_core.event_handler.log_command:Invoked command in '/home/pretend/code/build/video_trial_node' returned '0': CMAKE_PREFIX_PATH=/opt/ros/humble /usr/bin/cmake --install /home/pretend/code/build/video_trial_node
[0.358s] Level 1:colcon.colcon_core.environment:checking '/home/pretend/code/install/video_trial_node' for CMake config files
[0.359s] Level 1:colcon.colcon_core.shell:create_environment_hook('video_trial_node', 'cmake_prefix_path')
[0.359s] INFO:colcon.colcon_core.shell:Creating environment hook '/home/pretend/code/install/video_trial_node/share/video_trial_node/hook/cmake_prefix_path.ps1'
[0.360s] INFO:colcon.colcon_core.shell:Creating environment descriptor '/home/pretend/code/install/video_trial_node/share/video_trial_node/hook/cmake_prefix_path.dsv'
[0.361s] INFO:colcon.colcon_core.shell:Creating environment hook '/home/pretend/code/install/video_trial_node/share/video_trial_node/hook/cmake_prefix_path.sh'
[0.361s] Level 1:colcon.colcon_core.environment:checking '/home/pretend/code/install/video_trial_node/lib'
[0.361s] Level 1:colcon.colcon_core.shell:create_environment_hook('video_trial_node', 'ld_library_path_lib')
[0.361s] INFO:colcon.colcon_core.shell:Creating environment hook '/home/pretend/code/install/video_trial_node/share/video_trial_node/hook/ld_library_path_lib.ps1'
[0.362s] INFO:colcon.colcon_core.shell:Creating environment descriptor '/home/pretend/code/install/video_trial_node/share/video_trial_node/hook/ld_library_path_lib.dsv'
[0.362s] INFO:colcon.colcon_core.shell:Creating environment hook '/home/pretend/code/install/video_trial_node/share/video_trial_node/hook/ld_library_path_lib.sh'
[0.362s] Level 1:colcon.colcon_core.environment:checking '/home/pretend/code/install/video_trial_node/bin'
[0.363s] Level 1:colcon.colcon_core.environment:checking '/home/pretend/code/install/video_trial_node/lib/pkgconfig/video_trial_node.pc'
[0.363s] Level 1:colcon.colcon_core.environment:checking '/home/pretend/code/install/video_trial_node/lib/python3.10/site-packages'
[0.363s] Level 1:colcon.colcon_core.environment:checking '/home/pretend/code/install/video_trial_node/bin'
[0.364s] INFO:colcon.colcon_core.shell:Creating package script '/home/pretend/code/install/video_trial_node/share/video_trial_node/package.ps1'
[0.364s] INFO:colcon.colcon_core.shell:Creating package descriptor '/home/pretend/code/install/video_trial_node/share/video_trial_node/package.dsv'
[0.365s] INFO:colcon.colcon_core.shell:Creating package script '/home/pretend/code/install/video_trial_node/share/video_trial_node/package.sh'
[0.366s] INFO:colcon.colcon_core.shell:Creating package script '/home/pretend/code/install/video_trial_node/share/video_trial_node/package.bash'
[0.366s] INFO:colcon.colcon_core.shell:Creating package script '/home/pretend/code/install/video_trial_node/share/video_trial_node/package.zsh'
[0.367s] Level 1:colcon.colcon_core.environment:create_file_with_runtime_dependencies(/home/pretend/code/install/video_trial_node/share/colcon-core/packages/video_trial_node)
[0.367s] Level 1:colcon.colcon_core.environment:create_environment_scripts_only(video_trial_node)
[0.367s] Level 1:colcon.colcon_core.environment:checking '/home/pretend/code/install/video_trial_node' for CMake module files
[0.368s] Level 1:colcon.colcon_core.environment:checking '/home/pretend/code/install/video_trial_node' for CMake config files
[0.368s] Level 1:colcon.colcon_core.shell:create_environment_hook('video_trial_node', 'cmake_prefix_path')
[0.368s] INFO:colcon.colcon_core.shell:Creating environment hook '/home/pretend/code/install/video_trial_node/share/video_trial_node/hook/cmake_prefix_path.ps1'
[0.368s] INFO:colcon.colcon_core.shell:Creating environment descriptor '/home/pretend/code/install/video_trial_node/share/video_trial_node/hook/cmake_prefix_path.dsv'
[0.368s] INFO:colcon.colcon_core.shell:Creating environment hook '/home/pretend/code/install/video_trial_node/share/video_trial_node/hook/cmake_prefix_path.sh'
[0.369s] Level 1:colcon.colcon_core.environment:checking '/home/pretend/code/install/video_trial_node/lib'
[0.369s] Level 1:colcon.colcon_core.shell:create_environment_hook('video_trial_node', 'ld_library_path_lib')
[0.369s] INFO:colcon.colcon_core.shell:Creating environment hook '/home/pretend/code/install/video_trial_node/share/video_trial_node/hook/ld_library_path_lib.ps1'
[0.369s] INFO:colcon.colcon_core.shell:Creating environment descriptor '/home/pretend/code/install/video_trial_node/share/video_trial_node/hook/ld_library_path_lib.dsv'
[0.369s] INFO:colcon.colcon_core.shell:Creating environment hook '/home/pretend/code/install/video_trial_node/share/video_trial_node/hook/ld_library_path_lib.sh'
[0.369s] Level 1:colcon.colcon_core.environment:checking '/home/pretend/code/install/video_trial_node/bin'
[0.369s] Level 1:colcon.colcon_core.environment:checking '/home/pretend/code/install/video_trial_node/lib/pkgconfig/video_trial_node.pc'
[0.370s] Level 1:colcon.colcon_core.environment:checking '/home/pretend/code/install/video_trial_node/lib/python3.10/site-packages'
[0.370s] Level 1:colcon.colcon_core.environment:checking '/home/pretend/code/install/video_trial_node/bin'
[0.370s] INFO:colcon.colcon_core.shell:Creating package script '/home/pretend/code/install/video_trial_node/share/video_trial_node/package.ps1'
[0.370s] INFO:colcon.colcon_core.shell:Creating package descriptor '/home/pretend/code/install/video_trial_node/share/video_trial_node/package.dsv'
[0.371s] INFO:colcon.colcon_core.shell:Creating package script '/home/pretend/code/install/video_trial_node/share/video_trial_node/package.sh'
[0.371s] INFO:colcon.colcon_core.shell:Creating package script '/home/pretend/code/install/video_trial_node/share/video_trial_node/package.bash'
[0.372s] INFO:colcon.colcon_core.shell:Creating package script '/home/pretend/code/install/video_trial_node/share/video_trial_node/package.zsh'
[0.373s] Level 1:colcon.colcon_core.environment:create_file_with_runtime_dependencies(/home/pretend/code/install/video_trial_node/share/colcon-core/packages/video_trial_node)
[0.374s] Level 1:colcon.colcon_core.environment:create_environment_scripts_only(rm_rune_detect)
[0.375s] Level 1:colcon.colcon_core.environment:checking '/home/pretend/code/install/rm_rune_detect' for CMake module files
[0.375s] DEBUG:colcon.colcon_core.event_handler.log_command:Invoked command in '/home/pretend/code/build/rm_rune_detect' returned '0': CMAKE_PREFIX_PATH=/opt/ros/humble /usr/bin/cmake --install /home/pretend/code/build/rm_rune_detect
[0.376s] Level 1:colcon.colcon_core.environment:checking '/home/pretend/code/install/rm_rune_detect' for CMake config files
[0.377s] Level 1:colcon.colcon_core.shell:create_environment_hook('rm_rune_detect', 'cmake_prefix_path')
[0.378s] INFO:colcon.colcon_core.shell:Creating environment hook '/home/pretend/code/install/rm_rune_detect/share/rm_rune_detect/hook/cmake_prefix_path.ps1'
[0.378s] INFO:colcon.colcon_core.shell:Creating environment descriptor '/home/pretend/code/install/rm_rune_detect/share/rm_rune_detect/hook/cmake_prefix_path.dsv'
[0.378s] INFO:colcon.colcon_core.shell:Creating environment hook '/home/pretend/code/install/rm_rune_detect/share/rm_rune_detect/hook/cmake_prefix_path.sh'
[0.379s] Level 1:colcon.colcon_core.environment:checking '/home/pretend/code/install/rm_rune_detect/lib'
[0.379s] Level 1:colcon.colcon_core.shell:create_environment_hook('rm_rune_detect', 'ld_library_path_lib')
[0.379s] INFO:colcon.colcon_core.shell:Creating environment hook '/home/pretend/code/install/rm_rune_detect/share/rm_rune_detect/hook/ld_library_path_lib.ps1'
[0.379s] INFO:colcon.colcon_core.shell:Creating environment descriptor '/home/pretend/code/install/rm_rune_detect/share/rm_rune_detect/hook/ld_library_path_lib.dsv'
[0.380s] INFO:colcon.colcon_core.shell:Creating environment hook '/home/pretend/code/install/rm_rune_detect/share/rm_rune_detect/hook/ld_library_path_lib.sh'
[0.380s] Level 1:colcon.colcon_core.environment:checking '/home/pretend/code/install/rm_rune_detect/bin'
[0.380s] Level 1:colcon.colcon_core.environment:checking '/home/pretend/code/install/rm_rune_detect/lib/pkgconfig/rm_rune_detect.pc'
[0.380s] Level 1:colcon.colcon_core.environment:checking '/home/pretend/code/install/rm_rune_detect/lib/python3.10/site-packages'
[0.380s] Level 1:colcon.colcon_core.environment:checking '/home/pretend/code/install/rm_rune_detect/bin'
[0.380s] INFO:colcon.colcon_core.shell:Creating package script '/home/pretend/code/install/rm_rune_detect/share/rm_rune_detect/package.ps1'
[0.381s] INFO:colcon.colcon_core.shell:Creating package descriptor '/home/pretend/code/install/rm_rune_detect/share/rm_rune_detect/package.dsv'
[0.381s] INFO:colcon.colcon_core.shell:Creating package script '/home/pretend/code/install/rm_rune_detect/share/rm_rune_detect/package.sh'
[0.382s] INFO:colcon.colcon_core.shell:Creating package script '/home/pretend/code/install/rm_rune_detect/share/rm_rune_detect/package.bash'
[0.382s] INFO:colcon.colcon_core.shell:Creating package script '/home/pretend/code/install/rm_rune_detect/share/rm_rune_detect/package.zsh'
[0.382s] Level 1:colcon.colcon_core.environment:create_file_with_runtime_dependencies(/home/pretend/code/install/rm_rune_detect/share/colcon-core/packages/rm_rune_detect)
[0.383s] Level 1:colcon.colcon_core.environment:create_environment_scripts_only(rm_rune_detect)
[0.383s] Level 1:colcon.colcon_core.environment:checking '/home/pretend/code/install/rm_rune_detect' for CMake module files
[0.383s] Level 1:colcon.colcon_core.environment:checking '/home/pretend/code/install/rm_rune_detect' for CMake config files
[0.383s] Level 1:colcon.colcon_core.shell:create_environment_hook('rm_rune_detect', 'cmake_prefix_path')
[0.383s] INFO:colcon.colcon_core.shell:Creating environment hook '/home/pretend/code/install/rm_rune_detect/share/rm_rune_detect/hook/cmake_prefix_path.ps1'
[0.383s] INFO:colcon.colcon_core.shell:Creating environment descriptor '/home/pretend/code/install/rm_rune_detect/share/rm_rune_detect/hook/cmake_prefix_path.dsv'
[0.384s] INFO:colcon.colcon_core.shell:Creating environment hook '/home/pretend/code/install/rm_rune_detect/share/rm_rune_detect/hook/cmake_prefix_path.sh'
[0.384s] Level 1:colcon.colcon_core.environment:checking '/home/pretend/code/install/rm_rune_detect/lib'
[0.384s] Level 1:colcon.colcon_core.shell:create_environment_hook('rm_rune_detect', 'ld_library_path_lib')
[0.384s] INFO:colcon.colcon_core.shell:Creating environment hook '/home/pretend/code/install/rm_rune_detect/share/rm_rune_detect/hook/ld_library_path_lib.ps1'
[0.385s] INFO:colcon.colcon_core.shell:Creating environment descriptor '/home/pretend/code/install/rm_rune_detect/share/rm_rune_detect/hook/ld_library_path_lib.dsv'
[0.385s] INFO:colcon.colcon_core.shell:Creating environment hook '/home/pretend/code/install/rm_rune_detect/share/rm_rune_detect/hook/ld_library_path_lib.sh'
[0.385s] Level 1:colcon.colcon_core.environment:checking '/home/pretend/code/install/rm_rune_detect/bin'
[0.385s] Level 1:colcon.colcon_core.environment:checking '/home/pretend/code/install/rm_rune_detect/lib/pkgconfig/rm_rune_detect.pc'
[0.385s] Level 1:colcon.colcon_core.environment:checking '/home/pretend/code/install/rm_rune_detect/lib/python3.10/site-packages'
[0.385s] Level 1:colcon.colcon_core.environment:checking '/home/pretend/code/install/rm_rune_detect/bin'
[0.385s] INFO:colcon.colcon_core.shell:Creating package script '/home/pretend/code/install/rm_rune_detect/share/rm_rune_detect/package.ps1'
[0.386s] INFO:colcon.colcon_core.shell:Creating package descriptor '/home/pretend/code/install/rm_rune_detect/share/rm_rune_detect/package.dsv'
[0.386s] INFO:colcon.colcon_core.shell:Creating package script '/home/pretend/code/install/rm_rune_detect/share/rm_rune_detect/package.sh'
[0.386s] INFO:colcon.colcon_core.shell:Creating package script '/home/pretend/code/install/rm_rune_detect/share/rm_rune_detect/package.bash'
[0.387s] INFO:colcon.colcon_core.shell:Creating package script '/home/pretend/code/install/rm_rune_detect/share/rm_rune_detect/package.zsh'
[0.387s] Level 1:colcon.colcon_core.environment:create_file_with_runtime_dependencies(/home/pretend/code/install/rm_rune_detect/share/colcon-core/packages/rm_rune_detect)
[0.690s] DEBUG:colcon.colcon_core.event_handler.log_command:Invoked command in '/home/pretend/code/build/rm_armor_detect' returned '0': CMAKE_PREFIX_PATH=/opt/ros/humble /usr/bin/cmake /home/pretend/code/src/rm_armor_detect -DCMAKE_INSTALL_PREFIX=/home/pretend/code/install/rm_armor_detect
[0.692s] DEBUG:colcon.colcon_core.event_handler.log_command:Invoking command in '/home/pretend/code/build/rm_armor_detect': CMAKE_PREFIX_PATH=/opt/ros/humble /usr/bin/cmake --build /home/pretend/code/build/rm_armor_detect -- -j32 -l32
[13.938s] DEBUG:colcon.colcon_core.event_handler.log_command:Invoked command in '/home/pretend/code/build/rm_armor_detect' returned '0': CMAKE_PREFIX_PATH=/opt/ros/humble /usr/bin/cmake --build /home/pretend/code/build/rm_armor_detect -- -j32 -l32
[13.942s] DEBUG:colcon.colcon_core.event_handler.log_command:Invoking command in '/home/pretend/code/build/rm_armor_detect': CMAKE_PREFIX_PATH=/opt/ros/humble /usr/bin/cmake --install /home/pretend/code/build/rm_armor_detect
[13.966s] Level 1:colcon.colcon_core.environment:create_environment_scripts_only(rm_armor_detect)
[13.967s] Level 1:colcon.colcon_core.environment:checking '/home/pretend/code/install/rm_armor_detect' for CMake module files
[13.968s] DEBUG:colcon.colcon_core.event_handler.log_command:Invoked command in '/home/pretend/code/build/rm_armor_detect' returned '0': CMAKE_PREFIX_PATH=/opt/ros/humble /usr/bin/cmake --install /home/pretend/code/build/rm_armor_detect
[13.968s] Level 1:colcon.colcon_core.environment:checking '/home/pretend/code/install/rm_armor_detect' for CMake config files
[13.968s] Level 1:colcon.colcon_core.shell:create_environment_hook('rm_armor_detect', 'cmake_prefix_path')
[13.969s] INFO:colcon.colcon_core.shell:Creating environment hook '/home/pretend/code/install/rm_armor_detect/share/rm_armor_detect/hook/cmake_prefix_path.ps1'
[13.970s] INFO:colcon.colcon_core.shell:Creating environment descriptor '/home/pretend/code/install/rm_armor_detect/share/rm_armor_detect/hook/cmake_prefix_path.dsv'
[13.970s] INFO:colcon.colcon_core.shell:Creating environment hook '/home/pretend/code/install/rm_armor_detect/share/rm_armor_detect/hook/cmake_prefix_path.sh'
[13.971s] Level 1:colcon.colcon_core.environment:checking '/home/pretend/code/install/rm_armor_detect/lib'
[13.971s] Level 1:colcon.colcon_core.shell:create_environment_hook('rm_armor_detect', 'ld_library_path_lib')
[13.971s] INFO:colcon.colcon_core.shell:Creating environment hook '/home/pretend/code/install/rm_armor_detect/share/rm_armor_detect/hook/ld_library_path_lib.ps1'
[13.972s] INFO:colcon.colcon_core.shell:Creating environment descriptor '/home/pretend/code/install/rm_armor_detect/share/rm_armor_detect/hook/ld_library_path_lib.dsv'
[13.972s] INFO:colcon.colcon_core.shell:Creating environment hook '/home/pretend/code/install/rm_armor_detect/share/rm_armor_detect/hook/ld_library_path_lib.sh'
[13.972s] Level 1:colcon.colcon_core.environment:checking '/home/pretend/code/install/rm_armor_detect/bin'
[13.972s] Level 1:colcon.colcon_core.environment:checking '/home/pretend/code/install/rm_armor_detect/lib/pkgconfig/rm_armor_detect.pc'
[13.973s] Level 1:colcon.colcon_core.environment:checking '/home/pretend/code/install/rm_armor_detect/lib/python3.10/site-packages'
[13.973s] Level 1:colcon.colcon_core.environment:checking '/home/pretend/code/install/rm_armor_detect/bin'
[13.973s] INFO:colcon.colcon_core.shell:Creating package script '/home/pretend/code/install/rm_armor_detect/share/rm_armor_detect/package.ps1'
[13.974s] INFO:colcon.colcon_core.shell:Creating package descriptor '/home/pretend/code/install/rm_armor_detect/share/rm_armor_detect/package.dsv'
[13.975s] INFO:colcon.colcon_core.shell:Creating package script '/home/pretend/code/install/rm_armor_detect/share/rm_armor_detect/package.sh'
[13.975s] INFO:colcon.colcon_core.shell:Creating package script '/home/pretend/code/install/rm_armor_detect/share/rm_armor_detect/package.bash'
[13.976s] INFO:colcon.colcon_core.shell:Creating package script '/home/pretend/code/install/rm_armor_detect/share/rm_armor_detect/package.zsh'
[13.976s] Level 1:colcon.colcon_core.environment:create_file_with_runtime_dependencies(/home/pretend/code/install/rm_armor_detect/share/colcon-core/packages/rm_armor_detect)
[13.977s] Level 1:colcon.colcon_core.environment:create_environment_scripts_only(rm_armor_detect)
[13.977s] Level 1:colcon.colcon_core.environment:checking '/home/pretend/code/install/rm_armor_detect' for CMake module files
[13.977s] Level 1:colcon.colcon_core.environment:checking '/home/pretend/code/install/rm_armor_detect' for CMake config files
[13.977s] Level 1:colcon.colcon_core.shell:create_environment_hook('rm_armor_detect', 'cmake_prefix_path')
[13.978s] INFO:colcon.colcon_core.shell:Creating environment hook '/home/pretend/code/install/rm_armor_detect/share/rm_armor_detect/hook/cmake_prefix_path.ps1'
[13.978s] INFO:colcon.colcon_core.shell:Creating environment descriptor '/home/pretend/code/install/rm_armor_detect/share/rm_armor_detect/hook/cmake_prefix_path.dsv'
[13.978s] INFO:colcon.colcon_core.shell:Creating environment hook '/home/pretend/code/install/rm_armor_detect/share/rm_armor_detect/hook/cmake_prefix_path.sh'
[13.979s] Level 1:colcon.colcon_core.environment:checking '/home/pretend/code/install/rm_armor_detect/lib'
[13.979s] Level 1:colcon.colcon_core.shell:create_environment_hook('rm_armor_detect', 'ld_library_path_lib')
[13.979s] INFO:colcon.colcon_core.shell:Creating environment hook '/home/pretend/code/install/rm_armor_detect/share/rm_armor_detect/hook/ld_library_path_lib.ps1'
[13.980s] INFO:colcon.colcon_core.shell:Creating environment descriptor '/home/pretend/code/install/rm_armor_detect/share/rm_armor_detect/hook/ld_library_path_lib.dsv'
[13.980s] INFO:colcon.colcon_core.shell:Creating environment hook '/home/pretend/code/install/rm_armor_detect/share/rm_armor_detect/hook/ld_library_path_lib.sh'
[13.981s] Level 1:colcon.colcon_core.environment:checking '/home/pretend/code/install/rm_armor_detect/bin'
[13.981s] Level 1:colcon.colcon_core.environment:checking '/home/pretend/code/install/rm_armor_detect/lib/pkgconfig/rm_armor_detect.pc'
[13.981s] Level 1:colcon.colcon_core.environment:checking '/home/pretend/code/install/rm_armor_detect/lib/python3.10/site-packages'
[13.981s] Level 1:colcon.colcon_core.environment:checking '/home/pretend/code/install/rm_armor_detect/bin'
[13.981s] INFO:colcon.colcon_core.shell:Creating package script '/home/pretend/code/install/rm_armor_detect/share/rm_armor_detect/package.ps1'
[13.981s] INFO:colcon.colcon_core.shell:Creating package descriptor '/home/pretend/code/install/rm_armor_detect/share/rm_armor_detect/package.dsv'
[13.982s] INFO:colcon.colcon_core.shell:Creating package script '/home/pretend/code/install/rm_armor_detect/share/rm_armor_detect/package.sh'
[13.982s] INFO:colcon.colcon_core.shell:Creating package script '/home/pretend/code/install/rm_armor_detect/share/rm_armor_detect/package.bash'
[13.983s] INFO:colcon.colcon_core.shell:Creating package script '/home/pretend/code/install/rm_armor_detect/share/rm_armor_detect/package.zsh'
[13.983s] Level 1:colcon.colcon_core.environment:create_file_with_runtime_dependencies(/home/pretend/code/install/rm_armor_detect/share/colcon-core/packages/rm_armor_detect)
[13.983s] DEBUG:colcon.colcon_parallel_executor.executor.parallel:closing loop
[13.983s] DEBUG:colcon.colcon_parallel_executor.executor.parallel:loop closed
[13.983s] DEBUG:colcon.colcon_parallel_executor.executor.parallel:run_until_complete finished with '0'
[13.983s] DEBUG:colcon.colcon_core.event_reactor:joining thread
[13.990s] INFO:colcon.colcon_core.plugin_system:Skipping extension 'colcon_notification.desktop_notification.terminal_notifier': Not used on non-Darwin systems
[13.990s] INFO:colcon.colcon_core.plugin_system:Skipping extension 'colcon_notification.desktop_notification.win32': Not used on non-Windows systems
[13.990s] INFO:colcon.colcon_notification.desktop_notification:Sending desktop notification using 'notify2'
[14.005s] DEBUG:colcon.colcon_core.event_reactor:joined thread
[14.006s] INFO:colcon.colcon_core.shell:Creating prefix script '/home/pretend/code/install/local_setup.ps1'
[14.007s] INFO:colcon.colcon_core.shell:Creating prefix util module '/home/pretend/code/install/_local_setup_util_ps1.py'
[14.009s] INFO:colcon.colcon_core.shell:Creating prefix chain script '/home/pretend/code/install/setup.ps1'
[14.009s] INFO:colcon.colcon_core.shell:Creating prefix script '/home/pretend/code/install/local_setup.sh'
[14.010s] INFO:colcon.colcon_core.shell:Creating prefix util module '/home/pretend/code/install/_local_setup_util_sh.py'
[14.011s] INFO:colcon.colcon_core.shell:Creating prefix chain script '/home/pretend/code/install/setup.sh'
[14.012s] INFO:colcon.colcon_core.shell:Creating prefix script '/home/pretend/code/install/local_setup.bash'
[14.012s] INFO:colcon.colcon_core.shell:Creating prefix chain script '/home/pretend/code/install/setup.bash'
[14.013s] INFO:colcon.colcon_core.shell:Creating prefix script '/home/pretend/code/install/local_setup.zsh'
[14.013s] INFO:colcon.colcon_core.shell:Creating prefix chain script '/home/pretend/code/install/setup.zsh'
