-- The C compiler identification is GNU 11.4.0
-- The CXX compiler identification is GNU 11.4.0
-- Detecting C compiler ABI info
-- Detecting C compiler ABI info - done
-- Check for working C compiler: /usr/bin/cc - skipped
-- Detecting C compile features
-- Detecting C compile features - done
-- Detecting CXX compiler ABI info
-- Detecting CXX compiler ABI info - done
-- Check for working CXX compiler: /usr/bin/c++ - skipped
-- Detecting CXX compile features
-- Detecting CXX compile features - done
-- Found ament_cmake: 1.3.11 (/opt/ros/humble/share/ament_cmake/cmake)
-- Found Python3: /usr/bin/python3 (found version "3.10.12") found components: Interpreter 
-- Found rclcpp: 16.0.12 (/opt/ros/humble/share/rclcpp/cmake)
-- Found rosidl_generator_c: 3.1.6 (/opt/ros/humble/share/rosidl_generator_c/cmake)
-- Found rosidl_adapter: 3.1.6 (/opt/ros/humble/share/rosidl_adapter/cmake)
-- Found rosidl_generator_cpp: 3.1.6 (/opt/ros/humble/share/rosidl_generator_cpp/cmake)
-- Using all available rosidl_typesupport_c: rosidl_typesupport_fastrtps_c;rosidl_typesupport_introspection_c
-- Using all available rosidl_typesupport_cpp: rosidl_typesupport_fastrtps_cpp;rosidl_typesupport_introspection_cpp
-- Found rmw_implementation_cmake: 6.1.2 (/opt/ros/humble/share/rmw_implementation_cmake/cmake)
-- Found rmw_fastrtps_cpp: 6.2.7 (/opt/ros/humble/share/rmw_fastrtps_cpp/cmake)
-- Found OpenSSL: /usr/lib/x86_64-linux-gnu/libcrypto.so (found version "3.0.2")  
-- Found FastRTPS: /opt/ros/humble/include  
-- Using RMW implementation 'rmw_fastrtps_cpp' as default
-- Looking for pthread.h
-- Looking for pthread.h - found
-- Performing Test CMAKE_HAVE_LIBC_PTHREAD
-- Performing Test CMAKE_HAVE_LIBC_PTHREAD - Success
-- Found Threads: TRUE  
-- Found rclcpp_components: 16.0.12 (/opt/ros/humble/share/rclcpp_components/cmake)
-- Found sensor_msgs: 4.8.0 (/opt/ros/humble/share/sensor_msgs/cmake)
-- Found cv_bridge: 3.2.1 (/opt/ros/humble/share/cv_bridge/cmake)
-- Found image_transport: 3.1.11 (/opt/ros/humble/share/image_transport/cmake)
-- Found camera_info_manager: 3.1.11 (/opt/ros/humble/share/camera_info_manager/cmake)
-- Found OpenCV: /usr (found version "4.5.4") 
-- Found ament_lint_auto: 0.12.12 (/opt/ros/humble/share/ament_lint_auto/cmake)
-- Added test 'cppcheck' to perform static code analysis on C / C++ code
-- Configured cppcheck include dirs: /home/pretend/code/src/rm_armor_detect/include
-- Configured cppcheck exclude dirs and/or files: 
-- Added test 'flake8' to check Python code syntax and style conventions
-- Added test 'lint_cmake' to check CMake code style
-- Added test 'pep257' to check Python code against some of the docstring style conventions in PEP 257
-- Added test 'uncrustify' to check C / C++ code style
-- Configured uncrustify additional arguments: 
-- Added test 'xmllint' to check XML markup files
-- Configuring done
-- Generating done
-- Build files have been written to: /home/pretend/code/build/rm_armor_detect
[ 11%] [32mBuilding CXX object CMakeFiles/video_subscriber_node.dir/rclcpp_components/node_main_video_subscriber_node.cpp.o[0m
[ 22%] [32mBuilding CXX object CMakeFiles/video_subscriber_component.dir/src/car_detector.cpp.o[0m
[ 33%] [32mBuilding CXX object CMakeFiles/video_subscriber_component.dir/src/video_subscriber_node.cpp.o[0m
[ 44%] [32mBuilding CXX object CMakeFiles/video_subscriber_component.dir/src/lights_detector.cpp.o[0m
[ 55%] [32mBuilding CXX object CMakeFiles/video_subscriber_component.dir/src/number_classifier.cpp.o[0m
[ 66%] [32m[1mLinking CXX executable video_subscriber_node[0m
[ 66%] Built target video_subscriber_node
[ 77%] [32m[1mLinking CXX shared library libvideo_subscriber_component.so[0m
[ 77%] Built target video_subscriber_component
[ 88%] [32mBuilding CXX object CMakeFiles/video_subscriber_main.dir/src/video_subscriber_main.cpp.o[0m
[100%] [32m[1mLinking CXX executable video_subscriber_main[0m
[100%] Built target video_subscriber_main
-- Install configuration: ""
-- Installing: /home/pretend/code/install/rm_armor_detect/lib/rm_armor_detect/video_subscriber_node
-- Set runtime path of "/home/pretend/code/install/rm_armor_detect/lib/rm_armor_detect/video_subscriber_node" to ""
-- Installing: /home/pretend/code/install/rm_armor_detect/include/
-- Installing: /home/pretend/code/install/rm_armor_detect/include//rm_armor_detect
-- Installing: /home/pretend/code/install/rm_armor_detect/include//rm_armor_detect/video_subscriber_node.hpp
-- Installing: /home/pretend/code/install/rm_armor_detect/include//rm_armor_detect/number_classifier.hpp
-- Installing: /home/pretend/code/install/rm_armor_detect/include//rm_armor_detect/armor_types.hpp
-- Installing: /home/pretend/code/install/rm_armor_detect/include//rm_armor_detect/car_detector.hpp
-- Installing: /home/pretend/code/install/rm_armor_detect/include//rm_armor_detect/simple_lights_detector.hpp
-- Installing: /home/pretend/code/install/rm_armor_detect/lib/libvideo_subscriber_component.so
-- Set runtime path of "/home/pretend/code/install/rm_armor_detect/lib/libvideo_subscriber_component.so" to ""
-- Installing: /home/pretend/code/install/rm_armor_detect/lib/rm_armor_detect/video_subscriber_main
-- Set runtime path of "/home/pretend/code/install/rm_armor_detect/lib/rm_armor_detect/video_subscriber_main" to ""
-- Installing: /home/pretend/code/install/rm_armor_detect/share/rm_armor_detect/models/
-- Installing: /home/pretend/code/install/rm_armor_detect/share/rm_armor_detect/models//number
-- Installing: /home/pretend/code/install/rm_armor_detect/share/rm_armor_detect/models//number/mlp.onnx
-- Installing: /home/pretend/code/install/rm_armor_detect/share/rm_armor_detect/models//number/label.txt
-- Installing: /home/pretend/code/install/rm_armor_detect/share/rm_armor_detect/models//car
-- Installing: /home/pretend/code/install/rm_armor_detect/share/rm_armor_detect/models//car/car.onnx
-- Installing: /home/pretend/code/install/rm_armor_detect/share/rm_armor_detect/models//armor
-- Installing: /home/pretend/code/install/rm_armor_detect/share/rm_armor_detect/config/
-- Installing: /home/pretend/code/install/rm_armor_detect/share/rm_armor_detect/config//armor_detect_params.yaml
-- Installing: /home/pretend/code/install/rm_armor_detect/share/rm_armor_detect/config//USAGE.md
-- Installing: /home/pretend/code/install/rm_armor_detect/share/rm_armor_detect/config//presets
-- Installing: /home/pretend/code/install/rm_armor_detect/share/rm_armor_detect/config//presets/outdoor_config.yaml
-- Installing: /home/pretend/code/install/rm_armor_detect/share/rm_armor_detect/config//presets/indoor_config.yaml
-- Installing: /home/pretend/code/install/rm_armor_detect/share/rm_armor_detect/config//presets/debug_config.yaml
-- Installing: /home/pretend/code/install/rm_armor_detect/share/rm_armor_detect/config//README.md
-- Installing: /home/pretend/code/install/rm_armor_detect/share/rm_armor_detect/launch/
-- Installing: /home/pretend/code/install/rm_armor_detect/share/rm_armor_detect/launch//armor_detect.launch.py
-- Installing: /home/pretend/code/install/rm_armor_detect/share/ament_index/resource_index/package_run_dependencies/rm_armor_detect
-- Installing: /home/pretend/code/install/rm_armor_detect/share/ament_index/resource_index/parent_prefix_path/rm_armor_detect
-- Installing: /home/pretend/code/install/rm_armor_detect/share/rm_armor_detect/environment/ament_prefix_path.sh
-- Installing: /home/pretend/code/install/rm_armor_detect/share/rm_armor_detect/environment/ament_prefix_path.dsv
-- Installing: /home/pretend/code/install/rm_armor_detect/share/rm_armor_detect/environment/path.sh
-- Installing: /home/pretend/code/install/rm_armor_detect/share/rm_armor_detect/environment/path.dsv
-- Installing: /home/pretend/code/install/rm_armor_detect/share/rm_armor_detect/local_setup.bash
-- Installing: /home/pretend/code/install/rm_armor_detect/share/rm_armor_detect/local_setup.sh
-- Installing: /home/pretend/code/install/rm_armor_detect/share/rm_armor_detect/local_setup.zsh
-- Installing: /home/pretend/code/install/rm_armor_detect/share/rm_armor_detect/local_setup.dsv
-- Installing: /home/pretend/code/install/rm_armor_detect/share/rm_armor_detect/package.dsv
-- Installing: /home/pretend/code/install/rm_armor_detect/share/ament_index/resource_index/packages/rm_armor_detect
-- Installing: /home/pretend/code/install/rm_armor_detect/share/ament_index/resource_index/rclcpp_components/rm_armor_detect
-- Installing: /home/pretend/code/install/rm_armor_detect/share/rm_armor_detect/cmake/rm_armor_detectConfig.cmake
-- Installing: /home/pretend/code/install/rm_armor_detect/share/rm_armor_detect/cmake/rm_armor_detectConfig-version.cmake
-- Installing: /home/pretend/code/install/rm_armor_detect/share/rm_armor_detect/package.xml
