[0.212s] Invoking command in '/home/pretend/code/build/rm_armor_tracker': CMAKE_PREFIX_PATH=/home/pretend/code/install/rm_msgs:/home/pretend/code/install/video_trial_node:/home/pretend/code/install/rm_rune_detect:/home/pretend/code/install/rm_armor_tracker:/home/pretend/code/install/rm_armor_detect:/home/pretend/code/install/hik_camera:/opt/ros/humble LD_LIBRARY_PATH=/home/pretend/code/install/rm_msgs/lib:/opt/intel/openvino_2025.0.0/runtime/3rdparty/tbb/lib:/opt/intel/openvino_2025.0.0/runtime/lib/intel64:/opt/MVS/lib/64:/opt/MVS/lib/32:/opt/MVS/lib/64:/opt/MVS/lib/32:/home/pretend/code/install/video_trial_node/lib:/home/pretend/code/install/rm_rune_detect/lib:/home/pretend/code/install/rm_armor_tracker/lib:/home/pretend/code/install/rm_armor_detect/lib:/home/pretend/code/install/hik_camera/lib:/opt/intel/openvino_2025.0.0/runtime/3rdparty/tbb/lib:/opt/intel/openvino_2025.0.0/runtime/lib/intel64:/opt/MVS/lib/64:/opt/MVS/lib/32:/opt/ros/humble/opt/rviz_ogre_vendor/lib:/opt/ros/humble/lib/x86_64-linux-gnu:/opt/ros/humble/lib:/opt/MVS/lib/64:/opt/MVS/lib/32:/opt/intel/openvino_2025/runtime/lib/intel64:/opt/intel/openvino_2025/runtime/lib/intel64 /usr/bin/cmake --build /home/pretend/code/build/rm_armor_tracker -- -j32 -l32
[0.250s] [35m[1mConsolidate compiler generated dependencies of target armor_tracker_component[0m
[0.268s] [ 20%] [32mBuilding CXX object CMakeFiles/armor_tracker_component.dir/src/single_armor_tracker.cpp.o[0m
[2.804s] In file included from [01m[K/opt/ros/humble/include/rcl/rcl/timer.h:31[m[K,
[2.804s]                  from [01m[K/opt/ros/humble/include/rcl/rcl/wait.h:33[m[K,
[2.805s]                  from [01m[K/opt/ros/humble/include/rclcpp/rclcpp/executor.hpp:31[m[K,
[2.805s]                  from [01m[K/opt/ros/humble/include/rclcpp/rclcpp/executors/multi_threaded_executor.hpp:25[m[K,
[2.805s]                  from [01m[K/opt/ros/humble/include/rclcpp/rclcpp/executors.hpp:21[m[K,
[2.805s]                  from [01m[K/opt/ros/humble/include/rclcpp/rclcpp/rclcpp.hpp:155[m[K,
[2.805s]                  from [01m[K/home/pretend/code/src/rm_armor_tracker/include/rm_armor_tracker/single_armor_tracker.hpp:4[m[K,
[2.805s]                  from [01m[K/home/pretend/code/src/rm_armor_tracker/src/single_armor_tracker.cpp:1[m[K:
[2.805s] [01m[K/home/pretend/code/src/rm_armor_tracker/src/single_armor_tracker.cpp:[m[K In member function ‘[01m[Kvoid rm_armor_tracker::SingleArmorTracker::processArmorMsg(const ConstSharedPtr&)[m[K’:
[2.805s] [01m[K/home/pretend/code/src/rm_armor_tracker/src/single_armor_tracker.cpp:63:26:[m[K [01;31m[Kerror: [m[K‘[01m[KRCUTILS_NS_TO_S[m[K’ was not declared in this scope
[2.805s]    63 |     int64_t current_ns = [01;31m[KRCL_NS_TO_S[m[K * static_cast<int64_t>(current_timestamp.sec) +
[2.805s]       |                          [01;31m[K^~~~~~~~~~~[m[K
[2.853s] [01m[K/home/pretend/code/src/rm_armor_tracker/src/single_armor_tracker.cpp:[m[K In member function ‘[01m[Kvoid rm_armor_tracker::SingleArmorTracker::updateFilter(const Vector3d&, const Vector4d&, bool)[m[K’:
[2.853s] [01m[K/home/pretend/code/src/rm_armor_tracker/src/single_armor_tracker.cpp:168:34:[m[K [01;31m[Kerror: [m[K‘[01m[Kclass rclcpp::Time[m[K’ has no member named ‘[01m[Knanosec[m[K’; did you mean ‘[01m[Knanoseconds[m[K’?
[2.853s]   168 |     int64_t dt_ns = current_time.[01;31m[Knanosec[m[K() - last_update_time_.nanosec();
[2.853s]       |                                  [01;31m[K^~~~~~~[m[K
[2.853s]       |                                  [32m[Knanoseconds[m[K
[2.853s] [01m[K/home/pretend/code/src/rm_armor_tracker/src/single_armor_tracker.cpp:168:64:[m[K [01;31m[Kerror: [m[K‘[01m[Kclass rclcpp::Time[m[K’ has no member named ‘[01m[Knanosec[m[K’; did you mean ‘[01m[Knanoseconds[m[K’?
[2.853s]   168 |     int64_t dt_ns = current_time.nanosec() - last_update_time_.[01;31m[Knanosec[m[K();
[2.853s]       |                                                                [01;31m[K^~~~~~~[m[K
[2.853s]       |                                                                [32m[Knanoseconds[m[K
[6.246s] gmake[2]: *** [CMakeFiles/armor_tracker_component.dir/build.make:90：CMakeFiles/armor_tracker_component.dir/src/single_armor_tracker.cpp.o] 错误 1
[6.246s] gmake[1]: *** [CMakeFiles/Makefile2:139：CMakeFiles/armor_tracker_component.dir/all] 错误 2
[6.246s] gmake: *** [Makefile:146：all] 错误 2
[6.248s] Invoked command in '/home/pretend/code/build/rm_armor_tracker' returned '2': CMAKE_PREFIX_PATH=/home/pretend/code/install/rm_msgs:/home/pretend/code/install/video_trial_node:/home/pretend/code/install/rm_rune_detect:/home/pretend/code/install/rm_armor_tracker:/home/pretend/code/install/rm_armor_detect:/home/pretend/code/install/hik_camera:/opt/ros/humble LD_LIBRARY_PATH=/home/pretend/code/install/rm_msgs/lib:/opt/intel/openvino_2025.0.0/runtime/3rdparty/tbb/lib:/opt/intel/openvino_2025.0.0/runtime/lib/intel64:/opt/MVS/lib/64:/opt/MVS/lib/32:/opt/MVS/lib/64:/opt/MVS/lib/32:/home/pretend/code/install/video_trial_node/lib:/home/pretend/code/install/rm_rune_detect/lib:/home/pretend/code/install/rm_armor_tracker/lib:/home/pretend/code/install/rm_armor_detect/lib:/home/pretend/code/install/hik_camera/lib:/opt/intel/openvino_2025.0.0/runtime/3rdparty/tbb/lib:/opt/intel/openvino_2025.0.0/runtime/lib/intel64:/opt/MVS/lib/64:/opt/MVS/lib/32:/opt/ros/humble/opt/rviz_ogre_vendor/lib:/opt/ros/humble/lib/x86_64-linux-gnu:/opt/ros/humble/lib:/opt/MVS/lib/64:/opt/MVS/lib/32:/opt/intel/openvino_2025/runtime/lib/intel64:/opt/intel/openvino_2025/runtime/lib/intel64 /usr/bin/cmake --build /home/pretend/code/build/rm_armor_tracker -- -j32 -l32
