[0.046s] DEBUG:colcon:Command line arguments: ['/usr/bin/colcon', 'build']
[0.046s] DEBUG:colcon:Parsed command line arguments: Namespace(log_base=None, log_level=None, verb_name='build', build_base='build', install_base='install', merge_install=False, symlink_install=False, test_result_base=None, continue_on_error=False, executor='parallel', parallel_workers=32, event_handlers=None, ignore_user_meta=False, metas=['./colcon.meta'], base_paths=['.'], packages_ignore=None, packages_ignore_regex=None, paths=None, packages_up_to=None, packages_up_to_regex=None, packages_above=None, packages_above_and_dependencies=None, packages_above_depth=None, packages_select_by_dep=None, packages_skip_by_dep=None, packages_skip_up_to=None, packages_select_build_failed=False, packages_skip_build_finished=False, packages_select_test_failures=False, packages_skip_test_passed=False, packages_select=None, packages_skip=None, packages_select_regex=None, packages_skip_regex=None, packages_start=None, packages_end=None, allow_overriding=[], cmake_args=None, cmake_target=None, cmake_target_skip_unavailable=False, cmake_clean_cache=False, cmake_clean_first=False, cmake_force_configure=False, ament_cmake_args=None, catkin_cmake_args=None, catkin_skip_building_tests=False, verb_parser=<colcon_defaults.argument_parser.defaults.DefaultArgumentsDecorator object at 0x7f506459fe20>, verb_extension=<colcon_core.verb.build.BuildVerb object at 0x7f506459f4f0>, main=<bound method BuildVerb.main of <colcon_core.verb.build.BuildVerb object at 0x7f506459f4f0>>)
[0.122s] Level 1:colcon.colcon_core.package_discovery:discover_packages(colcon_meta) check parameters
[0.122s] Level 1:colcon.colcon_core.package_discovery:discover_packages(recursive) check parameters
[0.122s] Level 1:colcon.colcon_core.package_discovery:discover_packages(ignore) check parameters
[0.122s] Level 1:colcon.colcon_core.package_discovery:discover_packages(path) check parameters
[0.122s] Level 1:colcon.colcon_core.package_discovery:discover_packages(colcon_meta) discover
[0.122s] Level 1:colcon.colcon_core.package_discovery:discover_packages(recursive) discover
[0.122s] INFO:colcon.colcon_core.package_discovery:Crawling recursively for packages in '/home/pretend/code'
[0.122s] Level 1:colcon.colcon_core.package_identification:_identify(.) by extensions ['ignore', 'ignore_ament_install']
[0.122s] Level 1:colcon.colcon_core.package_identification:_identify(.) by extension 'ignore'
[0.122s] Level 1:colcon.colcon_core.package_identification:_identify(.) by extension 'ignore_ament_install'
[0.122s] Level 1:colcon.colcon_core.package_identification:_identify(.) by extensions ['colcon_pkg']
[0.122s] Level 1:colcon.colcon_core.package_identification:_identify(.) by extension 'colcon_pkg'
[0.122s] Level 1:colcon.colcon_core.package_identification:_identify(.) by extensions ['colcon_meta']
[0.122s] Level 1:colcon.colcon_core.package_identification:_identify(.) by extension 'colcon_meta'
[0.122s] Level 1:colcon.colcon_core.package_identification:_identify(.) by extensions ['ros']
[0.122s] Level 1:colcon.colcon_core.package_identification:_identify(.) by extension 'ros'
[0.128s] Level 1:colcon.colcon_core.package_identification:_identify(.) by extensions ['cmake', 'python']
[0.128s] Level 1:colcon.colcon_core.package_identification:_identify(.) by extension 'cmake'
[0.128s] Level 1:colcon.colcon_core.package_identification:_identify(.) by extension 'python'
[0.128s] Level 1:colcon.colcon_core.package_identification:_identify(.) by extensions ['python_setup_py']
[0.128s] Level 1:colcon.colcon_core.package_identification:_identify(.) by extension 'python_setup_py'
[0.128s] Level 1:colcon.colcon_core.package_identification:_identify(build) by extensions ['ignore', 'ignore_ament_install']
[0.128s] Level 1:colcon.colcon_core.package_identification:_identify(build) by extension 'ignore'
[0.128s] Level 1:colcon.colcon_core.package_identification:_identify(build) ignored
[0.128s] Level 1:colcon.colcon_core.package_identification:_identify(install) by extensions ['ignore', 'ignore_ament_install']
[0.128s] Level 1:colcon.colcon_core.package_identification:_identify(install) by extension 'ignore'
[0.128s] Level 1:colcon.colcon_core.package_identification:_identify(install) ignored
[0.128s] Level 1:colcon.colcon_core.package_identification:_identify(log) by extensions ['ignore', 'ignore_ament_install']
[0.128s] Level 1:colcon.colcon_core.package_identification:_identify(log) by extension 'ignore'
[0.128s] Level 1:colcon.colcon_core.package_identification:_identify(log) ignored
[0.128s] Level 1:colcon.colcon_core.package_identification:_identify(src) by extensions ['ignore', 'ignore_ament_install']
[0.128s] Level 1:colcon.colcon_core.package_identification:_identify(src) by extension 'ignore'
[0.128s] Level 1:colcon.colcon_core.package_identification:_identify(src) by extension 'ignore_ament_install'
[0.128s] Level 1:colcon.colcon_core.package_identification:_identify(src) by extensions ['colcon_pkg']
[0.128s] Level 1:colcon.colcon_core.package_identification:_identify(src) by extension 'colcon_pkg'
[0.128s] Level 1:colcon.colcon_core.package_identification:_identify(src) by extensions ['colcon_meta']
[0.128s] Level 1:colcon.colcon_core.package_identification:_identify(src) by extension 'colcon_meta'
[0.128s] Level 1:colcon.colcon_core.package_identification:_identify(src) by extensions ['ros']
[0.128s] Level 1:colcon.colcon_core.package_identification:_identify(src) by extension 'ros'
[0.128s] Level 1:colcon.colcon_core.package_identification:_identify(src) by extensions ['cmake', 'python']
[0.128s] Level 1:colcon.colcon_core.package_identification:_identify(src) by extension 'cmake'
[0.128s] Level 1:colcon.colcon_core.package_identification:_identify(src) by extension 'python'
[0.128s] Level 1:colcon.colcon_core.package_identification:_identify(src) by extensions ['python_setup_py']
[0.128s] Level 1:colcon.colcon_core.package_identification:_identify(src) by extension 'python_setup_py'
[0.129s] Level 1:colcon.colcon_core.package_identification:_identify(src/rm_rune_detect) by extensions ['ignore', 'ignore_ament_install']
[0.129s] Level 1:colcon.colcon_core.package_identification:_identify(src/rm_rune_detect) by extension 'ignore'
[0.129s] Level 1:colcon.colcon_core.package_identification:_identify(src/rm_rune_detect) by extension 'ignore_ament_install'
[0.129s] Level 1:colcon.colcon_core.package_identification:_identify(src/rm_rune_detect) by extensions ['colcon_pkg']
[0.129s] Level 1:colcon.colcon_core.package_identification:_identify(src/rm_rune_detect) by extension 'colcon_pkg'
[0.129s] Level 1:colcon.colcon_core.package_identification:_identify(src/rm_rune_detect) by extensions ['colcon_meta']
[0.129s] Level 1:colcon.colcon_core.package_identification:_identify(src/rm_rune_detect) by extension 'colcon_meta'
[0.129s] Level 1:colcon.colcon_core.package_identification:_identify(src/rm_rune_detect) by extensions ['ros']
[0.129s] Level 1:colcon.colcon_core.package_identification:_identify(src/rm_rune_detect) by extension 'ros'
[0.130s] DEBUG:colcon.colcon_core.package_identification:Package 'src/rm_rune_detect' with type 'ros.ament_cmake' and name 'rm_rune_detect'
[0.130s] Level 1:colcon.colcon_core.package_identification:_identify(src/ros2-hik-camera-main) by extensions ['ignore', 'ignore_ament_install']
[0.130s] Level 1:colcon.colcon_core.package_identification:_identify(src/ros2-hik-camera-main) by extension 'ignore'
[0.130s] Level 1:colcon.colcon_core.package_identification:_identify(src/ros2-hik-camera-main) by extension 'ignore_ament_install'
[0.130s] Level 1:colcon.colcon_core.package_identification:_identify(src/ros2-hik-camera-main) by extensions ['colcon_pkg']
[0.130s] Level 1:colcon.colcon_core.package_identification:_identify(src/ros2-hik-camera-main) by extension 'colcon_pkg'
[0.130s] Level 1:colcon.colcon_core.package_identification:_identify(src/ros2-hik-camera-main) by extensions ['colcon_meta']
[0.130s] Level 1:colcon.colcon_core.package_identification:_identify(src/ros2-hik-camera-main) by extension 'colcon_meta'
[0.130s] Level 1:colcon.colcon_core.package_identification:_identify(src/ros2-hik-camera-main) by extensions ['ros']
[0.130s] Level 1:colcon.colcon_core.package_identification:_identify(src/ros2-hik-camera-main) by extension 'ros'
[0.131s] DEBUG:colcon.colcon_core.package_identification:Package 'src/ros2-hik-camera-main' with type 'ros.ament_cmake' and name 'hik_camera'
[0.131s] Level 1:colcon.colcon_core.package_identification:_identify(src/video_trial_node) by extensions ['ignore', 'ignore_ament_install']
[0.131s] Level 1:colcon.colcon_core.package_identification:_identify(src/video_trial_node) by extension 'ignore'
[0.131s] Level 1:colcon.colcon_core.package_identification:_identify(src/video_trial_node) by extension 'ignore_ament_install'
[0.131s] Level 1:colcon.colcon_core.package_identification:_identify(src/video_trial_node) by extensions ['colcon_pkg']
[0.131s] Level 1:colcon.colcon_core.package_identification:_identify(src/video_trial_node) by extension 'colcon_pkg'
[0.131s] Level 1:colcon.colcon_core.package_identification:_identify(src/video_trial_node) by extensions ['colcon_meta']
[0.131s] Level 1:colcon.colcon_core.package_identification:_identify(src/video_trial_node) by extension 'colcon_meta'
[0.131s] Level 1:colcon.colcon_core.package_identification:_identify(src/video_trial_node) by extensions ['ros']
[0.131s] Level 1:colcon.colcon_core.package_identification:_identify(src/video_trial_node) by extension 'ros'
[0.131s] DEBUG:colcon.colcon_core.package_identification:Package 'src/video_trial_node' with type 'ros.ament_cmake' and name 'video_trial_node'
[0.131s] Level 1:colcon.colcon_core.package_discovery:discover_packages(recursive) using defaults
[0.131s] Level 1:colcon.colcon_core.package_discovery:discover_packages(ignore) discover
[0.131s] Level 1:colcon.colcon_core.package_discovery:discover_packages(ignore) using defaults
[0.131s] Level 1:colcon.colcon_core.package_discovery:discover_packages(path) discover
[0.131s] Level 1:colcon.colcon_core.package_discovery:discover_packages(path) using defaults
[0.142s] Level 1:colcon.colcon_core.package_discovery:discover_packages(prefix_path) check parameters
[0.142s] Level 1:colcon.colcon_core.package_discovery:discover_packages(prefix_path) discover
[0.143s] DEBUG:colcon.colcon_installed_package_information.package_discovery:Found 3 installed packages in /home/pretend/code/install
[0.143s] DEBUG:colcon.colcon_installed_package_information.package_discovery:Found 263 installed packages in /opt/ros/humble
[0.149s] Level 1:colcon.colcon_core.package_discovery:discover_packages(prefix_path) using defaults
[0.164s] Level 5:colcon.colcon_core.verb:set package 'hik_camera' build argument 'cmake_args' from command line to 'None'
[0.164s] Level 5:colcon.colcon_core.verb:set package 'hik_camera' build argument 'cmake_target' from command line to 'None'
[0.164s] Level 5:colcon.colcon_core.verb:set package 'hik_camera' build argument 'cmake_target_skip_unavailable' from command line to 'False'
[0.164s] Level 5:colcon.colcon_core.verb:set package 'hik_camera' build argument 'cmake_clean_cache' from command line to 'False'
[0.164s] Level 5:colcon.colcon_core.verb:set package 'hik_camera' build argument 'cmake_clean_first' from command line to 'False'
[0.164s] Level 5:colcon.colcon_core.verb:set package 'hik_camera' build argument 'cmake_force_configure' from command line to 'False'
[0.164s] Level 5:colcon.colcon_core.verb:set package 'hik_camera' build argument 'ament_cmake_args' from command line to 'None'
[0.164s] Level 5:colcon.colcon_core.verb:set package 'hik_camera' build argument 'catkin_cmake_args' from command line to 'None'
[0.164s] Level 5:colcon.colcon_core.verb:set package 'hik_camera' build argument 'catkin_skip_building_tests' from command line to 'False'
[0.164s] DEBUG:colcon.colcon_core.verb:Building package 'hik_camera' with the following arguments: {'ament_cmake_args': None, 'build_base': '/home/pretend/code/build/hik_camera', 'catkin_cmake_args': None, 'catkin_skip_building_tests': False, 'cmake_args': None, 'cmake_clean_cache': False, 'cmake_clean_first': False, 'cmake_force_configure': False, 'cmake_target': None, 'cmake_target_skip_unavailable': False, 'install_base': '/home/pretend/code/install/hik_camera', 'merge_install': False, 'path': '/home/pretend/code/src/ros2-hik-camera-main', 'symlink_install': False, 'test_result_base': None}
[0.165s] Level 5:colcon.colcon_core.verb:set package 'rm_rune_detect' build argument 'cmake_args' from command line to 'None'
[0.165s] Level 5:colcon.colcon_core.verb:set package 'rm_rune_detect' build argument 'cmake_target' from command line to 'None'
[0.165s] Level 5:colcon.colcon_core.verb:set package 'rm_rune_detect' build argument 'cmake_target_skip_unavailable' from command line to 'False'
[0.165s] Level 5:colcon.colcon_core.verb:set package 'rm_rune_detect' build argument 'cmake_clean_cache' from command line to 'False'
[0.165s] Level 5:colcon.colcon_core.verb:set package 'rm_rune_detect' build argument 'cmake_clean_first' from command line to 'False'
[0.165s] Level 5:colcon.colcon_core.verb:set package 'rm_rune_detect' build argument 'cmake_force_configure' from command line to 'False'
[0.165s] Level 5:colcon.colcon_core.verb:set package 'rm_rune_detect' build argument 'ament_cmake_args' from command line to 'None'
[0.165s] Level 5:colcon.colcon_core.verb:set package 'rm_rune_detect' build argument 'catkin_cmake_args' from command line to 'None'
[0.165s] Level 5:colcon.colcon_core.verb:set package 'rm_rune_detect' build argument 'catkin_skip_building_tests' from command line to 'False'
[0.165s] DEBUG:colcon.colcon_core.verb:Building package 'rm_rune_detect' with the following arguments: {'ament_cmake_args': None, 'build_base': '/home/pretend/code/build/rm_rune_detect', 'catkin_cmake_args': None, 'catkin_skip_building_tests': False, 'cmake_args': None, 'cmake_clean_cache': False, 'cmake_clean_first': False, 'cmake_force_configure': False, 'cmake_target': None, 'cmake_target_skip_unavailable': False, 'install_base': '/home/pretend/code/install/rm_rune_detect', 'merge_install': False, 'path': '/home/pretend/code/src/rm_rune_detect', 'symlink_install': False, 'test_result_base': None}
[0.165s] Level 5:colcon.colcon_core.verb:set package 'video_trial_node' build argument 'cmake_args' from command line to 'None'
[0.165s] Level 5:colcon.colcon_core.verb:set package 'video_trial_node' build argument 'cmake_target' from command line to 'None'
[0.165s] Level 5:colcon.colcon_core.verb:set package 'video_trial_node' build argument 'cmake_target_skip_unavailable' from command line to 'False'
[0.165s] Level 5:colcon.colcon_core.verb:set package 'video_trial_node' build argument 'cmake_clean_cache' from command line to 'False'
[0.165s] Level 5:colcon.colcon_core.verb:set package 'video_trial_node' build argument 'cmake_clean_first' from command line to 'False'
[0.165s] Level 5:colcon.colcon_core.verb:set package 'video_trial_node' build argument 'cmake_force_configure' from command line to 'False'
[0.165s] Level 5:colcon.colcon_core.verb:set package 'video_trial_node' build argument 'ament_cmake_args' from command line to 'None'
[0.165s] Level 5:colcon.colcon_core.verb:set package 'video_trial_node' build argument 'catkin_cmake_args' from command line to 'None'
[0.165s] Level 5:colcon.colcon_core.verb:set package 'video_trial_node' build argument 'catkin_skip_building_tests' from command line to 'False'
[0.165s] DEBUG:colcon.colcon_core.verb:Building package 'video_trial_node' with the following arguments: {'ament_cmake_args': None, 'build_base': '/home/pretend/code/build/video_trial_node', 'catkin_cmake_args': None, 'catkin_skip_building_tests': False, 'cmake_args': None, 'cmake_clean_cache': False, 'cmake_clean_first': False, 'cmake_force_configure': False, 'cmake_target': None, 'cmake_target_skip_unavailable': False, 'install_base': '/home/pretend/code/install/video_trial_node', 'merge_install': False, 'path': '/home/pretend/code/src/video_trial_node', 'symlink_install': False, 'test_result_base': None}
[0.165s] INFO:colcon.colcon_core.executor:Executing jobs using 'parallel' executor
[0.165s] DEBUG:colcon.colcon_parallel_executor.executor.parallel:run_until_complete
[0.166s] INFO:colcon.colcon_ros.task.ament_cmake.build:Building ROS package in '/home/pretend/code/src/ros2-hik-camera-main' with build type 'ament_cmake'
[0.166s] INFO:colcon.colcon_cmake.task.cmake.build:Building CMake package in '/home/pretend/code/src/ros2-hik-camera-main'
[0.167s] INFO:colcon.colcon_core.plugin_system:Skipping extension 'colcon_core.shell.bat': Not used on non-Windows systems
[0.167s] INFO:colcon.colcon_core.shell:Skip shell extension 'powershell' for command environment: Not usable outside of PowerShell
[0.167s] DEBUG:colcon.colcon_core.shell:Skip shell extension 'dsv' for command environment
[0.168s] INFO:colcon.colcon_ros.task.ament_cmake.build:Building ROS package in '/home/pretend/code/src/rm_rune_detect' with build type 'ament_cmake'
[0.168s] INFO:colcon.colcon_cmake.task.cmake.build:Building CMake package in '/home/pretend/code/src/rm_rune_detect'
[0.169s] INFO:colcon.colcon_core.shell:Skip shell extension 'powershell' for command environment: Not usable outside of PowerShell
[0.169s] DEBUG:colcon.colcon_core.shell:Skip shell extension 'dsv' for command environment
[0.170s] INFO:colcon.colcon_ros.task.ament_cmake.build:Building ROS package in '/home/pretend/code/src/video_trial_node' with build type 'ament_cmake'
[0.170s] INFO:colcon.colcon_cmake.task.cmake.build:Building CMake package in '/home/pretend/code/src/video_trial_node'
[0.171s] INFO:colcon.colcon_core.shell:Skip shell extension 'powershell' for command environment: Not usable outside of PowerShell
[0.171s] DEBUG:colcon.colcon_core.shell:Skip shell extension 'dsv' for command environment
[0.175s] DEBUG:colcon.colcon_core.event_handler.log_command:Invoking command in '/home/pretend/code/build/hik_camera': CMAKE_PREFIX_PATH=${CMAKE_PREFIX_PATH}:/opt/ros/humble /usr/bin/cmake --build /home/pretend/code/build/hik_camera -- -j32 -l32
[0.178s] DEBUG:colcon.colcon_core.event_handler.log_command:Invoking command in '/home/pretend/code/build/rm_rune_detect': CMAKE_PREFIX_PATH=${CMAKE_PREFIX_PATH}:/opt/ros/humble /usr/bin/cmake --build /home/pretend/code/build/rm_rune_detect -- -j32 -l32
[0.180s] DEBUG:colcon.colcon_core.event_handler.log_command:Invoking command in '/home/pretend/code/build/video_trial_node': CMAKE_PREFIX_PATH=${CMAKE_PREFIX_PATH}:/opt/ros/humble /usr/bin/cmake --build /home/pretend/code/build/video_trial_node -- -j32 -l32
[0.204s] DEBUG:colcon.colcon_core.event_handler.log_command:Invoked command in '/home/pretend/code/build/hik_camera' returned '0': CMAKE_PREFIX_PATH=${CMAKE_PREFIX_PATH}:/opt/ros/humble /usr/bin/cmake --build /home/pretend/code/build/hik_camera -- -j32 -l32
[0.208s] DEBUG:colcon.colcon_core.event_handler.log_command:Invoking command in '/home/pretend/code/build/hik_camera': CMAKE_PREFIX_PATH=${CMAKE_PREFIX_PATH}:/opt/ros/humble /usr/bin/cmake --install /home/pretend/code/build/hik_camera
[0.214s] Level 1:colcon.colcon_core.environment:create_environment_scripts_only(hik_camera)
[0.214s] DEBUG:colcon.colcon_core.event_handler.log_command:Invoked command in '/home/pretend/code/build/hik_camera' returned '0': CMAKE_PREFIX_PATH=${CMAKE_PREFIX_PATH}:/opt/ros/humble /usr/bin/cmake --install /home/pretend/code/build/hik_camera
[0.215s] Level 1:colcon.colcon_core.environment:checking '/home/pretend/code/install/hik_camera' for CMake module files
[0.215s] Level 1:colcon.colcon_core.environment:checking '/home/pretend/code/install/hik_camera' for CMake config files
[0.215s] Level 1:colcon.colcon_core.shell:create_environment_hook('hik_camera', 'cmake_prefix_path')
[0.215s] INFO:colcon.colcon_core.shell:Creating environment hook '/home/pretend/code/install/hik_camera/share/hik_camera/hook/cmake_prefix_path.ps1'
[0.216s] INFO:colcon.colcon_core.shell:Creating environment descriptor '/home/pretend/code/install/hik_camera/share/hik_camera/hook/cmake_prefix_path.dsv'
[0.216s] INFO:colcon.colcon_core.shell:Creating environment hook '/home/pretend/code/install/hik_camera/share/hik_camera/hook/cmake_prefix_path.sh'
[0.216s] Level 1:colcon.colcon_core.environment:checking '/home/pretend/code/install/hik_camera/lib'
[0.216s] Level 1:colcon.colcon_core.shell:create_environment_hook('hik_camera', 'ld_library_path_lib')
[0.216s] INFO:colcon.colcon_core.shell:Creating environment hook '/home/pretend/code/install/hik_camera/share/hik_camera/hook/ld_library_path_lib.ps1'
[0.217s] INFO:colcon.colcon_core.shell:Creating environment descriptor '/home/pretend/code/install/hik_camera/share/hik_camera/hook/ld_library_path_lib.dsv'
[0.217s] INFO:colcon.colcon_core.shell:Creating environment hook '/home/pretend/code/install/hik_camera/share/hik_camera/hook/ld_library_path_lib.sh'
[0.217s] Level 1:colcon.colcon_core.environment:checking '/home/pretend/code/install/hik_camera/bin'
[0.217s] Level 1:colcon.colcon_core.environment:checking '/home/pretend/code/install/hik_camera/lib/pkgconfig/hik_camera.pc'
[0.217s] Level 1:colcon.colcon_core.environment:checking '/home/pretend/code/install/hik_camera/lib/python3.10/site-packages'
[0.217s] Level 1:colcon.colcon_core.environment:checking '/home/pretend/code/install/hik_camera/bin'
[0.217s] INFO:colcon.colcon_core.shell:Creating package script '/home/pretend/code/install/hik_camera/share/hik_camera/package.ps1'
[0.218s] INFO:colcon.colcon_core.shell:Creating package descriptor '/home/pretend/code/install/hik_camera/share/hik_camera/package.dsv'
[0.218s] INFO:colcon.colcon_core.shell:Creating package script '/home/pretend/code/install/hik_camera/share/hik_camera/package.sh'
[0.218s] INFO:colcon.colcon_core.shell:Creating package script '/home/pretend/code/install/hik_camera/share/hik_camera/package.bash'
[0.218s] INFO:colcon.colcon_core.shell:Creating package script '/home/pretend/code/install/hik_camera/share/hik_camera/package.zsh'
[0.219s] Level 1:colcon.colcon_core.environment:create_file_with_runtime_dependencies(/home/pretend/code/install/hik_camera/share/colcon-core/packages/hik_camera)
[0.219s] Level 1:colcon.colcon_core.environment:create_environment_scripts_only(hik_camera)
[0.219s] Level 1:colcon.colcon_core.environment:checking '/home/pretend/code/install/hik_camera' for CMake module files
[0.219s] Level 1:colcon.colcon_core.environment:checking '/home/pretend/code/install/hik_camera' for CMake config files
[0.219s] Level 1:colcon.colcon_core.shell:create_environment_hook('hik_camera', 'cmake_prefix_path')
[0.219s] INFO:colcon.colcon_core.shell:Creating environment hook '/home/pretend/code/install/hik_camera/share/hik_camera/hook/cmake_prefix_path.ps1'
[0.220s] INFO:colcon.colcon_core.shell:Creating environment descriptor '/home/pretend/code/install/hik_camera/share/hik_camera/hook/cmake_prefix_path.dsv'
[0.220s] INFO:colcon.colcon_core.shell:Creating environment hook '/home/pretend/code/install/hik_camera/share/hik_camera/hook/cmake_prefix_path.sh'
[0.220s] Level 1:colcon.colcon_core.environment:checking '/home/pretend/code/install/hik_camera/lib'
[0.220s] Level 1:colcon.colcon_core.shell:create_environment_hook('hik_camera', 'ld_library_path_lib')
[0.220s] INFO:colcon.colcon_core.shell:Creating environment hook '/home/pretend/code/install/hik_camera/share/hik_camera/hook/ld_library_path_lib.ps1'
[0.220s] INFO:colcon.colcon_core.shell:Creating environment descriptor '/home/pretend/code/install/hik_camera/share/hik_camera/hook/ld_library_path_lib.dsv'
[0.220s] INFO:colcon.colcon_core.shell:Creating environment hook '/home/pretend/code/install/hik_camera/share/hik_camera/hook/ld_library_path_lib.sh'
[0.220s] Level 1:colcon.colcon_core.environment:checking '/home/pretend/code/install/hik_camera/bin'
[0.220s] Level 1:colcon.colcon_core.environment:checking '/home/pretend/code/install/hik_camera/lib/pkgconfig/hik_camera.pc'
[0.221s] Level 1:colcon.colcon_core.environment:checking '/home/pretend/code/install/hik_camera/lib/python3.10/site-packages'
[0.221s] Level 1:colcon.colcon_core.environment:checking '/home/pretend/code/install/hik_camera/bin'
[0.221s] INFO:colcon.colcon_core.shell:Creating package script '/home/pretend/code/install/hik_camera/share/hik_camera/package.ps1'
[0.221s] INFO:colcon.colcon_core.shell:Creating package descriptor '/home/pretend/code/install/hik_camera/share/hik_camera/package.dsv'
[0.221s] INFO:colcon.colcon_core.shell:Creating package script '/home/pretend/code/install/hik_camera/share/hik_camera/package.sh'
[0.221s] INFO:colcon.colcon_core.shell:Creating package script '/home/pretend/code/install/hik_camera/share/hik_camera/package.bash'
[0.222s] INFO:colcon.colcon_core.shell:Creating package script '/home/pretend/code/install/hik_camera/share/hik_camera/package.zsh'
[0.222s] Level 1:colcon.colcon_core.environment:create_file_with_runtime_dependencies(/home/pretend/code/install/hik_camera/share/colcon-core/packages/hik_camera)
[0.222s] DEBUG:colcon.colcon_core.event_handler.log_command:Invoked command in '/home/pretend/code/build/video_trial_node' returned '0': CMAKE_PREFIX_PATH=${CMAKE_PREFIX_PATH}:/opt/ros/humble /usr/bin/cmake --build /home/pretend/code/build/video_trial_node -- -j32 -l32
[0.223s] DEBUG:colcon.colcon_core.event_handler.log_command:Invoking command in '/home/pretend/code/build/video_trial_node': CMAKE_PREFIX_PATH=${CMAKE_PREFIX_PATH}:/opt/ros/humble /usr/bin/cmake --install /home/pretend/code/build/video_trial_node
[0.230s] Level 1:colcon.colcon_core.environment:create_environment_scripts_only(video_trial_node)
[0.230s] Level 1:colcon.colcon_core.environment:checking '/home/pretend/code/install/video_trial_node' for CMake module files
[0.230s] DEBUG:colcon.colcon_core.event_handler.log_command:Invoked command in '/home/pretend/code/build/video_trial_node' returned '0': CMAKE_PREFIX_PATH=${CMAKE_PREFIX_PATH}:/opt/ros/humble /usr/bin/cmake --install /home/pretend/code/build/video_trial_node
[0.231s] Level 1:colcon.colcon_core.environment:checking '/home/pretend/code/install/video_trial_node' for CMake config files
[0.231s] Level 1:colcon.colcon_core.shell:create_environment_hook('video_trial_node', 'cmake_prefix_path')
[0.231s] INFO:colcon.colcon_core.shell:Creating environment hook '/home/pretend/code/install/video_trial_node/share/video_trial_node/hook/cmake_prefix_path.ps1'
[0.232s] INFO:colcon.colcon_core.shell:Creating environment descriptor '/home/pretend/code/install/video_trial_node/share/video_trial_node/hook/cmake_prefix_path.dsv'
[0.232s] INFO:colcon.colcon_core.shell:Creating environment hook '/home/pretend/code/install/video_trial_node/share/video_trial_node/hook/cmake_prefix_path.sh'
[0.232s] Level 1:colcon.colcon_core.environment:checking '/home/pretend/code/install/video_trial_node/lib'
[0.232s] Level 1:colcon.colcon_core.shell:create_environment_hook('video_trial_node', 'ld_library_path_lib')
[0.232s] INFO:colcon.colcon_core.shell:Creating environment hook '/home/pretend/code/install/video_trial_node/share/video_trial_node/hook/ld_library_path_lib.ps1'
[0.233s] INFO:colcon.colcon_core.shell:Creating environment descriptor '/home/pretend/code/install/video_trial_node/share/video_trial_node/hook/ld_library_path_lib.dsv'
[0.233s] INFO:colcon.colcon_core.shell:Creating environment hook '/home/pretend/code/install/video_trial_node/share/video_trial_node/hook/ld_library_path_lib.sh'
[0.233s] Level 1:colcon.colcon_core.environment:checking '/home/pretend/code/install/video_trial_node/bin'
[0.234s] Level 1:colcon.colcon_core.environment:checking '/home/pretend/code/install/video_trial_node/lib/pkgconfig/video_trial_node.pc'
[0.234s] Level 1:colcon.colcon_core.environment:checking '/home/pretend/code/install/video_trial_node/lib/python3.10/site-packages'
[0.234s] Level 1:colcon.colcon_core.environment:checking '/home/pretend/code/install/video_trial_node/bin'
[0.234s] INFO:colcon.colcon_core.shell:Creating package script '/home/pretend/code/install/video_trial_node/share/video_trial_node/package.ps1'
[0.235s] INFO:colcon.colcon_core.shell:Creating package descriptor '/home/pretend/code/install/video_trial_node/share/video_trial_node/package.dsv'
[0.235s] INFO:colcon.colcon_core.shell:Creating package script '/home/pretend/code/install/video_trial_node/share/video_trial_node/package.sh'
[0.235s] INFO:colcon.colcon_core.shell:Creating package script '/home/pretend/code/install/video_trial_node/share/video_trial_node/package.bash'
[0.235s] INFO:colcon.colcon_core.shell:Creating package script '/home/pretend/code/install/video_trial_node/share/video_trial_node/package.zsh'
[0.236s] Level 1:colcon.colcon_core.environment:create_file_with_runtime_dependencies(/home/pretend/code/install/video_trial_node/share/colcon-core/packages/video_trial_node)
[0.236s] Level 1:colcon.colcon_core.environment:create_environment_scripts_only(video_trial_node)
[0.236s] Level 1:colcon.colcon_core.environment:checking '/home/pretend/code/install/video_trial_node' for CMake module files
[0.236s] Level 1:colcon.colcon_core.environment:checking '/home/pretend/code/install/video_trial_node' for CMake config files
[0.236s] Level 1:colcon.colcon_core.shell:create_environment_hook('video_trial_node', 'cmake_prefix_path')
[0.237s] INFO:colcon.colcon_core.shell:Creating environment hook '/home/pretend/code/install/video_trial_node/share/video_trial_node/hook/cmake_prefix_path.ps1'
[0.237s] INFO:colcon.colcon_core.shell:Creating environment descriptor '/home/pretend/code/install/video_trial_node/share/video_trial_node/hook/cmake_prefix_path.dsv'
[0.237s] INFO:colcon.colcon_core.shell:Creating environment hook '/home/pretend/code/install/video_trial_node/share/video_trial_node/hook/cmake_prefix_path.sh'
[0.237s] Level 1:colcon.colcon_core.environment:checking '/home/pretend/code/install/video_trial_node/lib'
[0.237s] Level 1:colcon.colcon_core.shell:create_environment_hook('video_trial_node', 'ld_library_path_lib')
[0.237s] INFO:colcon.colcon_core.shell:Creating environment hook '/home/pretend/code/install/video_trial_node/share/video_trial_node/hook/ld_library_path_lib.ps1'
[0.238s] INFO:colcon.colcon_core.shell:Creating environment descriptor '/home/pretend/code/install/video_trial_node/share/video_trial_node/hook/ld_library_path_lib.dsv'
[0.238s] INFO:colcon.colcon_core.shell:Creating environment hook '/home/pretend/code/install/video_trial_node/share/video_trial_node/hook/ld_library_path_lib.sh'
[0.238s] Level 1:colcon.colcon_core.environment:checking '/home/pretend/code/install/video_trial_node/bin'
[0.238s] Level 1:colcon.colcon_core.environment:checking '/home/pretend/code/install/video_trial_node/lib/pkgconfig/video_trial_node.pc'
[0.238s] Level 1:colcon.colcon_core.environment:checking '/home/pretend/code/install/video_trial_node/lib/python3.10/site-packages'
[0.238s] Level 1:colcon.colcon_core.environment:checking '/home/pretend/code/install/video_trial_node/bin'
[0.238s] INFO:colcon.colcon_core.shell:Creating package script '/home/pretend/code/install/video_trial_node/share/video_trial_node/package.ps1'
[0.239s] INFO:colcon.colcon_core.shell:Creating package descriptor '/home/pretend/code/install/video_trial_node/share/video_trial_node/package.dsv'
[0.239s] INFO:colcon.colcon_core.shell:Creating package script '/home/pretend/code/install/video_trial_node/share/video_trial_node/package.sh'
[0.239s] INFO:colcon.colcon_core.shell:Creating package script '/home/pretend/code/install/video_trial_node/share/video_trial_node/package.bash'
[0.239s] INFO:colcon.colcon_core.shell:Creating package script '/home/pretend/code/install/video_trial_node/share/video_trial_node/package.zsh'
[0.240s] Level 1:colcon.colcon_core.environment:create_file_with_runtime_dependencies(/home/pretend/code/install/video_trial_node/share/colcon-core/packages/video_trial_node)
[2.525s] DEBUG:colcon.colcon_core.event_handler.log_command:Invoked command in '/home/pretend/code/build/rm_rune_detect' returned '2': CMAKE_PREFIX_PATH=${CMAKE_PREFIX_PATH}:/opt/ros/humble /usr/bin/cmake --build /home/pretend/code/build/rm_rune_detect -- -j32 -l32
[2.526s] Level 1:colcon.colcon_core.environment:create_environment_scripts_only(rm_rune_detect)
[2.526s] Level 1:colcon.colcon_core.environment:checking '/home/pretend/code/install/rm_rune_detect' for CMake module files
[2.526s] Level 1:colcon.colcon_core.environment:checking '/home/pretend/code/install/rm_rune_detect' for CMake config files
[2.526s] Level 1:colcon.colcon_core.shell:create_environment_hook('rm_rune_detect', 'cmake_prefix_path')
[2.526s] INFO:colcon.colcon_core.shell:Creating environment hook '/home/pretend/code/install/rm_rune_detect/share/rm_rune_detect/hook/cmake_prefix_path.ps1'
[2.527s] INFO:colcon.colcon_core.shell:Creating environment descriptor '/home/pretend/code/install/rm_rune_detect/share/rm_rune_detect/hook/cmake_prefix_path.dsv'
[2.527s] INFO:colcon.colcon_core.shell:Creating environment hook '/home/pretend/code/install/rm_rune_detect/share/rm_rune_detect/hook/cmake_prefix_path.sh'
[2.527s] Level 1:colcon.colcon_core.environment:checking '/home/pretend/code/install/rm_rune_detect/lib'
[2.527s] Level 1:colcon.colcon_core.shell:create_environment_hook('rm_rune_detect', 'ld_library_path_lib')
[2.527s] INFO:colcon.colcon_core.shell:Creating environment hook '/home/pretend/code/install/rm_rune_detect/share/rm_rune_detect/hook/ld_library_path_lib.ps1'
[2.527s] INFO:colcon.colcon_core.shell:Creating environment descriptor '/home/pretend/code/install/rm_rune_detect/share/rm_rune_detect/hook/ld_library_path_lib.dsv'
[2.527s] INFO:colcon.colcon_core.shell:Creating environment hook '/home/pretend/code/install/rm_rune_detect/share/rm_rune_detect/hook/ld_library_path_lib.sh'
[2.528s] Level 1:colcon.colcon_core.environment:checking '/home/pretend/code/install/rm_rune_detect/bin'
[2.528s] Level 1:colcon.colcon_core.environment:checking '/home/pretend/code/install/rm_rune_detect/lib/pkgconfig/rm_rune_detect.pc'
[2.528s] Level 1:colcon.colcon_core.environment:checking '/home/pretend/code/install/rm_rune_detect/lib/python3.10/site-packages'
[2.528s] Level 1:colcon.colcon_core.environment:checking '/home/pretend/code/install/rm_rune_detect/bin'
[2.528s] INFO:colcon.colcon_core.shell:Creating package script '/home/pretend/code/install/rm_rune_detect/share/rm_rune_detect/package.ps1'
[2.528s] INFO:colcon.colcon_core.shell:Creating package descriptor '/home/pretend/code/install/rm_rune_detect/share/rm_rune_detect/package.dsv'
[2.528s] INFO:colcon.colcon_core.shell:Creating package script '/home/pretend/code/install/rm_rune_detect/share/rm_rune_detect/package.sh'
[2.529s] INFO:colcon.colcon_core.shell:Creating package script '/home/pretend/code/install/rm_rune_detect/share/rm_rune_detect/package.bash'
[2.529s] INFO:colcon.colcon_core.shell:Creating package script '/home/pretend/code/install/rm_rune_detect/share/rm_rune_detect/package.zsh'
[2.529s] Level 1:colcon.colcon_core.environment:create_file_with_runtime_dependencies(/home/pretend/code/install/rm_rune_detect/share/colcon-core/packages/rm_rune_detect)
[2.539s] DEBUG:colcon.colcon_parallel_executor.executor.parallel:closing loop
[2.539s] DEBUG:colcon.colcon_parallel_executor.executor.parallel:loop closed
[2.539s] DEBUG:colcon.colcon_parallel_executor.executor.parallel:run_until_complete finished with '2'
[2.540s] DEBUG:colcon.colcon_core.event_reactor:joining thread
[2.543s] INFO:colcon.colcon_core.plugin_system:Skipping extension 'colcon_notification.desktop_notification.terminal_notifier': Not used on non-Darwin systems
[2.543s] INFO:colcon.colcon_core.plugin_system:Skipping extension 'colcon_notification.desktop_notification.win32': Not used on non-Windows systems
[2.543s] INFO:colcon.colcon_notification.desktop_notification:Sending desktop notification using 'notify2'
[2.549s] DEBUG:colcon.colcon_core.event_reactor:joined thread
[2.549s] INFO:colcon.colcon_core.shell:Creating prefix script '/home/pretend/code/install/local_setup.ps1'
[2.550s] INFO:colcon.colcon_core.shell:Creating prefix util module '/home/pretend/code/install/_local_setup_util_ps1.py'
[2.550s] INFO:colcon.colcon_core.shell:Creating prefix chain script '/home/pretend/code/install/setup.ps1'
[2.551s] INFO:colcon.colcon_core.shell:Creating prefix script '/home/pretend/code/install/local_setup.sh'
[2.551s] INFO:colcon.colcon_core.shell:Creating prefix util module '/home/pretend/code/install/_local_setup_util_sh.py'
[2.551s] INFO:colcon.colcon_core.shell:Creating prefix chain script '/home/pretend/code/install/setup.sh'
[2.552s] INFO:colcon.colcon_core.shell:Creating prefix script '/home/pretend/code/install/local_setup.bash'
[2.552s] INFO:colcon.colcon_core.shell:Creating prefix chain script '/home/pretend/code/install/setup.bash'
[2.552s] INFO:colcon.colcon_core.shell:Creating prefix script '/home/pretend/code/install/local_setup.zsh'
[2.552s] INFO:colcon.colcon_core.shell:Creating prefix chain script '/home/pretend/code/install/setup.zsh'
