[0.017s] Invoking command in '/home/pretend/code/build/rm_msgs': CMAKE_PREFIX_PATH=${CMAKE_PREFIX_PATH}:/opt/ros/humble /usr/bin/cmake /home/pretend/code/src/rm_msgs -DCMAKE_INSTALL_PREFIX=/home/pretend/code/install/rm_msgs
[0.324s] -- The C compiler identification is GNU 11.4.0
[1.827s] -- The CXX compiler identification is GNU 11.4.0
[3.261s] -- Detecting C compiler ABI info
[3.562s] -- Detecting C compiler ABI info - done
[3.566s] -- Check for working C compiler: /usr/bin/cc - skipped
[3.567s] -- Detecting C compile features
[3.567s] -- Detecting C compile features - done
[3.568s] -- Detecting CXX compiler ABI info
[3.917s] -- Detecting CXX compiler ABI info - done
[3.922s] -- Check for working CXX compiler: /usr/bin/c++ - skipped
[3.922s] -- Detecting CXX compile features
[3.922s] -- Detecting CXX compile features - done
[3.923s] -- Found ament_cmake: 1.3.11 (/opt/ros/humble/share/ament_cmake/cmake)
[4.021s] -- Found Python3: /usr/bin/python3 (found version "3.10.12") found components: Interpreter 
[4.078s] -- Found builtin_interfaces: 1.2.1 (/opt/ros/humble/share/builtin_interfaces/cmake)
[4.457s] -- Found rosidl_generator_c: 3.1.6 (/opt/ros/humble/share/rosidl_generator_c/cmake)
[4.459s] -- Found rosidl_adapter: 3.1.6 (/opt/ros/humble/share/rosidl_adapter/cmake)
[4.464s] -- Found rosidl_generator_cpp: 3.1.6 (/opt/ros/humble/share/rosidl_generator_cpp/cmake)
[4.472s] -- Using all available rosidl_typesupport_c: rosidl_typesupport_fastrtps_c;rosidl_typesupport_introspection_c
[4.482s] -- Using all available rosidl_typesupport_cpp: rosidl_typesupport_fastrtps_cpp;rosidl_typesupport_introspection_cpp
[4.490s] -- Found std_msgs: 4.8.0 (/opt/ros/humble/share/std_msgs/cmake)
[4.498s] -- Found geometry_msgs: 4.8.0 (/opt/ros/humble/share/geometry_msgs/cmake)
[4.506s] -- Found rosidl_default_generators: 1.2.0 (/opt/ros/humble/share/rosidl_default_generators/cmake)
[4.707s] -- Found ament_cmake_ros: 0.10.0 (/opt/ros/humble/share/ament_cmake_ros/cmake)
[4.969s] -- Using all available rosidl_typesupport_c: rosidl_typesupport_fastrtps_c;rosidl_typesupport_introspection_c
[5.087s] -- Using all available rosidl_typesupport_cpp: rosidl_typesupport_fastrtps_cpp;rosidl_typesupport_introspection_cpp
[5.579s] -- Found PythonInterp: /usr/bin/python3 (found suitable version "3.10.12", minimum required is "3.6") 
[5.581s] -- Found python_cmake_module: 0.10.0 (/opt/ros/humble/share/python_cmake_module/cmake)
[6.973s] -- Found PythonLibs: /usr/lib/x86_64-linux-gnu/libpython3.10.so (found suitable version "3.10.12", minimum required is "3.5") 
[6.973s] -- Using PYTHON_EXECUTABLE: /usr/bin/python3
[6.973s] -- Using PYTHON_INCLUDE_DIRS: /usr/include/python3.10
[6.973s] -- Using PYTHON_LIBRARIES: /usr/lib/x86_64-linux-gnu/libpython3.10.so
[6.986s] -- Found PythonExtra: .so  
[7.183s] -- Found ament_lint_auto: 0.12.12 (/opt/ros/humble/share/ament_lint_auto/cmake)
[7.201s] -- Added test 'lint_cmake' to check CMake code style
[7.202s] -- Added test 'xmllint' to check XML markup files
[7.203s] -- Configuring done
[7.229s] -- Generating done
[7.237s] -- Build files have been written to: /home/pretend/code/build/rm_msgs
[7.245s] Invoked command in '/home/pretend/code/build/rm_msgs' returned '0': CMAKE_PREFIX_PATH=${CMAKE_PREFIX_PATH}:/opt/ros/humble /usr/bin/cmake /home/pretend/code/src/rm_msgs -DCMAKE_INSTALL_PREFIX=/home/pretend/code/install/rm_msgs
[7.246s] Invoking command in '/home/pretend/code/build/rm_msgs': CMAKE_PREFIX_PATH=${CMAKE_PREFIX_PATH}:/opt/ros/humble /usr/bin/cmake --build /home/pretend/code/build/rm_msgs -- -j32 -l32
[7.272s] [  3%] [34m[1mGenerating C code for ROS interfaces[0m
[7.278s] [  6%] [34m[1mGenerating C++ code for ROS interfaces[0m
[7.284s] [  6%] Built target ament_cmake_python_copy_rm_msgs
[7.488s] [  6%] Built target rm_msgs__cpp
[7.496s] [  9%] [34m[1mGenerating C++ introspection for ROS interfaces[0m
[7.496s] [ 16%] [34m[1mGenerating C++ type support for eProsima Fast-RTPS[0m
[7.496s] [ 16%] [32mBuilding C object CMakeFiles/rm_msgs__rosidl_generator_c.dir/rosidl_generator_c/rm_msgs/msg/detail/armor__functions.c.o[0m
[7.496s] [ 19%] [34m[1mGenerating C++ type support dispatch for ROS interfaces[0m
[7.598s] [ 22%] [32m[1mLinking C shared library librm_msgs__rosidl_generator_c.so[0m
[7.691s] [ 25%] [32mBuilding CXX object CMakeFiles/rm_msgs__rosidl_typesupport_cpp.dir/rosidl_typesupport_cpp/rm_msgs/msg/armor__type_support.cpp.o[0m
[7.704s] [ 29%] [32mBuilding CXX object CMakeFiles/rm_msgs__rosidl_typesupport_introspection_cpp.dir/rosidl_typesupport_introspection_cpp/rm_msgs/msg/detail/armor__type_support.cpp.o[0m
[7.721s] [ 32%] [32mBuilding CXX object CMakeFiles/rm_msgs__rosidl_typesupport_fastrtps_cpp.dir/rosidl_typesupport_fastrtps_cpp/rm_msgs/msg/detail/dds_fastrtps/armor__type_support.cpp.o[0m
[7.798s] running egg_info
[7.799s] creating rm_msgs.egg-info
[7.799s] writing rm_msgs.egg-info/PKG-INFO
[7.800s] writing dependency_links to rm_msgs.egg-info/dependency_links.txt
[7.800s] writing top-level names to rm_msgs.egg-info/top_level.txt
[7.800s] writing manifest file 'rm_msgs.egg-info/SOURCES.txt'
[7.802s] reading manifest file 'rm_msgs.egg-info/SOURCES.txt'
[7.803s] writing manifest file 'rm_msgs.egg-info/SOURCES.txt'
[7.836s] [ 32%] Built target ament_cmake_python_build_rm_msgs_egg
[7.963s] [ 35%] [32m[1mLinking CXX shared library librm_msgs__rosidl_typesupport_cpp.so[0m
[8.002s] [ 35%] Built target rm_msgs__rosidl_generator_c
[8.014s] [ 38%] [34m[1mGenerating C introspection for ROS interfaces[0m
[8.014s] [ 41%] [34m[1mGenerating C type support dispatch for ROS interfaces[0m
[8.015s] [ 45%] [34m[1mGenerating C type support for eProsima Fast-RTPS[0m
[8.063s] [ 48%] [32m[1mLinking CXX shared library librm_msgs__rosidl_typesupport_introspection_cpp.so[0m
[8.108s] [ 51%] [32m[1mLinking CXX shared library librm_msgs__rosidl_typesupport_fastrtps_cpp.so[0m
[8.248s] [ 54%] [32mBuilding C object CMakeFiles/rm_msgs__rosidl_typesupport_introspection_c.dir/rosidl_typesupport_introspection_c/rm_msgs/msg/detail/armor__type_support.c.o[0m
[8.255s] [ 58%] [32mBuilding CXX object CMakeFiles/rm_msgs__rosidl_typesupport_c.dir/rosidl_typesupport_c/rm_msgs/msg/armor__type_support.cpp.o[0m
[8.260s] [ 61%] [32mBuilding CXX object CMakeFiles/rm_msgs__rosidl_typesupport_fastrtps_c.dir/rosidl_typesupport_fastrtps_c/rm_msgs/msg/detail/armor__type_support_c.cpp.o[0m
[8.278s] [ 64%] [32m[1mLinking CXX shared library librm_msgs__rosidl_typesupport_c.so[0m
[8.284s] [ 67%] [32m[1mLinking C shared library librm_msgs__rosidl_typesupport_introspection_c.so[0m
[8.324s] [ 67%] Built target rm_msgs__rosidl_typesupport_cpp
[8.421s] [ 67%] Built target rm_msgs__rosidl_typesupport_introspection_cpp
[8.442s] [ 67%] Built target rm_msgs__rosidl_typesupport_fastrtps_cpp
[8.513s] [ 70%] [32m[1mLinking CXX shared library librm_msgs__rosidl_typesupport_fastrtps_c.so[0m
[8.541s] [ 70%] Built target rm_msgs__rosidl_typesupport_introspection_c
[8.546s] [ 70%] Built target rm_msgs__rosidl_typesupport_c
[8.839s] [ 70%] Built target rm_msgs__rosidl_typesupport_fastrtps_c
[8.852s] [ 70%] Built target rm_msgs
[8.865s] [ 74%] [34m[1mGenerating Python code for ROS interfaces[0m
[9.077s] [ 74%] Built target rm_msgs__py
[9.092s] [ 77%] [32mBuilding C object CMakeFiles/rm_msgs__rosidl_generator_py.dir/rosidl_generator_py/rm_msgs/msg/_armor_s.c.o[0m
[9.188s] [ 80%] [32m[1mLinking C shared library rosidl_generator_py/rm_msgs/librm_msgs__rosidl_generator_py.so[0m
[9.487s] [ 80%] Built target rm_msgs__rosidl_generator_py
[9.501s] [ 83%] [32mBuilding C object CMakeFiles/rm_msgs__rosidl_typesupport_fastrtps_c__pyext.dir/rosidl_generator_py/rm_msgs/_rm_msgs_s.ep.rosidl_typesupport_fastrtps_c.c.o[0m
[9.502s] [ 87%] [32mBuilding C object CMakeFiles/rm_msgs__rosidl_typesupport_introspection_c__pyext.dir/rosidl_generator_py/rm_msgs/_rm_msgs_s.ep.rosidl_typesupport_introspection_c.c.o[0m
[9.503s] [ 90%] [32mBuilding C object CMakeFiles/rm_msgs__rosidl_typesupport_c__pyext.dir/rosidl_generator_py/rm_msgs/_rm_msgs_s.ep.rosidl_typesupport_c.c.o[0m
[9.568s] [ 93%] [32m[1mLinking C shared library rosidl_generator_py/rm_msgs/rm_msgs_s__rosidl_typesupport_introspection_c.cpython-310-x86_64-linux-gnu.so[0m
[9.570s] [ 96%] [32m[1mLinking C shared library rosidl_generator_py/rm_msgs/rm_msgs_s__rosidl_typesupport_fastrtps_c.cpython-310-x86_64-linux-gnu.so[0m
[9.575s] [100%] [32m[1mLinking C shared library rosidl_generator_py/rm_msgs/rm_msgs_s__rosidl_typesupport_c.cpython-310-x86_64-linux-gnu.so[0m
[9.779s] [100%] Built target rm_msgs__rosidl_typesupport_introspection_c__pyext
[9.780s] [100%] Built target rm_msgs__rosidl_typesupport_fastrtps_c__pyext
[9.855s] [100%] Built target rm_msgs__rosidl_typesupport_c__pyext
[9.862s] Invoked command in '/home/pretend/code/build/rm_msgs' returned '0': CMAKE_PREFIX_PATH=${CMAKE_PREFIX_PATH}:/opt/ros/humble /usr/bin/cmake --build /home/pretend/code/build/rm_msgs -- -j32 -l32
[9.863s] Invoking command in '/home/pretend/code/build/rm_msgs': CMAKE_PREFIX_PATH=${CMAKE_PREFIX_PATH}:/opt/ros/humble /usr/bin/cmake --install /home/pretend/code/build/rm_msgs
[9.868s] -- Install configuration: ""
[9.869s] -- Installing: /home/pretend/code/install/rm_msgs/share/ament_index/resource_index/rosidl_interfaces/rm_msgs
[9.869s] -- Installing: /home/pretend/code/install/rm_msgs/include/rm_msgs/rm_msgs
[9.869s] -- Installing: /home/pretend/code/install/rm_msgs/include/rm_msgs/rm_msgs/msg
[9.869s] -- Installing: /home/pretend/code/install/rm_msgs/include/rm_msgs/rm_msgs/msg/rosidl_generator_c__visibility_control.h
[9.869s] -- Installing: /home/pretend/code/install/rm_msgs/include/rm_msgs/rm_msgs/msg/armor.h
[9.870s] -- Installing: /home/pretend/code/install/rm_msgs/include/rm_msgs/rm_msgs/msg/detail
[9.870s] -- Installing: /home/pretend/code/install/rm_msgs/include/rm_msgs/rm_msgs/msg/detail/armor__functions.c
[9.870s] -- Installing: /home/pretend/code/install/rm_msgs/include/rm_msgs/rm_msgs/msg/detail/armor__functions.h
[9.870s] -- Installing: /home/pretend/code/install/rm_msgs/include/rm_msgs/rm_msgs/msg/detail/armor__type_support.h
[9.870s] -- Installing: /home/pretend/code/install/rm_msgs/include/rm_msgs/rm_msgs/msg/detail/armor__struct.h
[9.870s] -- Installing: /home/pretend/code/install/rm_msgs/share/rm_msgs/environment/library_path.sh
[9.870s] -- Installing: /home/pretend/code/install/rm_msgs/share/rm_msgs/environment/library_path.dsv
[9.870s] -- Installing: /home/pretend/code/install/rm_msgs/lib/librm_msgs__rosidl_generator_c.so
[9.870s] -- Set runtime path of "/home/pretend/code/install/rm_msgs/lib/librm_msgs__rosidl_generator_c.so" to ""
[9.870s] -- Up-to-date: /home/pretend/code/install/rm_msgs/include/rm_msgs/rm_msgs
[9.871s] -- Up-to-date: /home/pretend/code/install/rm_msgs/include/rm_msgs/rm_msgs/msg
[9.871s] -- Installing: /home/pretend/code/install/rm_msgs/include/rm_msgs/rm_msgs/msg/rosidl_typesupport_fastrtps_c__visibility_control.h
[9.871s] -- Up-to-date: /home/pretend/code/install/rm_msgs/include/rm_msgs/rm_msgs/msg/detail
[9.871s] -- Installing: /home/pretend/code/install/rm_msgs/include/rm_msgs/rm_msgs/msg/detail/armor__rosidl_typesupport_fastrtps_c.h
[9.871s] -- Installing: /home/pretend/code/install/rm_msgs/lib/librm_msgs__rosidl_typesupport_fastrtps_c.so
[9.871s] -- Set runtime path of "/home/pretend/code/install/rm_msgs/lib/librm_msgs__rosidl_typesupport_fastrtps_c.so" to ""
[9.871s] -- Up-to-date: /home/pretend/code/install/rm_msgs/include/rm_msgs/rm_msgs
[9.871s] -- Up-to-date: /home/pretend/code/install/rm_msgs/include/rm_msgs/rm_msgs/msg
[9.871s] -- Installing: /home/pretend/code/install/rm_msgs/include/rm_msgs/rm_msgs/msg/rosidl_generator_cpp__visibility_control.hpp
[9.871s] -- Installing: /home/pretend/code/install/rm_msgs/include/rm_msgs/rm_msgs/msg/armor.hpp
[9.871s] -- Up-to-date: /home/pretend/code/install/rm_msgs/include/rm_msgs/rm_msgs/msg/detail
[9.871s] -- Installing: /home/pretend/code/install/rm_msgs/include/rm_msgs/rm_msgs/msg/detail/armor__traits.hpp
[9.871s] -- Installing: /home/pretend/code/install/rm_msgs/include/rm_msgs/rm_msgs/msg/detail/armor__type_support.hpp
[9.871s] -- Installing: /home/pretend/code/install/rm_msgs/include/rm_msgs/rm_msgs/msg/detail/armor__builder.hpp
[9.872s] -- Installing: /home/pretend/code/install/rm_msgs/include/rm_msgs/rm_msgs/msg/detail/armor__struct.hpp
[9.872s] -- Up-to-date: /home/pretend/code/install/rm_msgs/include/rm_msgs/rm_msgs
[9.872s] -- Up-to-date: /home/pretend/code/install/rm_msgs/include/rm_msgs/rm_msgs/msg
[9.872s] -- Installing: /home/pretend/code/install/rm_msgs/include/rm_msgs/rm_msgs/msg/rosidl_typesupport_fastrtps_cpp__visibility_control.h
[9.872s] -- Up-to-date: /home/pretend/code/install/rm_msgs/include/rm_msgs/rm_msgs/msg/detail
[9.872s] -- Installing: /home/pretend/code/install/rm_msgs/include/rm_msgs/rm_msgs/msg/detail/dds_fastrtps
[9.873s] -- Installing: /home/pretend/code/install/rm_msgs/include/rm_msgs/rm_msgs/msg/detail/armor__rosidl_typesupport_fastrtps_cpp.hpp
[9.873s] -- Installing: /home/pretend/code/install/rm_msgs/lib/librm_msgs__rosidl_typesupport_fastrtps_cpp.so
[9.873s] -- Set runtime path of "/home/pretend/code/install/rm_msgs/lib/librm_msgs__rosidl_typesupport_fastrtps_cpp.so" to ""
[9.873s] -- Up-to-date: /home/pretend/code/install/rm_msgs/include/rm_msgs/rm_msgs
[9.873s] -- Up-to-date: /home/pretend/code/install/rm_msgs/include/rm_msgs/rm_msgs/msg
[9.873s] -- Installing: /home/pretend/code/install/rm_msgs/include/rm_msgs/rm_msgs/msg/rosidl_typesupport_introspection_c__visibility_control.h
[9.873s] -- Up-to-date: /home/pretend/code/install/rm_msgs/include/rm_msgs/rm_msgs/msg/detail
[9.873s] -- Installing: /home/pretend/code/install/rm_msgs/include/rm_msgs/rm_msgs/msg/detail/armor__rosidl_typesupport_introspection_c.h
[9.873s] -- Installing: /home/pretend/code/install/rm_msgs/include/rm_msgs/rm_msgs/msg/detail/armor__type_support.c
[9.873s] -- Installing: /home/pretend/code/install/rm_msgs/lib/librm_msgs__rosidl_typesupport_introspection_c.so
[9.873s] -- Set runtime path of "/home/pretend/code/install/rm_msgs/lib/librm_msgs__rosidl_typesupport_introspection_c.so" to ""
[9.873s] -- Installing: /home/pretend/code/install/rm_msgs/lib/librm_msgs__rosidl_typesupport_c.so
[9.873s] -- Set runtime path of "/home/pretend/code/install/rm_msgs/lib/librm_msgs__rosidl_typesupport_c.so" to ""
[9.873s] -- Up-to-date: /home/pretend/code/install/rm_msgs/include/rm_msgs/rm_msgs
[9.873s] -- Up-to-date: /home/pretend/code/install/rm_msgs/include/rm_msgs/rm_msgs/msg
[9.874s] -- Up-to-date: /home/pretend/code/install/rm_msgs/include/rm_msgs/rm_msgs/msg/detail
[9.874s] -- Installing: /home/pretend/code/install/rm_msgs/include/rm_msgs/rm_msgs/msg/detail/armor__type_support.cpp
[9.874s] -- Installing: /home/pretend/code/install/rm_msgs/include/rm_msgs/rm_msgs/msg/detail/armor__rosidl_typesupport_introspection_cpp.hpp
[9.874s] -- Installing: /home/pretend/code/install/rm_msgs/lib/librm_msgs__rosidl_typesupport_introspection_cpp.so
[9.874s] -- Set runtime path of "/home/pretend/code/install/rm_msgs/lib/librm_msgs__rosidl_typesupport_introspection_cpp.so" to ""
[9.874s] -- Installing: /home/pretend/code/install/rm_msgs/lib/librm_msgs__rosidl_typesupport_cpp.so
[9.874s] -- Set runtime path of "/home/pretend/code/install/rm_msgs/lib/librm_msgs__rosidl_typesupport_cpp.so" to ""
[9.874s] -- Installing: /home/pretend/code/install/rm_msgs/share/rm_msgs/environment/pythonpath.sh
[9.874s] -- Installing: /home/pretend/code/install/rm_msgs/share/rm_msgs/environment/pythonpath.dsv
[9.874s] -- Installing: /home/pretend/code/install/rm_msgs/local/lib/python3.10/dist-packages/rm_msgs-0.0.0-py3.10.egg-info
[9.874s] -- Installing: /home/pretend/code/install/rm_msgs/local/lib/python3.10/dist-packages/rm_msgs-0.0.0-py3.10.egg-info/SOURCES.txt
[9.875s] -- Installing: /home/pretend/code/install/rm_msgs/local/lib/python3.10/dist-packages/rm_msgs-0.0.0-py3.10.egg-info/top_level.txt
[9.875s] -- Installing: /home/pretend/code/install/rm_msgs/local/lib/python3.10/dist-packages/rm_msgs-0.0.0-py3.10.egg-info/dependency_links.txt
[9.875s] -- Installing: /home/pretend/code/install/rm_msgs/local/lib/python3.10/dist-packages/rm_msgs-0.0.0-py3.10.egg-info/PKG-INFO
[9.875s] -- Installing: /home/pretend/code/install/rm_msgs/local/lib/python3.10/dist-packages/rm_msgs
[9.875s] -- Installing: /home/pretend/code/install/rm_msgs/local/lib/python3.10/dist-packages/rm_msgs/rm_msgs_s__rosidl_typesupport_fastrtps_c.cpython-310-x86_64-linux-gnu.so
[9.875s] -- Installing: /home/pretend/code/install/rm_msgs/local/lib/python3.10/dist-packages/rm_msgs/librm_msgs__rosidl_generator_py.so
[9.875s] -- Installing: /home/pretend/code/install/rm_msgs/local/lib/python3.10/dist-packages/rm_msgs/msg
[9.875s] -- Installing: /home/pretend/code/install/rm_msgs/local/lib/python3.10/dist-packages/rm_msgs/msg/_armor_s.c
[9.875s] -- Installing: /home/pretend/code/install/rm_msgs/local/lib/python3.10/dist-packages/rm_msgs/msg/_armor.py
[9.875s] -- Installing: /home/pretend/code/install/rm_msgs/local/lib/python3.10/dist-packages/rm_msgs/msg/__init__.py
[9.875s] -- Installing: /home/pretend/code/install/rm_msgs/local/lib/python3.10/dist-packages/rm_msgs/_rm_msgs_s.ep.rosidl_typesupport_c.c
[9.875s] -- Installing: /home/pretend/code/install/rm_msgs/local/lib/python3.10/dist-packages/rm_msgs/rm_msgs_s__rosidl_typesupport_c.cpython-310-x86_64-linux-gnu.so
[9.875s] -- Installing: /home/pretend/code/install/rm_msgs/local/lib/python3.10/dist-packages/rm_msgs/_rm_msgs_s.ep.rosidl_typesupport_fastrtps_c.c
[9.875s] -- Installing: /home/pretend/code/install/rm_msgs/local/lib/python3.10/dist-packages/rm_msgs/rm_msgs_s__rosidl_typesupport_introspection_c.cpython-310-x86_64-linux-gnu.so
[9.875s] -- Installing: /home/pretend/code/install/rm_msgs/local/lib/python3.10/dist-packages/rm_msgs/__init__.py
[9.875s] -- Installing: /home/pretend/code/install/rm_msgs/local/lib/python3.10/dist-packages/rm_msgs/_rm_msgs_s.ep.rosidl_typesupport_introspection_c.c
[9.897s] Listing '/home/pretend/code/install/rm_msgs/local/lib/python3.10/dist-packages/rm_msgs'...
[9.897s] Compiling '/home/pretend/code/install/rm_msgs/local/lib/python3.10/dist-packages/rm_msgs/__init__.py'...
[9.897s] Listing '/home/pretend/code/install/rm_msgs/local/lib/python3.10/dist-packages/rm_msgs/msg'...
[9.897s] Compiling '/home/pretend/code/install/rm_msgs/local/lib/python3.10/dist-packages/rm_msgs/msg/__init__.py'...
[9.897s] Compiling '/home/pretend/code/install/rm_msgs/local/lib/python3.10/dist-packages/rm_msgs/msg/_armor.py'...
[9.901s] -- Installing: /home/pretend/code/install/rm_msgs/local/lib/python3.10/dist-packages/rm_msgs/rm_msgs_s__rosidl_typesupport_fastrtps_c.cpython-310-x86_64-linux-gnu.so
[9.901s] -- Set runtime path of "/home/pretend/code/install/rm_msgs/local/lib/python3.10/dist-packages/rm_msgs/rm_msgs_s__rosidl_typesupport_fastrtps_c.cpython-310-x86_64-linux-gnu.so" to ""
[9.901s] -- Installing: /home/pretend/code/install/rm_msgs/local/lib/python3.10/dist-packages/rm_msgs/rm_msgs_s__rosidl_typesupport_introspection_c.cpython-310-x86_64-linux-gnu.so
[9.901s] -- Set runtime path of "/home/pretend/code/install/rm_msgs/local/lib/python3.10/dist-packages/rm_msgs/rm_msgs_s__rosidl_typesupport_introspection_c.cpython-310-x86_64-linux-gnu.so" to ""
[9.901s] -- Installing: /home/pretend/code/install/rm_msgs/local/lib/python3.10/dist-packages/rm_msgs/rm_msgs_s__rosidl_typesupport_c.cpython-310-x86_64-linux-gnu.so
[9.901s] -- Set runtime path of "/home/pretend/code/install/rm_msgs/local/lib/python3.10/dist-packages/rm_msgs/rm_msgs_s__rosidl_typesupport_c.cpython-310-x86_64-linux-gnu.so" to ""
[9.902s] -- Installing: /home/pretend/code/install/rm_msgs/lib/librm_msgs__rosidl_generator_py.so
[9.902s] -- Set runtime path of "/home/pretend/code/install/rm_msgs/lib/librm_msgs__rosidl_generator_py.so" to ""
[9.902s] -- Installing: /home/pretend/code/install/rm_msgs/share/rm_msgs/msg/Armor.idl
[9.902s] -- Installing: /home/pretend/code/install/rm_msgs/share/rm_msgs/msg/Armor.msg
[9.902s] -- Installing: /home/pretend/code/install/rm_msgs/share/ament_index/resource_index/package_run_dependencies/rm_msgs
[9.903s] -- Installing: /home/pretend/code/install/rm_msgs/share/ament_index/resource_index/parent_prefix_path/rm_msgs
[9.903s] -- Installing: /home/pretend/code/install/rm_msgs/share/rm_msgs/environment/ament_prefix_path.sh
[9.903s] -- Installing: /home/pretend/code/install/rm_msgs/share/rm_msgs/environment/ament_prefix_path.dsv
[9.903s] -- Installing: /home/pretend/code/install/rm_msgs/share/rm_msgs/environment/path.sh
[9.903s] -- Installing: /home/pretend/code/install/rm_msgs/share/rm_msgs/environment/path.dsv
[9.903s] -- Installing: /home/pretend/code/install/rm_msgs/share/rm_msgs/local_setup.bash
[9.903s] -- Installing: /home/pretend/code/install/rm_msgs/share/rm_msgs/local_setup.sh
[9.903s] -- Installing: /home/pretend/code/install/rm_msgs/share/rm_msgs/local_setup.zsh
[9.903s] -- Installing: /home/pretend/code/install/rm_msgs/share/rm_msgs/local_setup.dsv
[9.904s] -- Installing: /home/pretend/code/install/rm_msgs/share/rm_msgs/package.dsv
[9.904s] -- Installing: /home/pretend/code/install/rm_msgs/share/ament_index/resource_index/packages/rm_msgs
[9.904s] -- Installing: /home/pretend/code/install/rm_msgs/share/rm_msgs/cmake/export_rm_msgs__rosidl_generator_cExport.cmake
[9.904s] -- Installing: /home/pretend/code/install/rm_msgs/share/rm_msgs/cmake/export_rm_msgs__rosidl_generator_cExport-noconfig.cmake
[9.904s] -- Installing: /home/pretend/code/install/rm_msgs/share/rm_msgs/cmake/export_rm_msgs__rosidl_typesupport_fastrtps_cExport.cmake
[9.904s] -- Installing: /home/pretend/code/install/rm_msgs/share/rm_msgs/cmake/export_rm_msgs__rosidl_typesupport_fastrtps_cExport-noconfig.cmake
[9.904s] -- Installing: /home/pretend/code/install/rm_msgs/share/rm_msgs/cmake/export_rm_msgs__rosidl_generator_cppExport.cmake
[9.904s] -- Installing: /home/pretend/code/install/rm_msgs/share/rm_msgs/cmake/export_rm_msgs__rosidl_typesupport_fastrtps_cppExport.cmake
[9.904s] -- Installing: /home/pretend/code/install/rm_msgs/share/rm_msgs/cmake/export_rm_msgs__rosidl_typesupport_fastrtps_cppExport-noconfig.cmake
[9.905s] -- Installing: /home/pretend/code/install/rm_msgs/share/rm_msgs/cmake/rm_msgs__rosidl_typesupport_introspection_cExport.cmake
[9.905s] -- Installing: /home/pretend/code/install/rm_msgs/share/rm_msgs/cmake/rm_msgs__rosidl_typesupport_introspection_cExport-noconfig.cmake
[9.905s] -- Installing: /home/pretend/code/install/rm_msgs/share/rm_msgs/cmake/rm_msgs__rosidl_typesupport_cExport.cmake
[9.905s] -- Installing: /home/pretend/code/install/rm_msgs/share/rm_msgs/cmake/rm_msgs__rosidl_typesupport_cExport-noconfig.cmake
[9.905s] -- Installing: /home/pretend/code/install/rm_msgs/share/rm_msgs/cmake/rm_msgs__rosidl_typesupport_introspection_cppExport.cmake
[9.905s] -- Installing: /home/pretend/code/install/rm_msgs/share/rm_msgs/cmake/rm_msgs__rosidl_typesupport_introspection_cppExport-noconfig.cmake
[9.905s] -- Installing: /home/pretend/code/install/rm_msgs/share/rm_msgs/cmake/rm_msgs__rosidl_typesupport_cppExport.cmake
[9.905s] -- Installing: /home/pretend/code/install/rm_msgs/share/rm_msgs/cmake/rm_msgs__rosidl_typesupport_cppExport-noconfig.cmake
[9.906s] -- Installing: /home/pretend/code/install/rm_msgs/share/rm_msgs/cmake/export_rm_msgs__rosidl_generator_pyExport.cmake
[9.906s] -- Installing: /home/pretend/code/install/rm_msgs/share/rm_msgs/cmake/export_rm_msgs__rosidl_generator_pyExport-noconfig.cmake
[9.906s] -- Installing: /home/pretend/code/install/rm_msgs/share/rm_msgs/cmake/rosidl_cmake-extras.cmake
[9.906s] -- Installing: /home/pretend/code/install/rm_msgs/share/rm_msgs/cmake/ament_cmake_export_dependencies-extras.cmake
[9.906s] -- Installing: /home/pretend/code/install/rm_msgs/share/rm_msgs/cmake/ament_cmake_export_include_directories-extras.cmake
[9.906s] -- Installing: /home/pretend/code/install/rm_msgs/share/rm_msgs/cmake/ament_cmake_export_libraries-extras.cmake
[9.906s] -- Installing: /home/pretend/code/install/rm_msgs/share/rm_msgs/cmake/ament_cmake_export_targets-extras.cmake
[9.906s] -- Installing: /home/pretend/code/install/rm_msgs/share/rm_msgs/cmake/rosidl_cmake_export_typesupport_targets-extras.cmake
[9.906s] -- Installing: /home/pretend/code/install/rm_msgs/share/rm_msgs/cmake/rosidl_cmake_export_typesupport_libraries-extras.cmake
[9.906s] -- Installing: /home/pretend/code/install/rm_msgs/share/rm_msgs/cmake/rm_msgsConfig.cmake
[9.906s] -- Installing: /home/pretend/code/install/rm_msgs/share/rm_msgs/cmake/rm_msgsConfig-version.cmake
[9.906s] -- Installing: /home/pretend/code/install/rm_msgs/share/rm_msgs/package.xml
[9.908s] Invoked command in '/home/pretend/code/build/rm_msgs' returned '0': CMAKE_PREFIX_PATH=${CMAKE_PREFIX_PATH}:/opt/ros/humble /usr/bin/cmake --install /home/pretend/code/build/rm_msgs
