[0.021s] Invoking command in '/home/pretend/code/build/rm_rune_detect': CMAKE_PREFIX_PATH=${CMAKE_PREFIX_PATH}:/opt/ros/humble /usr/bin/cmake --build /home/pretend/code/build/rm_rune_detect -- -j32 -l32
[0.175s] [ 44%] Built target rm_rune_detect
[0.175s] [100%] Built target rune_detect_node
[0.188s] Invoked command in '/home/pretend/code/build/rm_rune_detect' returned '0': CMAKE_PREFIX_PATH=${CMAKE_PREFIX_PATH}:/opt/ros/humble /usr/bin/cmake --build /home/pretend/code/build/rm_rune_detect -- -j32 -l32
[0.197s] Invoking command in '/home/pretend/code/build/rm_rune_detect': CMAKE_PREFIX_PATH=${CMAKE_PREFIX_PATH}:/opt/ros/humble /usr/bin/cmake --install /home/pretend/code/build/rm_rune_detect
[0.202s] -- Install configuration: ""
[0.204s] -- Execute custom install script
[0.204s] -- Up-to-date symlink: /home/pretend/code/install/rm_rune_detect/lib/rm_rune_detect/rune_detect_node
[0.204s] -- Up-to-date symlink: /home/pretend/code/install/rm_rune_detect/lib/librm_rune_detect.so
[0.207s] -- Up-to-date symlink: /home/pretend/code/install/rm_rune_detect/include//rm_rune_detect/common_types.hpp
[0.207s] -- Up-to-date symlink: /home/pretend/code/install/rm_rune_detect/include//rm_rune_detect/openvino_detect.hpp
[0.208s] -- Up-to-date symlink: /home/pretend/code/install/rm_rune_detect/include//rm_rune_detect/preprocess.hpp
[0.208s] -- Up-to-date symlink: /home/pretend/code/install/rm_rune_detect/include//rm_rune_detect/rune_detect_node.hpp
[0.210s] -- Up-to-date symlink: /home/pretend/code/install/rm_rune_detect/share/rm_rune_detect/models/rune_detect_320.onnx
[0.211s] -- Up-to-date symlink: /home/pretend/code/install/rm_rune_detect/share/rm_rune_detect/launch/rune_detect.launch.py
[0.212s] -- Up-to-date symlink: /home/pretend/code/install/rm_rune_detect/share/ament_index/resource_index/package_run_dependencies/rm_rune_detect
[0.212s] -- Up-to-date symlink: /home/pretend/code/install/rm_rune_detect/share/ament_index/resource_index/parent_prefix_path/rm_rune_detect
[0.213s] -- Up-to-date symlink: /home/pretend/code/install/rm_rune_detect/share/rm_rune_detect/environment/ament_prefix_path.sh
[0.214s] -- Up-to-date symlink: /home/pretend/code/install/rm_rune_detect/share/rm_rune_detect/environment/ament_prefix_path.dsv
[0.215s] -- Up-to-date symlink: /home/pretend/code/install/rm_rune_detect/share/rm_rune_detect/environment/path.sh
[0.215s] -- Up-to-date symlink: /home/pretend/code/install/rm_rune_detect/share/rm_rune_detect/environment/path.dsv
[0.215s] -- Up-to-date symlink: /home/pretend/code/install/rm_rune_detect/share/rm_rune_detect/local_setup.bash
[0.216s] -- Up-to-date symlink: /home/pretend/code/install/rm_rune_detect/share/rm_rune_detect/local_setup.sh
[0.218s] -- Up-to-date symlink: /home/pretend/code/install/rm_rune_detect/share/rm_rune_detect/local_setup.zsh
[0.218s] -- Up-to-date symlink: /home/pretend/code/install/rm_rune_detect/share/rm_rune_detect/local_setup.dsv
[0.218s] -- Symlinking: /home/pretend/code/install/rm_rune_detect/share/rm_rune_detect/package.dsv
[0.224s] -- Up-to-date symlink: /home/pretend/code/install/rm_rune_detect/share/ament_index/resource_index/packages/rm_rune_detect
[0.225s] -- Up-to-date symlink: /home/pretend/code/install/rm_rune_detect/share/ament_index/resource_index/rclcpp_components/rm_rune_detect
[0.225s] -- Up-to-date symlink: /home/pretend/code/install/rm_rune_detect/share/rm_rune_detect/cmake/rm_rune_detectConfig.cmake
[0.226s] -- Up-to-date symlink: /home/pretend/code/install/rm_rune_detect/share/rm_rune_detect/cmake/rm_rune_detectConfig-version.cmake
[0.226s] -- Up-to-date symlink: /home/pretend/code/install/rm_rune_detect/share/rm_rune_detect/package.xml
[0.246s] Invoked command in '/home/pretend/code/build/rm_rune_detect' returned '0': CMAKE_PREFIX_PATH=${CMAKE_PREFIX_PATH}:/opt/ros/humble /usr/bin/cmake --install /home/pretend/code/build/rm_rune_detect
