[0.424s] [34mcolcon[0m [1;30mDEBUG[0m [32mCommand line arguments: ['/usr/bin/colcon', 'build'][0m
[0.424s] [34mcolcon[0m [1;30mDEBUG[0m [32mParsed command line arguments: Namespace(log_base=None, log_level=None, verb_name='build', build_base='build', install_base='install', merge_install=False, symlink_install=False, test_result_base=None, continue_on_error=False, executor='parallel', parallel_workers=32, event_handlers=None, ignore_user_meta=False, metas=['./colcon.meta'], base_paths=['.'], packages_ignore=None, packages_ignore_regex=None, paths=None, packages_up_to=None, packages_up_to_regex=None, packages_above=None, packages_above_and_dependencies=None, packages_above_depth=None, packages_select_by_dep=None, packages_skip_by_dep=None, packages_skip_up_to=None, packages_select_build_failed=False, packages_skip_build_finished=False, packages_select_test_failures=False, packages_skip_test_passed=False, packages_select=None, packages_skip=None, packages_select_regex=None, packages_skip_regex=None, packages_start=None, packages_end=None, allow_overriding=[], cmake_args=None, cmake_target=None, cmake_target_skip_unavailable=False, cmake_clean_cache=False, cmake_clean_first=False, cmake_force_configure=False, ament_cmake_args=None, catkin_cmake_args=None, catkin_skip_building_tests=False, verb_parser=<colcon_defaults.argument_parser.defaults.DefaultArgumentsDecorator object at 0x7f65c3c9e440>, verb_extension=<colcon_core.verb.build.BuildVerb object at 0x7f65c3c9db10>, main=<bound method BuildVerb.main of <colcon_core.verb.build.BuildVerb object at 0x7f65c3c9db10>>)[0m
[0.542s] [34mcolcon.colcon_core.package_discovery[0m [1;30mLevel 1[0m discover_packages(colcon_meta) check parameters
[0.542s] [34mcolcon.colcon_core.package_discovery[0m [1;30mLevel 1[0m discover_packages(recursive) check parameters
[0.542s] [34mcolcon.colcon_core.package_discovery[0m [1;30mLevel 1[0m discover_packages(ignore) check parameters
[0.542s] [34mcolcon.colcon_core.package_discovery[0m [1;30mLevel 1[0m discover_packages(path) check parameters
[0.542s] [34mcolcon.colcon_core.package_discovery[0m [1;30mLevel 1[0m discover_packages(colcon_meta) discover
[0.542s] [34mcolcon.colcon_core.package_discovery[0m [1;30mLevel 1[0m discover_packages(recursive) discover
[0.542s] [34mcolcon.colcon_core.package_discovery[0m [1;30mINFO[0m Crawling recursively for packages in '/home/pretend/code'
[0.542s] [34mcolcon.colcon_core.package_identification[0m [1;30mLevel 1[0m _identify(.) by extensions ['ignore', 'ignore_ament_install']
[0.542s] [34mcolcon.colcon_core.package_identification[0m [1;30mLevel 1[0m _identify(.) by extension 'ignore'
[0.542s] [34mcolcon.colcon_core.package_identification[0m [1;30mLevel 1[0m _identify(.) by extension 'ignore_ament_install'
[0.542s] [34mcolcon.colcon_core.package_identification[0m [1;30mLevel 1[0m _identify(.) by extensions ['colcon_pkg']
[0.542s] [34mcolcon.colcon_core.package_identification[0m [1;30mLevel 1[0m _identify(.) by extension 'colcon_pkg'
[0.542s] [34mcolcon.colcon_core.package_identification[0m [1;30mLevel 1[0m _identify(.) by extensions ['colcon_meta']
[0.542s] [34mcolcon.colcon_core.package_identification[0m [1;30mLevel 1[0m _identify(.) by extension 'colcon_meta'
[0.542s] [34mcolcon.colcon_core.package_identification[0m [1;30mLevel 1[0m _identify(.) by extensions ['ros']
[0.542s] [34mcolcon.colcon_core.package_identification[0m [1;30mLevel 1[0m _identify(.) by extension 'ros'
[0.551s] [34mcolcon.colcon_core.package_identification[0m [1;30mLevel 1[0m _identify(.) by extensions ['cmake', 'python']
[0.551s] [34mcolcon.colcon_core.package_identification[0m [1;30mLevel 1[0m _identify(.) by extension 'cmake'
[0.551s] [34mcolcon.colcon_core.package_identification[0m [1;30mLevel 1[0m _identify(.) by extension 'python'
[0.551s] [34mcolcon.colcon_core.package_identification[0m [1;30mLevel 1[0m _identify(.) by extensions ['python_setup_py']
[0.551s] [34mcolcon.colcon_core.package_identification[0m [1;30mLevel 1[0m _identify(.) by extension 'python_setup_py'
[0.551s] [34mcolcon.colcon_core.package_identification[0m [1;30mLevel 1[0m _identify(build) by extensions ['ignore', 'ignore_ament_install']
[0.551s] [34mcolcon.colcon_core.package_identification[0m [1;30mLevel 1[0m _identify(build) by extension 'ignore'
[0.551s] [34mcolcon.colcon_core.package_identification[0m [1;30mLevel 1[0m _identify(build) ignored
[0.551s] [34mcolcon.colcon_core.package_identification[0m [1;30mLevel 1[0m _identify(install) by extensions ['ignore', 'ignore_ament_install']
[0.551s] [34mcolcon.colcon_core.package_identification[0m [1;30mLevel 1[0m _identify(install) by extension 'ignore'
[0.551s] [34mcolcon.colcon_core.package_identification[0m [1;30mLevel 1[0m _identify(install) ignored
[0.551s] [34mcolcon.colcon_core.package_identification[0m [1;30mLevel 1[0m _identify(log) by extensions ['ignore', 'ignore_ament_install']
[0.552s] [34mcolcon.colcon_core.package_identification[0m [1;30mLevel 1[0m _identify(log) by extension 'ignore'
[0.552s] [34mcolcon.colcon_core.package_identification[0m [1;30mLevel 1[0m _identify(log) ignored
[0.552s] [34mcolcon.colcon_core.package_identification[0m [1;30mLevel 1[0m _identify(src) by extensions ['ignore', 'ignore_ament_install']
[0.552s] [34mcolcon.colcon_core.package_identification[0m [1;30mLevel 1[0m _identify(src) by extension 'ignore'
[0.552s] [34mcolcon.colcon_core.package_identification[0m [1;30mLevel 1[0m _identify(src) by extension 'ignore_ament_install'
[0.552s] [34mcolcon.colcon_core.package_identification[0m [1;30mLevel 1[0m _identify(src) by extensions ['colcon_pkg']
[0.552s] [34mcolcon.colcon_core.package_identification[0m [1;30mLevel 1[0m _identify(src) by extension 'colcon_pkg'
[0.552s] [34mcolcon.colcon_core.package_identification[0m [1;30mLevel 1[0m _identify(src) by extensions ['colcon_meta']
[0.552s] [34mcolcon.colcon_core.package_identification[0m [1;30mLevel 1[0m _identify(src) by extension 'colcon_meta'
[0.552s] [34mcolcon.colcon_core.package_identification[0m [1;30mLevel 1[0m _identify(src) by extensions ['ros']
[0.552s] [34mcolcon.colcon_core.package_identification[0m [1;30mLevel 1[0m _identify(src) by extension 'ros'
[0.552s] [34mcolcon.colcon_core.package_identification[0m [1;30mLevel 1[0m _identify(src) by extensions ['cmake', 'python']
[0.552s] [34mcolcon.colcon_core.package_identification[0m [1;30mLevel 1[0m _identify(src) by extension 'cmake'
[0.552s] [34mcolcon.colcon_core.package_identification[0m [1;30mLevel 1[0m _identify(src) by extension 'python'
[0.552s] [34mcolcon.colcon_core.package_identification[0m [1;30mLevel 1[0m _identify(src) by extensions ['python_setup_py']
[0.552s] [34mcolcon.colcon_core.package_identification[0m [1;30mLevel 1[0m _identify(src) by extension 'python_setup_py'
[0.552s] [34mcolcon.colcon_core.package_identification[0m [1;30mLevel 1[0m _identify(src/rm_armor_detect) by extensions ['ignore', 'ignore_ament_install']
[0.552s] [34mcolcon.colcon_core.package_identification[0m [1;30mLevel 1[0m _identify(src/rm_armor_detect) by extension 'ignore'
[0.552s] [34mcolcon.colcon_core.package_identification[0m [1;30mLevel 1[0m _identify(src/rm_armor_detect) by extension 'ignore_ament_install'
[0.552s] [34mcolcon.colcon_core.package_identification[0m [1;30mLevel 1[0m _identify(src/rm_armor_detect) by extensions ['colcon_pkg']
[0.552s] [34mcolcon.colcon_core.package_identification[0m [1;30mLevel 1[0m _identify(src/rm_armor_detect) by extension 'colcon_pkg'
[0.552s] [34mcolcon.colcon_core.package_identification[0m [1;30mLevel 1[0m _identify(src/rm_armor_detect) by extensions ['colcon_meta']
[0.552s] [34mcolcon.colcon_core.package_identification[0m [1;30mLevel 1[0m _identify(src/rm_armor_detect) by extension 'colcon_meta'
[0.552s] [34mcolcon.colcon_core.package_identification[0m [1;30mLevel 1[0m _identify(src/rm_armor_detect) by extensions ['ros']
[0.552s] [34mcolcon.colcon_core.package_identification[0m [1;30mLevel 1[0m _identify(src/rm_armor_detect) by extension 'ros'
[0.554s] [34mcolcon.colcon_core.package_identification[0m [1;30mDEBUG[0m [32mPackage 'src/rm_armor_detect' with type 'ros.ament_cmake' and name 'rm_armor_detect'[0m
[0.555s] [34mcolcon.colcon_core.package_identification[0m [1;30mLevel 1[0m _identify(src/rm_armor_tracker) by extensions ['ignore', 'ignore_ament_install']
[0.555s] [34mcolcon.colcon_core.package_identification[0m [1;30mLevel 1[0m _identify(src/rm_armor_tracker) by extension 'ignore'
[0.555s] [34mcolcon.colcon_core.package_identification[0m [1;30mLevel 1[0m _identify(src/rm_armor_tracker) by extension 'ignore_ament_install'
[0.555s] [34mcolcon.colcon_core.package_identification[0m [1;30mLevel 1[0m _identify(src/rm_armor_tracker) by extensions ['colcon_pkg']
[0.555s] [34mcolcon.colcon_core.package_identification[0m [1;30mLevel 1[0m _identify(src/rm_armor_tracker) by extension 'colcon_pkg'
[0.555s] [34mcolcon.colcon_core.package_identification[0m [1;30mLevel 1[0m _identify(src/rm_armor_tracker) by extensions ['colcon_meta']
[0.555s] [34mcolcon.colcon_core.package_identification[0m [1;30mLevel 1[0m _identify(src/rm_armor_tracker) by extension 'colcon_meta'
[0.555s] [34mcolcon.colcon_core.package_identification[0m [1;30mLevel 1[0m _identify(src/rm_armor_tracker) by extensions ['ros']
[0.555s] [34mcolcon.colcon_core.package_identification[0m [1;30mLevel 1[0m _identify(src/rm_armor_tracker) by extension 'ros'
[0.555s] [34mcolcon.colcon_core.package_identification[0m [1;30mDEBUG[0m [32mPackage 'src/rm_armor_tracker' with type 'ros.ament_cmake' and name 'rm_armor_tracker'[0m
[0.555s] [34mcolcon.colcon_core.package_identification[0m [1;30mLevel 1[0m _identify(src/rm_msgs) by extensions ['ignore', 'ignore_ament_install']
[0.555s] [34mcolcon.colcon_core.package_identification[0m [1;30mLevel 1[0m _identify(src/rm_msgs) by extension 'ignore'
[0.555s] [34mcolcon.colcon_core.package_identification[0m [1;30mLevel 1[0m _identify(src/rm_msgs) by extension 'ignore_ament_install'
[0.555s] [34mcolcon.colcon_core.package_identification[0m [1;30mLevel 1[0m _identify(src/rm_msgs) by extensions ['colcon_pkg']
[0.556s] [34mcolcon.colcon_core.package_identification[0m [1;30mLevel 1[0m _identify(src/rm_msgs) by extension 'colcon_pkg'
[0.556s] [34mcolcon.colcon_core.package_identification[0m [1;30mLevel 1[0m _identify(src/rm_msgs) by extensions ['colcon_meta']
[0.556s] [34mcolcon.colcon_core.package_identification[0m [1;30mLevel 1[0m _identify(src/rm_msgs) by extension 'colcon_meta'
[0.556s] [34mcolcon.colcon_core.package_identification[0m [1;30mLevel 1[0m _identify(src/rm_msgs) by extensions ['ros']
[0.556s] [34mcolcon.colcon_core.package_identification[0m [1;30mLevel 1[0m _identify(src/rm_msgs) by extension 'ros'
[0.556s] [34mcolcon.colcon_core.package_identification[0m [1;30mDEBUG[0m [32mPackage 'src/rm_msgs' with type 'ros.ament_cmake' and name 'rm_msgs'[0m
[0.556s] [34mcolcon.colcon_core.package_identification[0m [1;30mLevel 1[0m _identify(src/rm_rune_detect) by extensions ['ignore', 'ignore_ament_install']
[0.557s] [34mcolcon.colcon_core.package_identification[0m [1;30mLevel 1[0m _identify(src/rm_rune_detect) by extension 'ignore'
[0.557s] [34mcolcon.colcon_core.package_identification[0m [1;30mLevel 1[0m _identify(src/rm_rune_detect) by extension 'ignore_ament_install'
[0.557s] [34mcolcon.colcon_core.package_identification[0m [1;30mLevel 1[0m _identify(src/rm_rune_detect) by extensions ['colcon_pkg']
[0.557s] [34mcolcon.colcon_core.package_identification[0m [1;30mLevel 1[0m _identify(src/rm_rune_detect) by extension 'colcon_pkg'
[0.557s] [34mcolcon.colcon_core.package_identification[0m [1;30mLevel 1[0m _identify(src/rm_rune_detect) by extensions ['colcon_meta']
[0.557s] [34mcolcon.colcon_core.package_identification[0m [1;30mLevel 1[0m _identify(src/rm_rune_detect) by extension 'colcon_meta'
[0.557s] [34mcolcon.colcon_core.package_identification[0m [1;30mLevel 1[0m _identify(src/rm_rune_detect) by extensions ['ros']
[0.557s] [34mcolcon.colcon_core.package_identification[0m [1;30mLevel 1[0m _identify(src/rm_rune_detect) by extension 'ros'
[0.557s] [34mcolcon.colcon_core.package_identification[0m [1;30mDEBUG[0m [32mPackage 'src/rm_rune_detect' with type 'ros.ament_cmake' and name 'rm_rune_detect'[0m
[0.557s] [34mcolcon.colcon_core.package_identification[0m [1;30mLevel 1[0m _identify(src/ros2-hik-camera-main) by extensions ['ignore', 'ignore_ament_install']
[0.558s] [34mcolcon.colcon_core.package_identification[0m [1;30mLevel 1[0m _identify(src/ros2-hik-camera-main) by extension 'ignore'
[0.558s] [34mcolcon.colcon_core.package_identification[0m [1;30mLevel 1[0m _identify(src/ros2-hik-camera-main) by extension 'ignore_ament_install'
[0.558s] [34mcolcon.colcon_core.package_identification[0m [1;30mLevel 1[0m _identify(src/ros2-hik-camera-main) by extensions ['colcon_pkg']
[0.558s] [34mcolcon.colcon_core.package_identification[0m [1;30mLevel 1[0m _identify(src/ros2-hik-camera-main) by extension 'colcon_pkg'
[0.558s] [34mcolcon.colcon_core.package_identification[0m [1;30mLevel 1[0m _identify(src/ros2-hik-camera-main) by extensions ['colcon_meta']
[0.558s] [34mcolcon.colcon_core.package_identification[0m [1;30mLevel 1[0m _identify(src/ros2-hik-camera-main) by extension 'colcon_meta'
[0.558s] [34mcolcon.colcon_core.package_identification[0m [1;30mLevel 1[0m _identify(src/ros2-hik-camera-main) by extensions ['ros']
[0.558s] [34mcolcon.colcon_core.package_identification[0m [1;30mLevel 1[0m _identify(src/ros2-hik-camera-main) by extension 'ros'
[0.558s] [34mcolcon.colcon_core.package_identification[0m [1;30mDEBUG[0m [32mPackage 'src/ros2-hik-camera-main' with type 'ros.ament_cmake' and name 'hik_camera'[0m
[0.558s] [34mcolcon.colcon_core.package_identification[0m [1;30mLevel 1[0m _identify(src/video_trial_node) by extensions ['ignore', 'ignore_ament_install']
[0.559s] [34mcolcon.colcon_core.package_identification[0m [1;30mLevel 1[0m _identify(src/video_trial_node) by extension 'ignore'
[0.559s] [34mcolcon.colcon_core.package_identification[0m [1;30mLevel 1[0m _identify(src/video_trial_node) by extension 'ignore_ament_install'
[0.559s] [34mcolcon.colcon_core.package_identification[0m [1;30mLevel 1[0m _identify(src/video_trial_node) by extensions ['colcon_pkg']
[0.559s] [34mcolcon.colcon_core.package_identification[0m [1;30mLevel 1[0m _identify(src/video_trial_node) by extension 'colcon_pkg'
[0.559s] [34mcolcon.colcon_core.package_identification[0m [1;30mLevel 1[0m _identify(src/video_trial_node) by extensions ['colcon_meta']
[0.559s] [34mcolcon.colcon_core.package_identification[0m [1;30mLevel 1[0m _identify(src/video_trial_node) by extension 'colcon_meta'
[0.559s] [34mcolcon.colcon_core.package_identification[0m [1;30mLevel 1[0m _identify(src/video_trial_node) by extensions ['ros']
[0.559s] [34mcolcon.colcon_core.package_identification[0m [1;30mLevel 1[0m _identify(src/video_trial_node) by extension 'ros'
[0.559s] [34mcolcon.colcon_core.package_identification[0m [1;30mDEBUG[0m [32mPackage 'src/video_trial_node' with type 'ros.ament_cmake' and name 'video_trial_node'[0m
[0.559s] [34mcolcon.colcon_core.package_discovery[0m [1;30mLevel 1[0m discover_packages(recursive) using defaults
[0.559s] [34mcolcon.colcon_core.package_discovery[0m [1;30mLevel 1[0m discover_packages(ignore) discover
[0.560s] [34mcolcon.colcon_core.package_discovery[0m [1;30mLevel 1[0m discover_packages(ignore) using defaults
[0.560s] [34mcolcon.colcon_core.package_discovery[0m [1;30mLevel 1[0m discover_packages(path) discover
[0.560s] [34mcolcon.colcon_core.package_discovery[0m [1;30mLevel 1[0m discover_packages(path) using defaults
[0.581s] [34mcolcon.colcon_core.package_discovery[0m [1;30mLevel 1[0m discover_packages(prefix_path) check parameters
[0.581s] [34mcolcon.colcon_core.package_discovery[0m [1;30mLevel 1[0m discover_packages(prefix_path) discover
[0.582s] [34mcolcon.colcon_installed_package_information.package_discovery[0m [1;30mDEBUG[0m [32mFound 6 installed packages in /home/pretend/code/install[0m
[0.583s] [34mcolcon.colcon_installed_package_information.package_discovery[0m [1;30mDEBUG[0m [32mFound 263 installed packages in /opt/ros/humble[0m
[0.584s] [34mcolcon.colcon_core.package_discovery[0m [1;30mLevel 1[0m discover_packages(prefix_path) using defaults
[0.612s] [34mcolcon.colcon_core.verb[0m [1;30mLevel 5[0m set package 'hik_camera' build argument 'cmake_args' from command line to 'None'
[0.613s] [34mcolcon.colcon_core.verb[0m [1;30mLevel 5[0m set package 'hik_camera' build argument 'cmake_target' from command line to 'None'
[0.613s] [34mcolcon.colcon_core.verb[0m [1;30mLevel 5[0m set package 'hik_camera' build argument 'cmake_target_skip_unavailable' from command line to 'False'
[0.613s] [34mcolcon.colcon_core.verb[0m [1;30mLevel 5[0m set package 'hik_camera' build argument 'cmake_clean_cache' from command line to 'False'
[0.613s] [34mcolcon.colcon_core.verb[0m [1;30mLevel 5[0m set package 'hik_camera' build argument 'cmake_clean_first' from command line to 'False'
[0.613s] [34mcolcon.colcon_core.verb[0m [1;30mLevel 5[0m set package 'hik_camera' build argument 'cmake_force_configure' from command line to 'False'
[0.613s] [34mcolcon.colcon_core.verb[0m [1;30mLevel 5[0m set package 'hik_camera' build argument 'ament_cmake_args' from command line to 'None'
[0.613s] [34mcolcon.colcon_core.verb[0m [1;30mLevel 5[0m set package 'hik_camera' build argument 'catkin_cmake_args' from command line to 'None'
[0.613s] [34mcolcon.colcon_core.verb[0m [1;30mLevel 5[0m set package 'hik_camera' build argument 'catkin_skip_building_tests' from command line to 'False'
[0.613s] [34mcolcon.colcon_core.verb[0m [1;30mDEBUG[0m [32mBuilding package 'hik_camera' with the following arguments: {'ament_cmake_args': None, 'build_base': '/home/pretend/code/build/hik_camera', 'catkin_cmake_args': None, 'catkin_skip_building_tests': False, 'cmake_args': None, 'cmake_clean_cache': False, 'cmake_clean_first': False, 'cmake_force_configure': False, 'cmake_target': None, 'cmake_target_skip_unavailable': False, 'install_base': '/home/pretend/code/install/hik_camera', 'merge_install': False, 'path': '/home/pretend/code/src/ros2-hik-camera-main', 'symlink_install': False, 'test_result_base': None}[0m
[0.613s] [34mcolcon.colcon_core.verb[0m [1;30mLevel 5[0m set package 'rm_msgs' build argument 'cmake_args' from command line to 'None'
[0.613s] [34mcolcon.colcon_core.verb[0m [1;30mLevel 5[0m set package 'rm_msgs' build argument 'cmake_target' from command line to 'None'
[0.613s] [34mcolcon.colcon_core.verb[0m [1;30mLevel 5[0m set package 'rm_msgs' build argument 'cmake_target_skip_unavailable' from command line to 'False'
[0.613s] [34mcolcon.colcon_core.verb[0m [1;30mLevel 5[0m set package 'rm_msgs' build argument 'cmake_clean_cache' from command line to 'False'
[0.613s] [34mcolcon.colcon_core.verb[0m [1;30mLevel 5[0m set package 'rm_msgs' build argument 'cmake_clean_first' from command line to 'False'
[0.613s] [34mcolcon.colcon_core.verb[0m [1;30mLevel 5[0m set package 'rm_msgs' build argument 'cmake_force_configure' from command line to 'False'
[0.613s] [34mcolcon.colcon_core.verb[0m [1;30mLevel 5[0m set package 'rm_msgs' build argument 'ament_cmake_args' from command line to 'None'
[0.613s] [34mcolcon.colcon_core.verb[0m [1;30mLevel 5[0m set package 'rm_msgs' build argument 'catkin_cmake_args' from command line to 'None'
[0.613s] [34mcolcon.colcon_core.verb[0m [1;30mLevel 5[0m set package 'rm_msgs' build argument 'catkin_skip_building_tests' from command line to 'False'
[0.613s] [34mcolcon.colcon_core.verb[0m [1;30mDEBUG[0m [32mBuilding package 'rm_msgs' with the following arguments: {'ament_cmake_args': None, 'build_base': '/home/pretend/code/build/rm_msgs', 'catkin_cmake_args': None, 'catkin_skip_building_tests': False, 'cmake_args': None, 'cmake_clean_cache': False, 'cmake_clean_first': False, 'cmake_force_configure': False, 'cmake_target': None, 'cmake_target_skip_unavailable': False, 'install_base': '/home/pretend/code/install/rm_msgs', 'merge_install': False, 'path': '/home/pretend/code/src/rm_msgs', 'symlink_install': False, 'test_result_base': None}[0m
[0.613s] [34mcolcon.colcon_core.verb[0m [1;30mLevel 5[0m set package 'rm_rune_detect' build argument 'cmake_args' from command line to 'None'
[0.613s] [34mcolcon.colcon_core.verb[0m [1;30mLevel 5[0m set package 'rm_rune_detect' build argument 'cmake_target' from command line to 'None'
[0.613s] [34mcolcon.colcon_core.verb[0m [1;30mLevel 5[0m set package 'rm_rune_detect' build argument 'cmake_target_skip_unavailable' from command line to 'False'
[0.613s] [34mcolcon.colcon_core.verb[0m [1;30mLevel 5[0m set package 'rm_rune_detect' build argument 'cmake_clean_cache' from command line to 'False'
[0.613s] [34mcolcon.colcon_core.verb[0m [1;30mLevel 5[0m set package 'rm_rune_detect' build argument 'cmake_clean_first' from command line to 'False'
[0.613s] [34mcolcon.colcon_core.verb[0m [1;30mLevel 5[0m set package 'rm_rune_detect' build argument 'cmake_force_configure' from command line to 'False'
[0.613s] [34mcolcon.colcon_core.verb[0m [1;30mLevel 5[0m set package 'rm_rune_detect' build argument 'ament_cmake_args' from command line to 'None'
[0.613s] [34mcolcon.colcon_core.verb[0m [1;30mLevel 5[0m set package 'rm_rune_detect' build argument 'catkin_cmake_args' from command line to 'None'
[0.613s] [34mcolcon.colcon_core.verb[0m [1;30mLevel 5[0m set package 'rm_rune_detect' build argument 'catkin_skip_building_tests' from command line to 'False'
[0.613s] [34mcolcon.colcon_core.verb[0m [1;30mDEBUG[0m [32mBuilding package 'rm_rune_detect' with the following arguments: {'ament_cmake_args': None, 'build_base': '/home/pretend/code/build/rm_rune_detect', 'catkin_cmake_args': None, 'catkin_skip_building_tests': False, 'cmake_args': None, 'cmake_clean_cache': False, 'cmake_clean_first': False, 'cmake_force_configure': False, 'cmake_target': None, 'cmake_target_skip_unavailable': False, 'install_base': '/home/pretend/code/install/rm_rune_detect', 'merge_install': False, 'path': '/home/pretend/code/src/rm_rune_detect', 'symlink_install': False, 'test_result_base': None}[0m
[0.614s] [34mcolcon.colcon_core.verb[0m [1;30mLevel 5[0m set package 'video_trial_node' build argument 'cmake_args' from command line to 'None'
[0.614s] [34mcolcon.colcon_core.verb[0m [1;30mLevel 5[0m set package 'video_trial_node' build argument 'cmake_target' from command line to 'None'
[0.614s] [34mcolcon.colcon_core.verb[0m [1;30mLevel 5[0m set package 'video_trial_node' build argument 'cmake_target_skip_unavailable' from command line to 'False'
[0.614s] [34mcolcon.colcon_core.verb[0m [1;30mLevel 5[0m set package 'video_trial_node' build argument 'cmake_clean_cache' from command line to 'False'
[0.614s] [34mcolcon.colcon_core.verb[0m [1;30mLevel 5[0m set package 'video_trial_node' build argument 'cmake_clean_first' from command line to 'False'
[0.614s] [34mcolcon.colcon_core.verb[0m [1;30mLevel 5[0m set package 'video_trial_node' build argument 'cmake_force_configure' from command line to 'False'
[0.614s] [34mcolcon.colcon_core.verb[0m [1;30mLevel 5[0m set package 'video_trial_node' build argument 'ament_cmake_args' from command line to 'None'
[0.614s] [34mcolcon.colcon_core.verb[0m [1;30mLevel 5[0m set package 'video_trial_node' build argument 'catkin_cmake_args' from command line to 'None'
[0.614s] [34mcolcon.colcon_core.verb[0m [1;30mLevel 5[0m set package 'video_trial_node' build argument 'catkin_skip_building_tests' from command line to 'False'
[0.614s] [34mcolcon.colcon_core.verb[0m [1;30mDEBUG[0m [32mBuilding package 'video_trial_node' with the following arguments: {'ament_cmake_args': None, 'build_base': '/home/pretend/code/build/video_trial_node', 'catkin_cmake_args': None, 'catkin_skip_building_tests': False, 'cmake_args': None, 'cmake_clean_cache': False, 'cmake_clean_first': False, 'cmake_force_configure': False, 'cmake_target': None, 'cmake_target_skip_unavailable': False, 'install_base': '/home/pretend/code/install/video_trial_node', 'merge_install': False, 'path': '/home/pretend/code/src/video_trial_node', 'symlink_install': False, 'test_result_base': None}[0m
[0.614s] [34mcolcon.colcon_core.verb[0m [1;30mLevel 5[0m set package 'rm_armor_detect' build argument 'cmake_args' from command line to 'None'
[0.614s] [34mcolcon.colcon_core.verb[0m [1;30mLevel 5[0m set package 'rm_armor_detect' build argument 'cmake_target' from command line to 'None'
[0.614s] [34mcolcon.colcon_core.verb[0m [1;30mLevel 5[0m set package 'rm_armor_detect' build argument 'cmake_target_skip_unavailable' from command line to 'False'
[0.614s] [34mcolcon.colcon_core.verb[0m [1;30mLevel 5[0m set package 'rm_armor_detect' build argument 'cmake_clean_cache' from command line to 'False'
[0.614s] [34mcolcon.colcon_core.verb[0m [1;30mLevel 5[0m set package 'rm_armor_detect' build argument 'cmake_clean_first' from command line to 'False'
[0.614s] [34mcolcon.colcon_core.verb[0m [1;30mLevel 5[0m set package 'rm_armor_detect' build argument 'cmake_force_configure' from command line to 'False'
[0.614s] [34mcolcon.colcon_core.verb[0m [1;30mLevel 5[0m set package 'rm_armor_detect' build argument 'ament_cmake_args' from command line to 'None'
[0.614s] [34mcolcon.colcon_core.verb[0m [1;30mLevel 5[0m set package 'rm_armor_detect' build argument 'catkin_cmake_args' from command line to 'None'
[0.614s] [34mcolcon.colcon_core.verb[0m [1;30mLevel 5[0m set package 'rm_armor_detect' build argument 'catkin_skip_building_tests' from command line to 'False'
[0.614s] [34mcolcon.colcon_core.verb[0m [1;30mDEBUG[0m [32mBuilding package 'rm_armor_detect' with the following arguments: {'ament_cmake_args': None, 'build_base': '/home/pretend/code/build/rm_armor_detect', 'catkin_cmake_args': None, 'catkin_skip_building_tests': False, 'cmake_args': None, 'cmake_clean_cache': False, 'cmake_clean_first': False, 'cmake_force_configure': False, 'cmake_target': None, 'cmake_target_skip_unavailable': False, 'install_base': '/home/pretend/code/install/rm_armor_detect', 'merge_install': False, 'path': '/home/pretend/code/src/rm_armor_detect', 'symlink_install': False, 'test_result_base': None}[0m
[0.615s] [34mcolcon.colcon_core.verb[0m [1;30mLevel 5[0m set package 'rm_armor_tracker' build argument 'cmake_args' from command line to 'None'
[0.615s] [34mcolcon.colcon_core.verb[0m [1;30mLevel 5[0m set package 'rm_armor_tracker' build argument 'cmake_target' from command line to 'None'
[0.615s] [34mcolcon.colcon_core.verb[0m [1;30mLevel 5[0m set package 'rm_armor_tracker' build argument 'cmake_target_skip_unavailable' from command line to 'False'
[0.615s] [34mcolcon.colcon_core.verb[0m [1;30mLevel 5[0m set package 'rm_armor_tracker' build argument 'cmake_clean_cache' from command line to 'False'
[0.615s] [34mcolcon.colcon_core.verb[0m [1;30mLevel 5[0m set package 'rm_armor_tracker' build argument 'cmake_clean_first' from command line to 'False'
[0.615s] [34mcolcon.colcon_core.verb[0m [1;30mLevel 5[0m set package 'rm_armor_tracker' build argument 'cmake_force_configure' from command line to 'False'
[0.615s] [34mcolcon.colcon_core.verb[0m [1;30mLevel 5[0m set package 'rm_armor_tracker' build argument 'ament_cmake_args' from command line to 'None'
[0.615s] [34mcolcon.colcon_core.verb[0m [1;30mLevel 5[0m set package 'rm_armor_tracker' build argument 'catkin_cmake_args' from command line to 'None'
[0.615s] [34mcolcon.colcon_core.verb[0m [1;30mLevel 5[0m set package 'rm_armor_tracker' build argument 'catkin_skip_building_tests' from command line to 'False'
[0.615s] [34mcolcon.colcon_core.verb[0m [1;30mDEBUG[0m [32mBuilding package 'rm_armor_tracker' with the following arguments: {'ament_cmake_args': None, 'build_base': '/home/pretend/code/build/rm_armor_tracker', 'catkin_cmake_args': None, 'catkin_skip_building_tests': False, 'cmake_args': None, 'cmake_clean_cache': False, 'cmake_clean_first': False, 'cmake_force_configure': False, 'cmake_target': None, 'cmake_target_skip_unavailable': False, 'install_base': '/home/pretend/code/install/rm_armor_tracker', 'merge_install': False, 'path': '/home/pretend/code/src/rm_armor_tracker', 'symlink_install': False, 'test_result_base': None}[0m
[0.615s] [34mcolcon.colcon_core.executor[0m [1;30mINFO[0m Executing jobs using 'parallel' executor
[0.616s] [34mcolcon.colcon_parallel_executor.executor.parallel[0m [1;30mDEBUG[0m [32mrun_until_complete[0m
[0.616s] [34mcolcon.colcon_ros.task.ament_cmake.build[0m [1;30mINFO[0m Building ROS package in '/home/pretend/code/src/rm_msgs' with build type 'ament_cmake'
[0.616s] [34mcolcon.colcon_cmake.task.cmake.build[0m [1;30mINFO[0m Building CMake package in '/home/pretend/code/src/rm_msgs'
[0.619s] [34mcolcon.colcon_core.plugin_system[0m [1;30mINFO[0m Skipping extension 'colcon_core.shell.bat': Not used on non-Windows systems
[0.619s] [34mcolcon.colcon_core.shell[0m [1;30mINFO[0m Skip shell extension 'powershell' for command environment: Not usable outside of PowerShell
[0.619s] [34mcolcon.colcon_core.shell[0m [1;30mDEBUG[0m [32mSkip shell extension 'dsv' for command environment[0m
[0.623s] [34mcolcon.colcon_ros.task.ament_cmake.build[0m [1;30mINFO[0m Building ROS package in '/home/pretend/code/src/ros2-hik-camera-main' with build type 'ament_cmake'
[0.623s] [34mcolcon.colcon_cmake.task.cmake.build[0m [1;30mINFO[0m Building CMake package in '/home/pretend/code/src/ros2-hik-camera-main'
[0.623s] [34mcolcon.colcon_core.shell[0m [1;30mINFO[0m Skip shell extension 'powershell' for command environment: Not usable outside of PowerShell
[0.623s] [34mcolcon.colcon_core.shell[0m [1;30mDEBUG[0m [32mSkip shell extension 'dsv' for command environment[0m
[0.626s] [34mcolcon.colcon_ros.task.ament_cmake.build[0m [1;30mINFO[0m Building ROS package in '/home/pretend/code/src/rm_rune_detect' with build type 'ament_cmake'
[0.627s] [34mcolcon.colcon_cmake.task.cmake.build[0m [1;30mINFO[0m Building CMake package in '/home/pretend/code/src/rm_rune_detect'
[0.627s] [34mcolcon.colcon_core.shell[0m [1;30mINFO[0m Skip shell extension 'powershell' for command environment: Not usable outside of PowerShell
[0.627s] [34mcolcon.colcon_core.shell[0m [1;30mDEBUG[0m [32mSkip shell extension 'dsv' for command environment[0m
[0.630s] [34mcolcon.colcon_ros.task.ament_cmake.build[0m [1;30mINFO[0m Building ROS package in '/home/pretend/code/src/video_trial_node' with build type 'ament_cmake'
[0.630s] [34mcolcon.colcon_cmake.task.cmake.build[0m [1;30mINFO[0m Building CMake package in '/home/pretend/code/src/video_trial_node'
[0.630s] [34mcolcon.colcon_core.shell[0m [1;30mINFO[0m Skip shell extension 'powershell' for command environment: Not usable outside of PowerShell
[0.630s] [34mcolcon.colcon_core.shell[0m [1;30mDEBUG[0m [32mSkip shell extension 'dsv' for command environment[0m
[0.637s] [34mcolcon.colcon_core.event_handler.log_command[0m [1;30mDEBUG[0m [32mInvoking command in '/home/pretend/code/build/rm_msgs': CMAKE_PREFIX_PATH=${CMAKE_PREFIX_PATH}:/opt/ros/humble /usr/bin/cmake --build /home/pretend/code/build/rm_msgs -- -j32 -l32[0m
[0.640s] [34mcolcon.colcon_core.event_handler.log_command[0m [1;30mDEBUG[0m [32mInvoking command in '/home/pretend/code/build/hik_camera': CMAKE_PREFIX_PATH=${CMAKE_PREFIX_PATH}:/opt/ros/humble /usr/bin/cmake --build /home/pretend/code/build/hik_camera -- -j32 -l32[0m
[0.649s] [34mcolcon.colcon_core.event_handler.log_command[0m [1;30mDEBUG[0m [32mInvoking command in '/home/pretend/code/build/rm_rune_detect': CMAKE_PREFIX_PATH=${CMAKE_PREFIX_PATH}:/opt/ros/humble /usr/bin/cmake --build /home/pretend/code/build/rm_rune_detect -- -j32 -l32[0m
[0.653s] [34mcolcon.colcon_core.event_handler.log_command[0m [1;30mDEBUG[0m [32mInvoking command in '/home/pretend/code/build/video_trial_node': CMAKE_PREFIX_PATH=${CMAKE_PREFIX_PATH}:/opt/ros/humble /usr/bin/cmake --build /home/pretend/code/build/video_trial_node -- -j32 -l32[0m
[0.699s] [34mcolcon.colcon_core.event_handler.log_command[0m [1;30mDEBUG[0m [32mInvoked command in '/home/pretend/code/build/hik_camera' returned '0': CMAKE_PREFIX_PATH=${CMAKE_PREFIX_PATH}:/opt/ros/humble /usr/bin/cmake --build /home/pretend/code/build/hik_camera -- -j32 -l32[0m
[0.709s] [34mcolcon.colcon_core.event_handler.log_command[0m [1;30mDEBUG[0m [32mInvoking command in '/home/pretend/code/build/hik_camera': CMAKE_PREFIX_PATH=${CMAKE_PREFIX_PATH}:/opt/ros/humble /usr/bin/cmake --install /home/pretend/code/build/hik_camera[0m
[0.712s] [34mcolcon.colcon_core.event_handler.log_command[0m [1;30mDEBUG[0m [32mInvoked command in '/home/pretend/code/build/video_trial_node' returned '0': CMAKE_PREFIX_PATH=${CMAKE_PREFIX_PATH}:/opt/ros/humble /usr/bin/cmake --build /home/pretend/code/build/video_trial_node -- -j32 -l32[0m
[0.714s] [34mcolcon.colcon_core.event_handler.log_command[0m [1;30mDEBUG[0m [32mInvoking command in '/home/pretend/code/build/video_trial_node': CMAKE_PREFIX_PATH=${CMAKE_PREFIX_PATH}:/opt/ros/humble /usr/bin/cmake --install /home/pretend/code/build/video_trial_node[0m
[0.723s] [34mcolcon.colcon_core.event_handler.log_command[0m [1;30mDEBUG[0m [32mInvoked command in '/home/pretend/code/build/rm_rune_detect' returned '0': CMAKE_PREFIX_PATH=${CMAKE_PREFIX_PATH}:/opt/ros/humble /usr/bin/cmake --build /home/pretend/code/build/rm_rune_detect -- -j32 -l32[0m
[0.725s] [34mcolcon.colcon_core.event_handler.log_command[0m [1;30mDEBUG[0m [32mInvoking command in '/home/pretend/code/build/rm_rune_detect': CMAKE_PREFIX_PATH=${CMAKE_PREFIX_PATH}:/opt/ros/humble /usr/bin/cmake --install /home/pretend/code/build/rm_rune_detect[0m
[0.729s] [34mcolcon.colcon_core.environment[0m [1;30mLevel 1[0m create_environment_scripts_only(video_trial_node)
[0.736s] [34mcolcon.colcon_core.event_handler.log_command[0m [1;30mDEBUG[0m [32mInvoked command in '/home/pretend/code/build/video_trial_node' returned '0': CMAKE_PREFIX_PATH=${CMAKE_PREFIX_PATH}:/opt/ros/humble /usr/bin/cmake --install /home/pretend/code/build/video_trial_node[0m
[0.741s] [34mcolcon.colcon_core.environment[0m [1;30mLevel 1[0m checking '/home/pretend/code/install/video_trial_node' for CMake module files
[0.742s] [34mcolcon.colcon_core.environment[0m [1;30mLevel 1[0m checking '/home/pretend/code/install/video_trial_node' for CMake config files
[0.742s] [34mcolcon.colcon_core.shell[0m [1;30mLevel 1[0m create_environment_hook('video_trial_node', 'cmake_prefix_path')
[0.742s] [34mcolcon.colcon_core.shell[0m [1;30mINFO[0m Creating environment hook '/home/pretend/code/install/video_trial_node/share/video_trial_node/hook/cmake_prefix_path.ps1'
[0.743s] [34mcolcon.colcon_core.shell[0m [1;30mINFO[0m Creating environment descriptor '/home/pretend/code/install/video_trial_node/share/video_trial_node/hook/cmake_prefix_path.dsv'
[0.743s] [34mcolcon.colcon_core.shell[0m [1;30mINFO[0m Creating environment hook '/home/pretend/code/install/video_trial_node/share/video_trial_node/hook/cmake_prefix_path.sh'
[0.744s] [34mcolcon.colcon_core.environment[0m [1;30mLevel 1[0m checking '/home/pretend/code/install/video_trial_node/lib'
[0.745s] [34mcolcon.colcon_core.shell[0m [1;30mLevel 1[0m create_environment_hook('video_trial_node', 'ld_library_path_lib')
[0.745s] [34mcolcon.colcon_core.shell[0m [1;30mINFO[0m Creating environment hook '/home/pretend/code/install/video_trial_node/share/video_trial_node/hook/ld_library_path_lib.ps1'
[0.746s] [34mcolcon.colcon_core.shell[0m [1;30mINFO[0m Creating environment descriptor '/home/pretend/code/install/video_trial_node/share/video_trial_node/hook/ld_library_path_lib.dsv'
[0.746s] [34mcolcon.colcon_core.shell[0m [1;30mINFO[0m Creating environment hook '/home/pretend/code/install/video_trial_node/share/video_trial_node/hook/ld_library_path_lib.sh'
[0.747s] [34mcolcon.colcon_core.environment[0m [1;30mLevel 1[0m checking '/home/pretend/code/install/video_trial_node/bin'
[0.747s] [34mcolcon.colcon_core.environment[0m [1;30mLevel 1[0m checking '/home/pretend/code/install/video_trial_node/lib/pkgconfig/video_trial_node.pc'
[0.747s] [34mcolcon.colcon_core.environment[0m [1;30mLevel 1[0m checking '/home/pretend/code/install/video_trial_node/lib/python3.10/site-packages'
[0.747s] [34mcolcon.colcon_core.environment[0m [1;30mLevel 1[0m checking '/home/pretend/code/install/video_trial_node/bin'
[0.748s] [34mcolcon.colcon_core.shell[0m [1;30mINFO[0m Creating package script '/home/pretend/code/install/video_trial_node/share/video_trial_node/package.ps1'
[0.748s] [34mcolcon.colcon_core.shell[0m [1;30mINFO[0m Creating package descriptor '/home/pretend/code/install/video_trial_node/share/video_trial_node/package.dsv'
[0.749s] [34mcolcon.colcon_core.shell[0m [1;30mINFO[0m Creating package script '/home/pretend/code/install/video_trial_node/share/video_trial_node/package.sh'
[0.750s] [34mcolcon.colcon_core.shell[0m [1;30mINFO[0m Creating package script '/home/pretend/code/install/video_trial_node/share/video_trial_node/package.bash'
[0.750s] [34mcolcon.colcon_core.shell[0m [1;30mINFO[0m Creating package script '/home/pretend/code/install/video_trial_node/share/video_trial_node/package.zsh'
[0.751s] [34mcolcon.colcon_core.environment[0m [1;30mLevel 1[0m create_file_with_runtime_dependencies(/home/pretend/code/install/video_trial_node/share/colcon-core/packages/video_trial_node)
[0.752s] [34mcolcon.colcon_core.environment[0m [1;30mLevel 1[0m create_environment_scripts_only(video_trial_node)
[0.752s] [34mcolcon.colcon_core.environment[0m [1;30mLevel 1[0m checking '/home/pretend/code/install/video_trial_node' for CMake module files
[0.752s] [34mcolcon.colcon_core.environment[0m [1;30mLevel 1[0m checking '/home/pretend/code/install/video_trial_node' for CMake config files
[0.752s] [34mcolcon.colcon_core.shell[0m [1;30mLevel 1[0m create_environment_hook('video_trial_node', 'cmake_prefix_path')
[0.752s] [34mcolcon.colcon_core.shell[0m [1;30mINFO[0m Creating environment hook '/home/pretend/code/install/video_trial_node/share/video_trial_node/hook/cmake_prefix_path.ps1'
[0.753s] [34mcolcon.colcon_core.shell[0m [1;30mINFO[0m Creating environment descriptor '/home/pretend/code/install/video_trial_node/share/video_trial_node/hook/cmake_prefix_path.dsv'
[0.753s] [34mcolcon.colcon_core.shell[0m [1;30mINFO[0m Creating environment hook '/home/pretend/code/install/video_trial_node/share/video_trial_node/hook/cmake_prefix_path.sh'
[0.753s] [34mcolcon.colcon_core.environment[0m [1;30mLevel 1[0m checking '/home/pretend/code/install/video_trial_node/lib'
[0.754s] [34mcolcon.colcon_core.shell[0m [1;30mLevel 1[0m create_environment_hook('video_trial_node', 'ld_library_path_lib')
[0.754s] [34mcolcon.colcon_core.shell[0m [1;30mINFO[0m Creating environment hook '/home/pretend/code/install/video_trial_node/share/video_trial_node/hook/ld_library_path_lib.ps1'
[0.754s] [34mcolcon.colcon_core.shell[0m [1;30mINFO[0m Creating environment descriptor '/home/pretend/code/install/video_trial_node/share/video_trial_node/hook/ld_library_path_lib.dsv'
[0.755s] [34mcolcon.colcon_core.shell[0m [1;30mINFO[0m Creating environment hook '/home/pretend/code/install/video_trial_node/share/video_trial_node/hook/ld_library_path_lib.sh'
[0.755s] [34mcolcon.colcon_core.environment[0m [1;30mLevel 1[0m checking '/home/pretend/code/install/video_trial_node/bin'
[0.755s] [34mcolcon.colcon_core.environment[0m [1;30mLevel 1[0m checking '/home/pretend/code/install/video_trial_node/lib/pkgconfig/video_trial_node.pc'
[0.756s] [34mcolcon.colcon_core.environment[0m [1;30mLevel 1[0m checking '/home/pretend/code/install/video_trial_node/lib/python3.10/site-packages'
[0.756s] [34mcolcon.colcon_core.environment[0m [1;30mLevel 1[0m checking '/home/pretend/code/install/video_trial_node/bin'
[0.756s] [34mcolcon.colcon_core.shell[0m [1;30mINFO[0m Creating package script '/home/pretend/code/install/video_trial_node/share/video_trial_node/package.ps1'
[0.757s] [34mcolcon.colcon_core.shell[0m [1;30mINFO[0m Creating package descriptor '/home/pretend/code/install/video_trial_node/share/video_trial_node/package.dsv'
[0.757s] [34mcolcon.colcon_core.shell[0m [1;30mINFO[0m Creating package script '/home/pretend/code/install/video_trial_node/share/video_trial_node/package.sh'
[0.757s] [34mcolcon.colcon_core.shell[0m [1;30mINFO[0m Creating package script '/home/pretend/code/install/video_trial_node/share/video_trial_node/package.bash'
[0.758s] [34mcolcon.colcon_core.shell[0m [1;30mINFO[0m Creating package script '/home/pretend/code/install/video_trial_node/share/video_trial_node/package.zsh'
[0.758s] [34mcolcon.colcon_core.environment[0m [1;30mLevel 1[0m create_file_with_runtime_dependencies(/home/pretend/code/install/video_trial_node/share/colcon-core/packages/video_trial_node)
[0.759s] [34mcolcon.colcon_core.environment[0m [1;30mLevel 1[0m create_environment_scripts_only(hik_camera)
[0.759s] [34mcolcon.colcon_core.environment[0m [1;30mLevel 1[0m checking '/home/pretend/code/install/hik_camera' for CMake module files
[0.761s] [34mcolcon.colcon_core.event_handler.log_command[0m [1;30mDEBUG[0m [32mInvoked command in '/home/pretend/code/build/hik_camera' returned '0': CMAKE_PREFIX_PATH=${CMAKE_PREFIX_PATH}:/opt/ros/humble /usr/bin/cmake --install /home/pretend/code/build/hik_camera[0m
[0.761s] [34mcolcon.colcon_core.environment[0m [1;30mLevel 1[0m checking '/home/pretend/code/install/hik_camera' for CMake config files
[0.762s] [34mcolcon.colcon_core.shell[0m [1;30mLevel 1[0m create_environment_hook('hik_camera', 'cmake_prefix_path')
[0.762s] [34mcolcon.colcon_core.shell[0m [1;30mINFO[0m Creating environment hook '/home/pretend/code/install/hik_camera/share/hik_camera/hook/cmake_prefix_path.ps1'
[0.762s] [34mcolcon.colcon_core.shell[0m [1;30mINFO[0m Creating environment descriptor '/home/pretend/code/install/hik_camera/share/hik_camera/hook/cmake_prefix_path.dsv'
[0.763s] [34mcolcon.colcon_core.shell[0m [1;30mINFO[0m Creating environment hook '/home/pretend/code/install/hik_camera/share/hik_camera/hook/cmake_prefix_path.sh'
[0.763s] [34mcolcon.colcon_core.environment[0m [1;30mLevel 1[0m checking '/home/pretend/code/install/hik_camera/lib'
[0.763s] [34mcolcon.colcon_core.shell[0m [1;30mLevel 1[0m create_environment_hook('hik_camera', 'ld_library_path_lib')
[0.764s] [34mcolcon.colcon_core.shell[0m [1;30mINFO[0m Creating environment hook '/home/pretend/code/install/hik_camera/share/hik_camera/hook/ld_library_path_lib.ps1'
[0.764s] [34mcolcon.colcon_core.shell[0m [1;30mINFO[0m Creating environment descriptor '/home/pretend/code/install/hik_camera/share/hik_camera/hook/ld_library_path_lib.dsv'
[0.765s] [34mcolcon.colcon_core.shell[0m [1;30mINFO[0m Creating environment hook '/home/pretend/code/install/hik_camera/share/hik_camera/hook/ld_library_path_lib.sh'
[0.765s] [34mcolcon.colcon_core.environment[0m [1;30mLevel 1[0m checking '/home/pretend/code/install/hik_camera/bin'
[0.765s] [34mcolcon.colcon_core.environment[0m [1;30mLevel 1[0m checking '/home/pretend/code/install/hik_camera/lib/pkgconfig/hik_camera.pc'
[0.765s] [34mcolcon.colcon_core.environment[0m [1;30mLevel 1[0m checking '/home/pretend/code/install/hik_camera/lib/python3.10/site-packages'
[0.766s] [34mcolcon.colcon_core.environment[0m [1;30mLevel 1[0m checking '/home/pretend/code/install/hik_camera/bin'
[0.766s] [34mcolcon.colcon_core.shell[0m [1;30mINFO[0m Creating package script '/home/pretend/code/install/hik_camera/share/hik_camera/package.ps1'
[0.767s] [34mcolcon.colcon_core.shell[0m [1;30mINFO[0m Creating package descriptor '/home/pretend/code/install/hik_camera/share/hik_camera/package.dsv'
[0.767s] [34mcolcon.colcon_core.shell[0m [1;30mINFO[0m Creating package script '/home/pretend/code/install/hik_camera/share/hik_camera/package.sh'
[0.767s] [34mcolcon.colcon_core.shell[0m [1;30mINFO[0m Creating package script '/home/pretend/code/install/hik_camera/share/hik_camera/package.bash'
[0.768s] [34mcolcon.colcon_core.shell[0m [1;30mINFO[0m Creating package script '/home/pretend/code/install/hik_camera/share/hik_camera/package.zsh'
[0.768s] [34mcolcon.colcon_core.environment[0m [1;30mLevel 1[0m create_file_with_runtime_dependencies(/home/pretend/code/install/hik_camera/share/colcon-core/packages/hik_camera)
[0.768s] [34mcolcon.colcon_core.environment[0m [1;30mLevel 1[0m create_environment_scripts_only(hik_camera)
[0.769s] [34mcolcon.colcon_core.environment[0m [1;30mLevel 1[0m checking '/home/pretend/code/install/hik_camera' for CMake module files
[0.769s] [34mcolcon.colcon_core.environment[0m [1;30mLevel 1[0m checking '/home/pretend/code/install/hik_camera' for CMake config files
[0.770s] [34mcolcon.colcon_core.shell[0m [1;30mLevel 1[0m create_environment_hook('hik_camera', 'cmake_prefix_path')
[0.770s] [34mcolcon.colcon_core.shell[0m [1;30mINFO[0m Creating environment hook '/home/pretend/code/install/hik_camera/share/hik_camera/hook/cmake_prefix_path.ps1'
[0.771s] [34mcolcon.colcon_core.shell[0m [1;30mINFO[0m Creating environment descriptor '/home/pretend/code/install/hik_camera/share/hik_camera/hook/cmake_prefix_path.dsv'
[0.771s] [34mcolcon.colcon_core.shell[0m [1;30mINFO[0m Creating environment hook '/home/pretend/code/install/hik_camera/share/hik_camera/hook/cmake_prefix_path.sh'
[0.772s] [34mcolcon.colcon_core.environment[0m [1;30mLevel 1[0m checking '/home/pretend/code/install/hik_camera/lib'
[0.772s] [34mcolcon.colcon_core.shell[0m [1;30mLevel 1[0m create_environment_hook('hik_camera', 'ld_library_path_lib')
[0.772s] [34mcolcon.colcon_core.shell[0m [1;30mINFO[0m Creating environment hook '/home/pretend/code/install/hik_camera/share/hik_camera/hook/ld_library_path_lib.ps1'
[0.772s] [34mcolcon.colcon_core.shell[0m [1;30mINFO[0m Creating environment descriptor '/home/pretend/code/install/hik_camera/share/hik_camera/hook/ld_library_path_lib.dsv'
[0.773s] [34mcolcon.colcon_core.shell[0m [1;30mINFO[0m Creating environment hook '/home/pretend/code/install/hik_camera/share/hik_camera/hook/ld_library_path_lib.sh'
[0.773s] [34mcolcon.colcon_core.environment[0m [1;30mLevel 1[0m checking '/home/pretend/code/install/hik_camera/bin'
[0.773s] [34mcolcon.colcon_core.environment[0m [1;30mLevel 1[0m checking '/home/pretend/code/install/hik_camera/lib/pkgconfig/hik_camera.pc'
[0.773s] [34mcolcon.colcon_core.environment[0m [1;30mLevel 1[0m checking '/home/pretend/code/install/hik_camera/lib/python3.10/site-packages'
[0.774s] [34mcolcon.colcon_core.environment[0m [1;30mLevel 1[0m checking '/home/pretend/code/install/hik_camera/bin'
[0.774s] [34mcolcon.colcon_core.shell[0m [1;30mINFO[0m Creating package script '/home/pretend/code/install/hik_camera/share/hik_camera/package.ps1'
[0.775s] [34mcolcon.colcon_core.shell[0m [1;30mINFO[0m Creating package descriptor '/home/pretend/code/install/hik_camera/share/hik_camera/package.dsv'
[0.775s] [34mcolcon.colcon_core.shell[0m [1;30mINFO[0m Creating package script '/home/pretend/code/install/hik_camera/share/hik_camera/package.sh'
[0.775s] [34mcolcon.colcon_core.shell[0m [1;30mINFO[0m Creating package script '/home/pretend/code/install/hik_camera/share/hik_camera/package.bash'
[0.776s] [34mcolcon.colcon_core.shell[0m [1;30mINFO[0m Creating package script '/home/pretend/code/install/hik_camera/share/hik_camera/package.zsh'
[0.776s] [34mcolcon.colcon_core.environment[0m [1;30mLevel 1[0m create_file_with_runtime_dependencies(/home/pretend/code/install/hik_camera/share/colcon-core/packages/hik_camera)
[0.778s] [34mcolcon.colcon_core.environment[0m [1;30mLevel 1[0m create_environment_scripts_only(rm_rune_detect)
[0.778s] [34mcolcon.colcon_core.environment[0m [1;30mLevel 1[0m checking '/home/pretend/code/install/rm_rune_detect' for CMake module files
[0.779s] [34mcolcon.colcon_core.environment[0m [1;30mLevel 1[0m checking '/home/pretend/code/install/rm_rune_detect' for CMake config files
[0.779s] [34mcolcon.colcon_core.event_handler.log_command[0m [1;30mDEBUG[0m [32mInvoked command in '/home/pretend/code/build/rm_rune_detect' returned '0': CMAKE_PREFIX_PATH=${CMAKE_PREFIX_PATH}:/opt/ros/humble /usr/bin/cmake --install /home/pretend/code/build/rm_rune_detect[0m
[0.780s] [34mcolcon.colcon_core.shell[0m [1;30mLevel 1[0m create_environment_hook('rm_rune_detect', 'cmake_prefix_path')
[0.780s] [34mcolcon.colcon_core.shell[0m [1;30mINFO[0m Creating environment hook '/home/pretend/code/install/rm_rune_detect/share/rm_rune_detect/hook/cmake_prefix_path.ps1'
[0.780s] [34mcolcon.colcon_core.shell[0m [1;30mINFO[0m Creating environment descriptor '/home/pretend/code/install/rm_rune_detect/share/rm_rune_detect/hook/cmake_prefix_path.dsv'
[0.781s] [34mcolcon.colcon_core.shell[0m [1;30mINFO[0m Creating environment hook '/home/pretend/code/install/rm_rune_detect/share/rm_rune_detect/hook/cmake_prefix_path.sh'
[0.781s] [34mcolcon.colcon_core.environment[0m [1;30mLevel 1[0m checking '/home/pretend/code/install/rm_rune_detect/lib'
[0.781s] [34mcolcon.colcon_core.shell[0m [1;30mLevel 1[0m create_environment_hook('rm_rune_detect', 'ld_library_path_lib')
[0.781s] [34mcolcon.colcon_core.shell[0m [1;30mINFO[0m Creating environment hook '/home/pretend/code/install/rm_rune_detect/share/rm_rune_detect/hook/ld_library_path_lib.ps1'
[0.782s] [34mcolcon.colcon_core.shell[0m [1;30mINFO[0m Creating environment descriptor '/home/pretend/code/install/rm_rune_detect/share/rm_rune_detect/hook/ld_library_path_lib.dsv'
[0.782s] [34mcolcon.colcon_core.shell[0m [1;30mINFO[0m Creating environment hook '/home/pretend/code/install/rm_rune_detect/share/rm_rune_detect/hook/ld_library_path_lib.sh'
[0.782s] [34mcolcon.colcon_core.environment[0m [1;30mLevel 1[0m checking '/home/pretend/code/install/rm_rune_detect/bin'
[0.782s] [34mcolcon.colcon_core.environment[0m [1;30mLevel 1[0m checking '/home/pretend/code/install/rm_rune_detect/lib/pkgconfig/rm_rune_detect.pc'
[0.782s] [34mcolcon.colcon_core.environment[0m [1;30mLevel 1[0m checking '/home/pretend/code/install/rm_rune_detect/lib/python3.10/site-packages'
[0.783s] [34mcolcon.colcon_core.environment[0m [1;30mLevel 1[0m checking '/home/pretend/code/install/rm_rune_detect/bin'
[0.783s] [34mcolcon.colcon_core.shell[0m [1;30mINFO[0m Creating package script '/home/pretend/code/install/rm_rune_detect/share/rm_rune_detect/package.ps1'
[0.783s] [34mcolcon.colcon_core.shell[0m [1;30mINFO[0m Creating package descriptor '/home/pretend/code/install/rm_rune_detect/share/rm_rune_detect/package.dsv'
[0.783s] [34mcolcon.colcon_core.shell[0m [1;30mINFO[0m Creating package script '/home/pretend/code/install/rm_rune_detect/share/rm_rune_detect/package.sh'
[0.784s] [34mcolcon.colcon_core.shell[0m [1;30mINFO[0m Creating package script '/home/pretend/code/install/rm_rune_detect/share/rm_rune_detect/package.bash'
[0.784s] [34mcolcon.colcon_core.shell[0m [1;30mINFO[0m Creating package script '/home/pretend/code/install/rm_rune_detect/share/rm_rune_detect/package.zsh'
[0.784s] [34mcolcon.colcon_core.environment[0m [1;30mLevel 1[0m create_file_with_runtime_dependencies(/home/pretend/code/install/rm_rune_detect/share/colcon-core/packages/rm_rune_detect)
[0.785s] [34mcolcon.colcon_core.environment[0m [1;30mLevel 1[0m create_environment_scripts_only(rm_rune_detect)
[0.785s] [34mcolcon.colcon_core.environment[0m [1;30mLevel 1[0m checking '/home/pretend/code/install/rm_rune_detect' for CMake module files
[0.785s] [34mcolcon.colcon_core.environment[0m [1;30mLevel 1[0m checking '/home/pretend/code/install/rm_rune_detect' for CMake config files
[0.785s] [34mcolcon.colcon_core.shell[0m [1;30mLevel 1[0m create_environment_hook('rm_rune_detect', 'cmake_prefix_path')
[0.785s] [34mcolcon.colcon_core.shell[0m [1;30mINFO[0m Creating environment hook '/home/pretend/code/install/rm_rune_detect/share/rm_rune_detect/hook/cmake_prefix_path.ps1'
[0.786s] [34mcolcon.colcon_core.shell[0m [1;30mINFO[0m Creating environment descriptor '/home/pretend/code/install/rm_rune_detect/share/rm_rune_detect/hook/cmake_prefix_path.dsv'
[0.786s] [34mcolcon.colcon_core.shell[0m [1;30mINFO[0m Creating environment hook '/home/pretend/code/install/rm_rune_detect/share/rm_rune_detect/hook/cmake_prefix_path.sh'
[0.787s] [34mcolcon.colcon_core.environment[0m [1;30mLevel 1[0m checking '/home/pretend/code/install/rm_rune_detect/lib'
[0.787s] [34mcolcon.colcon_core.shell[0m [1;30mLevel 1[0m create_environment_hook('rm_rune_detect', 'ld_library_path_lib')
[0.787s] [34mcolcon.colcon_core.shell[0m [1;30mINFO[0m Creating environment hook '/home/pretend/code/install/rm_rune_detect/share/rm_rune_detect/hook/ld_library_path_lib.ps1'
[0.788s] [34mcolcon.colcon_core.shell[0m [1;30mINFO[0m Creating environment descriptor '/home/pretend/code/install/rm_rune_detect/share/rm_rune_detect/hook/ld_library_path_lib.dsv'
[0.788s] [34mcolcon.colcon_core.shell[0m [1;30mINFO[0m Creating environment hook '/home/pretend/code/install/rm_rune_detect/share/rm_rune_detect/hook/ld_library_path_lib.sh'
[0.789s] [34mcolcon.colcon_core.environment[0m [1;30mLevel 1[0m checking '/home/pretend/code/install/rm_rune_detect/bin'
[0.789s] [34mcolcon.colcon_core.environment[0m [1;30mLevel 1[0m checking '/home/pretend/code/install/rm_rune_detect/lib/pkgconfig/rm_rune_detect.pc'
[0.789s] [34mcolcon.colcon_core.environment[0m [1;30mLevel 1[0m checking '/home/pretend/code/install/rm_rune_detect/lib/python3.10/site-packages'
[0.790s] [34mcolcon.colcon_core.environment[0m [1;30mLevel 1[0m checking '/home/pretend/code/install/rm_rune_detect/bin'
[0.790s] [34mcolcon.colcon_core.shell[0m [1;30mINFO[0m Creating package script '/home/pretend/code/install/rm_rune_detect/share/rm_rune_detect/package.ps1'
[0.792s] [34mcolcon.colcon_core.shell[0m [1;30mINFO[0m Creating package descriptor '/home/pretend/code/install/rm_rune_detect/share/rm_rune_detect/package.dsv'
[0.793s] [34mcolcon.colcon_core.shell[0m [1;30mINFO[0m Creating package script '/home/pretend/code/install/rm_rune_detect/share/rm_rune_detect/package.sh'
[0.794s] [34mcolcon.colcon_core.shell[0m [1;30mINFO[0m Creating package script '/home/pretend/code/install/rm_rune_detect/share/rm_rune_detect/package.bash'
[0.794s] [34mcolcon.colcon_core.shell[0m [1;30mINFO[0m Creating package script '/home/pretend/code/install/rm_rune_detect/share/rm_rune_detect/package.zsh'
[0.794s] [34mcolcon.colcon_core.environment[0m [1;30mLevel 1[0m create_file_with_runtime_dependencies(/home/pretend/code/install/rm_rune_detect/share/colcon-core/packages/rm_rune_detect)
[0.914s] [34mcolcon.colcon_core.event_handler.log_command[0m [1;30mDEBUG[0m [32mInvoked command in '/home/pretend/code/build/rm_msgs' returned '0': CMAKE_PREFIX_PATH=${CMAKE_PREFIX_PATH}:/opt/ros/humble /usr/bin/cmake --build /home/pretend/code/build/rm_msgs -- -j32 -l32[0m
[0.915s] [34mcolcon.colcon_core.event_handler.log_command[0m [1;30mDEBUG[0m [32mInvoking command in '/home/pretend/code/build/rm_msgs': CMAKE_PREFIX_PATH=${CMAKE_PREFIX_PATH}:/opt/ros/humble /usr/bin/cmake --install /home/pretend/code/build/rm_msgs[0m
[0.964s] [34mcolcon.colcon_core.environment[0m [1;30mLevel 1[0m create_environment_scripts_only(rm_msgs)
[0.965s] [34mcolcon.colcon_core.environment[0m [1;30mLevel 1[0m checking '/home/pretend/code/install/rm_msgs' for CMake module files
[0.965s] [34mcolcon.colcon_core.event_handler.log_command[0m [1;30mDEBUG[0m [32mInvoked command in '/home/pretend/code/build/rm_msgs' returned '0': CMAKE_PREFIX_PATH=${CMAKE_PREFIX_PATH}:/opt/ros/humble /usr/bin/cmake --install /home/pretend/code/build/rm_msgs[0m
[0.966s] [34mcolcon.colcon_core.environment[0m [1;30mLevel 1[0m checking '/home/pretend/code/install/rm_msgs' for CMake config files
[0.966s] [34mcolcon.colcon_core.shell[0m [1;30mLevel 1[0m create_environment_hook('rm_msgs', 'cmake_prefix_path')
[0.966s] [34mcolcon.colcon_core.shell[0m [1;30mINFO[0m Creating environment hook '/home/pretend/code/install/rm_msgs/share/rm_msgs/hook/cmake_prefix_path.ps1'
[0.967s] [34mcolcon.colcon_core.shell[0m [1;30mINFO[0m Creating environment descriptor '/home/pretend/code/install/rm_msgs/share/rm_msgs/hook/cmake_prefix_path.dsv'
[0.967s] [34mcolcon.colcon_core.shell[0m [1;30mINFO[0m Creating environment hook '/home/pretend/code/install/rm_msgs/share/rm_msgs/hook/cmake_prefix_path.sh'
[0.968s] [34mcolcon.colcon_core.environment[0m [1;30mLevel 1[0m checking '/home/pretend/code/install/rm_msgs/lib'
[0.968s] [34mcolcon.colcon_core.shell[0m [1;30mLevel 1[0m create_environment_hook('rm_msgs', 'ld_library_path_lib')
[0.968s] [34mcolcon.colcon_core.shell[0m [1;30mINFO[0m Creating environment hook '/home/pretend/code/install/rm_msgs/share/rm_msgs/hook/ld_library_path_lib.ps1'
[0.968s] [34mcolcon.colcon_core.shell[0m [1;30mINFO[0m Creating environment descriptor '/home/pretend/code/install/rm_msgs/share/rm_msgs/hook/ld_library_path_lib.dsv'
[0.969s] [34mcolcon.colcon_core.shell[0m [1;30mINFO[0m Creating environment hook '/home/pretend/code/install/rm_msgs/share/rm_msgs/hook/ld_library_path_lib.sh'
[0.969s] [34mcolcon.colcon_core.environment[0m [1;30mLevel 1[0m checking '/home/pretend/code/install/rm_msgs/bin'
[0.969s] [34mcolcon.colcon_core.environment[0m [1;30mLevel 1[0m checking '/home/pretend/code/install/rm_msgs/lib/pkgconfig/rm_msgs.pc'
[0.969s] [34mcolcon.colcon_core.environment[0m [1;30mLevel 1[0m checking '/home/pretend/code/install/rm_msgs/lib/python3.10/site-packages'
[0.969s] [34mcolcon.colcon_core.environment[0m [1;30mLevel 1[0m checking '/home/pretend/code/install/rm_msgs/bin'
[0.970s] [34mcolcon.colcon_core.shell[0m [1;30mINFO[0m Creating package script '/home/pretend/code/install/rm_msgs/share/rm_msgs/package.ps1'
[0.970s] [34mcolcon.colcon_core.shell[0m [1;30mINFO[0m Creating package descriptor '/home/pretend/code/install/rm_msgs/share/rm_msgs/package.dsv'
[0.970s] [34mcolcon.colcon_core.shell[0m [1;30mINFO[0m Creating package script '/home/pretend/code/install/rm_msgs/share/rm_msgs/package.sh'
[0.971s] [34mcolcon.colcon_core.shell[0m [1;30mINFO[0m Creating package script '/home/pretend/code/install/rm_msgs/share/rm_msgs/package.bash'
[0.971s] [34mcolcon.colcon_core.shell[0m [1;30mINFO[0m Creating package script '/home/pretend/code/install/rm_msgs/share/rm_msgs/package.zsh'
[0.971s] [34mcolcon.colcon_core.environment[0m [1;30mLevel 1[0m create_file_with_runtime_dependencies(/home/pretend/code/install/rm_msgs/share/colcon-core/packages/rm_msgs)
[0.972s] [34mcolcon.colcon_core.environment[0m [1;30mLevel 1[0m create_environment_scripts_only(rm_msgs)
[0.972s] [34mcolcon.colcon_core.environment[0m [1;30mLevel 1[0m checking '/home/pretend/code/install/rm_msgs' for CMake module files
[0.972s] [34mcolcon.colcon_core.environment[0m [1;30mLevel 1[0m checking '/home/pretend/code/install/rm_msgs' for CMake config files
[0.973s] [34mcolcon.colcon_core.shell[0m [1;30mLevel 1[0m create_environment_hook('rm_msgs', 'cmake_prefix_path')
[0.973s] [34mcolcon.colcon_core.shell[0m [1;30mINFO[0m Creating environment hook '/home/pretend/code/install/rm_msgs/share/rm_msgs/hook/cmake_prefix_path.ps1'
[0.973s] [34mcolcon.colcon_core.shell[0m [1;30mINFO[0m Creating environment descriptor '/home/pretend/code/install/rm_msgs/share/rm_msgs/hook/cmake_prefix_path.dsv'
[0.974s] [34mcolcon.colcon_core.shell[0m [1;30mINFO[0m Creating environment hook '/home/pretend/code/install/rm_msgs/share/rm_msgs/hook/cmake_prefix_path.sh'
[0.974s] [34mcolcon.colcon_core.environment[0m [1;30mLevel 1[0m checking '/home/pretend/code/install/rm_msgs/lib'
[0.974s] [34mcolcon.colcon_core.shell[0m [1;30mLevel 1[0m create_environment_hook('rm_msgs', 'ld_library_path_lib')
[0.975s] [34mcolcon.colcon_core.shell[0m [1;30mINFO[0m Creating environment hook '/home/pretend/code/install/rm_msgs/share/rm_msgs/hook/ld_library_path_lib.ps1'
[0.975s] [34mcolcon.colcon_core.shell[0m [1;30mINFO[0m Creating environment descriptor '/home/pretend/code/install/rm_msgs/share/rm_msgs/hook/ld_library_path_lib.dsv'
[0.975s] [34mcolcon.colcon_core.shell[0m [1;30mINFO[0m Creating environment hook '/home/pretend/code/install/rm_msgs/share/rm_msgs/hook/ld_library_path_lib.sh'
[0.976s] [34mcolcon.colcon_core.environment[0m [1;30mLevel 1[0m checking '/home/pretend/code/install/rm_msgs/bin'
[0.976s] [34mcolcon.colcon_core.environment[0m [1;30mLevel 1[0m checking '/home/pretend/code/install/rm_msgs/lib/pkgconfig/rm_msgs.pc'
[0.976s] [34mcolcon.colcon_core.environment[0m [1;30mLevel 1[0m checking '/home/pretend/code/install/rm_msgs/lib/python3.10/site-packages'
[0.976s] [34mcolcon.colcon_core.environment[0m [1;30mLevel 1[0m checking '/home/pretend/code/install/rm_msgs/bin'
[0.976s] [34mcolcon.colcon_core.shell[0m [1;30mINFO[0m Creating package script '/home/pretend/code/install/rm_msgs/share/rm_msgs/package.ps1'
[0.977s] [34mcolcon.colcon_core.shell[0m [1;30mINFO[0m Creating package descriptor '/home/pretend/code/install/rm_msgs/share/rm_msgs/package.dsv'
[0.977s] [34mcolcon.colcon_core.shell[0m [1;30mINFO[0m Creating package script '/home/pretend/code/install/rm_msgs/share/rm_msgs/package.sh'
[0.978s] [34mcolcon.colcon_core.shell[0m [1;30mINFO[0m Creating package script '/home/pretend/code/install/rm_msgs/share/rm_msgs/package.bash'
[0.978s] [34mcolcon.colcon_core.shell[0m [1;30mINFO[0m Creating package script '/home/pretend/code/install/rm_msgs/share/rm_msgs/package.zsh'
[0.978s] [34mcolcon.colcon_core.environment[0m [1;30mLevel 1[0m create_file_with_runtime_dependencies(/home/pretend/code/install/rm_msgs/share/colcon-core/packages/rm_msgs)
[0.979s] [34mcolcon.colcon_ros.task.ament_cmake.build[0m [1;30mINFO[0m Building ROS package in '/home/pretend/code/src/rm_armor_detect' with build type 'ament_cmake'
[0.979s] [34mcolcon.colcon_cmake.task.cmake.build[0m [1;30mINFO[0m Building CMake package in '/home/pretend/code/src/rm_armor_detect'
[0.980s] [34mcolcon.colcon_core.shell[0m [1;30mINFO[0m Skip shell extension 'powershell' for command environment: Not usable outside of PowerShell
[0.980s] [34mcolcon.colcon_core.shell[0m [1;30mDEBUG[0m [32mSkip shell extension 'dsv' for command environment[0m
[0.984s] [34mcolcon.colcon_ros.task.ament_cmake.build[0m [1;30mINFO[0m Building ROS package in '/home/pretend/code/src/rm_armor_tracker' with build type 'ament_cmake'
[0.984s] [34mcolcon.colcon_cmake.task.cmake.build[0m [1;30mINFO[0m Building CMake package in '/home/pretend/code/src/rm_armor_tracker'
[0.984s] [34mcolcon.colcon_core.shell[0m [1;30mINFO[0m Skip shell extension 'powershell' for command environment: Not usable outside of PowerShell
[0.984s] [34mcolcon.colcon_core.shell[0m [1;30mDEBUG[0m [32mSkip shell extension 'dsv' for command environment[0m
[1.217s] [34mcolcon.colcon_core.event_handler.log_command[0m [1;30mDEBUG[0m [32mInvoking command in '/home/pretend/code/build/rm_armor_detect': CMAKE_PREFIX_PATH=/home/pretend/code/install/rm_msgs:/home/pretend/code/install/video_trial_node:/home/pretend/code/install/rm_rune_detect:/home/pretend/code/install/rm_armor_tracker:/home/pretend/code/install/rm_armor_detect:/home/pretend/code/install/hik_camera:/opt/ros/humble LD_LIBRARY_PATH=/home/pretend/code/install/rm_msgs/lib:/opt/intel/openvino_2025.0.0/runtime/3rdparty/tbb/lib:/opt/intel/openvino_2025.0.0/runtime/lib/intel64:/opt/MVS/lib/64:/opt/MVS/lib/32:/opt/MVS/lib/64:/opt/MVS/lib/32:/home/pretend/code/install/video_trial_node/lib:/home/pretend/code/install/rm_rune_detect/lib:/home/pretend/code/install/rm_armor_tracker/lib:/home/pretend/code/install/rm_armor_detect/lib:/home/pretend/code/install/hik_camera/lib:/opt/intel/openvino_2025.0.0/runtime/3rdparty/tbb/lib:/opt/intel/openvino_2025.0.0/runtime/lib/intel64:/opt/MVS/lib/64:/opt/MVS/lib/32:/opt/ros/humble/opt/rviz_ogre_vendor/lib:/opt/ros/humble/lib/x86_64-linux-gnu:/opt/ros/humble/lib:/opt/MVS/lib/64:/opt/MVS/lib/32:/opt/intel/openvino_2025/runtime/lib/intel64:/opt/intel/openvino_2025/runtime/lib/intel64 /usr/bin/cmake --build /home/pretend/code/build/rm_armor_detect -- -j32 -l32[0m
[1.221s] [34mcolcon.colcon_core.event_handler.log_command[0m [1;30mDEBUG[0m [32mInvoking command in '/home/pretend/code/build/rm_armor_tracker': CMAKE_PREFIX_PATH=/home/pretend/code/install/rm_msgs:/home/pretend/code/install/video_trial_node:/home/pretend/code/install/rm_rune_detect:/home/pretend/code/install/rm_armor_tracker:/home/pretend/code/install/rm_armor_detect:/home/pretend/code/install/hik_camera:/opt/ros/humble LD_LIBRARY_PATH=/home/pretend/code/install/rm_msgs/lib:/opt/intel/openvino_2025.0.0/runtime/3rdparty/tbb/lib:/opt/intel/openvino_2025.0.0/runtime/lib/intel64:/opt/MVS/lib/64:/opt/MVS/lib/32:/opt/MVS/lib/64:/opt/MVS/lib/32:/home/pretend/code/install/video_trial_node/lib:/home/pretend/code/install/rm_rune_detect/lib:/home/pretend/code/install/rm_armor_tracker/lib:/home/pretend/code/install/rm_armor_detect/lib:/home/pretend/code/install/hik_camera/lib:/opt/intel/openvino_2025.0.0/runtime/3rdparty/tbb/lib:/opt/intel/openvino_2025.0.0/runtime/lib/intel64:/opt/MVS/lib/64:/opt/MVS/lib/32:/opt/ros/humble/opt/rviz_ogre_vendor/lib:/opt/ros/humble/lib/x86_64-linux-gnu:/opt/ros/humble/lib:/opt/MVS/lib/64:/opt/MVS/lib/32:/opt/intel/openvino_2025/runtime/lib/intel64:/opt/intel/openvino_2025/runtime/lib/intel64 /usr/bin/cmake /home/pretend/code/src/rm_armor_tracker -DCMAKE_INSTALL_PREFIX=/home/pretend/code/install/rm_armor_tracker[0m
[1.312s] [34mcolcon.colcon_core.event_handler.log_command[0m [1;30mDEBUG[0m [32mInvoked command in '/home/pretend/code/build/rm_armor_detect' returned '0': CMAKE_PREFIX_PATH=/home/pretend/code/install/rm_msgs:/home/pretend/code/install/video_trial_node:/home/pretend/code/install/rm_rune_detect:/home/pretend/code/install/rm_armor_tracker:/home/pretend/code/install/rm_armor_detect:/home/pretend/code/install/hik_camera:/opt/ros/humble LD_LIBRARY_PATH=/home/pretend/code/install/rm_msgs/lib:/opt/intel/openvino_2025.0.0/runtime/3rdparty/tbb/lib:/opt/intel/openvino_2025.0.0/runtime/lib/intel64:/opt/MVS/lib/64:/opt/MVS/lib/32:/opt/MVS/lib/64:/opt/MVS/lib/32:/home/pretend/code/install/video_trial_node/lib:/home/pretend/code/install/rm_rune_detect/lib:/home/pretend/code/install/rm_armor_tracker/lib:/home/pretend/code/install/rm_armor_detect/lib:/home/pretend/code/install/hik_camera/lib:/opt/intel/openvino_2025.0.0/runtime/3rdparty/tbb/lib:/opt/intel/openvino_2025.0.0/runtime/lib/intel64:/opt/MVS/lib/64:/opt/MVS/lib/32:/opt/ros/humble/opt/rviz_ogre_vendor/lib:/opt/ros/humble/lib/x86_64-linux-gnu:/opt/ros/humble/lib:/opt/MVS/lib/64:/opt/MVS/lib/32:/opt/intel/openvino_2025/runtime/lib/intel64:/opt/intel/openvino_2025/runtime/lib/intel64 /usr/bin/cmake --build /home/pretend/code/build/rm_armor_detect -- -j32 -l32[0m
[1.314s] [34mcolcon.colcon_core.event_handler.log_command[0m [1;30mDEBUG[0m [32mInvoking command in '/home/pretend/code/build/rm_armor_detect': CMAKE_PREFIX_PATH=/home/pretend/code/install/rm_msgs:/home/pretend/code/install/video_trial_node:/home/pretend/code/install/rm_rune_detect:/home/pretend/code/install/rm_armor_tracker:/home/pretend/code/install/rm_armor_detect:/home/pretend/code/install/hik_camera:/opt/ros/humble LD_LIBRARY_PATH=/home/pretend/code/install/rm_msgs/lib:/opt/intel/openvino_2025.0.0/runtime/3rdparty/tbb/lib:/opt/intel/openvino_2025.0.0/runtime/lib/intel64:/opt/MVS/lib/64:/opt/MVS/lib/32:/opt/MVS/lib/64:/opt/MVS/lib/32:/home/pretend/code/install/video_trial_node/lib:/home/pretend/code/install/rm_rune_detect/lib:/home/pretend/code/install/rm_armor_tracker/lib:/home/pretend/code/install/rm_armor_detect/lib:/home/pretend/code/install/hik_camera/lib:/opt/intel/openvino_2025.0.0/runtime/3rdparty/tbb/lib:/opt/intel/openvino_2025.0.0/runtime/lib/intel64:/opt/MVS/lib/64:/opt/MVS/lib/32:/opt/ros/humble/opt/rviz_ogre_vendor/lib:/opt/ros/humble/lib/x86_64-linux-gnu:/opt/ros/humble/lib:/opt/MVS/lib/64:/opt/MVS/lib/32:/opt/intel/openvino_2025/runtime/lib/intel64:/opt/intel/openvino_2025/runtime/lib/intel64 /usr/bin/cmake --install /home/pretend/code/build/rm_armor_detect[0m
[1.329s] [34mcolcon.colcon_core.environment[0m [1;30mLevel 1[0m create_environment_scripts_only(rm_armor_detect)
[1.330s] [34mcolcon.colcon_core.environment[0m [1;30mLevel 1[0m checking '/home/pretend/code/install/rm_armor_detect' for CMake module files
[1.333s] [34mcolcon.colcon_core.event_handler.log_command[0m [1;30mDEBUG[0m [32mInvoked command in '/home/pretend/code/build/rm_armor_detect' returned '0': CMAKE_PREFIX_PATH=/home/pretend/code/install/rm_msgs:/home/pretend/code/install/video_trial_node:/home/pretend/code/install/rm_rune_detect:/home/pretend/code/install/rm_armor_tracker:/home/pretend/code/install/rm_armor_detect:/home/pretend/code/install/hik_camera:/opt/ros/humble LD_LIBRARY_PATH=/home/pretend/code/install/rm_msgs/lib:/opt/intel/openvino_2025.0.0/runtime/3rdparty/tbb/lib:/opt/intel/openvino_2025.0.0/runtime/lib/intel64:/opt/MVS/lib/64:/opt/MVS/lib/32:/opt/MVS/lib/64:/opt/MVS/lib/32:/home/pretend/code/install/video_trial_node/lib:/home/pretend/code/install/rm_rune_detect/lib:/home/pretend/code/install/rm_armor_tracker/lib:/home/pretend/code/install/rm_armor_detect/lib:/home/pretend/code/install/hik_camera/lib:/opt/intel/openvino_2025.0.0/runtime/3rdparty/tbb/lib:/opt/intel/openvino_2025.0.0/runtime/lib/intel64:/opt/MVS/lib/64:/opt/MVS/lib/32:/opt/ros/humble/opt/rviz_ogre_vendor/lib:/opt/ros/humble/lib/x86_64-linux-gnu:/opt/ros/humble/lib:/opt/MVS/lib/64:/opt/MVS/lib/32:/opt/intel/openvino_2025/runtime/lib/intel64:/opt/intel/openvino_2025/runtime/lib/intel64 /usr/bin/cmake --install /home/pretend/code/build/rm_armor_detect[0m
[1.333s] [34mcolcon.colcon_core.environment[0m [1;30mLevel 1[0m checking '/home/pretend/code/install/rm_armor_detect' for CMake config files
[1.333s] [34mcolcon.colcon_core.shell[0m [1;30mLevel 1[0m create_environment_hook('rm_armor_detect', 'cmake_prefix_path')
[1.334s] [34mcolcon.colcon_core.shell[0m [1;30mINFO[0m Creating environment hook '/home/pretend/code/install/rm_armor_detect/share/rm_armor_detect/hook/cmake_prefix_path.ps1'
[1.334s] [34mcolcon.colcon_core.shell[0m [1;30mINFO[0m Creating environment descriptor '/home/pretend/code/install/rm_armor_detect/share/rm_armor_detect/hook/cmake_prefix_path.dsv'
[1.334s] [34mcolcon.colcon_core.shell[0m [1;30mINFO[0m Creating environment hook '/home/pretend/code/install/rm_armor_detect/share/rm_armor_detect/hook/cmake_prefix_path.sh'
[1.335s] [34mcolcon.colcon_core.environment[0m [1;30mLevel 1[0m checking '/home/pretend/code/install/rm_armor_detect/lib'
[1.335s] [34mcolcon.colcon_core.shell[0m [1;30mLevel 1[0m create_environment_hook('rm_armor_detect', 'ld_library_path_lib')
[1.335s] [34mcolcon.colcon_core.shell[0m [1;30mINFO[0m Creating environment hook '/home/pretend/code/install/rm_armor_detect/share/rm_armor_detect/hook/ld_library_path_lib.ps1'
[1.336s] [34mcolcon.colcon_core.shell[0m [1;30mINFO[0m Creating environment descriptor '/home/pretend/code/install/rm_armor_detect/share/rm_armor_detect/hook/ld_library_path_lib.dsv'
[1.336s] [34mcolcon.colcon_core.shell[0m [1;30mINFO[0m Creating environment hook '/home/pretend/code/install/rm_armor_detect/share/rm_armor_detect/hook/ld_library_path_lib.sh'
[1.336s] [34mcolcon.colcon_core.environment[0m [1;30mLevel 1[0m checking '/home/pretend/code/install/rm_armor_detect/bin'
[1.336s] [34mcolcon.colcon_core.environment[0m [1;30mLevel 1[0m checking '/home/pretend/code/install/rm_armor_detect/lib/pkgconfig/rm_armor_detect.pc'
[1.337s] [34mcolcon.colcon_core.environment[0m [1;30mLevel 1[0m checking '/home/pretend/code/install/rm_armor_detect/lib/python3.10/site-packages'
[1.337s] [34mcolcon.colcon_core.environment[0m [1;30mLevel 1[0m checking '/home/pretend/code/install/rm_armor_detect/bin'
[1.337s] [34mcolcon.colcon_core.shell[0m [1;30mINFO[0m Creating package script '/home/pretend/code/install/rm_armor_detect/share/rm_armor_detect/package.ps1'
[1.338s] [34mcolcon.colcon_core.shell[0m [1;30mINFO[0m Creating package descriptor '/home/pretend/code/install/rm_armor_detect/share/rm_armor_detect/package.dsv'
[1.338s] [34mcolcon.colcon_core.shell[0m [1;30mINFO[0m Creating package script '/home/pretend/code/install/rm_armor_detect/share/rm_armor_detect/package.sh'
[1.338s] [34mcolcon.colcon_core.shell[0m [1;30mINFO[0m Creating package script '/home/pretend/code/install/rm_armor_detect/share/rm_armor_detect/package.bash'
[1.339s] [34mcolcon.colcon_core.shell[0m [1;30mINFO[0m Creating package script '/home/pretend/code/install/rm_armor_detect/share/rm_armor_detect/package.zsh'
[1.339s] [34mcolcon.colcon_core.environment[0m [1;30mLevel 1[0m create_file_with_runtime_dependencies(/home/pretend/code/install/rm_armor_detect/share/colcon-core/packages/rm_armor_detect)
[1.339s] [34mcolcon.colcon_core.environment[0m [1;30mLevel 1[0m create_environment_scripts_only(rm_armor_detect)
[1.340s] [34mcolcon.colcon_core.environment[0m [1;30mLevel 1[0m checking '/home/pretend/code/install/rm_armor_detect' for CMake module files
[1.340s] [34mcolcon.colcon_core.environment[0m [1;30mLevel 1[0m checking '/home/pretend/code/install/rm_armor_detect' for CMake config files
[1.340s] [34mcolcon.colcon_core.shell[0m [1;30mLevel 1[0m create_environment_hook('rm_armor_detect', 'cmake_prefix_path')
[1.341s] [34mcolcon.colcon_core.shell[0m [1;30mINFO[0m Creating environment hook '/home/pretend/code/install/rm_armor_detect/share/rm_armor_detect/hook/cmake_prefix_path.ps1'
[1.341s] [34mcolcon.colcon_core.shell[0m [1;30mINFO[0m Creating environment descriptor '/home/pretend/code/install/rm_armor_detect/share/rm_armor_detect/hook/cmake_prefix_path.dsv'
[1.341s] [34mcolcon.colcon_core.shell[0m [1;30mINFO[0m Creating environment hook '/home/pretend/code/install/rm_armor_detect/share/rm_armor_detect/hook/cmake_prefix_path.sh'
[1.342s] [34mcolcon.colcon_core.environment[0m [1;30mLevel 1[0m checking '/home/pretend/code/install/rm_armor_detect/lib'
[1.342s] [34mcolcon.colcon_core.shell[0m [1;30mLevel 1[0m create_environment_hook('rm_armor_detect', 'ld_library_path_lib')
[1.342s] [34mcolcon.colcon_core.shell[0m [1;30mINFO[0m Creating environment hook '/home/pretend/code/install/rm_armor_detect/share/rm_armor_detect/hook/ld_library_path_lib.ps1'
[1.343s] [34mcolcon.colcon_core.shell[0m [1;30mINFO[0m Creating environment descriptor '/home/pretend/code/install/rm_armor_detect/share/rm_armor_detect/hook/ld_library_path_lib.dsv'
[1.343s] [34mcolcon.colcon_core.shell[0m [1;30mINFO[0m Creating environment hook '/home/pretend/code/install/rm_armor_detect/share/rm_armor_detect/hook/ld_library_path_lib.sh'
[1.343s] [34mcolcon.colcon_core.environment[0m [1;30mLevel 1[0m checking '/home/pretend/code/install/rm_armor_detect/bin'
[1.343s] [34mcolcon.colcon_core.environment[0m [1;30mLevel 1[0m checking '/home/pretend/code/install/rm_armor_detect/lib/pkgconfig/rm_armor_detect.pc'
[1.343s] [34mcolcon.colcon_core.environment[0m [1;30mLevel 1[0m checking '/home/pretend/code/install/rm_armor_detect/lib/python3.10/site-packages'
[1.344s] [34mcolcon.colcon_core.environment[0m [1;30mLevel 1[0m checking '/home/pretend/code/install/rm_armor_detect/bin'
[1.344s] [34mcolcon.colcon_core.shell[0m [1;30mINFO[0m Creating package script '/home/pretend/code/install/rm_armor_detect/share/rm_armor_detect/package.ps1'
[1.344s] [34mcolcon.colcon_core.shell[0m [1;30mINFO[0m Creating package descriptor '/home/pretend/code/install/rm_armor_detect/share/rm_armor_detect/package.dsv'
[1.345s] [34mcolcon.colcon_core.shell[0m [1;30mINFO[0m Creating package script '/home/pretend/code/install/rm_armor_detect/share/rm_armor_detect/package.sh'
[1.345s] [34mcolcon.colcon_core.shell[0m [1;30mINFO[0m Creating package script '/home/pretend/code/install/rm_armor_detect/share/rm_armor_detect/package.bash'
[1.346s] [34mcolcon.colcon_core.shell[0m [1;30mINFO[0m Creating package script '/home/pretend/code/install/rm_armor_detect/share/rm_armor_detect/package.zsh'
[1.346s] [34mcolcon.colcon_core.environment[0m [1;30mLevel 1[0m create_file_with_runtime_dependencies(/home/pretend/code/install/rm_armor_detect/share/colcon-core/packages/rm_armor_detect)
[25.370s] [34mcolcon.colcon_core.event_handler.log_command[0m [1;30mDEBUG[0m [32mInvoked command in '/home/pretend/code/build/rm_armor_tracker' returned '0': CMAKE_PREFIX_PATH=/home/pretend/code/install/rm_msgs:/home/pretend/code/install/video_trial_node:/home/pretend/code/install/rm_rune_detect:/home/pretend/code/install/rm_armor_tracker:/home/pretend/code/install/rm_armor_detect:/home/pretend/code/install/hik_camera:/opt/ros/humble LD_LIBRARY_PATH=/home/pretend/code/install/rm_msgs/lib:/opt/intel/openvino_2025.0.0/runtime/3rdparty/tbb/lib:/opt/intel/openvino_2025.0.0/runtime/lib/intel64:/opt/MVS/lib/64:/opt/MVS/lib/32:/opt/MVS/lib/64:/opt/MVS/lib/32:/home/pretend/code/install/video_trial_node/lib:/home/pretend/code/install/rm_rune_detect/lib:/home/pretend/code/install/rm_armor_tracker/lib:/home/pretend/code/install/rm_armor_detect/lib:/home/pretend/code/install/hik_camera/lib:/opt/intel/openvino_2025.0.0/runtime/3rdparty/tbb/lib:/opt/intel/openvino_2025.0.0/runtime/lib/intel64:/opt/MVS/lib/64:/opt/MVS/lib/32:/opt/ros/humble/opt/rviz_ogre_vendor/lib:/opt/ros/humble/lib/x86_64-linux-gnu:/opt/ros/humble/lib:/opt/MVS/lib/64:/opt/MVS/lib/32:/opt/intel/openvino_2025/runtime/lib/intel64:/opt/intel/openvino_2025/runtime/lib/intel64 /usr/bin/cmake /home/pretend/code/src/rm_armor_tracker -DCMAKE_INSTALL_PREFIX=/home/pretend/code/install/rm_armor_tracker[0m
[25.371s] [34mcolcon.colcon_core.event_handler.log_command[0m [1;30mDEBUG[0m [32mInvoking command in '/home/pretend/code/build/rm_armor_tracker': CMAKE_PREFIX_PATH=/home/pretend/code/install/rm_msgs:/home/pretend/code/install/video_trial_node:/home/pretend/code/install/rm_rune_detect:/home/pretend/code/install/rm_armor_tracker:/home/pretend/code/install/rm_armor_detect:/home/pretend/code/install/hik_camera:/opt/ros/humble LD_LIBRARY_PATH=/home/pretend/code/install/rm_msgs/lib:/opt/intel/openvino_2025.0.0/runtime/3rdparty/tbb/lib:/opt/intel/openvino_2025.0.0/runtime/lib/intel64:/opt/MVS/lib/64:/opt/MVS/lib/32:/opt/MVS/lib/64:/opt/MVS/lib/32:/home/pretend/code/install/video_trial_node/lib:/home/pretend/code/install/rm_rune_detect/lib:/home/pretend/code/install/rm_armor_tracker/lib:/home/pretend/code/install/rm_armor_detect/lib:/home/pretend/code/install/hik_camera/lib:/opt/intel/openvino_2025.0.0/runtime/3rdparty/tbb/lib:/opt/intel/openvino_2025.0.0/runtime/lib/intel64:/opt/MVS/lib/64:/opt/MVS/lib/32:/opt/ros/humble/opt/rviz_ogre_vendor/lib:/opt/ros/humble/lib/x86_64-linux-gnu:/opt/ros/humble/lib:/opt/MVS/lib/64:/opt/MVS/lib/32:/opt/intel/openvino_2025/runtime/lib/intel64:/opt/intel/openvino_2025/runtime/lib/intel64 /usr/bin/cmake --build /home/pretend/code/build/rm_armor_tracker -- -j32 -l32[0m
[36.163s] [34mcolcon.colcon_core.event_handler.log_command[0m [1;30mDEBUG[0m [32mInvoked command in '/home/pretend/code/build/rm_armor_tracker' returned '0': CMAKE_PREFIX_PATH=/home/pretend/code/install/rm_msgs:/home/pretend/code/install/video_trial_node:/home/pretend/code/install/rm_rune_detect:/home/pretend/code/install/rm_armor_tracker:/home/pretend/code/install/rm_armor_detect:/home/pretend/code/install/hik_camera:/opt/ros/humble LD_LIBRARY_PATH=/home/pretend/code/install/rm_msgs/lib:/opt/intel/openvino_2025.0.0/runtime/3rdparty/tbb/lib:/opt/intel/openvino_2025.0.0/runtime/lib/intel64:/opt/MVS/lib/64:/opt/MVS/lib/32:/opt/MVS/lib/64:/opt/MVS/lib/32:/home/pretend/code/install/video_trial_node/lib:/home/pretend/code/install/rm_rune_detect/lib:/home/pretend/code/install/rm_armor_tracker/lib:/home/pretend/code/install/rm_armor_detect/lib:/home/pretend/code/install/hik_camera/lib:/opt/intel/openvino_2025.0.0/runtime/3rdparty/tbb/lib:/opt/intel/openvino_2025.0.0/runtime/lib/intel64:/opt/MVS/lib/64:/opt/MVS/lib/32:/opt/ros/humble/opt/rviz_ogre_vendor/lib:/opt/ros/humble/lib/x86_64-linux-gnu:/opt/ros/humble/lib:/opt/MVS/lib/64:/opt/MVS/lib/32:/opt/intel/openvino_2025/runtime/lib/intel64:/opt/intel/openvino_2025/runtime/lib/intel64 /usr/bin/cmake --build /home/pretend/code/build/rm_armor_tracker -- -j32 -l32[0m
[36.165s] [34mcolcon.colcon_core.event_handler.log_command[0m [1;30mDEBUG[0m [32mInvoking command in '/home/pretend/code/build/rm_armor_tracker': CMAKE_PREFIX_PATH=/home/pretend/code/install/rm_msgs:/home/pretend/code/install/video_trial_node:/home/pretend/code/install/rm_rune_detect:/home/pretend/code/install/rm_armor_tracker:/home/pretend/code/install/rm_armor_detect:/home/pretend/code/install/hik_camera:/opt/ros/humble LD_LIBRARY_PATH=/home/pretend/code/install/rm_msgs/lib:/opt/intel/openvino_2025.0.0/runtime/3rdparty/tbb/lib:/opt/intel/openvino_2025.0.0/runtime/lib/intel64:/opt/MVS/lib/64:/opt/MVS/lib/32:/opt/MVS/lib/64:/opt/MVS/lib/32:/home/pretend/code/install/video_trial_node/lib:/home/pretend/code/install/rm_rune_detect/lib:/home/pretend/code/install/rm_armor_tracker/lib:/home/pretend/code/install/rm_armor_detect/lib:/home/pretend/code/install/hik_camera/lib:/opt/intel/openvino_2025.0.0/runtime/3rdparty/tbb/lib:/opt/intel/openvino_2025.0.0/runtime/lib/intel64:/opt/MVS/lib/64:/opt/MVS/lib/32:/opt/ros/humble/opt/rviz_ogre_vendor/lib:/opt/ros/humble/lib/x86_64-linux-gnu:/opt/ros/humble/lib:/opt/MVS/lib/64:/opt/MVS/lib/32:/opt/intel/openvino_2025/runtime/lib/intel64:/opt/intel/openvino_2025/runtime/lib/intel64 /usr/bin/cmake --install /home/pretend/code/build/rm_armor_tracker[0m
[36.181s] [34mcolcon.colcon_core.environment[0m [1;30mLevel 1[0m create_environment_scripts_only(rm_armor_tracker)
[36.181s] [34mcolcon.colcon_core.environment[0m [1;30mLevel 1[0m checking '/home/pretend/code/install/rm_armor_tracker' for CMake module files
[36.182s] [34mcolcon.colcon_core.event_handler.log_command[0m [1;30mDEBUG[0m [32mInvoked command in '/home/pretend/code/build/rm_armor_tracker' returned '0': CMAKE_PREFIX_PATH=/home/pretend/code/install/rm_msgs:/home/pretend/code/install/video_trial_node:/home/pretend/code/install/rm_rune_detect:/home/pretend/code/install/rm_armor_tracker:/home/pretend/code/install/rm_armor_detect:/home/pretend/code/install/hik_camera:/opt/ros/humble LD_LIBRARY_PATH=/home/pretend/code/install/rm_msgs/lib:/opt/intel/openvino_2025.0.0/runtime/3rdparty/tbb/lib:/opt/intel/openvino_2025.0.0/runtime/lib/intel64:/opt/MVS/lib/64:/opt/MVS/lib/32:/opt/MVS/lib/64:/opt/MVS/lib/32:/home/pretend/code/install/video_trial_node/lib:/home/pretend/code/install/rm_rune_detect/lib:/home/pretend/code/install/rm_armor_tracker/lib:/home/pretend/code/install/rm_armor_detect/lib:/home/pretend/code/install/hik_camera/lib:/opt/intel/openvino_2025.0.0/runtime/3rdparty/tbb/lib:/opt/intel/openvino_2025.0.0/runtime/lib/intel64:/opt/MVS/lib/64:/opt/MVS/lib/32:/opt/ros/humble/opt/rviz_ogre_vendor/lib:/opt/ros/humble/lib/x86_64-linux-gnu:/opt/ros/humble/lib:/opt/MVS/lib/64:/opt/MVS/lib/32:/opt/intel/openvino_2025/runtime/lib/intel64:/opt/intel/openvino_2025/runtime/lib/intel64 /usr/bin/cmake --install /home/pretend/code/build/rm_armor_tracker[0m
[36.182s] [34mcolcon.colcon_core.environment[0m [1;30mLevel 1[0m checking '/home/pretend/code/install/rm_armor_tracker' for CMake config files
[36.182s] [34mcolcon.colcon_core.shell[0m [1;30mLevel 1[0m create_environment_hook('rm_armor_tracker', 'cmake_prefix_path')
[36.182s] [34mcolcon.colcon_core.shell[0m [1;30mINFO[0m Creating environment hook '/home/pretend/code/install/rm_armor_tracker/share/rm_armor_tracker/hook/cmake_prefix_path.ps1'
[36.183s] [34mcolcon.colcon_core.shell[0m [1;30mINFO[0m Creating environment descriptor '/home/pretend/code/install/rm_armor_tracker/share/rm_armor_tracker/hook/cmake_prefix_path.dsv'
[36.183s] [34mcolcon.colcon_core.shell[0m [1;30mINFO[0m Creating environment hook '/home/pretend/code/install/rm_armor_tracker/share/rm_armor_tracker/hook/cmake_prefix_path.sh'
[36.183s] [34mcolcon.colcon_core.environment[0m [1;30mLevel 1[0m checking '/home/pretend/code/install/rm_armor_tracker/lib'
[36.183s] [34mcolcon.colcon_core.shell[0m [1;30mLevel 1[0m create_environment_hook('rm_armor_tracker', 'ld_library_path_lib')
[36.183s] [34mcolcon.colcon_core.shell[0m [1;30mINFO[0m Creating environment hook '/home/pretend/code/install/rm_armor_tracker/share/rm_armor_tracker/hook/ld_library_path_lib.ps1'
[36.184s] [34mcolcon.colcon_core.shell[0m [1;30mINFO[0m Creating environment descriptor '/home/pretend/code/install/rm_armor_tracker/share/rm_armor_tracker/hook/ld_library_path_lib.dsv'
[36.184s] [34mcolcon.colcon_core.shell[0m [1;30mINFO[0m Creating environment hook '/home/pretend/code/install/rm_armor_tracker/share/rm_armor_tracker/hook/ld_library_path_lib.sh'
[36.184s] [34mcolcon.colcon_core.environment[0m [1;30mLevel 1[0m checking '/home/pretend/code/install/rm_armor_tracker/bin'
[36.184s] [34mcolcon.colcon_core.environment[0m [1;30mLevel 1[0m checking '/home/pretend/code/install/rm_armor_tracker/lib/pkgconfig/rm_armor_tracker.pc'
[36.184s] [34mcolcon.colcon_core.environment[0m [1;30mLevel 1[0m checking '/home/pretend/code/install/rm_armor_tracker/lib/python3.10/site-packages'
[36.184s] [34mcolcon.colcon_core.environment[0m [1;30mLevel 1[0m checking '/home/pretend/code/install/rm_armor_tracker/bin'
[36.185s] [34mcolcon.colcon_core.shell[0m [1;30mINFO[0m Creating package script '/home/pretend/code/install/rm_armor_tracker/share/rm_armor_tracker/package.ps1'
[36.185s] [34mcolcon.colcon_core.shell[0m [1;30mINFO[0m Creating package descriptor '/home/pretend/code/install/rm_armor_tracker/share/rm_armor_tracker/package.dsv'
[36.185s] [34mcolcon.colcon_core.shell[0m [1;30mINFO[0m Creating package script '/home/pretend/code/install/rm_armor_tracker/share/rm_armor_tracker/package.sh'
[36.185s] [34mcolcon.colcon_core.shell[0m [1;30mINFO[0m Creating package script '/home/pretend/code/install/rm_armor_tracker/share/rm_armor_tracker/package.bash'
[36.186s] [34mcolcon.colcon_core.shell[0m [1;30mINFO[0m Creating package script '/home/pretend/code/install/rm_armor_tracker/share/rm_armor_tracker/package.zsh'
[36.186s] [34mcolcon.colcon_core.environment[0m [1;30mLevel 1[0m create_file_with_runtime_dependencies(/home/pretend/code/install/rm_armor_tracker/share/colcon-core/packages/rm_armor_tracker)
[36.186s] [34mcolcon.colcon_core.environment[0m [1;30mLevel 1[0m create_environment_scripts_only(rm_armor_tracker)
[36.186s] [34mcolcon.colcon_core.environment[0m [1;30mLevel 1[0m checking '/home/pretend/code/install/rm_armor_tracker' for CMake module files
[36.186s] [34mcolcon.colcon_core.environment[0m [1;30mLevel 1[0m checking '/home/pretend/code/install/rm_armor_tracker' for CMake config files
[36.187s] [34mcolcon.colcon_core.shell[0m [1;30mLevel 1[0m create_environment_hook('rm_armor_tracker', 'cmake_prefix_path')
[36.187s] [34mcolcon.colcon_core.shell[0m [1;30mINFO[0m Creating environment hook '/home/pretend/code/install/rm_armor_tracker/share/rm_armor_tracker/hook/cmake_prefix_path.ps1'
[36.187s] [34mcolcon.colcon_core.shell[0m [1;30mINFO[0m Creating environment descriptor '/home/pretend/code/install/rm_armor_tracker/share/rm_armor_tracker/hook/cmake_prefix_path.dsv'
[36.187s] [34mcolcon.colcon_core.shell[0m [1;30mINFO[0m Creating environment hook '/home/pretend/code/install/rm_armor_tracker/share/rm_armor_tracker/hook/cmake_prefix_path.sh'
[36.188s] [34mcolcon.colcon_core.environment[0m [1;30mLevel 1[0m checking '/home/pretend/code/install/rm_armor_tracker/lib'
[36.188s] [34mcolcon.colcon_core.shell[0m [1;30mLevel 1[0m create_environment_hook('rm_armor_tracker', 'ld_library_path_lib')
[36.188s] [34mcolcon.colcon_core.shell[0m [1;30mINFO[0m Creating environment hook '/home/pretend/code/install/rm_armor_tracker/share/rm_armor_tracker/hook/ld_library_path_lib.ps1'
[36.188s] [34mcolcon.colcon_core.shell[0m [1;30mINFO[0m Creating environment descriptor '/home/pretend/code/install/rm_armor_tracker/share/rm_armor_tracker/hook/ld_library_path_lib.dsv'
[36.188s] [34mcolcon.colcon_core.shell[0m [1;30mINFO[0m Creating environment hook '/home/pretend/code/install/rm_armor_tracker/share/rm_armor_tracker/hook/ld_library_path_lib.sh'
[36.188s] [34mcolcon.colcon_core.environment[0m [1;30mLevel 1[0m checking '/home/pretend/code/install/rm_armor_tracker/bin'
[36.188s] [34mcolcon.colcon_core.environment[0m [1;30mLevel 1[0m checking '/home/pretend/code/install/rm_armor_tracker/lib/pkgconfig/rm_armor_tracker.pc'
[36.189s] [34mcolcon.colcon_core.environment[0m [1;30mLevel 1[0m checking '/home/pretend/code/install/rm_armor_tracker/lib/python3.10/site-packages'
[36.189s] [34mcolcon.colcon_core.environment[0m [1;30mLevel 1[0m checking '/home/pretend/code/install/rm_armor_tracker/bin'
[36.189s] [34mcolcon.colcon_core.shell[0m [1;30mINFO[0m Creating package script '/home/pretend/code/install/rm_armor_tracker/share/rm_armor_tracker/package.ps1'
[36.189s] [34mcolcon.colcon_core.shell[0m [1;30mINFO[0m Creating package descriptor '/home/pretend/code/install/rm_armor_tracker/share/rm_armor_tracker/package.dsv'
[36.190s] [34mcolcon.colcon_core.shell[0m [1;30mINFO[0m Creating package script '/home/pretend/code/install/rm_armor_tracker/share/rm_armor_tracker/package.sh'
[36.190s] [34mcolcon.colcon_core.shell[0m [1;30mINFO[0m Creating package script '/home/pretend/code/install/rm_armor_tracker/share/rm_armor_tracker/package.bash'
[36.190s] [34mcolcon.colcon_core.shell[0m [1;30mINFO[0m Creating package script '/home/pretend/code/install/rm_armor_tracker/share/rm_armor_tracker/package.zsh'
[36.190s] [34mcolcon.colcon_core.environment[0m [1;30mLevel 1[0m create_file_with_runtime_dependencies(/home/pretend/code/install/rm_armor_tracker/share/colcon-core/packages/rm_armor_tracker)
[36.191s] [34mcolcon.colcon_parallel_executor.executor.parallel[0m [1;30mDEBUG[0m [32mclosing loop[0m
[36.191s] [34mcolcon.colcon_parallel_executor.executor.parallel[0m [1;30mDEBUG[0m [32mloop closed[0m
[36.191s] [34mcolcon.colcon_parallel_executor.executor.parallel[0m [1;30mDEBUG[0m [32mrun_until_complete finished with '0'[0m
[36.192s] [34mcolcon.colcon_core.event_reactor[0m [1;30mDEBUG[0m [32mjoining thread[0m
[36.198s] [34mcolcon.colcon_core.plugin_system[0m [1;30mINFO[0m Skipping extension 'colcon_notification.desktop_notification.terminal_notifier': Not used on non-Darwin systems
[36.198s] [34mcolcon.colcon_core.plugin_system[0m [1;30mINFO[0m Skipping extension 'colcon_notification.desktop_notification.win32': Not used on non-Windows systems
[36.198s] [34mcolcon.colcon_notification.desktop_notification[0m [1;30mINFO[0m Sending desktop notification using 'notify2'
[36.201s] [34mcolcon.colcon_core.event_reactor[0m [1;30mDEBUG[0m [32mjoined thread[0m
[36.202s] [34mcolcon.colcon_core.shell[0m [1;30mINFO[0m Creating prefix script '/home/pretend/code/install/local_setup.ps1'
[36.202s] [34mcolcon.colcon_core.shell[0m [1;30mINFO[0m Creating prefix util module '/home/pretend/code/install/_local_setup_util_ps1.py'
[36.203s] [34mcolcon.colcon_core.shell[0m [1;30mINFO[0m Creating prefix chain script '/home/pretend/code/install/setup.ps1'
[36.204s] [34mcolcon.colcon_core.shell[0m [1;30mINFO[0m Creating prefix script '/home/pretend/code/install/local_setup.sh'
[36.204s] [34mcolcon.colcon_core.shell[0m [1;30mINFO[0m Creating prefix util module '/home/pretend/code/install/_local_setup_util_sh.py'
[36.205s] [34mcolcon.colcon_core.shell[0m [1;30mINFO[0m Creating prefix chain script '/home/pretend/code/install/setup.sh'
[36.205s] [34mcolcon.colcon_core.shell[0m [1;30mINFO[0m Creating prefix script '/home/pretend/code/install/local_setup.bash'
[36.206s] [34mcolcon.colcon_core.shell[0m [1;30mINFO[0m Creating prefix chain script '/home/pretend/code/install/setup.bash'
[36.206s] [34mcolcon.colcon_core.shell[0m [1;30mINFO[0m Creating prefix script '/home/pretend/code/install/local_setup.zsh'
[36.206s] [34mcolcon.colcon_core.shell[0m [1;30mINFO[0m Creating prefix chain script '/home/pretend/code/install/setup.zsh'
